  console.warn
    ΓÜá∩╕Å React Router Future Flag Warning: React Router will begin wrapping state updates in `React.startTransition` in v7. You can use the `v7_startTransition` future flag to opt-in early. For more information, see https://reactrouter.com/v6/upgrading/future#v7_starttransition.

    [0m [90m 25 |[39m describe([32m'DashboardPage'[39m[33m,[39m () [33m=>[39m {
     [90m 26 |[39m   test([32m'renders KPIs after loading'[39m[33m,[39m [36masync[39m () [33m=>[39m {
    [31m[1m>[22m[39m[90m 27 |[39m     render([33m<[39m[33mDashboardPage[39m [33m/[39m[33m>[39m[33m,[39m { wrapper })[33m;[39m
     [90m    |[39m           [31m[1m^[22m[39m
     [90m 28 |[39m     [36mawait[39m waitFor(() [33m=>[39m expect(screen[33m.[39mgetByText([32m'Total FIRs'[39m))[33m.[39mtoBeInTheDocument())[33m;[39m
     [90m 29 |[39m     expect(screen[33m.[39mgetByText([32m'12,847'[39m))[33m.[39mtoBeInTheDocument()[33m;[39m
     [90m 30 |[39m     expect(screen[33m.[39mgetByText([32m'Active Cases'[39m))[33m.[39mtoBeInTheDocument()[33m;[39m[0m

      at warn (node_modules/react-router/lib/deprecations.ts:9:13)
      at warnOnce (node_modules/react-router/lib/deprecations.ts:14:3)
      at Object.logDeprecation [as UNSAFE_logV6DeprecationWarnings] (node_modules/react-router/lib/deprecations.ts:26:5)
      at logV6DeprecationWarnings (node_modules/react-router-dom/index.tsx:816:25)
      at Object.react_stack_bottom_frame (node_modules/react-dom/cjs/react-dom-client.development.js:25989:20)
      at runWithFiberInDEV (node_modules/react-dom/cjs/react-dom-client.development.js:874:13)
      at commitHookEffectListMount (node_modules/react-dom/cjs/react-dom-client.development.js:13249:29)
      at commitHookPassiveMountEffects (node_modules/react-dom/cjs/react-dom-client.development.js:13336:11)
      at commitPassiveMountOnFiber (node_modules/react-dom/cjs/react-dom-client.development.js:15484:13)
      at recursivelyTraversePassiveMountEffects (node_modules/react-dom/cjs/react-dom-client.development.js:15439:11)
      at commitPassiveMountOnFiber (node_modules/react-dom/cjs/react-dom-client.development.js:15476:11)
      at recursivelyTraversePassiveMountEffects (node_modules/react-dom/cjs/react-dom-client.development.js:15439:11)
      at commitPassiveMountOnFiber (node_modules/react-dom/cjs/react-dom-client.development.js:15519:11)
      at flushPassiveEffects (node_modules/react-dom/cjs/react-dom-client.development.js:18432:9)
      at node_modules/react-dom/cjs/react-dom-client.development.js:17923:15
      at flushActQueue (node_modules/react/cjs/react.development.js:590:34)
      at Object.<anonymous>.process.env.NODE_ENV.exports.act (node_modules/react/cjs/react.development.js:884:10)
      at node_modules/@testing-library/react/dist/act-compat.js:46:25
      at renderRoot (node_modules/@testing-library/react/dist/pure.js:189:26)
      at render (node_modules/@testing-library/react/dist/pure.js:291:10)
      at src/pages/__tests__/DashboardPage.test.tsx:27:11
      at step (src/pages/__tests__/DashboardPage.test.tsx:33:23)
      at Object.next (src/pages/__tests__/DashboardPage.test.tsx:14:53)
      at src/pages/__tests__/DashboardPage.test.tsx:8:71
      at Object.<anonymous>.__awaiter (src/pages/__tests__/DashboardPage.test.tsx:4:12)
      at Object.<anonymous> (src/pages/__tests__/DashboardPage.test.tsx:26:38)

  console.warn
    ΓÜá∩╕Å React Router Future Flag Warning: Relative route resolution within Splat routes is changing in v7. You can use the `v7_relativeSplatPath` future flag to opt-in early. For more information, see https://reactrouter.com/v6/upgrading/future#v7_relativesplatpath.

    [0m [90m 25 |[39m describe([32m'DashboardPage'[39m[33m,[39m () [33m=>[39m {
     [90m 26 |[39m   test([32m'renders KPIs after loading'[39m[33m,[39m [36masync[39m () [33m=>[39m {
    [31m[1m>[22m[39m[90m 27 |[39m     render([33m<[39m[33mDashboardPage[39m [33m/[39m[33m>[39m[33m,[39m { wrapper })[33m;[39m
     [90m    |[39m           [31m[1m^[22m[39m
     [90m 28 |[39m     [36mawait[39m waitFor(() [33m=>[39m expect(screen[33m.[39mgetByText([32m'Total FIRs'[39m))[33m.[39mtoBeInTheDocument())[33m;[39m
     [90m 29 |[39m     expect(screen[33m.[39mgetByText([32m'12,847'[39m))[33m.[39mtoBeInTheDocument()[33m;[39m
     [90m 30 |[39m     expect(screen[33m.[39mgetByText([32m'Active Cases'[39m))[33m.[39mtoBeInTheDocument()[33m;[39m[0m

      at warn (node_modules/react-router/lib/deprecations.ts:9:13)
      at warnOnce (node_modules/react-router/lib/deprecations.ts:14:3)
      at Object.logDeprecation [as UNSAFE_logV6DeprecationWarnings] (node_modules/react-router/lib/deprecations.ts:37:5)
      at logV6DeprecationWarnings (node_modules/react-router-dom/index.tsx:816:25)
      at Object.react_stack_bottom_frame (node_modules/react-dom/cjs/react-dom-client.development.js:25989:20)
      at runWithFiberInDEV (node_modules/react-dom/cjs/react-dom-client.development.js:874:13)
      at commitHookEffectListMount (node_modules/react-dom/cjs/react-dom-client.development.js:13249:29)
      at commitHookPassiveMountEffects (node_modules/react-dom/cjs/react-dom-client.development.js:13336:11)
      at commitPassiveMountOnFiber (node_modules/react-dom/cjs/react-dom-client.development.js:15484:13)
      at recursivelyTraversePassiveMountEffects (node_modules/react-dom/cjs/react-dom-client.development.js:15439:11)
      at commitPassiveMountOnFiber (node_modules/react-dom/cjs/react-dom-client.development.js:15476:11)
      at recursivelyTraversePassiveMountEffects (node_modules/react-dom/cjs/react-dom-client.development.js:15439:11)
      at commitPassiveMountOnFiber (node_modules/react-dom/cjs/react-dom-client.development.js:15519:11)
      at flushPassiveEffects (node_modules/react-dom/cjs/react-dom-client.development.js:18432:9)
      at node_modules/react-dom/cjs/react-dom-client.development.js:17923:15
      at flushActQueue (node_modules/react/cjs/react.development.js:590:34)
      at Object.<anonymous>.process.env.NODE_ENV.exports.act (node_modules/react/cjs/react.development.js:884:10)
      at node_modules/@testing-library/react/dist/act-compat.js:46:25
      at renderRoot (node_modules/@testing-library/react/dist/pure.js:189:26)
      at render (node_modules/@testing-library/react/dist/pure.js:291:10)
      at src/pages/__tests__/DashboardPage.test.tsx:27:11
      at step (src/pages/__tests__/DashboardPage.test.tsx:33:23)
      at Object.next (src/pages/__tests__/DashboardPage.test.tsx:14:53)
      at src/pages/__tests__/DashboardPage.test.tsx:8:71
      at Object.<anonymous>.__awaiter (src/pages/__tests__/DashboardPage.test.tsx:4:12)
      at Object.<anonymous> (src/pages/__tests__/DashboardPage.test.tsx:26:38)

  console.warn
    ΓÜá∩╕Å React Router Future Flag Warning: React Router will begin wrapping state updates in `React.startTransition` in v7. You can use the `v7_startTransition` future flag to opt-in early. For more information, see https://reactrouter.com/v6/upgrading/future#v7_starttransition.

    [0m [90m 21 |[39m describe([32m'AlertsPage'[39m[33m,[39m () [33m=>[39m {
     [90m 22 |[39m   test([32m'renders alerts heading'[39m[33m,[39m [36masync[39m () [33m=>[39m {
    [31m[1m>[22m[39m[90m 23 |[39m     render([33m<[39m[33mAlertsPage[39m [33m/[39m[33m>[39m[33m,[39m { wrapper })[33m;[39m
     [90m    |[39m           [31m[1m^[22m[39m
     [90m 24 |[39m     [36mawait[39m waitFor(() [33m=>[39m expect(screen[33m.[39mgetByText([35m/alert/i[39m))[33m.[39mtoBeInTheDocument())[33m;[39m
     [90m 25 |[39m   })[33m;[39m
     [90m 26 |[39m[0m

      at warn (node_modules/react-router/lib/deprecations.ts:9:13)
      at warnOnce (node_modules/react-router/lib/deprecations.ts:14:3)
      at Object.logDeprecation [as UNSAFE_logV6DeprecationWarnings] (node_modules/react-router/lib/deprecations.ts:26:5)
      at logV6DeprecationWarnings (node_modules/react-router-dom/index.tsx:816:25)
      at Object.react_stack_bottom_frame (node_modules/react-dom/cjs/react-dom-client.development.js:25989:20)
      at runWithFiberInDEV (node_modules/react-dom/cjs/react-dom-client.development.js:874:13)
      at commitHookEffectListMount (node_modules/react-dom/cjs/react-dom-client.development.js:13249:29)
      at commitHookPassiveMountEffects (node_modules/react-dom/cjs/react-dom-client.development.js:13336:11)
      at commitPassiveMountOnFiber (node_modules/react-dom/cjs/react-dom-client.development.js:15484:13)
      at recursivelyTraversePassiveMountEffects (node_modules/react-dom/cjs/react-dom-client.development.js:15439:11)
      at commitPassiveMountOnFiber (node_modules/react-dom/cjs/react-dom-client.development.js:15476:11)
      at recursivelyTraversePassiveMountEffects (node_modules/react-dom/cjs/react-dom-client.development.js:15439:11)
      at commitPassiveMountOnFiber (node_modules/react-dom/cjs/react-dom-client.development.js:15519:11)
      at flushPassiveEffects (node_modules/react-dom/cjs/react-dom-client.development.js:18432:9)
      at node_modules/react-dom/cjs/react-dom-client.development.js:17923:15
      at flushActQueue (node_modules/react/cjs/react.development.js:590:34)
      at Object.<anonymous>.process.env.NODE_ENV.exports.act (node_modules/react/cjs/react.development.js:884:10)
      at node_modules/@testing-library/react/dist/act-compat.js:46:25
      at renderRoot (node_modules/@testing-library/react/dist/pure.js:189:26)
      at render (node_modules/@testing-library/react/dist/pure.js:291:10)
      at src/pages/__tests__/AlertsPage.test.tsx:23:11
      at step (src/pages/__tests__/AlertsPage.test.tsx:33:23)
      at Object.next (src/pages/__tests__/AlertsPage.test.tsx:14:53)
      at src/pages/__tests__/AlertsPage.test.tsx:8:71
      at Object.<anonymous>.__awaiter (src/pages/__tests__/AlertsPage.test.tsx:4:12)
      at Object.<anonymous> (src/pages/__tests__/AlertsPage.test.tsx:22:34)

  console.warn
    ΓÜá∩╕Å React Router Future Flag Warning: Relative route resolution within Splat routes is changing in v7. You can use the `v7_relativeSplatPath` future flag to opt-in early. For more information, see https://reactrouter.com/v6/upgrading/future#v7_relativesplatpath.

    [0m [90m 21 |[39m describe([32m'AlertsPage'[39m[33m,[39m () [33m=>[39m {
     [90m 22 |[39m   test([32m'renders alerts heading'[39m[33m,[39m [36masync[39m () [33m=>[39m {
    [31m[1m>[22m[39m[90m 23 |[39m     render([33m<[39m[33mAlertsPage[39m [33m/[39m[33m>[39m[33m,[39m { wrapper })[33m;[39m
     [90m    |[39m           [31m[1m^[22m[39m
     [90m 24 |[39m     [36mawait[39m waitFor(() [33m=>[39m expect(screen[33m.[39mgetByText([35m/alert/i[39m))[33m.[39mtoBeInTheDocument())[33m;[39m
     [90m 25 |[39m   })[33m;[39m
     [90m 26 |[39m[0m

      at warn (node_modules/react-router/lib/deprecations.ts:9:13)
      at warnOnce (node_modules/react-router/lib/deprecations.ts:14:3)
      at Object.logDeprecation [as UNSAFE_logV6DeprecationWarnings] (node_modules/react-router/lib/deprecations.ts:37:5)
      at logV6DeprecationWarnings (node_modules/react-router-dom/index.tsx:816:25)
      at Object.react_stack_bottom_frame (node_modules/react-dom/cjs/react-dom-client.development.js:25989:20)
      at runWithFiberInDEV (node_modules/react-dom/cjs/react-dom-client.development.js:874:13)
      at commitHookEffectListMount (node_modules/react-dom/cjs/react-dom-client.development.js:13249:29)
      at commitHookPassiveMountEffects (node_modules/react-dom/cjs/react-dom-client.development.js:13336:11)
      at commitPassiveMountOnFiber (node_modules/react-dom/cjs/react-dom-client.development.js:15484:13)
      at recursivelyTraversePassiveMountEffects (node_modules/react-dom/cjs/react-dom-client.development.js:15439:11)
      at commitPassiveMountOnFiber (node_modules/react-dom/cjs/react-dom-client.development.js:15476:11)
      at recursivelyTraversePassiveMountEffects (node_modules/react-dom/cjs/react-dom-client.development.js:15439:11)
      at commitPassiveMountOnFiber (node_modules/react-dom/cjs/react-dom-client.development.js:15519:11)
      at flushPassiveEffects (node_modules/react-dom/cjs/react-dom-client.development.js:18432:9)
      at node_modules/react-dom/cjs/react-dom-client.development.js:17923:15
      at flushActQueue (node_modules/react/cjs/react.development.js:590:34)
      at Object.<anonymous>.process.env.NODE_ENV.exports.act (node_modules/react/cjs/react.development.js:884:10)
      at node_modules/@testing-library/react/dist/act-compat.js:46:25
      at renderRoot (node_modules/@testing-library/react/dist/pure.js:189:26)
      at render (node_modules/@testing-library/react/dist/pure.js:291:10)
      at src/pages/__tests__/AlertsPage.test.tsx:23:11
      at step (src/pages/__tests__/AlertsPage.test.tsx:33:23)
      at Object.next (src/pages/__tests__/AlertsPage.test.tsx:14:53)
      at src/pages/__tests__/AlertsPage.test.tsx:8:71
      at Object.<anonymous>.__awaiter (src/pages/__tests__/AlertsPage.test.tsx:4:12)
      at Object.<anonymous> (src/pages/__tests__/AlertsPage.test.tsx:22:34)

  console.warn
    ΓÜá∩╕Å React Router Future Flag Warning: React Router will begin wrapping state updates in `React.startTransition` in v7. You can use the `v7_startTransition` future flag to opt-in early. For more information, see https://reactrouter.com/v6/upgrading/future#v7_starttransition.

    [0m [90m 24 |[39m describe([32m'ForecastPage'[39m[33m,[39m () [33m=>[39m {
     [90m 25 |[39m   test([32m'renders forecast heading'[39m[33m,[39m [36masync[39m () [33m=>[39m {
    [31m[1m>[22m[39m[90m 26 |[39m     render([33m<[39m[33mForecastPage[39m [33m/[39m[33m>[39m[33m,[39m { wrapper })[33m;[39m
     [90m    |[39m           [31m[1m^[22m[39m
     [90m 27 |[39m     [36mawait[39m waitFor(() [33m=>[39m expect(screen[33m.[39mgetByText([35m/forecast/i[39m))[33m.[39mtoBeInTheDocument())[33m;[39m
     [90m 28 |[39m   })[33m;[39m
     [90m 29 |[39m[0m

      at warn (node_modules/react-router/lib/deprecations.ts:9:13)
      at warnOnce (node_modules/react-router/lib/deprecations.ts:14:3)
      at Object.logDeprecation [as UNSAFE_logV6DeprecationWarnings] (node_modules/react-router/lib/deprecations.ts:26:5)
      at logV6DeprecationWarnings (node_modules/react-router-dom/index.tsx:816:25)
      at Object.react_stack_bottom_frame (node_modules/react-dom/cjs/react-dom-client.development.js:25989:20)
      at runWithFiberInDEV (node_modules/react-dom/cjs/react-dom-client.development.js:874:13)
      at commitHookEffectListMount (node_modules/react-dom/cjs/react-dom-client.development.js:13249:29)
      at commitHookPassiveMountEffects (node_modules/react-dom/cjs/react-dom-client.development.js:13336:11)
      at commitPassiveMountOnFiber (node_modules/react-dom/cjs/react-dom-client.development.js:15484:13)
      at recursivelyTraversePassiveMountEffects (node_modules/react-dom/cjs/react-dom-client.development.js:15439:11)
      at commitPassiveMountOnFiber (node_modules/react-dom/cjs/react-dom-client.development.js:15476:11)
      at recursivelyTraversePassiveMountEffects (node_modules/react-dom/cjs/react-dom-client.development.js:15439:11)
      at commitPassiveMountOnFiber (node_modules/react-dom/cjs/react-dom-client.development.js:15519:11)
      at flushPassiveEffects (node_modules/react-dom/cjs/react-dom-client.development.js:18432:9)
      at node_modules/react-dom/cjs/react-dom-client.development.js:17923:15
      at flushActQueue (node_modules/react/cjs/react.development.js:590:34)
      at Object.<anonymous>.process.env.NODE_ENV.exports.act (node_modules/react/cjs/react.development.js:884:10)
      at node_modules/@testing-library/react/dist/act-compat.js:46:25
      at renderRoot (node_modules/@testing-library/react/dist/pure.js:189:26)
      at render (node_modules/@testing-library/react/dist/pure.js:291:10)
      at src/pages/__tests__/ForecastPage.test.tsx:26:11
      at step (src/pages/__tests__/ForecastPage.test.tsx:33:23)
      at Object.next (src/pages/__tests__/ForecastPage.test.tsx:14:53)
      at src/pages/__tests__/ForecastPage.test.tsx:8:71
      at Object.<anonymous>.__awaiter (src/pages/__tests__/ForecastPage.test.tsx:4:12)
      at Object.<anonymous> (src/pages/__tests__/ForecastPage.test.tsx:25:36)

  console.warn
    ΓÜá∩╕Å React Router Future Flag Warning: React Router will begin wrapping state updates in `React.startTransition` in v7. You can use the `v7_startTransition` future flag to opt-in early. For more information, see https://reactrouter.com/v6/upgrading/future#v7_starttransition.

    [0m [90m 21 |[39m describe([32m'AuditLogPage'[39m[33m,[39m () [33m=>[39m {
     [90m 22 |[39m   test([32m'renders audit log heading'[39m[33m,[39m () [33m=>[39m {
    [31m[1m>[22m[39m[90m 23 |[39m     render([33m<[39m[33mAuditLogPage[39m [33m/[39m[33m>[39m[33m,[39m { wrapper })[33m;[39m
     [90m    |[39m           [31m[1m^[22m[39m
     [90m 24 |[39m     expect(screen[33m.[39mgetByText([35m/audit/i[39m))[33m.[39mtoBeInTheDocument()[33m;[39m
     [90m 25 |[39m   })[33m;[39m
     [90m 26 |[39m[0m

      at warn (node_modules/react-router/lib/deprecations.ts:9:13)
      at warnOnce (node_modules/react-router/lib/deprecations.ts:14:3)
      at Object.logDeprecation [as UNSAFE_logV6DeprecationWarnings] (node_modules/react-router/lib/deprecations.ts:26:5)
      at logV6DeprecationWarnings (node_modules/react-router-dom/index.tsx:816:25)
      at Object.react_stack_bottom_frame (node_modules/react-dom/cjs/react-dom-client.development.js:25989:20)
      at runWithFiberInDEV (node_modules/react-dom/cjs/react-dom-client.development.js:874:13)
      at commitHookEffectListMount (node_modules/react-dom/cjs/react-dom-client.development.js:13249:29)
      at commitHookPassiveMountEffects (node_modules/react-dom/cjs/react-dom-client.development.js:13336:11)
      at commitPassiveMountOnFiber (node_modules/react-dom/cjs/react-dom-client.development.js:15484:13)
      at recursivelyTraversePassiveMountEffects (node_modules/react-dom/cjs/react-dom-client.development.js:15439:11)
      at commitPassiveMountOnFiber (node_modules/react-dom/cjs/react-dom-client.development.js:15476:11)
      at recursivelyTraversePassiveMountEffects (node_modules/react-dom/cjs/react-dom-client.development.js:15439:11)
      at commitPassiveMountOnFiber (node_modules/react-dom/cjs/react-dom-client.development.js:15519:11)
      at flushPassiveEffects (node_modules/react-dom/cjs/react-dom-client.development.js:18432:9)
      at node_modules/react-dom/cjs/react-dom-client.development.js:17923:15
      at flushActQueue (node_modules/react/cjs/react.development.js:590:34)
      at Object.<anonymous>.process.env.NODE_ENV.exports.act (node_modules/react/cjs/react.development.js:884:10)
      at node_modules/@testing-library/react/dist/act-compat.js:46:25
      at renderRoot (node_modules/@testing-library/react/dist/pure.js:189:26)
      at render (node_modules/@testing-library/react/dist/pure.js:291:10)
      at Object.<anonymous> (src/pages/__tests__/AuditLogPage.test.tsx:23:11)

  console.warn
    ΓÜá∩╕Å React Router Future Flag Warning: Relative route resolution within Splat routes is changing in v7. You can use the `v7_relativeSplatPath` future flag to opt-in early. For more information, see https://reactrouter.com/v6/upgrading/future#v7_relativesplatpath.

    [0m [90m 24 |[39m describe([32m'ForecastPage'[39m[33m,[39m () [33m=>[39m {
     [90m 25 |[39m   test([32m'renders forecast heading'[39m[33m,[39m [36masync[39m () [33m=>[39m {
    [31m[1m>[22m[39m[90m 26 |[39m     render([33m<[39m[33mForecastPage[39m [33m/[39m[33m>[39m[33m,[39m { wrapper })[33m;[39m
     [90m    |[39m           [31m[1m^[22m[39m
     [90m 27 |[39m     [36mawait[39m waitFor(() [33m=>[39m expect(screen[33m.[39mgetByText([35m/forecast/i[39m))[33m.[39mtoBeInTheDocument())[33m;[39m
     [90m 28 |[39m   })[33m;[39m
     [90m 29 |[39m[0m

      at warn (node_modules/react-router/lib/deprecations.ts:9:13)
      at warnOnce (node_modules/react-router/lib/deprecations.ts:14:3)
      at Object.logDeprecation [as UNSAFE_logV6DeprecationWarnings] (node_modules/react-router/lib/deprecations.ts:37:5)
      at logV6DeprecationWarnings (node_modules/react-router-dom/index.tsx:816:25)
      at Object.react_stack_bottom_frame (node_modules/react-dom/cjs/react-dom-client.development.js:25989:20)
      at runWithFiberInDEV (node_modules/react-dom/cjs/react-dom-client.development.js:874:13)
      at commitHookEffectListMount (node_modules/react-dom/cjs/react-dom-client.development.js:13249:29)
      at commitHookPassiveMountEffects (node_modules/react-dom/cjs/react-dom-client.development.js:13336:11)
      at commitPassiveMountOnFiber (node_modules/react-dom/cjs/react-dom-client.development.js:15484:13)
      at recursivelyTraversePassiveMountEffects (node_modules/react-dom/cjs/react-dom-client.development.js:15439:11)
      at commitPassiveMountOnFiber (node_modules/react-dom/cjs/react-dom-client.development.js:15476:11)
      at recursivelyTraversePassiveMountEffects (node_modules/react-dom/cjs/react-dom-client.development.js:15439:11)
      at commitPassiveMountOnFiber (node_modules/react-dom/cjs/react-dom-client.development.js:15519:11)
      at flushPassiveEffects (node_modules/react-dom/cjs/react-dom-client.development.js:18432:9)
      at node_modules/react-dom/cjs/react-dom-client.development.js:17923:15
      at flushActQueue (node_modules/react/cjs/react.development.js:590:34)
      at Object.<anonymous>.process.env.NODE_ENV.exports.act (node_modules/react/cjs/react.development.js:884:10)
      at node_modules/@testing-library/react/dist/act-compat.js:46:25
      at renderRoot (node_modules/@testing-library/react/dist/pure.js:189:26)
      at render (node_modules/@testing-library/react/dist/pure.js:291:10)
      at src/pages/__tests__/ForecastPage.test.tsx:26:11
      at step (src/pages/__tests__/ForecastPage.test.tsx:33:23)
      at Object.next (src/pages/__tests__/ForecastPage.test.tsx:14:53)
      at src/pages/__tests__/ForecastPage.test.tsx:8:71
      at Object.<anonymous>.__awaiter (src/pages/__tests__/ForecastPage.test.tsx:4:12)
      at Object.<anonymous> (src/pages/__tests__/ForecastPage.test.tsx:25:36)

  console.warn
    ΓÜá∩╕Å React Router Future Flag Warning: Relative route resolution within Splat routes is changing in v7. You can use the `v7_relativeSplatPath` future flag to opt-in early. For more information, see https://reactrouter.com/v6/upgrading/future#v7_relativesplatpath.

    [0m [90m 21 |[39m describe([32m'AuditLogPage'[39m[33m,[39m () [33m=>[39m {
     [90m 22 |[39m   test([32m'renders audit log heading'[39m[33m,[39m () [33m=>[39m {
    [31m[1m>[22m[39m[90m 23 |[39m     render([33m<[39m[33mAuditLogPage[39m [33m/[39m[33m>[39m[33m,[39m { wrapper })[33m;[39m
     [90m    |[39m           [31m[1m^[22m[39m
     [90m 24 |[39m     expect(screen[33m.[39mgetByText([35m/audit/i[39m))[33m.[39mtoBeInTheDocument()[33m;[39m
     [90m 25 |[39m   })[33m;[39m
     [90m 26 |[39m[0m

      at warn (node_modules/react-router/lib/deprecations.ts:9:13)
      at warnOnce (node_modules/react-router/lib/deprecations.ts:14:3)
      at Object.logDeprecation [as UNSAFE_logV6DeprecationWarnings] (node_modules/react-router/lib/deprecations.ts:37:5)
      at logV6DeprecationWarnings (node_modules/react-router-dom/index.tsx:816:25)
      at Object.react_stack_bottom_frame (node_modules/react-dom/cjs/react-dom-client.development.js:25989:20)
      at runWithFiberInDEV (node_modules/react-dom/cjs/react-dom-client.development.js:874:13)
      at commitHookEffectListMount (node_modules/react-dom/cjs/react-dom-client.development.js:13249:29)
      at commitHookPassiveMountEffects (node_modules/react-dom/cjs/react-dom-client.development.js:13336:11)
      at commitPassiveMountOnFiber (node_modules/react-dom/cjs/react-dom-client.development.js:15484:13)
      at recursivelyTraversePassiveMountEffects (node_modules/react-dom/cjs/react-dom-client.development.js:15439:11)
      at commitPassiveMountOnFiber (node_modules/react-dom/cjs/react-dom-client.development.js:15476:11)
      at recursivelyTraversePassiveMountEffects (node_modules/react-dom/cjs/react-dom-client.development.js:15439:11)
      at commitPassiveMountOnFiber (node_modules/react-dom/cjs/react-dom-client.development.js:15519:11)
      at flushPassiveEffects (node_modules/react-dom/cjs/react-dom-client.development.js:18432:9)
      at node_modules/react-dom/cjs/react-dom-client.development.js:17923:15
      at flushActQueue (node_modules/react/cjs/react.development.js:590:34)
      at Object.<anonymous>.process.env.NODE_ENV.exports.act (node_modules/react/cjs/react.development.js:884:10)
      at node_modules/@testing-library/react/dist/act-compat.js:46:25
      at renderRoot (node_modules/@testing-library/react/dist/pure.js:189:26)
      at render (node_modules/@testing-library/react/dist/pure.js:291:10)
      at Object.<anonymous> (src/pages/__tests__/AuditLogPage.test.tsx:23:11)

  console.warn
    ΓÜá∩╕Å React Router Future Flag Warning: React Router will begin wrapping state updates in `React.startTransition` in v7. You can use the `v7_startTransition` future flag to opt-in early. For more information, see https://reactrouter.com/v6/upgrading/future#v7_starttransition.

    [0m [90m 20 |[39m describe([32m'NetworkPage'[39m[33m,[39m () [33m=>[39m {
     [90m 21 |[39m   test([32m'renders search input'[39m[33m,[39m () [33m=>[39m {
    [31m[1m>[22m[39m[90m 22 |[39m     render([33m<[39m[33mNetworkPage[39m [33m/[39m[33m>[39m[33m,[39m { wrapper })[33m;[39m
     [90m    |[39m           [31m[1m^[22m[39m
     [90m 23 |[39m     expect(screen[33m.[39mgetByPlaceholderText([35m/enter accused name/i[39m))[33m.[39mtoBeInTheDocument()[33m;[39m
     [90m 24 |[39m   })[33m;[39m
     [90m 25 |[39m[0m

      at warn (node_modules/react-router/lib/deprecations.ts:9:13)
      at warnOnce (node_modules/react-router/lib/deprecations.ts:14:3)
      at Object.logDeprecation [as UNSAFE_logV6DeprecationWarnings] (node_modules/react-router/lib/deprecations.ts:26:5)
      at logV6DeprecationWarnings (node_modules/react-router-dom/index.tsx:816:25)
      at Object.react_stack_bottom_frame (node_modules/react-dom/cjs/react-dom-client.development.js:25989:20)
      at runWithFiberInDEV (node_modules/react-dom/cjs/react-dom-client.development.js:874:13)
      at commitHookEffectListMount (node_modules/react-dom/cjs/react-dom-client.development.js:13249:29)
      at commitHookPassiveMountEffects (node_modules/react-dom/cjs/react-dom-client.development.js:13336:11)
      at commitPassiveMountOnFiber (node_modules/react-dom/cjs/react-dom-client.development.js:15484:13)
      at recursivelyTraversePassiveMountEffects (node_modules/react-dom/cjs/react-dom-client.development.js:15439:11)
      at commitPassiveMountOnFiber (node_modules/react-dom/cjs/react-dom-client.development.js:15476:11)
      at recursivelyTraversePassiveMountEffects (node_modules/react-dom/cjs/react-dom-client.development.js:15439:11)
      at commitPassiveMountOnFiber (node_modules/react-dom/cjs/react-dom-client.development.js:15519:11)
      at flushPassiveEffects (node_modules/react-dom/cjs/react-dom-client.development.js:18432:9)
      at node_modules/react-dom/cjs/react-dom-client.development.js:17923:15
      at flushActQueue (node_modules/react/cjs/react.development.js:590:34)
      at Object.<anonymous>.process.env.NODE_ENV.exports.act (node_modules/react/cjs/react.development.js:884:10)
      at node_modules/@testing-library/react/dist/act-compat.js:46:25
      at renderRoot (node_modules/@testing-library/react/dist/pure.js:189:26)
      at render (node_modules/@testing-library/react/dist/pure.js:291:10)
      at Object.<anonymous> (src/pages/__tests__/NetworkPage.test.tsx:22:11)

  console.error
    An update to AuditLogPage inside a test was not wrapped in act(...).
    
    When testing, code that causes React state updates should be wrapped into act(...):
    
    act(() => {
      /* fire events that update state */
    });
    /* assert on the output */
    
    This ensures that you're testing the behavior the user would see in the browser. Learn more at https://react.dev/link/wrap-tests-with-act

    [0m [90m 28 |[39m   [36mconst[39m fetchLogs [33m=[39m useCallback([36masync[39m () [33m=>[39m {
     [90m 29 |[39m     [36mconst[39m data [33m=[39m [36mawait[39m api[33m.[39mlistAuditLog([35m200[39m)[33m;[39m
    [31m[1m>[22m[39m[90m 30 |[39m     setLogs(data)[33m;[39m
     [90m    |[39m     [31m[1m^[22m[39m
     [90m 31 |[39m     setLoading([36mfalse[39m)[33m;[39m
     [90m 32 |[39m   }[33m,[39m [])[33m;[39m
     [90m 33 |[39m[0m

      at node_modules/react-dom/cjs/react-dom-client.development.js:18758:19
      at runWithFiberInDEV (node_modules/react-dom/cjs/react-dom-client.development.js:874:13)
      at warnIfUpdatesNotWrappedWithActDEV (node_modules/react-dom/cjs/react-dom-client.development.js:18757:9)
      at scheduleUpdateOnFiber (node_modules/react-dom/cjs/react-dom-client.development.js:16409:11)
      at dispatchSetStateInternal (node_modules/react-dom/cjs/react-dom-client.development.js:9170:13)
      at dispatchSetState (node_modules/react-dom/cjs/react-dom-client.development.js:9127:7)
      at src/pages/AuditLogPage.tsx:30:5
      at step (src/pages/AuditLogPage.tsx:67:23)
      at Object.next (src/pages/AuditLogPage.tsx:48:53)
      at fulfilled (src/pages/AuditLogPage.tsx:39:58)

  console.warn
    ΓÜá∩╕Å React Router Future Flag Warning: React Router will begin wrapping state updates in `React.startTransition` in v7. You can use the `v7_startTransition` future flag to opt-in early. For more information, see https://reactrouter.com/v6/upgrading/future#v7_starttransition.

    [0m [90m 22 |[39m describe([32m'WorkspacePage'[39m[33m,[39m () [33m=>[39m {
     [90m 23 |[39m   test([32m'renders workspace heading'[39m[33m,[39m [36masync[39m () [33m=>[39m {
    [31m[1m>[22m[39m[90m 24 |[39m     render([33m<[39m[33mWorkspacePage[39m [33m/[39m[33m>[39m[33m,[39m { wrapper })[33m;[39m
     [90m    |[39m           [31m[1m^[22m[39m
     [90m 25 |[39m     [36mawait[39m waitFor(() [33m=>[39m expect(screen[33m.[39mgetByText([35m/workspace/i[39m))[33m.[39mtoBeInTheDocument())[33m;[39m
     [90m 26 |[39m   })[33m;[39m
     [90m 27 |[39m[0m

      at warn (node_modules/react-router/lib/deprecations.ts:9:13)
      at warnOnce (node_modules/react-router/lib/deprecations.ts:14:3)
      at Object.logDeprecation [as UNSAFE_logV6DeprecationWarnings] (node_modules/react-router/lib/deprecations.ts:26:5)
      at logV6DeprecationWarnings (node_modules/react-router-dom/index.tsx:816:25)
      at Object.react_stack_bottom_frame (node_modules/react-dom/cjs/react-dom-client.development.js:25989:20)
      at runWithFiberInDEV (node_modules/react-dom/cjs/react-dom-client.development.js:874:13)
      at commitHookEffectListMount (node_modules/react-dom/cjs/react-dom-client.development.js:13249:29)
      at commitHookPassiveMountEffects (node_modules/react-dom/cjs/react-dom-client.development.js:13336:11)
      at commitPassiveMountOnFiber (node_modules/react-dom/cjs/react-dom-client.development.js:15484:13)
      at recursivelyTraversePassiveMountEffects (node_modules/react-dom/cjs/react-dom-client.development.js:15439:11)
      at commitPassiveMountOnFiber (node_modules/react-dom/cjs/react-dom-client.development.js:15476:11)
      at recursivelyTraversePassiveMountEffects (node_modules/react-dom/cjs/react-dom-client.development.js:15439:11)
      at commitPassiveMountOnFiber (node_modules/react-dom/cjs/react-dom-client.development.js:15519:11)
      at flushPassiveEffects (node_modules/react-dom/cjs/react-dom-client.development.js:18432:9)
      at node_modules/react-dom/cjs/react-dom-client.development.js:17923:15
      at flushActQueue (node_modules/react/cjs/react.development.js:590:34)
      at Object.<anonymous>.process.env.NODE_ENV.exports.act (node_modules/react/cjs/react.development.js:884:10)
      at node_modules/@testing-library/react/dist/act-compat.js:46:25
      at renderRoot (node_modules/@testing-library/react/dist/pure.js:189:26)
      at render (node_modules/@testing-library/react/dist/pure.js:291:10)
      at src/pages/__tests__/WorkspacePage.test.tsx:24:11
      at step (src/pages/__tests__/WorkspacePage.test.tsx:33:23)
      at Object.next (src/pages/__tests__/WorkspacePage.test.tsx:14:53)
      at src/pages/__tests__/WorkspacePage.test.tsx:8:71
      at Object.<anonymous>.__awaiter (src/pages/__tests__/WorkspacePage.test.tsx:4:12)
      at Object.<anonymous> (src/pages/__tests__/WorkspacePage.test.tsx:23:37)

  console.warn
    ΓÜá∩╕Å React Router Future Flag Warning: Relative route resolution within Splat routes is changing in v7. You can use the `v7_relativeSplatPath` future flag to opt-in early. For more information, see https://reactrouter.com/v6/upgrading/future#v7_relativesplatpath.

    [0m [90m 20 |[39m describe([32m'NetworkPage'[39m[33m,[39m () [33m=>[39m {
     [90m 21 |[39m   test([32m'renders search input'[39m[33m,[39m () [33m=>[39m {
    [31m[1m>[22m[39m[90m 22 |[39m     render([33m<[39m[33mNetworkPage[39m [33m/[39m[33m>[39m[33m,[39m { wrapper })[33m;[39m
     [90m    |[39m           [31m[1m^[22m[39m
     [90m 23 |[39m     expect(screen[33m.[39mgetByPlaceholderText([35m/enter accused name/i[39m))[33m.[39mtoBeInTheDocument()[33m;[39m
     [90m 24 |[39m   })[33m;[39m
     [90m 25 |[39m[0m

      at warn (node_modules/react-router/lib/deprecations.ts:9:13)
      at warnOnce (node_modules/react-router/lib/deprecations.ts:14:3)
      at Object.logDeprecation [as UNSAFE_logV6DeprecationWarnings] (node_modules/react-router/lib/deprecations.ts:37:5)
      at logV6DeprecationWarnings (node_modules/react-router-dom/index.tsx:816:25)
      at Object.react_stack_bottom_frame (node_modules/react-dom/cjs/react-dom-client.development.js:25989:20)
      at runWithFiberInDEV (node_modules/react-dom/cjs/react-dom-client.development.js:874:13)
      at commitHookEffectListMount (node_modules/react-dom/cjs/react-dom-client.development.js:13249:29)
      at commitHookPassiveMountEffects (node_modules/react-dom/cjs/react-dom-client.development.js:13336:11)
      at commitPassiveMountOnFiber (node_modules/react-dom/cjs/react-dom-client.development.js:15484:13)
      at recursivelyTraversePassiveMountEffects (node_modules/react-dom/cjs/react-dom-client.development.js:15439:11)
      at commitPassiveMountOnFiber (node_modules/react-dom/cjs/react-dom-client.development.js:15476:11)
      at recursivelyTraversePassiveMountEffects (node_modules/react-dom/cjs/react-dom-client.development.js:15439:11)
      at commitPassiveMountOnFiber (node_modules/react-dom/cjs/react-dom-client.development.js:15519:11)
      at flushPassiveEffects (node_modules/react-dom/cjs/react-dom-client.development.js:18432:9)
      at node_modules/react-dom/cjs/react-dom-client.development.js:17923:15
      at flushActQueue (node_modules/react/cjs/react.development.js:590:34)
      at Object.<anonymous>.process.env.NODE_ENV.exports.act (node_modules/react/cjs/react.development.js:884:10)
      at node_modules/@testing-library/react/dist/act-compat.js:46:25
      at renderRoot (node_modules/@testing-library/react/dist/pure.js:189:26)
      at render (node_modules/@testing-library/react/dist/pure.js:291:10)
      at Object.<anonymous> (src/pages/__tests__/NetworkPage.test.tsx:22:11)

  console.error
    An update to AuditLogPage inside a test was not wrapped in act(...).
    
    When testing, code that causes React state updates should be wrapped into act(...):
    
    act(() => {
      /* fire events that update state */
    });
    /* assert on the output */
    
    This ensures that you're testing the behavior the user would see in the browser. Learn more at https://react.dev/link/wrap-tests-with-act

    [0m [90m 29 |[39m     [36mconst[39m data [33m=[39m [36mawait[39m api[33m.[39mlistAuditLog([35m200[39m)[33m;[39m
     [90m 30 |[39m     setLogs(data)[33m;[39m
    [31m[1m>[22m[39m[90m 31 |[39m     setLoading([36mfalse[39m)[33m;[39m
     [90m    |[39m     [31m[1m^[22m[39m
     [90m 32 |[39m   }[33m,[39m [])[33m;[39m
     [90m 33 |[39m
     [90m 34 |[39m   useEffect(() [33m=>[39m { fetchLogs()[33m;[39m }[33m,[39m [fetchLogs])[33m;[39m[0m

      at node_modules/react-dom/cjs/react-dom-client.development.js:18758:19
      at runWithFiberInDEV (node_modules/react-dom/cjs/react-dom-client.development.js:874:13)
      at warnIfUpdatesNotWrappedWithActDEV (node_modules/react-dom/cjs/react-dom-client.development.js:18757:9)
      at scheduleUpdateOnFiber (node_modules/react-dom/cjs/react-dom-client.development.js:16409:11)
      at dispatchSetStateInternal (node_modules/react-dom/cjs/react-dom-client.development.js:9170:13)
      at dispatchSetState (node_modules/react-dom/cjs/react-dom-client.development.js:9127:7)
      at src/pages/AuditLogPage.tsx:31:5
      at step (src/pages/AuditLogPage.tsx:67:23)
      at Object.next (src/pages/AuditLogPage.tsx:48:53)
      at fulfilled (src/pages/AuditLogPage.tsx:39:58)

  console.warn
    ΓÜá∩╕Å React Router Future Flag Warning: Relative route resolution within Splat routes is changing in v7. You can use the `v7_relativeSplatPath` future flag to opt-in early. For more information, see https://reactrouter.com/v6/upgrading/future#v7_relativesplatpath.

    [0m [90m 22 |[39m describe([32m'WorkspacePage'[39m[33m,[39m () [33m=>[39m {
     [90m 23 |[39m   test([32m'renders workspace heading'[39m[33m,[39m [36masync[39m () [33m=>[39m {
    [31m[1m>[22m[39m[90m 24 |[39m     render([33m<[39m[33mWorkspacePage[39m [33m/[39m[33m>[39m[33m,[39m { wrapper })[33m;[39m
     [90m    |[39m           [31m[1m^[22m[39m
     [90m 25 |[39m     [36mawait[39m waitFor(() [33m=>[39m expect(screen[33m.[39mgetByText([35m/workspace/i[39m))[33m.[39mtoBeInTheDocument())[33m;[39m
     [90m 26 |[39m   })[33m;[39m
     [90m 27 |[39m[0m

      at warn (node_modules/react-router/lib/deprecations.ts:9:13)
      at warnOnce (node_modules/react-router/lib/deprecations.ts:14:3)
      at Object.logDeprecation [as UNSAFE_logV6DeprecationWarnings] (node_modules/react-router/lib/deprecations.ts:37:5)
      at logV6DeprecationWarnings (node_modules/react-router-dom/index.tsx:816:25)
      at Object.react_stack_bottom_frame (node_modules/react-dom/cjs/react-dom-client.development.js:25989:20)
      at runWithFiberInDEV (node_modules/react-dom/cjs/react-dom-client.development.js:874:13)
      at commitHookEffectListMount (node_modules/react-dom/cjs/react-dom-client.development.js:13249:29)
      at commitHookPassiveMountEffects (node_modules/react-dom/cjs/react-dom-client.development.js:13336:11)
      at commitPassiveMountOnFiber (node_modules/react-dom/cjs/react-dom-client.development.js:15484:13)
      at recursivelyTraversePassiveMountEffects (node_modules/react-dom/cjs/react-dom-client.development.js:15439:11)
      at commitPassiveMountOnFiber (node_modules/react-dom/cjs/react-dom-client.development.js:15476:11)
      at recursivelyTraversePassiveMountEffects (node_modules/react-dom/cjs/react-dom-client.development.js:15439:11)
      at commitPassiveMountOnFiber (node_modules/react-dom/cjs/react-dom-client.development.js:15519:11)
      at flushPassiveEffects (node_modules/react-dom/cjs/react-dom-client.development.js:18432:9)
      at node_modules/react-dom/cjs/react-dom-client.development.js:17923:15
      at flushActQueue (node_modules/react/cjs/react.development.js:590:34)
      at Object.<anonymous>.process.env.NODE_ENV.exports.act (node_modules/react/cjs/react.development.js:884:10)
      at node_modules/@testing-library/react/dist/act-compat.js:46:25
      at renderRoot (node_modules/@testing-library/react/dist/pure.js:189:26)
      at render (node_modules/@testing-library/react/dist/pure.js:291:10)
      at src/pages/__tests__/WorkspacePage.test.tsx:24:11
      at step (src/pages/__tests__/WorkspacePage.test.tsx:33:23)
      at Object.next (src/pages/__tests__/WorkspacePage.test.tsx:14:53)
      at src/pages/__tests__/WorkspacePage.test.tsx:8:71
      at Object.<anonymous>.__awaiter (src/pages/__tests__/WorkspacePage.test.tsx:4:12)
      at Object.<anonymous> (src/pages/__tests__/WorkspacePage.test.tsx:23:37)

  console.warn
    ΓÜá∩╕Å React Router Future Flag Warning: React Router will begin wrapping state updates in `React.startTransition` in v7. You can use the `v7_startTransition` future flag to opt-in early. For more information, see https://reactrouter.com/v6/upgrading/future#v7_starttransition.

    [0m [90m 26 |[39m describe([32m'AgentWorkbenchPage'[39m[33m,[39m () [33m=>[39m {
     [90m 27 |[39m   test([32m'renders workbench heading'[39m[33m,[39m () [33m=>[39m {
    [31m[1m>[22m[39m[90m 28 |[39m     render([33m<[39m[33mAgentWorkbenchPage[39m [33m/[39m[33m>[39m[33m,[39m { wrapper })[33m;[39m
     [90m    |[39m           [31m[1m^[22m[39m
     [90m 29 |[39m     expect(screen[33m.[39mgetByText([35m/agent/i[39m))[33m.[39mtoBeInTheDocument()[33m;[39m
     [90m 30 |[39m   })[33m;[39m
     [90m 31 |[39m[0m

      at warn (node_modules/react-router/lib/deprecations.ts:9:13)
      at warnOnce (node_modules/react-router/lib/deprecations.ts:14:3)
      at Object.logDeprecation [as UNSAFE_logV6DeprecationWarnings] (node_modules/react-router/lib/deprecations.ts:26:5)
      at logV6DeprecationWarnings (node_modules/react-router-dom/index.tsx:816:25)
      at Object.react_stack_bottom_frame (node_modules/react-dom/cjs/react-dom-client.development.js:25989:20)
      at runWithFiberInDEV (node_modules/react-dom/cjs/react-dom-client.development.js:874:13)
      at commitHookEffectListMount (node_modules/react-dom/cjs/react-dom-client.development.js:13249:29)
      at commitHookPassiveMountEffects (node_modules/react-dom/cjs/react-dom-client.development.js:13336:11)
      at commitPassiveMountOnFiber (node_modules/react-dom/cjs/react-dom-client.development.js:15484:13)
      at recursivelyTraversePassiveMountEffects (node_modules/react-dom/cjs/react-dom-client.development.js:15439:11)
      at commitPassiveMountOnFiber (node_modules/react-dom/cjs/react-dom-client.development.js:15476:11)
      at recursivelyTraversePassiveMountEffects (node_modules/react-dom/cjs/react-dom-client.development.js:15439:11)
      at commitPassiveMountOnFiber (node_modules/react-dom/cjs/react-dom-client.development.js:15519:11)
      at flushPassiveEffects (node_modules/react-dom/cjs/react-dom-client.development.js:18432:9)
      at node_modules/react-dom/cjs/react-dom-client.development.js:17923:15
      at flushActQueue (node_modules/react/cjs/react.development.js:590:34)
      at Object.<anonymous>.process.env.NODE_ENV.exports.act (node_modules/react/cjs/react.development.js:884:10)
      at node_modules/@testing-library/react/dist/act-compat.js:46:25
      at renderRoot (node_modules/@testing-library/react/dist/pure.js:189:26)
      at render (node_modules/@testing-library/react/dist/pure.js:291:10)
      at Object.<anonymous> (src/pages/__tests__/AgentWorkbenchPage.test.tsx:28:11)

  console.warn
    ΓÜá∩╕Å React Router Future Flag Warning: React Router will begin wrapping state updates in `React.startTransition` in v7. You can use the `v7_startTransition` future flag to opt-in early. For more information, see https://reactrouter.com/v6/upgrading/future#v7_starttransition.

    [0m [90m 21 |[39m describe([32m'SimilarityPage'[39m[33m,[39m () [33m=>[39m {
     [90m 22 |[39m   test([32m'renders similarity heading'[39m[33m,[39m () [33m=>[39m {
    [31m[1m>[22m[39m[90m 23 |[39m     render([33m<[39m[33mSimilarityPage[39m [33m/[39m[33m>[39m[33m,[39m { wrapper })[33m;[39m
     [90m    |[39m           [31m[1m^[22m[39m
     [90m 24 |[39m     expect(screen[33m.[39mgetByText([35m/similar/i[39m))[33m.[39mtoBeInTheDocument()[33m;[39m
     [90m 25 |[39m   })[33m;[39m
     [90m 26 |[39m[0m

      at warn (node_modules/react-router/lib/deprecations.ts:9:13)
      at warnOnce (node_modules/react-router/lib/deprecations.ts:14:3)
      at Object.logDeprecation [as UNSAFE_logV6DeprecationWarnings] (node_modules/react-router/lib/deprecations.ts:26:5)
      at logV6DeprecationWarnings (node_modules/react-router-dom/index.tsx:816:25)
      at Object.react_stack_bottom_frame (node_modules/react-dom/cjs/react-dom-client.development.js:25989:20)
      at runWithFiberInDEV (node_modules/react-dom/cjs/react-dom-client.development.js:874:13)
      at commitHookEffectListMount (node_modules/react-dom/cjs/react-dom-client.development.js:13249:29)
      at commitHookPassiveMountEffects (node_modules/react-dom/cjs/react-dom-client.development.js:13336:11)
      at commitPassiveMountOnFiber (node_modules/react-dom/cjs/react-dom-client.development.js:15484:13)
      at recursivelyTraversePassiveMountEffects (node_modules/react-dom/cjs/react-dom-client.development.js:15439:11)
      at commitPassiveMountOnFiber (node_modules/react-dom/cjs/react-dom-client.development.js:15476:11)
      at recursivelyTraversePassiveMountEffects (node_modules/react-dom/cjs/react-dom-client.development.js:15439:11)
      at commitPassiveMountOnFiber (node_modules/react-dom/cjs/react-dom-client.development.js:15519:11)
      at flushPassiveEffects (node_modules/react-dom/cjs/react-dom-client.development.js:18432:9)
      at node_modules/react-dom/cjs/react-dom-client.development.js:17923:15
      at flushActQueue (node_modules/react/cjs/react.development.js:590:34)
      at Object.<anonymous>.process.env.NODE_ENV.exports.act (node_modules/react/cjs/react.development.js:884:10)
      at node_modules/@testing-library/react/dist/act-compat.js:46:25
      at renderRoot (node_modules/@testing-library/react/dist/pure.js:189:26)
      at render (node_modules/@testing-library/react/dist/pure.js:291:10)
      at Object.<anonymous> (src/pages/__tests__/SimilarityPage.test.tsx:23:11)

  console.warn
    ΓÜá∩╕Å React Router Future Flag Warning: Relative route resolution within Splat routes is changing in v7. You can use the `v7_relativeSplatPath` future flag to opt-in early. For more information, see https://reactrouter.com/v6/upgrading/future#v7_relativesplatpath.

    [0m [90m 26 |[39m describe([32m'AgentWorkbenchPage'[39m[33m,[39m () [33m=>[39m {
     [90m 27 |[39m   test([32m'renders workbench heading'[39m[33m,[39m () [33m=>[39m {
    [31m[1m>[22m[39m[90m 28 |[39m     render([33m<[39m[33mAgentWorkbenchPage[39m [33m/[39m[33m>[39m[33m,[39m { wrapper })[33m;[39m
     [90m    |[39m           [31m[1m^[22m[39m
     [90m 29 |[39m     expect(screen[33m.[39mgetByText([35m/agent/i[39m))[33m.[39mtoBeInTheDocument()[33m;[39m
     [90m 30 |[39m   })[33m;[39m
     [90m 31 |[39m[0m

      at warn (node_modules/react-router/lib/deprecations.ts:9:13)
      at warnOnce (node_modules/react-router/lib/deprecations.ts:14:3)
      at Object.logDeprecation [as UNSAFE_logV6DeprecationWarnings] (node_modules/react-router/lib/deprecations.ts:37:5)
      at logV6DeprecationWarnings (node_modules/react-router-dom/index.tsx:816:25)
      at Object.react_stack_bottom_frame (node_modules/react-dom/cjs/react-dom-client.development.js:25989:20)
      at runWithFiberInDEV (node_modules/react-dom/cjs/react-dom-client.development.js:874:13)
      at commitHookEffectListMount (node_modules/react-dom/cjs/react-dom-client.development.js:13249:29)
      at commitHookPassiveMountEffects (node_modules/react-dom/cjs/react-dom-client.development.js:13336:11)
      at commitPassiveMountOnFiber (node_modules/react-dom/cjs/react-dom-client.development.js:15484:13)
      at recursivelyTraversePassiveMountEffects (node_modules/react-dom/cjs/react-dom-client.development.js:15439:11)
      at commitPassiveMountOnFiber (node_modules/react-dom/cjs/react-dom-client.development.js:15476:11)
      at recursivelyTraversePassiveMountEffects (node_modules/react-dom/cjs/react-dom-client.development.js:15439:11)
      at commitPassiveMountOnFiber (node_modules/react-dom/cjs/react-dom-client.development.js:15519:11)
      at flushPassiveEffects (node_modules/react-dom/cjs/react-dom-client.development.js:18432:9)
      at node_modules/react-dom/cjs/react-dom-client.development.js:17923:15
      at flushActQueue (node_modules/react/cjs/react.development.js:590:34)
      at Object.<anonymous>.process.env.NODE_ENV.exports.act (node_modules/react/cjs/react.development.js:884:10)
      at node_modules/@testing-library/react/dist/act-compat.js:46:25
      at renderRoot (node_modules/@testing-library/react/dist/pure.js:189:26)
      at render (node_modules/@testing-library/react/dist/pure.js:291:10)
      at Object.<anonymous> (src/pages/__tests__/AgentWorkbenchPage.test.tsx:28:11)

  console.warn
    ΓÜá∩╕Å React Router Future Flag Warning: Relative route resolution within Splat routes is changing in v7. You can use the `v7_relativeSplatPath` future flag to opt-in early. For more information, see https://reactrouter.com/v6/upgrading/future#v7_relativesplatpath.

    [0m [90m 21 |[39m describe([32m'SimilarityPage'[39m[33m,[39m () [33m=>[39m {
     [90m 22 |[39m   test([32m'renders similarity heading'[39m[33m,[39m () [33m=>[39m {
    [31m[1m>[22m[39m[90m 23 |[39m     render([33m<[39m[33mSimilarityPage[39m [33m/[39m[33m>[39m[33m,[39m { wrapper })[33m;[39m
     [90m    |[39m           [31m[1m^[22m[39m
     [90m 24 |[39m     expect(screen[33m.[39mgetByText([35m/similar/i[39m))[33m.[39mtoBeInTheDocument()[33m;[39m
     [90m 25 |[39m   })[33m;[39m
     [90m 26 |[39m[0m

      at warn (node_modules/react-router/lib/deprecations.ts:9:13)
      at warnOnce (node_modules/react-router/lib/deprecations.ts:14:3)
      at Object.logDeprecation [as UNSAFE_logV6DeprecationWarnings] (node_modules/react-router/lib/deprecations.ts:37:5)
      at logV6DeprecationWarnings (node_modules/react-router-dom/index.tsx:816:25)
      at Object.react_stack_bottom_frame (node_modules/react-dom/cjs/react-dom-client.development.js:25989:20)
      at runWithFiberInDEV (node_modules/react-dom/cjs/react-dom-client.development.js:874:13)
      at commitHookEffectListMount (node_modules/react-dom/cjs/react-dom-client.development.js:13249:29)
      at commitHookPassiveMountEffects (node_modules/react-dom/cjs/react-dom-client.development.js:13336:11)
      at commitPassiveMountOnFiber (node_modules/react-dom/cjs/react-dom-client.development.js:15484:13)
      at recursivelyTraversePassiveMountEffects (node_modules/react-dom/cjs/react-dom-client.development.js:15439:11)
      at commitPassiveMountOnFiber (node_modules/react-dom/cjs/react-dom-client.development.js:15476:11)
      at recursivelyTraversePassiveMountEffects (node_modules/react-dom/cjs/react-dom-client.development.js:15439:11)
      at commitPassiveMountOnFiber (node_modules/react-dom/cjs/react-dom-client.development.js:15519:11)
      at flushPassiveEffects (node_modules/react-dom/cjs/react-dom-client.development.js:18432:9)
      at node_modules/react-dom/cjs/react-dom-client.development.js:17923:15
      at flushActQueue (node_modules/react/cjs/react.development.js:590:34)
      at Object.<anonymous>.process.env.NODE_ENV.exports.act (node_modules/react/cjs/react.development.js:884:10)
      at node_modules/@testing-library/react/dist/act-compat.js:46:25
      at renderRoot (node_modules/@testing-library/react/dist/pure.js:189:26)
      at render (node_modules/@testing-library/react/dist/pure.js:291:10)
      at Object.<anonymous> (src/pages/__tests__/SimilarityPage.test.tsx:23:11)

  console.warn
    ΓÜá∩╕Å React Router Future Flag Warning: React Router will begin wrapping state updates in `React.startTransition` in v7. You can use the `v7_startTransition` future flag to opt-in early. For more information, see https://reactrouter.com/v6/upgrading/future#v7_starttransition.

    [0m [90m 27 |[39m describe([32m'OffenderPage'[39m[33m,[39m () [33m=>[39m {
     [90m 28 |[39m   test([32m'renders search input'[39m[33m,[39m () [33m=>[39m {
    [31m[1m>[22m[39m[90m 29 |[39m     render([33m<[39m[33mOffenderPage[39m [33m/[39m[33m>[39m[33m,[39m { wrapper })[33m;[39m
     [90m    |[39m           [31m[1m^[22m[39m
     [90m 30 |[39m     expect(screen[33m.[39mgetByPlaceholderText([35m/enter accused name/i[39m))[33m.[39mtoBeInTheDocument()[33m;[39m
     [90m 31 |[39m   })[33m;[39m
     [90m 32 |[39m[0m

      at warn (node_modules/react-router/lib/deprecations.ts:9:13)
      at warnOnce (node_modules/react-router/lib/deprecations.ts:14:3)
      at Object.logDeprecation [as UNSAFE_logV6DeprecationWarnings] (node_modules/react-router/lib/deprecations.ts:26:5)
      at logV6DeprecationWarnings (node_modules/react-router-dom/index.tsx:816:25)
      at Object.react_stack_bottom_frame (node_modules/react-dom/cjs/react-dom-client.development.js:25989:20)
      at runWithFiberInDEV (node_modules/react-dom/cjs/react-dom-client.development.js:874:13)
      at commitHookEffectListMount (node_modules/react-dom/cjs/react-dom-client.development.js:13249:29)
      at commitHookPassiveMountEffects (node_modules/react-dom/cjs/react-dom-client.development.js:13336:11)
      at commitPassiveMountOnFiber (node_modules/react-dom/cjs/react-dom-client.development.js:15484:13)
      at recursivelyTraversePassiveMountEffects (node_modules/react-dom/cjs/react-dom-client.development.js:15439:11)
      at commitPassiveMountOnFiber (node_modules/react-dom/cjs/react-dom-client.development.js:15476:11)
      at recursivelyTraversePassiveMountEffects (node_modules/react-dom/cjs/react-dom-client.development.js:15439:11)
      at commitPassiveMountOnFiber (node_modules/react-dom/cjs/react-dom-client.development.js:15519:11)
      at flushPassiveEffects (node_modules/react-dom/cjs/react-dom-client.development.js:18432:9)
      at node_modules/react-dom/cjs/react-dom-client.development.js:17923:15
      at flushActQueue (node_modules/react/cjs/react.development.js:590:34)
      at Object.<anonymous>.process.env.NODE_ENV.exports.act (node_modules/react/cjs/react.development.js:884:10)
      at node_modules/@testing-library/react/dist/act-compat.js:46:25
      at renderRoot (node_modules/@testing-library/react/dist/pure.js:189:26)
      at render (node_modules/@testing-library/react/dist/pure.js:291:10)
      at Object.<anonymous> (src/pages/__tests__/OffenderPage.test.tsx:29:11)

  console.warn
    ΓÜá∩╕Å React Router Future Flag Warning: Relative route resolution within Splat routes is changing in v7. You can use the `v7_relativeSplatPath` future flag to opt-in early. For more information, see https://reactrouter.com/v6/upgrading/future#v7_relativesplatpath.

    [0m [90m 27 |[39m describe([32m'OffenderPage'[39m[33m,[39m () [33m=>[39m {
     [90m 28 |[39m   test([32m'renders search input'[39m[33m,[39m () [33m=>[39m {
    [31m[1m>[22m[39m[90m 29 |[39m     render([33m<[39m[33mOffenderPage[39m [33m/[39m[33m>[39m[33m,[39m { wrapper })[33m;[39m
     [90m    |[39m           [31m[1m^[22m[39m
     [90m 30 |[39m     expect(screen[33m.[39mgetByPlaceholderText([35m/enter accused name/i[39m))[33m.[39mtoBeInTheDocument()[33m;[39m
     [90m 31 |[39m   })[33m;[39m
     [90m 32 |[39m[0m

      at warn (node_modules/react-router/lib/deprecations.ts:9:13)
      at warnOnce (node_modules/react-router/lib/deprecations.ts:14:3)
      at Object.logDeprecation [as UNSAFE_logV6DeprecationWarnings] (node_modules/react-router/lib/deprecations.ts:37:5)
      at logV6DeprecationWarnings (node_modules/react-router-dom/index.tsx:816:25)
      at Object.react_stack_bottom_frame (node_modules/react-dom/cjs/react-dom-client.development.js:25989:20)
      at runWithFiberInDEV (node_modules/react-dom/cjs/react-dom-client.development.js:874:13)
      at commitHookEffectListMount (node_modules/react-dom/cjs/react-dom-client.development.js:13249:29)
      at commitHookPassiveMountEffects (node_modules/react-dom/cjs/react-dom-client.development.js:13336:11)
      at commitPassiveMountOnFiber (node_modules/react-dom/cjs/react-dom-client.development.js:15484:13)
      at recursivelyTraversePassiveMountEffects (node_modules/react-dom/cjs/react-dom-client.development.js:15439:11)
      at commitPassiveMountOnFiber (node_modules/react-dom/cjs/react-dom-client.development.js:15476:11)
      at recursivelyTraversePassiveMountEffects (node_modules/react-dom/cjs/react-dom-client.development.js:15439:11)
      at commitPassiveMountOnFiber (node_modules/react-dom/cjs/react-dom-client.development.js:15519:11)
      at flushPassiveEffects (node_modules/react-dom/cjs/react-dom-client.development.js:18432:9)
      at node_modules/react-dom/cjs/react-dom-client.development.js:17923:15
      at flushActQueue (node_modules/react/cjs/react.development.js:590:34)
      at Object.<anonymous>.process.env.NODE_ENV.exports.act (node_modules/react/cjs/react.development.js:884:10)
      at node_modules/@testing-library/react/dist/act-compat.js:46:25
      at renderRoot (node_modules/@testing-library/react/dist/pure.js:189:26)
      at render (node_modules/@testing-library/react/dist/pure.js:291:10)
      at Object.<anonymous> (src/pages/__tests__/OffenderPage.test.tsx:29:11)

  console.error
    Each child in a list should have a unique "key" prop.
    
    Check the render method of `AuditLogPage`. See https://react.dev/link/warning-keys for more information.

      at node_modules/react-dom/cjs/react-dom-client.development.js:26084:21
      at runWithFiberInDEV (node_modules/react-dom/cjs/react-dom-client.development.js:874:13)
      at warnForMissingKey (node_modules/react-dom/cjs/react-dom-client.development.js:26083:11)
      at warnOnInvalidKey (node_modules/react-dom/cjs/react-dom-client.development.js:6591:13)
      at reconcileChildrenArray (node_modules/react-dom/cjs/react-dom-client.development.js:6672:31)
      at reconcileChildFibersImpl (node_modules/react-dom/cjs/react-dom-client.development.js:6993:30)
      at node_modules/react-dom/cjs/react-dom-client.development.js:7098:33
      at reconcileChildren (node_modules/react-dom/cjs/react-dom-client.development.js:9701:13)
      at beginWork (node_modules/react-dom/cjs/react-dom-client.development.js:12049:13)
      at runWithFiberInDEV (node_modules/react-dom/cjs/react-dom-client.development.js:874:13)
      at performUnitOfWork (node_modules/react-dom/cjs/react-dom-client.development.js:17641:22)
      at workLoopSync (node_modules/react-dom/cjs/react-dom-client.development.js:17469:41)
      at renderRootSync (node_modules/react-dom/cjs/react-dom-client.development.js:17450:11)
      at performWorkOnRoot (node_modules/react-dom/cjs/react-dom-client.development.js:16504:11)
      at performWorkOnRootViaSchedulerTask (node_modules/react-dom/cjs/react-dom-client.development.js:18957:7)
      at performWorkUntilDeadline (node_modules/scheduler/cjs/scheduler.development.js:45:48)
      at Timeout.task [as _onTimeout] (node_modules/jsdom/lib/jsdom/browser/Window.js:520:19)

  console.warn
    ΓÜá∩╕Å React Router Future Flag Warning: React Router will begin wrapping state updates in `React.startTransition` in v7. You can use the `v7_startTransition` future flag to opt-in early. For more information, see https://reactrouter.com/v6/upgrading/future#v7_starttransition.

    [0m [90m 22 |[39m describe([32m'InboxPage'[39m[33m,[39m () [33m=>[39m {
     [90m 23 |[39m   test([32m'renders inbox heading'[39m[33m,[39m [36masync[39m () [33m=>[39m {
    [31m[1m>[22m[39m[90m 24 |[39m     render([33m<[39m[33mInboxPage[39m [33m/[39m[33m>[39m[33m,[39m { wrapper })[33m;[39m
     [90m    |[39m           [31m[1m^[22m[39m
     [90m 25 |[39m     [36mawait[39m waitFor(() [33m=>[39m expect(screen[33m.[39mgetByText([35m/inbox/i[39m))[33m.[39mtoBeInTheDocument())[33m;[39m
     [90m 26 |[39m   })[33m;[39m
     [90m 27 |[39m[0m

      at warn (node_modules/react-router/lib/deprecations.ts:9:13)
      at warnOnce (node_modules/react-router/lib/deprecations.ts:14:3)
      at Object.logDeprecation [as UNSAFE_logV6DeprecationWarnings] (node_modules/react-router/lib/deprecations.ts:26:5)
      at logV6DeprecationWarnings (node_modules/react-router-dom/index.tsx:816:25)
      at Object.react_stack_bottom_frame (node_modules/react-dom/cjs/react-dom-client.development.js:25989:20)
      at runWithFiberInDEV (node_modules/react-dom/cjs/react-dom-client.development.js:874:13)
      at commitHookEffectListMount (node_modules/react-dom/cjs/react-dom-client.development.js:13249:29)
      at commitHookPassiveMountEffects (node_modules/react-dom/cjs/react-dom-client.development.js:13336:11)
      at commitPassiveMountOnFiber (node_modules/react-dom/cjs/react-dom-client.development.js:15484:13)
      at recursivelyTraversePassiveMountEffects (node_modules/react-dom/cjs/react-dom-client.development.js:15439:11)
      at commitPassiveMountOnFiber (node_modules/react-dom/cjs/react-dom-client.development.js:15476:11)
      at recursivelyTraversePassiveMountEffects (node_modules/react-dom/cjs/react-dom-client.development.js:15439:11)
      at commitPassiveMountOnFiber (node_modules/react-dom/cjs/react-dom-client.development.js:15519:11)
      at flushPassiveEffects (node_modules/react-dom/cjs/react-dom-client.development.js:18432:9)
      at node_modules/react-dom/cjs/react-dom-client.development.js:17923:15
      at flushActQueue (node_modules/react/cjs/react.development.js:590:34)
      at Object.<anonymous>.process.env.NODE_ENV.exports.act (node_modules/react/cjs/react.development.js:884:10)
      at node_modules/@testing-library/react/dist/act-compat.js:46:25
      at renderRoot (node_modules/@testing-library/react/dist/pure.js:189:26)
      at render (node_modules/@testing-library/react/dist/pure.js:291:10)
      at src/pages/__tests__/InboxPage.test.tsx:24:11
      at step (src/pages/__tests__/InboxPage.test.tsx:33:23)
      at Object.next (src/pages/__tests__/InboxPage.test.tsx:14:53)
      at src/pages/__tests__/InboxPage.test.tsx:8:71
      at Object.<anonymous>.__awaiter (src/pages/__tests__/InboxPage.test.tsx:4:12)
      at Object.<anonymous> (src/pages/__tests__/InboxPage.test.tsx:23:33)

  console.warn
    ΓÜá∩╕Å React Router Future Flag Warning: React Router will begin wrapping state updates in `React.startTransition` in v7. You can use the `v7_startTransition` future flag to opt-in early. For more information, see https://reactrouter.com/v6/upgrading/future#v7_starttransition.

    [0m [90m 17 |[39m describe([32m'LoginPage'[39m[33m,[39m () [33m=>[39m {
     [90m 18 |[39m   test([32m'renders login form'[39m[33m,[39m () [33m=>[39m {
    [31m[1m>[22m[39m[90m 19 |[39m     render([33m<[39m[33mLoginPage[39m [33m/[39m[33m>[39m[33m,[39m { wrapper })[33m;[39m
     [90m    |[39m           [31m[1m^[22m[39m
     [90m 20 |[39m     expect(screen[33m.[39mgetByText([35m/sign in/i[39m))[33m.[39mtoBeInTheDocument()[33m;[39m
     [90m 21 |[39m   })[33m;[39m
     [90m 22 |[39m[0m

      at warn (node_modules/react-router/lib/deprecations.ts:9:13)
      at warnOnce (node_modules/react-router/lib/deprecations.ts:14:3)
      at Object.logDeprecation [as UNSAFE_logV6DeprecationWarnings] (node_modules/react-router/lib/deprecations.ts:26:5)
      at logV6DeprecationWarnings (node_modules/react-router-dom/index.tsx:816:25)
      at Object.react_stack_bottom_frame (node_modules/react-dom/cjs/react-dom-client.development.js:25989:20)
      at runWithFiberInDEV (node_modules/react-dom/cjs/react-dom-client.development.js:874:13)
      at commitHookEffectListMount (node_modules/react-dom/cjs/react-dom-client.development.js:13249:29)
      at commitHookPassiveMountEffects (node_modules/react-dom/cjs/react-dom-client.development.js:13336:11)
      at commitPassiveMountOnFiber (node_modules/react-dom/cjs/react-dom-client.development.js:15484:13)
      at recursivelyTraversePassiveMountEffects (node_modules/react-dom/cjs/react-dom-client.development.js:15439:11)
      at commitPassiveMountOnFiber (node_modules/react-dom/cjs/react-dom-client.development.js:15476:11)
      at recursivelyTraversePassiveMountEffects (node_modules/react-dom/cjs/react-dom-client.development.js:15439:11)
      at commitPassiveMountOnFiber (node_modules/react-dom/cjs/react-dom-client.development.js:15519:11)
      at flushPassiveEffects (node_modules/react-dom/cjs/react-dom-client.development.js:18432:9)
      at node_modules/react-dom/cjs/react-dom-client.development.js:17923:15
      at flushActQueue (node_modules/react/cjs/react.development.js:590:34)
      at Object.<anonymous>.process.env.NODE_ENV.exports.act (node_modules/react/cjs/react.development.js:884:10)
      at node_modules/@testing-library/react/dist/act-compat.js:46:25
      at renderRoot (node_modules/@testing-library/react/dist/pure.js:189:26)
      at render (node_modules/@testing-library/react/dist/pure.js:291:10)
      at Object.<anonymous> (src/pages/__tests__/LoginPage.test.tsx:19:11)

  console.warn
    ΓÜá∩╕Å React Router Future Flag Warning: React Router will begin wrapping state updates in `React.startTransition` in v7. You can use the `v7_startTransition` future flag to opt-in early. For more information, see https://reactrouter.com/v6/upgrading/future#v7_starttransition.

    [0m [90m 19 |[39m describe([32m'CaseRegistrationPage'[39m[33m,[39m () [33m=>[39m {
     [90m 20 |[39m   test([32m'renders registration form'[39m[33m,[39m () [33m=>[39m {
    [31m[1m>[22m[39m[90m 21 |[39m     render([33m<[39m[33mCaseRegistrationPage[39m [33m/[39m[33m>[39m[33m,[39m { wrapper })[33m;[39m
     [90m    |[39m           [31m[1m^[22m[39m
     [90m 22 |[39m     expect(screen[33m.[39mgetByText([35m/registration/i[39m))[33m.[39mtoBeInTheDocument()[33m;[39m
     [90m 23 |[39m   })[33m;[39m
     [90m 24 |[39m[0m

      at warn (node_modules/react-router/lib/deprecations.ts:9:13)
      at warnOnce (node_modules/react-router/lib/deprecations.ts:14:3)
      at Object.logDeprecation [as UNSAFE_logV6DeprecationWarnings] (node_modules/react-router/lib/deprecations.ts:26:5)
      at logV6DeprecationWarnings (node_modules/react-router-dom/index.tsx:816:25)
      at Object.react_stack_bottom_frame (node_modules/react-dom/cjs/react-dom-client.development.js:25989:20)
      at runWithFiberInDEV (node_modules/react-dom/cjs/react-dom-client.development.js:874:13)
      at commitHookEffectListMount (node_modules/react-dom/cjs/react-dom-client.development.js:13249:29)
      at commitHookPassiveMountEffects (node_modules/react-dom/cjs/react-dom-client.development.js:13336:11)
      at commitPassiveMountOnFiber (node_modules/react-dom/cjs/react-dom-client.development.js:15484:13)
      at recursivelyTraversePassiveMountEffects (node_modules/react-dom/cjs/react-dom-client.development.js:15439:11)
      at commitPassiveMountOnFiber (node_modules/react-dom/cjs/react-dom-client.development.js:15476:11)
      at recursivelyTraversePassiveMountEffects (node_modules/react-dom/cjs/react-dom-client.development.js:15439:11)
      at commitPassiveMountOnFiber (node_modules/react-dom/cjs/react-dom-client.development.js:15519:11)
      at flushPassiveEffects (node_modules/react-dom/cjs/react-dom-client.development.js:18432:9)
      at node_modules/react-dom/cjs/react-dom-client.development.js:17923:15
      at flushActQueue (node_modules/react/cjs/react.development.js:590:34)
      at Object.<anonymous>.process.env.NODE_ENV.exports.act (node_modules/react/cjs/react.development.js:884:10)
      at node_modules/@testing-library/react/dist/act-compat.js:46:25
      at renderRoot (node_modules/@testing-library/react/dist/pure.js:189:26)
      at render (node_modules/@testing-library/react/dist/pure.js:291:10)
      at Object.<anonymous> (src/pages/__tests__/CaseRegistrationPage.test.tsx:21:11)

  console.warn
    ΓÜá∩╕Å React Router Future Flag Warning: Relative route resolution within Splat routes is changing in v7. You can use the `v7_relativeSplatPath` future flag to opt-in early. For more information, see https://reactrouter.com/v6/upgrading/future#v7_relativesplatpath.

    [0m [90m 17 |[39m describe([32m'LoginPage'[39m[33m,[39m () [33m=>[39m {
     [90m 18 |[39m   test([32m'renders login form'[39m[33m,[39m () [33m=>[39m {
    [31m[1m>[22m[39m[90m 19 |[39m     render([33m<[39m[33mLoginPage[39m [33m/[39m[33m>[39m[33m,[39m { wrapper })[33m;[39m
     [90m    |[39m           [31m[1m^[22m[39m
     [90m 20 |[39m     expect(screen[33m.[39mgetByText([35m/sign in/i[39m))[33m.[39mtoBeInTheDocument()[33m;[39m
     [90m 21 |[39m   })[33m;[39m
     [90m 22 |[39m[0m

      at warn (node_modules/react-router/lib/deprecations.ts:9:13)
      at warnOnce (node_modules/react-router/lib/deprecations.ts:14:3)
      at Object.logDeprecation [as UNSAFE_logV6DeprecationWarnings] (node_modules/react-router/lib/deprecations.ts:37:5)
      at logV6DeprecationWarnings (node_modules/react-router-dom/index.tsx:816:25)
      at Object.react_stack_bottom_frame (node_modules/react-dom/cjs/react-dom-client.development.js:25989:20)
      at runWithFiberInDEV (node_modules/react-dom/cjs/react-dom-client.development.js:874:13)
      at commitHookEffectListMount (node_modules/react-dom/cjs/react-dom-client.development.js:13249:29)
      at commitHookPassiveMountEffects (node_modules/react-dom/cjs/react-dom-client.development.js:13336:11)
      at commitPassiveMountOnFiber (node_modules/react-dom/cjs/react-dom-client.development.js:15484:13)
      at recursivelyTraversePassiveMountEffects (node_modules/react-dom/cjs/react-dom-client.development.js:15439:11)
      at commitPassiveMountOnFiber (node_modules/react-dom/cjs/react-dom-client.development.js:15476:11)
      at recursivelyTraversePassiveMountEffects (node_modules/react-dom/cjs/react-dom-client.development.js:15439:11)
      at commitPassiveMountOnFiber (node_modules/react-dom/cjs/react-dom-client.development.js:15519:11)
      at flushPassiveEffects (node_modules/react-dom/cjs/react-dom-client.development.js:18432:9)
      at node_modules/react-dom/cjs/react-dom-client.development.js:17923:15
      at flushActQueue (node_modules/react/cjs/react.development.js:590:34)
      at Object.<anonymous>.process.env.NODE_ENV.exports.act (node_modules/react/cjs/react.development.js:884:10)
      at node_modules/@testing-library/react/dist/act-compat.js:46:25
      at renderRoot (node_modules/@testing-library/react/dist/pure.js:189:26)
      at render (node_modules/@testing-library/react/dist/pure.js:291:10)
      at Object.<anonymous> (src/pages/__tests__/LoginPage.test.tsx:19:11)

  console.warn
    ΓÜá∩╕Å React Router Future Flag Warning: Relative route resolution within Splat routes is changing in v7. You can use the `v7_relativeSplatPath` future flag to opt-in early. For more information, see https://reactrouter.com/v6/upgrading/future#v7_relativesplatpath.

    [0m [90m 22 |[39m describe([32m'InboxPage'[39m[33m,[39m () [33m=>[39m {
     [90m 23 |[39m   test([32m'renders inbox heading'[39m[33m,[39m [36masync[39m () [33m=>[39m {
    [31m[1m>[22m[39m[90m 24 |[39m     render([33m<[39m[33mInboxPage[39m [33m/[39m[33m>[39m[33m,[39m { wrapper })[33m;[39m
     [90m    |[39m           [31m[1m^[22m[39m
     [90m 25 |[39m     [36mawait[39m waitFor(() [33m=>[39m expect(screen[33m.[39mgetByText([35m/inbox/i[39m))[33m.[39mtoBeInTheDocument())[33m;[39m
     [90m 26 |[39m   })[33m;[39m
     [90m 27 |[39m[0m

      at warn (node_modules/react-router/lib/deprecations.ts:9:13)
      at warnOnce (node_modules/react-router/lib/deprecations.ts:14:3)
      at Object.logDeprecation [as UNSAFE_logV6DeprecationWarnings] (node_modules/react-router/lib/deprecations.ts:37:5)
      at logV6DeprecationWarnings (node_modules/react-router-dom/index.tsx:816:25)
      at Object.react_stack_bottom_frame (node_modules/react-dom/cjs/react-dom-client.development.js:25989:20)
      at runWithFiberInDEV (node_modules/react-dom/cjs/react-dom-client.development.js:874:13)
      at commitHookEffectListMount (node_modules/react-dom/cjs/react-dom-client.development.js:13249:29)
      at commitHookPassiveMountEffects (node_modules/react-dom/cjs/react-dom-client.development.js:13336:11)
      at commitPassiveMountOnFiber (node_modules/react-dom/cjs/react-dom-client.development.js:15484:13)
      at recursivelyTraversePassiveMountEffects (node_modules/react-dom/cjs/react-dom-client.development.js:15439:11)
      at commitPassiveMountOnFiber (node_modules/react-dom/cjs/react-dom-client.development.js:15476:11)
      at recursivelyTraversePassiveMountEffects (node_modules/react-dom/cjs/react-dom-client.development.js:15439:11)
      at commitPassiveMountOnFiber (node_modules/react-dom/cjs/react-dom-client.development.js:15519:11)
      at flushPassiveEffects (node_modules/react-dom/cjs/react-dom-client.development.js:18432:9)
      at node_modules/react-dom/cjs/react-dom-client.development.js:17923:15
      at flushActQueue (node_modules/react/cjs/react.development.js:590:34)
      at Object.<anonymous>.process.env.NODE_ENV.exports.act (node_modules/react/cjs/react.development.js:884:10)
      at node_modules/@testing-library/react/dist/act-compat.js:46:25
      at renderRoot (node_modules/@testing-library/react/dist/pure.js:189:26)
      at render (node_modules/@testing-library/react/dist/pure.js:291:10)
      at src/pages/__tests__/InboxPage.test.tsx:24:11
      at step (src/pages/__tests__/InboxPage.test.tsx:33:23)
      at Object.next (src/pages/__tests__/InboxPage.test.tsx:14:53)
      at src/pages/__tests__/InboxPage.test.tsx:8:71
      at Object.<anonymous>.__awaiter (src/pages/__tests__/InboxPage.test.tsx:4:12)
      at Object.<anonymous> (src/pages/__tests__/InboxPage.test.tsx:23:33)

  console.warn
    ΓÜá∩╕Å React Router Future Flag Warning: Relative route resolution within Splat routes is changing in v7. You can use the `v7_relativeSplatPath` future flag to opt-in early. For more information, see https://reactrouter.com/v6/upgrading/future#v7_relativesplatpath.

    [0m [90m 19 |[39m describe([32m'CaseRegistrationPage'[39m[33m,[39m () [33m=>[39m {
     [90m 20 |[39m   test([32m'renders registration form'[39m[33m,[39m () [33m=>[39m {
    [31m[1m>[22m[39m[90m 21 |[39m     render([33m<[39m[33mCaseRegistrationPage[39m [33m/[39m[33m>[39m[33m,[39m { wrapper })[33m;[39m
     [90m    |[39m           [31m[1m^[22m[39m
     [90m 22 |[39m     expect(screen[33m.[39mgetByText([35m/registration/i[39m))[33m.[39mtoBeInTheDocument()[33m;[39m
     [90m 23 |[39m   })[33m;[39m
     [90m 24 |[39m[0m

      at warn (node_modules/react-router/lib/deprecations.ts:9:13)
      at warnOnce (node_modules/react-router/lib/deprecations.ts:14:3)
      at Object.logDeprecation [as UNSAFE_logV6DeprecationWarnings] (node_modules/react-router/lib/deprecations.ts:37:5)
      at logV6DeprecationWarnings (node_modules/react-router-dom/index.tsx:816:25)
      at Object.react_stack_bottom_frame (node_modules/react-dom/cjs/react-dom-client.development.js:25989:20)
      at runWithFiberInDEV (node_modules/react-dom/cjs/react-dom-client.development.js:874:13)
      at commitHookEffectListMount (node_modules/react-dom/cjs/react-dom-client.development.js:13249:29)
      at commitHookPassiveMountEffects (node_modules/react-dom/cjs/react-dom-client.development.js:13336:11)
      at commitPassiveMountOnFiber (node_modules/react-dom/cjs/react-dom-client.development.js:15484:13)
      at recursivelyTraversePassiveMountEffects (node_modules/react-dom/cjs/react-dom-client.development.js:15439:11)
      at commitPassiveMountOnFiber (node_modules/react-dom/cjs/react-dom-client.development.js:15476:11)
      at recursivelyTraversePassiveMountEffects (node_modules/react-dom/cjs/react-dom-client.development.js:15439:11)
      at commitPassiveMountOnFiber (node_modules/react-dom/cjs/react-dom-client.development.js:15519:11)
      at flushPassiveEffects (node_modules/react-dom/cjs/react-dom-client.development.js:18432:9)
      at node_modules/react-dom/cjs/react-dom-client.development.js:17923:15
      at flushActQueue (node_modules/react/cjs/react.development.js:590:34)
      at Object.<anonymous>.process.env.NODE_ENV.exports.act (node_modules/react/cjs/react.development.js:884:10)
      at node_modules/@testing-library/react/dist/act-compat.js:46:25
      at renderRoot (node_modules/@testing-library/react/dist/pure.js:189:26)
      at render (node_modules/@testing-library/react/dist/pure.js:291:10)
      at Object.<anonymous> (src/pages/__tests__/CaseRegistrationPage.test.tsx:21:11)

  console.warn
    ΓÜá∩╕Å React Router Future Flag Warning: React Router will begin wrapping state updates in `React.startTransition` in v7. You can use the `v7_startTransition` future flag to opt-in early. For more information, see https://reactrouter.com/v6/upgrading/future#v7_starttransition.

    [0m [90m 21 |[39m describe([32m'CoordinationPage'[39m[33m,[39m () [33m=>[39m {
     [90m 22 |[39m   test([32m'renders coordination heading'[39m[33m,[39m () [33m=>[39m {
    [31m[1m>[22m[39m[90m 23 |[39m     render([33m<[39m[33mCoordinationPage[39m [33m/[39m[33m>[39m[33m,[39m { wrapper })[33m;[39m
     [90m    |[39m           [31m[1m^[22m[39m
     [90m 24 |[39m     expect(screen[33m.[39mgetByText([35m/coordination/i[39m))[33m.[39mtoBeInTheDocument()[33m;[39m
     [90m 25 |[39m   })[33m;[39m
     [90m 26 |[39m[0m

      at warn (node_modules/react-router/lib/deprecations.ts:9:13)
      at warnOnce (node_modules/react-router/lib/deprecations.ts:14:3)
      at Object.logDeprecation [as UNSAFE_logV6DeprecationWarnings] (node_modules/react-router/lib/deprecations.ts:26:5)
      at logV6DeprecationWarnings (node_modules/react-router-dom/index.tsx:816:25)
      at Object.react_stack_bottom_frame (node_modules/react-dom/cjs/react-dom-client.development.js:25989:20)
      at runWithFiberInDEV (node_modules/react-dom/cjs/react-dom-client.development.js:874:13)
      at commitHookEffectListMount (node_modules/react-dom/cjs/react-dom-client.development.js:13249:29)
      at commitHookPassiveMountEffects (node_modules/react-dom/cjs/react-dom-client.development.js:13336:11)
      at commitPassiveMountOnFiber (node_modules/react-dom/cjs/react-dom-client.development.js:15484:13)
      at recursivelyTraversePassiveMountEffects (node_modules/react-dom/cjs/react-dom-client.development.js:15439:11)
      at commitPassiveMountOnFiber (node_modules/react-dom/cjs/react-dom-client.development.js:15476:11)
      at recursivelyTraversePassiveMountEffects (node_modules/react-dom/cjs/react-dom-client.development.js:15439:11)
      at commitPassiveMountOnFiber (node_modules/react-dom/cjs/react-dom-client.development.js:15519:11)
      at flushPassiveEffects (node_modules/react-dom/cjs/react-dom-client.development.js:18432:9)
      at node_modules/react-dom/cjs/react-dom-client.development.js:17923:15
      at flushActQueue (node_modules/react/cjs/react.development.js:590:34)
      at Object.<anonymous>.process.env.NODE_ENV.exports.act (node_modules/react/cjs/react.development.js:884:10)
      at node_modules/@testing-library/react/dist/act-compat.js:46:25
      at renderRoot (node_modules/@testing-library/react/dist/pure.js:189:26)
      at render (node_modules/@testing-library/react/dist/pure.js:291:10)
      at Object.<anonymous> (src/pages/__tests__/CoordinationPage.test.tsx:23:11)

  console.warn
    ΓÜá∩╕Å React Router Future Flag Warning: Relative route resolution within Splat routes is changing in v7. You can use the `v7_relativeSplatPath` future flag to opt-in early. For more information, see https://reactrouter.com/v6/upgrading/future#v7_relativesplatpath.

    [0m [90m 21 |[39m describe([32m'CoordinationPage'[39m[33m,[39m () [33m=>[39m {
     [90m 22 |[39m   test([32m'renders coordination heading'[39m[33m,[39m () [33m=>[39m {
    [31m[1m>[22m[39m[90m 23 |[39m     render([33m<[39m[33mCoordinationPage[39m [33m/[39m[33m>[39m[33m,[39m { wrapper })[33m;[39m
     [90m    |[39m           [31m[1m^[22m[39m
     [90m 24 |[39m     expect(screen[33m.[39mgetByText([35m/coordination/i[39m))[33m.[39mtoBeInTheDocument()[33m;[39m
     [90m 25 |[39m   })[33m;[39m
     [90m 26 |[39m[0m

      at warn (node_modules/react-router/lib/deprecations.ts:9:13)
      at warnOnce (node_modules/react-router/lib/deprecations.ts:14:3)
      at Object.logDeprecation [as UNSAFE_logV6DeprecationWarnings] (node_modules/react-router/lib/deprecations.ts:37:5)
      at logV6DeprecationWarnings (node_modules/react-router-dom/index.tsx:816:25)
      at Object.react_stack_bottom_frame (node_modules/react-dom/cjs/react-dom-client.development.js:25989:20)
      at runWithFiberInDEV (node_modules/react-dom/cjs/react-dom-client.development.js:874:13)
      at commitHookEffectListMount (node_modules/react-dom/cjs/react-dom-client.development.js:13249:29)
      at commitHookPassiveMountEffects (node_modules/react-dom/cjs/react-dom-client.development.js:13336:11)
      at commitPassiveMountOnFiber (node_modules/react-dom/cjs/react-dom-client.development.js:15484:13)
      at recursivelyTraversePassiveMountEffects (node_modules/react-dom/cjs/react-dom-client.development.js:15439:11)
      at commitPassiveMountOnFiber (node_modules/react-dom/cjs/react-dom-client.development.js:15476:11)
      at recursivelyTraversePassiveMountEffects (node_modules/react-dom/cjs/react-dom-client.development.js:15439:11)
      at commitPassiveMountOnFiber (node_modules/react-dom/cjs/react-dom-client.development.js:15519:11)
      at flushPassiveEffects (node_modules/react-dom/cjs/react-dom-client.development.js:18432:9)
      at node_modules/react-dom/cjs/react-dom-client.development.js:17923:15
      at flushActQueue (node_modules/react/cjs/react.development.js:590:34)
      at Object.<anonymous>.process.env.NODE_ENV.exports.act (node_modules/react/cjs/react.development.js:884:10)
      at node_modules/@testing-library/react/dist/act-compat.js:46:25
      at renderRoot (node_modules/@testing-library/react/dist/pure.js:189:26)
      at render (node_modules/@testing-library/react/dist/pure.js:291:10)
      at Object.<anonymous> (src/pages/__tests__/CoordinationPage.test.tsx:23:11)

  console.error
    An update to CoordinationPage inside a test was not wrapped in act(...).
    
    When testing, code that causes React state updates should be wrapped into act(...):
    
    act(() => {
      /* fire events that update state */
    });
    /* assert on the output */
    
    This ensures that you're testing the behavior the user would see in the browser. Learn more at https://react.dev/link/wrap-tests-with-act

    [0m [90m 22 |[39m   [36mconst[39m [updating[33m,[39m setUpdating] [33m=[39m useState[33m<[39m[33mstring[39m [33m|[39m [36mnull[39m[33m>[39m([36mnull[39m)[33m;[39m
     [90m 23 |[39m
    [31m[1m>[22m[39m[90m 24 |[39m   useEffect(() [33m=>[39m { api[33m.[39mlistCoordination()[33m.[39mthen(r [33m=>[39m { setRequests(r)[33m;[39m setLoading([36mfalse[39m)[33m;[39m })[33m;[39m }[33m,[39m [])[33m;[39m
     [90m    |[39m                                                        [31m[1m^[22m[39m
     [90m 25 |[39m
     [90m 26 |[39m   [36mconst[39m handleCreate [33m=[39m [36masync[39m (e[33m:[39m [33mReact[39m[33m.[39m[33mFormEvent[39m) [33m=>[39m {
     [90m 27 |[39m     e[33m.[39mpreventDefault()[33m;[39m[0m

      at node_modules/react-dom/cjs/react-dom-client.development.js:18758:19
      at runWithFiberInDEV (node_modules/react-dom/cjs/react-dom-client.development.js:874:13)
      at warnIfUpdatesNotWrappedWithActDEV (node_modules/react-dom/cjs/react-dom-client.development.js:18757:9)
      at scheduleUpdateOnFiber (node_modules/react-dom/cjs/react-dom-client.development.js:16409:11)
      at dispatchSetStateInternal (node_modules/react-dom/cjs/react-dom-client.development.js:9170:13)
      at dispatchSetState (node_modules/react-dom/cjs/react-dom-client.development.js:9127:7)
      at src/pages/CoordinationPage.tsx:24:56

  console.error
    An update to CoordinationPage inside a test was not wrapped in act(...).
    
    When testing, code that causes React state updates should be wrapped into act(...):
    
    act(() => {
      /* fire events that update state */
    });
    /* assert on the output */
    
    This ensures that you're testing the behavior the user would see in the browser. Learn more at https://react.dev/link/wrap-tests-with-act

    [0m [90m 22 |[39m   [36mconst[39m [updating[33m,[39m setUpdating] [33m=[39m useState[33m<[39m[33mstring[39m [33m|[39m [36mnull[39m[33m>[39m([36mnull[39m)[33m;[39m
     [90m 23 |[39m
    [31m[1m>[22m[39m[90m 24 |[39m   useEffect(() [33m=>[39m { api[33m.[39mlistCoordination()[33m.[39mthen(r [33m=>[39m { setRequests(r)[33m;[39m setLoading([36mfalse[39m)[33m;[39m })[33m;[39m }[33m,[39m [])[33m;[39m
     [90m    |[39m                                                                        [31m[1m^[22m[39m
     [90m 25 |[39m
     [90m 26 |[39m   [36mconst[39m handleCreate [33m=[39m [36masync[39m (e[33m:[39m [33mReact[39m[33m.[39m[33mFormEvent[39m) [33m=>[39m {
     [90m 27 |[39m     e[33m.[39mpreventDefault()[33m;[39m[0m

      at node_modules/react-dom/cjs/react-dom-client.development.js:18758:19
      at runWithFiberInDEV (node_modules/react-dom/cjs/react-dom-client.development.js:874:13)
      at warnIfUpdatesNotWrappedWithActDEV (node_modules/react-dom/cjs/react-dom-client.development.js:18757:9)
      at scheduleUpdateOnFiber (node_modules/react-dom/cjs/react-dom-client.development.js:16409:11)
      at dispatchSetStateInternal (node_modules/react-dom/cjs/react-dom-client.development.js:9170:13)
      at dispatchSetState (node_modules/react-dom/cjs/react-dom-client.development.js:9127:7)
      at src/pages/CoordinationPage.tsx:24:72

  console.warn
    ΓÜá∩╕Å React Router Future Flag Warning: React Router will begin wrapping state updates in `React.startTransition` in v7. You can use the `v7_startTransition` future flag to opt-in early. For more information, see https://reactrouter.com/v6/upgrading/future#v7_starttransition.

    [0m [90m 24 |[39m describe([32m'ChargesheetPage'[39m[33m,[39m () [33m=>[39m {
     [90m 25 |[39m   test([32m'renders chargesheet heading'[39m[33m,[39m () [33m=>[39m {
    [31m[1m>[22m[39m[90m 26 |[39m     render([33m<[39m[33mChargesheetPage[39m [33m/[39m[33m>[39m[33m,[39m { wrapper })[33m;[39m
     [90m    |[39m           [31m[1m^[22m[39m
     [90m 27 |[39m     expect(screen[33m.[39mgetByText([35m/chargesheet/i[39m))[33m.[39mtoBeInTheDocument()[33m;[39m
     [90m 28 |[39m   })[33m;[39m
     [90m 29 |[39m[0m

      at warn (node_modules/react-router/lib/deprecations.ts:9:13)
      at warnOnce (node_modules/react-router/lib/deprecations.ts:14:3)
      at Object.logDeprecation [as UNSAFE_logV6DeprecationWarnings] (node_modules/react-router/lib/deprecations.ts:26:5)
      at logV6DeprecationWarnings (node_modules/react-router-dom/index.tsx:816:25)
      at Object.react_stack_bottom_frame (node_modules/react-dom/cjs/react-dom-client.development.js:25989:20)
      at runWithFiberInDEV (node_modules/react-dom/cjs/react-dom-client.development.js:874:13)
      at commitHookEffectListMount (node_modules/react-dom/cjs/react-dom-client.development.js:13249:29)
      at commitHookPassiveMountEffects (node_modules/react-dom/cjs/react-dom-client.development.js:13336:11)
      at commitPassiveMountOnFiber (node_modules/react-dom/cjs/react-dom-client.development.js:15484:13)
      at recursivelyTraversePassiveMountEffects (node_modules/react-dom/cjs/react-dom-client.development.js:15439:11)
      at commitPassiveMountOnFiber (node_modules/react-dom/cjs/react-dom-client.development.js:15476:11)
      at recursivelyTraversePassiveMountEffects (node_modules/react-dom/cjs/react-dom-client.development.js:15439:11)
      at commitPassiveMountOnFiber (node_modules/react-dom/cjs/react-dom-client.development.js:15519:11)
      at flushPassiveEffects (node_modules/react-dom/cjs/react-dom-client.development.js:18432:9)
      at node_modules/react-dom/cjs/react-dom-client.development.js:17923:15
      at flushActQueue (node_modules/react/cjs/react.development.js:590:34)
      at Object.<anonymous>.process.env.NODE_ENV.exports.act (node_modules/react/cjs/react.development.js:884:10)
      at node_modules/@testing-library/react/dist/act-compat.js:46:25
      at renderRoot (node_modules/@testing-library/react/dist/pure.js:189:26)
      at render (node_modules/@testing-library/react/dist/pure.js:291:10)
      at Object.<anonymous> (src/pages/__tests__/ChargesheetPage.test.tsx:26:11)

  console.warn
    ΓÜá∩╕Å React Router Future Flag Warning: Relative route resolution within Splat routes is changing in v7. You can use the `v7_relativeSplatPath` future flag to opt-in early. For more information, see https://reactrouter.com/v6/upgrading/future#v7_relativesplatpath.

    [0m [90m 24 |[39m describe([32m'ChargesheetPage'[39m[33m,[39m () [33m=>[39m {
     [90m 25 |[39m   test([32m'renders chargesheet heading'[39m[33m,[39m () [33m=>[39m {
    [31m[1m>[22m[39m[90m 26 |[39m     render([33m<[39m[33mChargesheetPage[39m [33m/[39m[33m>[39m[33m,[39m { wrapper })[33m;[39m
     [90m    |[39m           [31m[1m^[22m[39m
     [90m 27 |[39m     expect(screen[33m.[39mgetByText([35m/chargesheet/i[39m))[33m.[39mtoBeInTheDocument()[33m;[39m
     [90m 28 |[39m   })[33m;[39m
     [90m 29 |[39m[0m

      at warn (node_modules/react-router/lib/deprecations.ts:9:13)
      at warnOnce (node_modules/react-router/lib/deprecations.ts:14:3)
      at Object.logDeprecation [as UNSAFE_logV6DeprecationWarnings] (node_modules/react-router/lib/deprecations.ts:37:5)
      at logV6DeprecationWarnings (node_modules/react-router-dom/index.tsx:816:25)
      at Object.react_stack_bottom_frame (node_modules/react-dom/cjs/react-dom-client.development.js:25989:20)
      at runWithFiberInDEV (node_modules/react-dom/cjs/react-dom-client.development.js:874:13)
      at commitHookEffectListMount (node_modules/react-dom/cjs/react-dom-client.development.js:13249:29)
      at commitHookPassiveMountEffects (node_modules/react-dom/cjs/react-dom-client.development.js:13336:11)
      at commitPassiveMountOnFiber (node_modules/react-dom/cjs/react-dom-client.development.js:15484:13)
      at recursivelyTraversePassiveMountEffects (node_modules/react-dom/cjs/react-dom-client.development.js:15439:11)
      at commitPassiveMountOnFiber (node_modules/react-dom/cjs/react-dom-client.development.js:15476:11)
      at recursivelyTraversePassiveMountEffects (node_modules/react-dom/cjs/react-dom-client.development.js:15439:11)
      at commitPassiveMountOnFiber (node_modules/react-dom/cjs/react-dom-client.development.js:15519:11)
      at flushPassiveEffects (node_modules/react-dom/cjs/react-dom-client.development.js:18432:9)
      at node_modules/react-dom/cjs/react-dom-client.development.js:17923:15
      at flushActQueue (node_modules/react/cjs/react.development.js:590:34)
      at Object.<anonymous>.process.env.NODE_ENV.exports.act (node_modules/react/cjs/react.development.js:884:10)
      at node_modules/@testing-library/react/dist/act-compat.js:46:25
      at renderRoot (node_modules/@testing-library/react/dist/pure.js:189:26)
      at render (node_modules/@testing-library/react/dist/pure.js:291:10)
      at Object.<anonymous> (src/pages/__tests__/ChargesheetPage.test.tsx:26:11)

FAIL src/pages/__tests__/LoginPage.test.tsx
  LoginPage
    ΓêÜ renders login form (517 ms)
    ├ù shows error on empty submit (133 ms)
    ├ù renders theme toggle and language toggle (27 ms)

  ΓùÅ LoginPage ΓÇ║ shows error on empty submit

    TestingLibraryElementError: Unable to find an element with the text: /required/i. This could be because the text is broken up by multiple elements. In this case, you can provide a function for your text matcher to make your matcher more flexible.

    Ignored nodes: comments, script, style
    <body>
      <div>
        <div
          class="login-page"
        >
          <div
            class="login-card"
          >
            <div
              style="text-align: center; margin-bottom: 32px;"
            >
              <div>
                icon
              </div>
              <h1>
                Suraksha AI
              </h1>
              <p>
                KSP Intelligent Crime Analytics Platform
              </p>
            </div>
            <form>
              <div
                class="form-group"
              >
                <label>
                  KGID
                </label>
                <input
                  class="input"
                  placeholder="Enter your KGID"
                  required=""
                  value=""
                />
              </div>
              <div
                class="form-group"
              >
                <label>
                  Password
                </label>
                <input
                  class="input"
                  placeholder="Enter your password"
                  required=""
                  type="password"
                  value=""
                />
              </div>
              <button
                class="btn btn-primary"
                style="width: 100%; justify-content: center;"
              >
                Sign In
              </button>
            </form>
            <div
              style="text-align: center; margin-top: 24px; font-size: 12px;"
            >
              <p>
                Demo credentials: INV001 / ANL001 / SUP001
              </p>
              <p
                style="margin-top: 4px;"
              >
                Password: test
              </p>
            </div>
          </div>
        </div>
      </div>
    </body>

      24 |     render(<LoginPage />, { wrapper });
      25 |     fireEvent.click(screen.getByRole('button', { name: /sign in/i }));
    > 26 |     expect(screen.getByText(/required/i)).toBeInTheDocument();
         |                   ^
      27 |   });
      28 |
      29 |   test('renders theme toggle and language toggle', () => {

      at Object.getElementError (node_modules/@testing-library/dom/dist/config.js:37:19)
      at node_modules/@testing-library/dom/dist/query-helpers.js:76:38
      at node_modules/@testing-library/dom/dist/query-helpers.js:52:17
      at node_modules/@testing-library/dom/dist/query-helpers.js:95:19
      at Object.<anonymous> (src/pages/__tests__/LoginPage.test.tsx:26:19)

  ΓùÅ LoginPage ΓÇ║ renders theme toggle and language toggle

    expect(received).toBeGreaterThanOrEqual(expected)

    Expected: >= 2
    Received:    1

      30 |     render(<LoginPage />, { wrapper });
      31 |     const buttons = screen.getAllByRole('button');
    > 32 |     expect(buttons.length).toBeGreaterThanOrEqual(2);
         |                            ^
      33 |   });
      34 | });
      35 |

      at Object.<anonymous> (src/pages/__tests__/LoginPage.test.tsx:32:28)

  console.warn
    ΓÜá∩╕Å React Router Future Flag Warning: React Router will begin wrapping state updates in `React.startTransition` in v7. You can use the `v7_startTransition` future flag to opt-in early. For more information, see https://reactrouter.com/v6/upgrading/future#v7_starttransition.

    [0m [90m 21 |[39m describe([32m'AnalyticsPage'[39m[33m,[39m () [33m=>[39m {
     [90m 22 |[39m   test([32m'renders analysis heading'[39m[33m,[39m () [33m=>[39m {
    [31m[1m>[22m[39m[90m 23 |[39m     render([33m<[39m[33mAnalyticsPage[39m [33m/[39m[33m>[39m[33m,[39m { wrapper })[33m;[39m
     [90m    |[39m           [31m[1m^[22m[39m
     [90m 24 |[39m     expect(screen[33m.[39mgetByText([35m/analytics/i[39m))[33m.[39mtoBeInTheDocument()[33m;[39m
     [90m 25 |[39m   })[33m;[39m
     [90m 26 |[39m[0m

      at warn (node_modules/react-router/lib/deprecations.ts:9:13)
      at warnOnce (node_modules/react-router/lib/deprecations.ts:14:3)
      at Object.logDeprecation [as UNSAFE_logV6DeprecationWarnings] (node_modules/react-router/lib/deprecations.ts:26:5)
      at logV6DeprecationWarnings (node_modules/react-router-dom/index.tsx:816:25)
      at Object.react_stack_bottom_frame (node_modules/react-dom/cjs/react-dom-client.development.js:25989:20)
      at runWithFiberInDEV (node_modules/react-dom/cjs/react-dom-client.development.js:874:13)
      at commitHookEffectListMount (node_modules/react-dom/cjs/react-dom-client.development.js:13249:29)
      at commitHookPassiveMountEffects (node_modules/react-dom/cjs/react-dom-client.development.js:13336:11)
      at commitPassiveMountOnFiber (node_modules/react-dom/cjs/react-dom-client.development.js:15484:13)
      at recursivelyTraversePassiveMountEffects (node_modules/react-dom/cjs/react-dom-client.development.js:15439:11)
      at commitPassiveMountOnFiber (node_modules/react-dom/cjs/react-dom-client.development.js:15476:11)
      at recursivelyTraversePassiveMountEffects (node_modules/react-dom/cjs/react-dom-client.development.js:15439:11)
      at commitPassiveMountOnFiber (node_modules/react-dom/cjs/react-dom-client.development.js:15519:11)
      at flushPassiveEffects (node_modules/react-dom/cjs/react-dom-client.development.js:18432:9)
      at node_modules/react-dom/cjs/react-dom-client.development.js:17923:15
      at flushActQueue (node_modules/react/cjs/react.development.js:590:34)
      at Object.<anonymous>.process.env.NODE_ENV.exports.act (node_modules/react/cjs/react.development.js:884:10)
      at node_modules/@testing-library/react/dist/act-compat.js:46:25
      at renderRoot (node_modules/@testing-library/react/dist/pure.js:189:26)
      at render (node_modules/@testing-library/react/dist/pure.js:291:10)
      at Object.<anonymous> (src/pages/__tests__/AnalyticsPage.test.tsx:23:11)

  console.warn
    ΓÜá∩╕Å React Router Future Flag Warning: Relative route resolution within Splat routes is changing in v7. You can use the `v7_relativeSplatPath` future flag to opt-in early. For more information, see https://reactrouter.com/v6/upgrading/future#v7_relativesplatpath.

    [0m [90m 21 |[39m describe([32m'AnalyticsPage'[39m[33m,[39m () [33m=>[39m {
     [90m 22 |[39m   test([32m'renders analysis heading'[39m[33m,[39m () [33m=>[39m {
    [31m[1m>[22m[39m[90m 23 |[39m     render([33m<[39m[33mAnalyticsPage[39m [33m/[39m[33m>[39m[33m,[39m { wrapper })[33m;[39m
     [90m    |[39m           [31m[1m^[22m[39m
     [90m 24 |[39m     expect(screen[33m.[39mgetByText([35m/analytics/i[39m))[33m.[39mtoBeInTheDocument()[33m;[39m
     [90m 25 |[39m   })[33m;[39m
     [90m 26 |[39m[0m

      at warn (node_modules/react-router/lib/deprecations.ts:9:13)
      at warnOnce (node_modules/react-router/lib/deprecations.ts:14:3)
      at Object.logDeprecation [as UNSAFE_logV6DeprecationWarnings] (node_modules/react-router/lib/deprecations.ts:37:5)
      at logV6DeprecationWarnings (node_modules/react-router-dom/index.tsx:816:25)
      at Object.react_stack_bottom_frame (node_modules/react-dom/cjs/react-dom-client.development.js:25989:20)
      at runWithFiberInDEV (node_modules/react-dom/cjs/react-dom-client.development.js:874:13)
      at commitHookEffectListMount (node_modules/react-dom/cjs/react-dom-client.development.js:13249:29)
      at commitHookPassiveMountEffects (node_modules/react-dom/cjs/react-dom-client.development.js:13336:11)
      at commitPassiveMountOnFiber (node_modules/react-dom/cjs/react-dom-client.development.js:15484:13)
      at recursivelyTraversePassiveMountEffects (node_modules/react-dom/cjs/react-dom-client.development.js:15439:11)
      at commitPassiveMountOnFiber (node_modules/react-dom/cjs/react-dom-client.development.js:15476:11)
      at recursivelyTraversePassiveMountEffects (node_modules/react-dom/cjs/react-dom-client.development.js:15439:11)
      at commitPassiveMountOnFiber (node_modules/react-dom/cjs/react-dom-client.development.js:15519:11)
      at flushPassiveEffects (node_modules/react-dom/cjs/react-dom-client.development.js:18432:9)
      at node_modules/react-dom/cjs/react-dom-client.development.js:17923:15
      at flushActQueue (node_modules/react/cjs/react.development.js:590:34)
      at Object.<anonymous>.process.env.NODE_ENV.exports.act (node_modules/react/cjs/react.development.js:884:10)
      at node_modules/@testing-library/react/dist/act-compat.js:46:25
      at renderRoot (node_modules/@testing-library/react/dist/pure.js:189:26)
      at render (node_modules/@testing-library/react/dist/pure.js:291:10)
      at Object.<anonymous> (src/pages/__tests__/AnalyticsPage.test.tsx:23:11)

FAIL src/pages/__tests__/ChargesheetPage.test.tsx
  ChargesheetPage
    ├ù renders chargesheet heading (560 ms)
    ├ù renders case input (59 ms)
    ΓêÜ renders generate button (45 ms)

  ΓùÅ ChargesheetPage ΓÇ║ renders chargesheet heading

    TestingLibraryElementError: Found multiple elements with the text: /chargesheet/i

    Here are the matching elements:

    Ignored nodes: comments, script, style
    <h1>
      Chargesheet Preparation
    </h1>

    Ignored nodes: comments, script, style
    <p>
      Draft, review, and file chargesheet with linked evidence and legal sections
    </p>

    Ignored nodes: comments, script, style
    <option
      value="A: Chargesheet"
    >
      A: Chargesheet
    </option>

    Ignored nodes: comments, script, style
    <label>
      Chargesheet Date
    </label>

    Ignored nodes: comments, script, style
    <label
      class="flex items-center gap-2"
      style="cursor: pointer;"
    >
      <input
        checked=""
        name="recommendation"
        type="radio"
        value="chargesheet"
      />
      Chargesheet
    </label>

    Ignored nodes: comments, script, style
    <h2
      style="font-size: 24px; margin-bottom: 16px;"
    >
      CHARGESHEET
    </h2>

    Ignored nodes: comments, script, style
    <p>
      chargesheet
    </p>

    Ignored nodes: comments, script, style
    <span
      class="flex items-center gap-2"
    >
      <div>
        icon
      </div>
       
      ChargesheetAI
    </span>

    Ignored nodes: comments, script, style
    <div
      style="margin-bottom: 12px; padding: 12px; border-radius: 8px; font-size: 13px; min-height: 40px;"
    >
      I am ChargesheetAI. I can help you draft and review chargesheets.
    </div>

    Ignored nodes: comments, script, style
    <button
      class="btn btn-ghost btn-sm"
      style="justify-content: flex-start;"
    >
      Similar chargesheet language?
    </button>

    (If this is intentional, then use the `*AllBy*` variant of the query (like `queryAllByText`, `getAllByText`, or `findAllByText`)).

    Ignored nodes: comments, script, style
    <body>
      <div>
        <div
          style="display: flex; gap: 24px;"
        >
          <div
            style="flex: 1;"
          >
            <div
              class="page-header"
            >
              <h1>
                Chargesheet Preparation
              </h1>
              <p>
                Draft, review, and file chargesheet with linked evidence and legal sections
              </p>
            </div>
            <form>
              <div
                class="card"
                style="margin-bottom: 16px;"
              >
                <div
                  class="card-header"
                >
                  <h3>
                    Case Information
                  </h3>
                </div>
                <div
                  class="grid-3"
                >
                  <div
                    class="form-group"
                  >
                    <label>
                      Crime No
                    </label>
                    <input
                      class="input"
                      value="104430006202600001"
                    />
                  </div>
                  <div
                    class="form-group"
                  >
                    <label>
                      Charge Type
                    </label>
                    <select
                      class="input"
                      required=""
                    >
                      <option
                        value=""
                      >
                        -- 
                        Select
                         --
                      </option>
                      <option
                        value="A: Chargesheet"
                      >
                        A: Chargesheet
                      </option>
                      <option
                        value="B: False Case"
                      >
                        B: False Case
                      </option>
                      <option
                        value="C: Undetected"
                      >
                        C: Undetected
                      </option>
                    </select>
                  </div>
                  <div
                    class="form-group"
                  >
                    <label>
                      Chargesheet Date
                    </label>
                    <input
                      class="input"
                      type="date"
                      value="2026-07-17"
                    />
                  </div>
                </div>
              </div>
              <div
                class="card"
                style="margin-bottom: 16px;"
              >
                <div
                  class="card-header"
                >
                  <h3>
                    Case Summary & Findings
                  </h3>
                </div>
                <div
                  class="form-group"
                >
                  <label>
                    Case Summary
                  </label>
                  <textarea
                    class="input"
                    style="min-height: 100px; resize: vertical;"
                  />
                </div>
                <div
                  class="form-group"
                >
                  <label>
                    Findings
                  </label>
                  <textarea
                    class="input"
                    style="min-height: 120px; resize: vertical;"
                  />
                </div>
              </div>
              <div
                class="card"
                style="margin-bottom: 16px;"
              >
                <div
                  class="card-header flex justify-between items-center"
                >
                  <h3>
                    Evidence Inventory
                  </h3>
                  <button
                    class="btn btn-secondary btn-sm"
                    type="button"
                  >
                    <div>
                      icon
                    </div>
                     
                    Add Evidence
                  </button>
                </div>
                <div
                  class="table-container"
                >
                  <table>
                    <thead>
                      <tr>
                        <th>
                          Description
                        </th>
                        <th>
                          Type
                        </th>
                        <th>
                          Date
                        </th>
                        <th>
                          Handler
                        </th>
                        <th>
                          Status
                        </th>
                        <th />
                      </tr>
                    </thead>
                    <tbody>
                      <tr>
                        <td
                          class="text-center text-muted"
                          colspan="6"
                          style="padding: 24px;"
                        >
                          No evidence added. Click "Add Evidence" to begin.
                        </td>
                      </tr>
                    </tbody>
                  </table>
                </div>
              </div>
              <div
                class="card"
                style="margin-bottom: 16px;"
              >
                <div
                  class="card-header flex justify-between items-center"
                >
                  <h3>
                    Accused & Charges
                  </h3>
                  <button
                    class="btn btn-secondary btn-sm"
                    type="button"
                  >
                    <div>
                      icon
                    </div>
                     
                    Add Accused
                  </button>
                </div>
                <p
                  class="text-muted text-sm"
                >
                  No accused added.
                </p>
              </div>
              <div
                class="card"
                style="margin-bottom: 16px;"
              >
                <div
                  class="card-header"
                >
                  <h3>
                    Legal Opinion & Recommendation
                  </h3>
                </div>
                <div
                  class="form-group"
                >
                  <label>
                    Legal Opinion
                  </label>
                  <textarea
                    class="input"
                    style="min-height: 100px; resize: vertical;"
                  />
                </div>
                <div
                  class="form-group"
                >
                  <label>
                    Recommendation
                  </label>
                  <div
                    style="display: flex; gap: 16px;"
                  >
                    <label
                      class="flex items-center gap-2"
                      style="cursor: pointer;"
                    >
                      <input
                        checked=""
                        name="recommendation"
                        type="radio"
                        value="chargesheet"
                      />
                      Chargesheet
                    </label>
                    <label
                      class="flex items-center gap-2"
                      style="cursor: pointer;"
                    >
                      <input
                        name="recommendation"
                        type="radio"
                        value="false_case"
                      />
                      False Case
                    </label>
                    <label
                      class="flex items-center gap-2"
                      style="cursor: pointer;"
                    >
                      <input
                        name="recommendation"
                        type="radio"
                        value="undetected"
                      />
                      Undetected
                    </label>
                  </div>
                </div>
              </div>
              <div
                class="card"
                style="margin-bottom: 24px;"
              >
                <div
                  class="card-header"
                >
                  <h3>
                    Approval
                  </h3>
                </div>
                <div
                  class="grid-2"
                >
                  <div
                    class="form-group"
                  >
                    <label>
                      Approver (SHO/Designated Officer)
                    </label>
                    <input
                      class="input"
                      value=""
                    />
                  </div>
                  <div
                    class="form-group"
                  >
                    <label>
                      Date
                    </label>
                    <input
                      class="input"
                      type="date"
                      value="2026-07-17"
                    />
                  </div>
                </div>
                <div
                  class="flex gap-4"
                  style="justify-content: flex-end; margin-top: 16px;"
                >
                  <button
                    class="btn btn-secondary"
                    type="button"
                  >
                    <div>
                      icon
                    </div>
                     
                    Preview PDF
                  </button>
                  <button
                    class="btn btn-primary"
                    type="submit"
                  >
                    <div>
                      icon
                    </div>
                     
                    Submit for Approval
                  </button>
                </div>
              </div>
            </form>
            <div
              style="position: absolute; left: -9999px; top: 0px; width: 800px; padding: 40px; background: rgb(255, 255, 255); color: rgb(0, 0, 0); font-family: Inter, sans-serif;"
            >
              <h2
                style="font-size: 24px; margin-bottom: 16px;"
              >
                CHARGESHEET
              </h2>
              <p>
                <strong>
                  Crime No
                  :
                </strong>
                 
                104430006202600001
              </p>
              <p>
                <strong>
                  Charge Type
                  :
                </strong>
                 
              </p>
              <p>
                <strong>
                  Date
                  :
                </strong>
                 
                2026-07-17
              </p>
              <hr
                style="margin: 16px 0px;"
              />
              <h3>
                Case Summary
              </h3>
              <p>
                (No summary provided)
              </p>
              <h3>
                Findings
              </h3>
              <p>
                (No findings provided)
              </p>
              <h3>
                Recommendation
              </h3>
              <p>
                chargesheet
              </p>
              <p
                style="margin-top: 32px; font-size: 11px; color: rgb(102, 102, 102);"
              >
                Generated by Suraksha AI
              </p>
            </div>
          </div>
          <div
            style="width: 280px; flex-shrink: 0;"
          >
            <div
              class="card"
              style="position: sticky; top: 32px;"
            >
              <div
                class="card-header flex justify-between items-center"
              >
                <span
                  class="flex items-center gap-2"
                >
                  <div>
                    icon
                  </div>
                   
                  ChargesheetAI
                </span>
                <button
                  class="btn btn-ghost btn-icon"
                >
                  <div>
                    icon
                  </div>
                </button>
              </div>
              <div
                style="font-size: 14px;"
              >
                <div
                  style="margin-bottom: 12px; padding: 12px; border-radius: 8px; font-size: 13px; min-height: 40px;"
                >
                  I am ChargesheetAI. I can help you draft and review chargesheets.
                </div>
                <div
                  style="display: flex; flex-direction: column; gap: 8px;"
                >
                  <button
                    class="btn btn-ghost btn-sm"
                    style="justify-content: flex-start;"
                  >
                    Review evidence completeness
                  </button>
                  <button
                    class="btn btn-ghost btn-sm"
                    style="justify-content: flex-start;"
                  >
                    Check legal sections for consistency
                  </button>
                  <button
                    class="btn btn-ghost btn-sm"
                    style="justify-content: flex-start;"
                  >
                    Similar chargesheet language?
                  </button>
                </div>
              </div>
            </div>
          </div>
        </div>
      </div>
    </body>

      25 |   test('renders chargesheet heading', () => {
      26 |     render(<ChargesheetPage />, { wrapper });
    > 27 |     expect(screen.getByText(/chargesheet/i)).toBeInTheDocument();
         |                   ^
      28 |   });
      29 |
      30 |   test('renders case input', () => {

      at Object.getElementError (node_modules/@testing-library/dom/dist/config.js:37:19)
      at getElementError (node_modules/@testing-library/dom/dist/query-helpers.js:20:35)
      at getMultipleElementsFoundError (node_modules/@testing-library/dom/dist/query-helpers.js:23:10)
      at node_modules/@testing-library/dom/dist/query-helpers.js:55:13
      at node_modules/@testing-library/dom/dist/query-helpers.js:95:19
      at Object.<anonymous> (src/pages/__tests__/ChargesheetPage.test.tsx:27:19)

  ΓùÅ ChargesheetPage ΓÇ║ renders case input

    TestingLibraryElementError: Found multiple elements with the text: /case/i

    Here are the matching elements:

    Ignored nodes: comments, script, style
    <h3>
      Case Information
    </h3>

    Ignored nodes: comments, script, style
    <option
      value="B: False Case"
    >
      B: False Case
    </option>

    Ignored nodes: comments, script, style
    <h3>
      Case Summary & Findings
    </h3>

    Ignored nodes: comments, script, style
    <label>
      Case Summary
    </label>

    Ignored nodes: comments, script, style
    <label
      class="flex items-center gap-2"
      style="cursor: pointer;"
    >
      <input
        name="recommendation"
        type="radio"
        value="false_case"
      />
      False Case
    </label>

    Ignored nodes: comments, script, style
    <h3>
      Case Summary
    </h3>

    (If this is intentional, then use the `*AllBy*` variant of the query (like `queryAllByText`, `getAllByText`, or `findAllByText`)).

    Ignored nodes: comments, script, style
    <body>
      <div>
        <div
          style="display: flex; gap: 24px;"
        >
          <div
            style="flex: 1;"
          >
            <div
              class="page-header"
            >
              <h1>
                Chargesheet Preparation
              </h1>
              <p>
                Draft, review, and file chargesheet with linked evidence and legal sections
              </p>
            </div>
            <form>
              <div
                class="card"
                style="margin-bottom: 16px;"
              >
                <div
                  class="card-header"
                >
                  <h3>
                    Case Information
                  </h3>
                </div>
                <div
                  class="grid-3"
                >
                  <div
                    class="form-group"
                  >
                    <label>
                      Crime No
                    </label>
                    <input
                      class="input"
                      value="104430006202600001"
                    />
                  </div>
                  <div
                    class="form-group"
                  >
                    <label>
                      Charge Type
                    </label>
                    <select
                      class="input"
                      required=""
                    >
                      <option
                        value=""
                      >
                        -- 
                        Select
                         --
                      </option>
                      <option
                        value="A: Chargesheet"
                      >
                        A: Chargesheet
                      </option>
                      <option
                        value="B: False Case"
                      >
                        B: False Case
                      </option>
                      <option
                        value="C: Undetected"
                      >
                        C: Undetected
                      </option>
                    </select>
                  </div>
                  <div
                    class="form-group"
                  >
                    <label>
                      Chargesheet Date
                    </label>
                    <input
                      class="input"
                      type="date"
                      value="2026-07-17"
                    />
                  </div>
                </div>
              </div>
              <div
                class="card"
                style="margin-bottom: 16px;"
              >
                <div
                  class="card-header"
                >
                  <h3>
                    Case Summary & Findings
                  </h3>
                </div>
                <div
                  class="form-group"
                >
                  <label>
                    Case Summary
                  </label>
                  <textarea
                    class="input"
                    style="min-height: 100px; resize: vertical;"
                  />
                </div>
                <div
                  class="form-group"
                >
                  <label>
                    Findings
                  </label>
                  <textarea
                    class="input"
                    style="min-height: 120px; resize: vertical;"
                  />
                </div>
              </div>
              <div
                class="card"
                style="margin-bottom: 16px;"
              >
                <div
                  class="card-header flex justify-between items-center"
                >
                  <h3>
                    Evidence Inventory
                  </h3>
                  <button
                    class="btn btn-secondary btn-sm"
                    type="button"
                  >
                    <div>
                      icon
                    </div>
                     
                    Add Evidence
                  </button>
                </div>
                <div
                  class="table-container"
                >
                  <table>
                    <thead>
                      <tr>
                        <th>
                          Description
                        </th>
                        <th>
                          Type
                        </th>
                        <th>
                          Date
                        </th>
                        <th>
                          Handler
                        </th>
                        <th>
                          Status
                        </th>
                        <th />
                      </tr>
                    </thead>
                    <tbody>
                      <tr>
                        <td
                          class="text-center text-muted"
                          colspan="6"
                          style="padding: 24px;"
                        >
                          No evidence added. Click "Add Evidence" to begin.
                        </td>
                      </tr>
                    </tbody>
                  </table>
                </div>
              </div>
              <div
                class="card"
                style="margin-bottom: 16px;"
              >
                <div
                  class="card-header flex justify-between items-center"
                >
                  <h3>
                    Accused & Charges
                  </h3>
                  <button
                    class="btn btn-secondary btn-sm"
                    type="button"
                  >
                    <div>
                      icon
                    </div>
                     
                    Add Accused
                  </button>
                </div>
                <p
                  class="text-muted text-sm"
                >
                  No accused added.
                </p>
              </div>
              <div
                class="card"
                style="margin-bottom: 16px;"
              >
                <div
                  class="card-header"
                >
                  <h3>
                    Legal Opinion & Recommendation
                  </h3>
                </div>
                <div
                  class="form-group"
                >
                  <label>
                    Legal Opinion
                  </label>
                  <textarea
                    class="input"
                    style="min-height: 100px; resize: vertical;"
                  />
                </div>
                <div
                  class="form-group"
                >
                  <label>
                    Recommendation
                  </label>
                  <div
                    style="display: flex; gap: 16px;"
                  >
                    <label
                      class="flex items-center gap-2"
                      style="cursor: pointer;"
                    >
                      <input
                        checked=""
                        name="recommendation"
                        type="radio"
                        value="chargesheet"
                      />
                      Chargesheet
                    </label>
                    <label
                      class="flex items-center gap-2"
                      style="cursor: pointer;"
                    >
                      <input
                        name="recommendation"
                        type="radio"
                        value="false_case"
                      />
                      False Case
                    </label>
                    <label
                      class="flex items-center gap-2"
                      style="cursor: pointer;"
                    >
                      <input
                        name="recommendation"
                        type="radio"
                        value="undetected"
                      />
                      Undetected
                    </label>
                  </div>
                </div>
              </div>
              <div
                class="card"
                style="margin-bottom: 24px;"
              >
                <div
                  class="card-header"
                >
                  <h3>
                    Approval
                  </h3>
                </div>
                <div
                  class="grid-2"
                >
                  <div
                    class="form-group"
                  >
                    <label>
                      Approver (SHO/Designated Officer)
                    </label>
                    <input
                      class="input"
                      value=""
                    />
                  </div>
                  <div
                    class="form-group"
                  >
                    <label>
                      Date
                    </label>
                    <input
                      class="input"
                      type="date"
                      value="2026-07-17"
                    />
                  </div>
                </div>
                <div
                  class="flex gap-4"
                  style="justify-content: flex-end; margin-top: 16px;"
                >
                  <button
                    class="btn btn-secondary"
                    type="button"
                  >
                    <div>
                      icon
                    </div>
                     
                    Preview PDF
                  </button>
                  <button
                    class="btn btn-primary"
                    type="submit"
                  >
                    <div>
                      icon
                    </div>
                     
                    Submit for Approval
                  </button>
                </div>
              </div>
            </form>
            <div
              style="position: absolute; left: -9999px; top: 0px; width: 800px; padding: 40px; background: rgb(255, 255, 255); color: rgb(0, 0, 0); font-family: Inter, sans-serif;"
            >
              <h2
                style="font-size: 24px; margin-bottom: 16px;"
              >
                CHARGESHEET
              </h2>
              <p>
                <strong>
                  Crime No
                  :
                </strong>
                 
                104430006202600001
              </p>
              <p>
                <strong>
                  Charge Type
                  :
                </strong>
                 
              </p>
              <p>
                <strong>
                  Date
                  :
                </strong>
                 
                2026-07-17
              </p>
              <hr
                style="margin: 16px 0px;"
              />
              <h3>
                Case Summary
              </h3>
              <p>
                (No summary provided)
              </p>
              <h3>
                Findings
              </h3>
              <p>
                (No findings provided)
              </p>
              <h3>
                Recommendation
              </h3>
              <p>
                chargesheet
              </p>
              <p
                style="margin-top: 32px; font-size: 11px; color: rgb(102, 102, 102);"
              >
                Generated by Suraksha AI
              </p>
            </div>
          </div>
          <div
            style="width: 280px; flex-shrink: 0;"
          >
            <div
              class="card"
              style="position: sticky; top: 32px;"
            >
              <div
                class="card-header flex justify-between items-center"
              >
                <span
                  class="flex items-center gap-2"
                >
                  <div>
                    icon
                  </div>
                   
                  ChargesheetAI
                </span>
                <button
                  class="btn btn-ghost btn-icon"
                >
                  <div>
                    icon
                  </div>
                </button>
              </div>
              <div
                style="font-size: 14px;"
              >
                <div
                  style="margin-bottom: 12px; padding: 12px; border-radius: 8px; font-size: 13px; min-height: 40px;"
                >
                  I am ChargesheetAI. I can help you draft and review chargesheets.
                </div>
                <div
                  style="display: flex; flex-direction: column; gap: 8px;"
                >
                  <button
                    class="btn btn-ghost btn-sm"
                    style="justify-content: flex-start;"
                  >
                    Review evidence completeness
                  </button>
                  <button
                    class="btn btn-ghost btn-sm"
                    style="justify-content: flex-start;"
                  >
                    Check legal sections for consistency
                  </button>
                  <button
                    class="btn btn-ghost btn-sm"
                    style="justify-content: flex-start;"
                  >
                    Similar chargesheet language?
                  </button>
                </div>
              </div>
            </div>
          </div>
        </div>
      </div>
    </body>

      30 |   test('renders case input', () => {
      31 |     render(<ChargesheetPage />, { wrapper });
    > 32 |     expect(screen.getByText(/case/i)).toBeInTheDocument();
         |                   ^
      33 |   });
      34 |
      35 |   test('renders generate button', () => {

      at Object.getElementError (node_modules/@testing-library/dom/dist/config.js:37:19)
      at getElementError (node_modules/@testing-library/dom/dist/query-helpers.js:20:35)
      at getMultipleElementsFoundError (node_modules/@testing-library/dom/dist/query-helpers.js:23:10)
      at node_modules/@testing-library/dom/dist/query-helpers.js:55:13
      at node_modules/@testing-library/dom/dist/query-helpers.js:95:19
      at Object.<anonymous> (src/pages/__tests__/ChargesheetPage.test.tsx:32:19)

FAIL src/pages/__tests__/AnalyticsPage.test.tsx
  AnalyticsPage
    ├ù renders analysis heading (419 ms)
    ├ù renders crime type filter (15 ms)
    ├ù renders bottom navigation (15 ms)

  ΓùÅ AnalyticsPage ΓÇ║ renders analysis heading

    TypeError: api_1.api.getHotspots is not a function

      22 |
      23 |   useEffect(() => {
    > 24 |     Promise.all([api.getTrends(), api.getHotspots()]).then(([t, h]) => {
         |                                       ^
      25 |       setTrends(t); setHotspots(h); setLoading(false);
      26 |     });
      27 |   }, []);

      at src/pages/AnalyticsPage.tsx:24:39
      at Object.react_stack_bottom_frame (node_modules/react-dom/cjs/react-dom-client.development.js:25989:20)
      at runWithFiberInDEV (node_modules/react-dom/cjs/react-dom-client.development.js:874:13)
      at commitHookEffectListMount (node_modules/react-dom/cjs/react-dom-client.development.js:13249:29)
      at commitHookPassiveMountEffects (node_modules/react-dom/cjs/react-dom-client.development.js:13336:11)
      at commitPassiveMountOnFiber (node_modules/react-dom/cjs/react-dom-client.development.js:15484:13)
      at recursivelyTraversePassiveMountEffects (node_modules/react-dom/cjs/react-dom-client.development.js:15439:11)
      at commitPassiveMountOnFiber (node_modules/react-dom/cjs/react-dom-client.development.js:15718:11)
      at recursivelyTraversePassiveMountEffects (node_modules/react-dom/cjs/react-dom-client.development.js:15439:11)
      at commitPassiveMountOnFiber (node_modules/react-dom/cjs/react-dom-client.development.js:15476:11)
      at recursivelyTraversePassiveMountEffects (node_modules/react-dom/cjs/react-dom-client.development.js:15439:11)
      at commitPassiveMountOnFiber (node_modules/react-dom/cjs/react-dom-client.development.js:15718:11)
      at recursivelyTraversePassiveMountEffects (node_modules/react-dom/cjs/react-dom-client.development.js:15439:11)
      at commitPassiveMountOnFiber (node_modules/react-dom/cjs/react-dom-client.development.js:15476:11)
      at recursivelyTraversePassiveMountEffects (node_modules/react-dom/cjs/react-dom-client.development.js:15439:11)
      at commitPassiveMountOnFiber (node_modules/react-dom/cjs/react-dom-client.development.js:15718:11)
      at recursivelyTraversePassiveMountEffects (node_modules/react-dom/cjs/react-dom-client.development.js:15439:11)
      at commitPassiveMountOnFiber (node_modules/react-dom/cjs/react-dom-client.development.js:15718:11)
      at recursivelyTraversePassiveMountEffects (node_modules/react-dom/cjs/react-dom-client.development.js:15439:11)
      at commitPassiveMountOnFiber (node_modules/react-dom/cjs/react-dom-client.development.js:15476:11)
      at recursivelyTraversePassiveMountEffects (node_modules/react-dom/cjs/react-dom-client.development.js:15439:11)
      at commitPassiveMountOnFiber (node_modules/react-dom/cjs/react-dom-client.development.js:15476:11)
      at recursivelyTraversePassiveMountEffects (node_modules/react-dom/cjs/react-dom-client.development.js:15439:11)
      at commitPassiveMountOnFiber (node_modules/react-dom/cjs/react-dom-client.development.js:15476:11)
      at recursivelyTraversePassiveMountEffects (node_modules/react-dom/cjs/react-dom-client.development.js:15439:11)
      at commitPassiveMountOnFiber (node_modules/react-dom/cjs/react-dom-client.development.js:15519:11)
      at flushPassiveEffects (node_modules/react-dom/cjs/react-dom-client.development.js:18432:9)
      at node_modules/react-dom/cjs/react-dom-client.development.js:17923:15
      at flushActQueue (node_modules/react/cjs/react.development.js:590:34)
      at Object.<anonymous>.process.env.NODE_ENV.exports.act (node_modules/react/cjs/react.development.js:884:10)
      at node_modules/@testing-library/react/dist/act-compat.js:46:25
      at renderRoot (node_modules/@testing-library/react/dist/pure.js:189:26)
      at render (node_modules/@testing-library/react/dist/pure.js:291:10)
      at Object.<anonymous> (src/pages/__tests__/AnalyticsPage.test.tsx:23:11)

  ΓùÅ AnalyticsPage ΓÇ║ renders crime type filter

    TypeError: api_1.api.getHotspots is not a function

      22 |
      23 |   useEffect(() => {
    > 24 |     Promise.all([api.getTrends(), api.getHotspots()]).then(([t, h]) => {
         |                                       ^
      25 |       setTrends(t); setHotspots(h); setLoading(false);
      26 |     });
      27 |   }, []);

      at src/pages/AnalyticsPage.tsx:24:39
      at Object.react_stack_bottom_frame (node_modules/react-dom/cjs/react-dom-client.development.js:25989:20)
      at runWithFiberInDEV (node_modules/react-dom/cjs/react-dom-client.development.js:874:13)
      at commitHookEffectListMount (node_modules/react-dom/cjs/react-dom-client.development.js:13249:29)
      at commitHookPassiveMountEffects (node_modules/react-dom/cjs/react-dom-client.development.js:13336:11)
      at commitPassiveMountOnFiber (node_modules/react-dom/cjs/react-dom-client.development.js:15484:13)
      at recursivelyTraversePassiveMountEffects (node_modules/react-dom/cjs/react-dom-client.development.js:15439:11)
      at commitPassiveMountOnFiber (node_modules/react-dom/cjs/react-dom-client.development.js:15718:11)
      at recursivelyTraversePassiveMountEffects (node_modules/react-dom/cjs/react-dom-client.development.js:15439:11)
      at commitPassiveMountOnFiber (node_modules/react-dom/cjs/react-dom-client.development.js:15476:11)
      at recursivelyTraversePassiveMountEffects (node_modules/react-dom/cjs/react-dom-client.development.js:15439:11)
      at commitPassiveMountOnFiber (node_modules/react-dom/cjs/react-dom-client.development.js:15718:11)
      at recursivelyTraversePassiveMountEffects (node_modules/react-dom/cjs/react-dom-client.development.js:15439:11)
      at commitPassiveMountOnFiber (node_modules/react-dom/cjs/react-dom-client.development.js:15476:11)
      at recursivelyTraversePassiveMountEffects (node_modules/react-dom/cjs/react-dom-client.development.js:15439:11)
      at commitPassiveMountOnFiber (node_modules/react-dom/cjs/react-dom-client.development.js:15718:11)
      at recursivelyTraversePassiveMountEffects (node_modules/react-dom/cjs/react-dom-client.development.js:15439:11)
      at commitPassiveMountOnFiber (node_modules/react-dom/cjs/react-dom-client.development.js:15718:11)
      at recursivelyTraversePassiveMountEffects (node_modules/react-dom/cjs/react-dom-client.development.js:15439:11)
      at commitPassiveMountOnFiber (node_modules/react-dom/cjs/react-dom-client.development.js:15476:11)
      at recursivelyTraversePassiveMountEffects (node_modules/react-dom/cjs/react-dom-client.development.js:15439:11)
      at commitPassiveMountOnFiber (node_modules/react-dom/cjs/react-dom-client.development.js:15476:11)
      at recursivelyTraversePassiveMountEffects (node_modules/react-dom/cjs/react-dom-client.development.js:15439:11)
      at commitPassiveMountOnFiber (node_modules/react-dom/cjs/react-dom-client.development.js:15476:11)
      at recursivelyTraversePassiveMountEffects (node_modules/react-dom/cjs/react-dom-client.development.js:15439:11)
      at commitPassiveMountOnFiber (node_modules/react-dom/cjs/react-dom-client.development.js:15519:11)
      at flushPassiveEffects (node_modules/react-dom/cjs/react-dom-client.development.js:18432:9)
      at node_modules/react-dom/cjs/react-dom-client.development.js:17923:15
      at flushActQueue (node_modules/react/cjs/react.development.js:590:34)
      at Object.<anonymous>.process.env.NODE_ENV.exports.act (node_modules/react/cjs/react.development.js:884:10)
      at node_modules/@testing-library/react/dist/act-compat.js:46:25
      at renderRoot (node_modules/@testing-library/react/dist/pure.js:189:26)
      at render (node_modules/@testing-library/react/dist/pure.js:291:10)
      at Object.<anonymous> (src/pages/__tests__/AnalyticsPage.test.tsx:28:11)

  ΓùÅ AnalyticsPage ΓÇ║ renders bottom navigation

    TypeError: api_1.api.getHotspots is not a function

      22 |
      23 |   useEffect(() => {
    > 24 |     Promise.all([api.getTrends(), api.getHotspots()]).then(([t, h]) => {
         |                                       ^
      25 |       setTrends(t); setHotspots(h); setLoading(false);
      26 |     });
      27 |   }, []);

      at src/pages/AnalyticsPage.tsx:24:39
      at Object.react_stack_bottom_frame (node_modules/react-dom/cjs/react-dom-client.development.js:25989:20)
      at runWithFiberInDEV (node_modules/react-dom/cjs/react-dom-client.development.js:874:13)
      at commitHookEffectListMount (node_modules/react-dom/cjs/react-dom-client.development.js:13249:29)
      at commitHookPassiveMountEffects (node_modules/react-dom/cjs/react-dom-client.development.js:13336:11)
      at commitPassiveMountOnFiber (node_modules/react-dom/cjs/react-dom-client.development.js:15484:13)
      at recursivelyTraversePassiveMountEffects (node_modules/react-dom/cjs/react-dom-client.development.js:15439:11)
      at commitPassiveMountOnFiber (node_modules/react-dom/cjs/react-dom-client.development.js:15718:11)
      at recursivelyTraversePassiveMountEffects (node_modules/react-dom/cjs/react-dom-client.development.js:15439:11)
      at commitPassiveMountOnFiber (node_modules/react-dom/cjs/react-dom-client.development.js:15476:11)
      at recursivelyTraversePassiveMountEffects (node_modules/react-dom/cjs/react-dom-client.development.js:15439:11)
      at commitPassiveMountOnFiber (node_modules/react-dom/cjs/react-dom-client.development.js:15718:11)
      at recursivelyTraversePassiveMountEffects (node_modules/react-dom/cjs/react-dom-client.development.js:15439:11)
      at commitPassiveMountOnFiber (node_modules/react-dom/cjs/react-dom-client.development.js:15476:11)
      at recursivelyTraversePassiveMountEffects (node_modules/react-dom/cjs/react-dom-client.development.js:15439:11)
      at commitPassiveMountOnFiber (node_modules/react-dom/cjs/react-dom-client.development.js:15718:11)
      at recursivelyTraversePassiveMountEffects (node_modules/react-dom/cjs/react-dom-client.development.js:15439:11)
      at commitPassiveMountOnFiber (node_modules/react-dom/cjs/react-dom-client.development.js:15718:11)
      at recursivelyTraversePassiveMountEffects (node_modules/react-dom/cjs/react-dom-client.development.js:15439:11)
      at commitPassiveMountOnFiber (node_modules/react-dom/cjs/react-dom-client.development.js:15476:11)
      at recursivelyTraversePassiveMountEffects (node_modules/react-dom/cjs/react-dom-client.development.js:15439:11)
      at commitPassiveMountOnFiber (node_modules/react-dom/cjs/react-dom-client.development.js:15476:11)
      at recursivelyTraversePassiveMountEffects (node_modules/react-dom/cjs/react-dom-client.development.js:15439:11)
      at commitPassiveMountOnFiber (node_modules/react-dom/cjs/react-dom-client.development.js:15476:11)
      at recursivelyTraversePassiveMountEffects (node_modules/react-dom/cjs/react-dom-client.development.js:15439:11)
      at commitPassiveMountOnFiber (node_modules/react-dom/cjs/react-dom-client.development.js:15519:11)
      at flushPassiveEffects (node_modules/react-dom/cjs/react-dom-client.development.js:18432:9)
      at node_modules/react-dom/cjs/react-dom-client.development.js:17923:15
      at flushActQueue (node_modules/react/cjs/react.development.js:590:34)
      at Object.<anonymous>.process.env.NODE_ENV.exports.act (node_modules/react/cjs/react.development.js:884:10)
      at node_modules/@testing-library/react/dist/act-compat.js:46:25
      at renderRoot (node_modules/@testing-library/react/dist/pure.js:189:26)
      at render (node_modules/@testing-library/react/dist/pure.js:291:10)
      at Object.<anonymous> (src/pages/__tests__/AnalyticsPage.test.tsx:33:11)

  console.error
    An update to ForecastPage inside a test was not wrapped in act(...).
    
    When testing, code that causes React state updates should be wrapped into act(...):
    
    act(() => {
      /* fire events that update state */
    });
    /* assert on the output */
    
    This ensures that you're testing the behavior the user would see in the browser. Learn more at https://react.dev/link/wrap-tests-with-act

    [0m [90m 20 |[39m       api[33m.[39mgetDistrictForecasts()[33m,[39m
     [90m 21 |[39m     ])[33m.[39mthen(([multi[33m,[39m districts]) [33m=>[39m {
    [31m[1m>[22m[39m[90m 22 |[39m       setMultiData(multi)[33m;[39m
     [90m    |[39m       [31m[1m^[22m[39m
     [90m 23 |[39m       setDistrictData(districts)[33m;[39m
     [90m 24 |[39m       setLoading([36mfalse[39m)[33m;[39m
     [90m 25 |[39m     })[33m;[39m[0m

      at node_modules/react-dom/cjs/react-dom-client.development.js:18758:19
      at runWithFiberInDEV (node_modules/react-dom/cjs/react-dom-client.development.js:874:13)
      at warnIfUpdatesNotWrappedWithActDEV (node_modules/react-dom/cjs/react-dom-client.development.js:18757:9)
      at scheduleUpdateOnFiber (node_modules/react-dom/cjs/react-dom-client.development.js:16409:11)
      at dispatchSetStateInternal (node_modules/react-dom/cjs/react-dom-client.development.js:9170:13)
      at dispatchSetState (node_modules/react-dom/cjs/react-dom-client.development.js:9127:7)
      at src/pages/ForecastPage.tsx:22:7

  console.error
    An update to ForecastPage inside a test was not wrapped in act(...).
    
    When testing, code that causes React state updates should be wrapped into act(...):
    
    act(() => {
      /* fire events that update state */
    });
    /* assert on the output */
    
    This ensures that you're testing the behavior the user would see in the browser. Learn more at https://react.dev/link/wrap-tests-with-act

    [0m [90m 21 |[39m     ])[33m.[39mthen(([multi[33m,[39m districts]) [33m=>[39m {
     [90m 22 |[39m       setMultiData(multi)[33m;[39m
    [31m[1m>[22m[39m[90m 23 |[39m       setDistrictData(districts)[33m;[39m
     [90m    |[39m       [31m[1m^[22m[39m
     [90m 24 |[39m       setLoading([36mfalse[39m)[33m;[39m
     [90m 25 |[39m     })[33m;[39m
     [90m 26 |[39m   }[33m,[39m [])[33m;[39m[0m

      at node_modules/react-dom/cjs/react-dom-client.development.js:18758:19
      at runWithFiberInDEV (node_modules/react-dom/cjs/react-dom-client.development.js:874:13)
      at warnIfUpdatesNotWrappedWithActDEV (node_modules/react-dom/cjs/react-dom-client.development.js:18757:9)
      at scheduleUpdateOnFiber (node_modules/react-dom/cjs/react-dom-client.development.js:16409:11)
      at dispatchSetStateInternal (node_modules/react-dom/cjs/react-dom-client.development.js:9170:13)
      at dispatchSetState (node_modules/react-dom/cjs/react-dom-client.development.js:9127:7)
      at src/pages/ForecastPage.tsx:23:7

  console.error
    An update to ForecastPage inside a test was not wrapped in act(...).
    
    When testing, code that causes React state updates should be wrapped into act(...):
    
    act(() => {
      /* fire events that update state */
    });
    /* assert on the output */
    
    This ensures that you're testing the behavior the user would see in the browser. Learn more at https://react.dev/link/wrap-tests-with-act

    [0m [90m 22 |[39m       setMultiData(multi)[33m;[39m
     [90m 23 |[39m       setDistrictData(districts)[33m;[39m
    [31m[1m>[22m[39m[90m 24 |[39m       setLoading([36mfalse[39m)[33m;[39m
     [90m    |[39m       [31m[1m^[22m[39m
     [90m 25 |[39m     })[33m;[39m
     [90m 26 |[39m   }[33m,[39m [])[33m;[39m
     [90m 27 |[39m[0m

      at node_modules/react-dom/cjs/react-dom-client.development.js:18758:19
      at runWithFiberInDEV (node_modules/react-dom/cjs/react-dom-client.development.js:874:13)
      at warnIfUpdatesNotWrappedWithActDEV (node_modules/react-dom/cjs/react-dom-client.development.js:18757:9)
      at scheduleUpdateOnFiber (node_modules/react-dom/cjs/react-dom-client.development.js:16409:11)
      at dispatchSetStateInternal (node_modules/react-dom/cjs/react-dom-client.development.js:9170:13)
      at dispatchSetState (node_modules/react-dom/cjs/react-dom-client.development.js:9127:7)
      at src/pages/ForecastPage.tsx:24:7

  console.error
    An update to AuditLogPage inside a test was not wrapped in act(...).
    
    When testing, code that causes React state updates should be wrapped into act(...):
    
    act(() => {
      /* fire events that update state */
    });
    /* assert on the output */
    
    This ensures that you're testing the behavior the user would see in the browser. Learn more at https://react.dev/link/wrap-tests-with-act

    [0m [90m 28 |[39m   [36mconst[39m fetchLogs [33m=[39m useCallback([36masync[39m () [33m=>[39m {
     [90m 29 |[39m     [36mconst[39m data [33m=[39m [36mawait[39m api[33m.[39mlistAuditLog([35m200[39m)[33m;[39m
    [31m[1m>[22m[39m[90m 30 |[39m     setLogs(data)[33m;[39m
     [90m    |[39m     [31m[1m^[22m[39m
     [90m 31 |[39m     setLoading([36mfalse[39m)[33m;[39m
     [90m 32 |[39m   }[33m,[39m [])[33m;[39m
     [90m 33 |[39m[0m

      at node_modules/react-dom/cjs/react-dom-client.development.js:18758:19
      at runWithFiberInDEV (node_modules/react-dom/cjs/react-dom-client.development.js:874:13)
      at warnIfUpdatesNotWrappedWithActDEV (node_modules/react-dom/cjs/react-dom-client.development.js:18757:9)
      at scheduleUpdateOnFiber (node_modules/react-dom/cjs/react-dom-client.development.js:16409:11)
      at dispatchSetStateInternal (node_modules/react-dom/cjs/react-dom-client.development.js:9170:13)
      at dispatchSetState (node_modules/react-dom/cjs/react-dom-client.development.js:9127:7)
      at src/pages/AuditLogPage.tsx:30:5
      at step (src/pages/AuditLogPage.tsx:67:23)
      at Object.next (src/pages/AuditLogPage.tsx:48:53)
      at fulfilled (src/pages/AuditLogPage.tsx:39:58)

  console.error
    An update to AuditLogPage inside a test was not wrapped in act(...).
    
    When testing, code that causes React state updates should be wrapped into act(...):
    
    act(() => {
      /* fire events that update state */
    });
    /* assert on the output */
    
    This ensures that you're testing the behavior the user would see in the browser. Learn more at https://react.dev/link/wrap-tests-with-act

    [0m [90m 29 |[39m     [36mconst[39m data [33m=[39m [36mawait[39m api[33m.[39mlistAuditLog([35m200[39m)[33m;[39m
     [90m 30 |[39m     setLogs(data)[33m;[39m
    [31m[1m>[22m[39m[90m 31 |[39m     setLoading([36mfalse[39m)[33m;[39m
     [90m    |[39m     [31m[1m^[22m[39m
     [90m 32 |[39m   }[33m,[39m [])[33m;[39m
     [90m 33 |[39m
     [90m 34 |[39m   useEffect(() [33m=>[39m { fetchLogs()[33m;[39m }[33m,[39m [fetchLogs])[33m;[39m[0m

      at node_modules/react-dom/cjs/react-dom-client.development.js:18758:19
      at runWithFiberInDEV (node_modules/react-dom/cjs/react-dom-client.development.js:874:13)
      at warnIfUpdatesNotWrappedWithActDEV (node_modules/react-dom/cjs/react-dom-client.development.js:18757:9)
      at scheduleUpdateOnFiber (node_modules/react-dom/cjs/react-dom-client.development.js:16409:11)
      at dispatchSetStateInternal (node_modules/react-dom/cjs/react-dom-client.development.js:9170:13)
      at dispatchSetState (node_modules/react-dom/cjs/react-dom-client.development.js:9127:7)
      at src/pages/AuditLogPage.tsx:31:5
      at step (src/pages/AuditLogPage.tsx:67:23)
      at Object.next (src/pages/AuditLogPage.tsx:48:53)
      at fulfilled (src/pages/AuditLogPage.tsx:39:58)

FAIL src/pages/__tests__/AuditLogPage.test.tsx (5.65 s)
  AuditLogPage
    ΓêÜ renders audit log heading (567 ms)
    ├ù renders log entries (1053 ms)
    ├ù renders filter controls (32 ms)

  ΓùÅ AuditLogPage ΓÇ║ renders log entries

    Unable to find an element with the text: User logged in. This could be because the text is broken up by multiple elements. In this case, you can provide a function for your text matcher to make your matcher more flexible.

    Ignored nodes: comments, script, style
    <body>
      <div>
        <div>
          <div
            class="page-header flex justify-between items-center"
          >
            <div>
              <h1>
                Audit Log
              </h1>
              <p>
                Activity trail of all communications and access events
              </p>
            </div>
            <button
              class="btn btn-ghost btn-sm"
            >
              <div>
                icon
              </div>
               
              Refresh
            </button>
          </div>
          <div
            class="card"
            style="margin-bottom: 16px;"
          >
            <div
              class="flex gap-4 items-center"
              style="flex-wrap: wrap;"
            >
              <div
                class="form-group"
                style="flex: 1; min-width: 200px; margin-bottom: 0px;"
              >
                <div
                  class="flex items-center gap-2"
                  style="border-radius: 8px; padding: 4px 12px;"
                >
                  <div>
                    icon
                  </div>
                  <input
                    class="input"
                    placeholder="Search logs..."
                    style="outline: none; padding: 8px;"
                    value=""
                  />
                </div>
              </div>
              <div
                class="form-group"
                style="min-width: 180px; margin-bottom: 0px;"
              >
                <select
                  class="input"
                >
                  <option
                    value="all"
                  >
                    All Categories
                  </option>
                  <option
                    value="AUTH"
                  >
                    AUTH
                  </option>
                </select>
              </div>
              <span
                class="text-xs text-muted"
              >
                1
                 
                events
              </span>
            </div>
          </div>
          <div
            class="card"
            style="padding: 0px; overflow: hidden;"
          >
            <div
              style="max-height: 70vh; overflow: auto;"
            >
              <table
                style="width: 100%; border-collapse: collapse;"
              >
                <thead>
                  <tr>
                    <th
                      style="padding: 10px 12px; text-align: left; font-size: 12px; font-weight: 600;"
                    >
                      Time
                    </th>
                    <th
                      style="padding: 10px 12px; text-align: left; font-size: 12px; font-weight: 600;"
                    >
                      Event
                    </th>
                    <th
                      style="padding: 10px 12px; text-align: left; font-size: 12px; font-weight: 600;"
                    >
                      Actor
                    </th>
                    <th
                      style="padding: 10px 12px; text-align: left; font-size: 12px; font-weight: 600;"
                    >
                      Detail
                    </th>
                    <th
                      style="padding: 10px 12px; text-align: center; font-size: 12px; font-weight: 600;"
                    >
                      Result
                    </th>
                  </tr>
                </thead>
                <tbody>
                  <tr>
                    <td
                      style="padding: 10px 12px; white-space: nowrap; font-size: 12px;"
                    >
                      <div
                        class="flex items-center gap-1"
                      >
                        <div>
                          icon
                        </div>
                        <span>
                          18/7/2026, 1:46:31 am
                        </span>
                      </div>
                    </td>
                    <td
                      style="padding: 10px 12px;"
                    >
                      <div
                        class="flex items-center gap-2"
                      >
                        <span>
                          <div>
                            icon
                          </div>
                        </span>
                        <span
                          style="font-size: 12px; font-weight: 500;"
                        >
                          LOGIN
                        </span>
                      </div>
                    </td>
                    <td
                      style="padding: 10px 12px; font-size: 12px;"
                    >
                       
                    </td>
                    <td
                      style="padding: 10px 12px; font-size: 12px;"
                    />
                    <td
                      style="padding: 10px 12px; text-align: center;"
                    >
                      <span
                        style="display: inline-flex; align-items: center; gap: 4px; font-size: 11px;"
                      >
                        <div>
                          icon
                        </div>
                      </span>
                    </td>
                  </tr>
                </tbody>
              </table>
            </div>
          </div>
        </div>
      </div>
    </body>

      27 |   test('renders log entries', async () => {
      28 |     render(<AuditLogPage />, { wrapper });
    > 29 |     await waitFor(() => expect(screen.getByText('User logged in')).toBeInTheDocument());
         |                  ^
      30 |   });
      31 |
      32 |   test('renders filter controls', () => {

      at waitForWrapper (node_modules/@testing-library/dom/dist/wait-for.js:163:27)
      at src/pages/__tests__/AuditLogPage.test.tsx:29:18
      at step (src/pages/__tests__/AuditLogPage.test.tsx:33:23)
      at Object.next (src/pages/__tests__/AuditLogPage.test.tsx:14:53)
      at src/pages/__tests__/AuditLogPage.test.tsx:8:71
      at Object.<anonymous>.__awaiter (src/pages/__tests__/AuditLogPage.test.tsx:4:12)
      at Object.<anonymous> (src/pages/__tests__/AuditLogPage.test.tsx:27:31)

  ΓùÅ AuditLogPage ΓÇ║ renders filter controls

    TestingLibraryElementError: Unable to find an element with the text: /filter|search|type/i. This could be because the text is broken up by multiple elements. In this case, you can provide a function for your text matcher to make your matcher more flexible.

    Ignored nodes: comments, script, style
    <body>
      <div>
        <div>
          <div
            class="page-header flex justify-between items-center"
          >
            <div>
              <h1>
                Audit Log
              </h1>
              <p>
                Activity trail of all communications and access events
              </p>
            </div>
            <button
              class="btn btn-ghost btn-sm"
            >
              <div>
                icon
              </div>
               
              Refresh
            </button>
          </div>
          <div
            class="card"
            style="margin-bottom: 16px;"
          >
            <div
              class="flex gap-4 items-center"
              style="flex-wrap: wrap;"
            >
              <div
                class="form-group"
                style="flex: 1; min-width: 200px; margin-bottom: 0px;"
              >
                <div
                  class="flex items-center gap-2"
                  style="border-radius: 8px; padding: 4px 12px;"
                >
                  <div>
                    icon
                  </div>
                  <input
                    class="input"
                    placeholder="Search logs..."
                    style="outline: none; padding: 8px;"
                    value=""
                  />
                </div>
              </div>
              <div
                class="form-group"
                style="min-width: 180px; margin-bottom: 0px;"
              >
                <select
                  class="input"
                >
                  <option
                    value="all"
                  >
                    All Categories
                  </option>
                </select>
              </div>
              <span
                class="text-xs text-muted"
              >
                0
                 
                events
              </span>
            </div>
          </div>
          <div
            class="card"
            style="padding: 48px; text-align: center;"
          >
            <p
              class="text-muted"
            >
              Loading...
            </p>
          </div>
        </div>
      </div>
    </body>

      32 |   test('renders filter controls', () => {
      33 |     render(<AuditLogPage />, { wrapper });
    > 34 |     expect(screen.getByText(/filter|search|type/i)).toBeInTheDocument();
         |                   ^
      35 |   });
      36 | });
      37 |

      at Object.getElementError (node_modules/@testing-library/dom/dist/config.js:37:19)
      at node_modules/@testing-library/dom/dist/query-helpers.js:76:38
      at node_modules/@testing-library/dom/dist/query-helpers.js:52:17
      at node_modules/@testing-library/dom/dist/query-helpers.js:95:19
      at Object.<anonymous> (src/pages/__tests__/AuditLogPage.test.tsx:34:19)

FAIL src/pages/__tests__/NetworkPage.test.tsx (5.747 s)
  NetworkPage
    ├ù renders search input (583 ms)
    ├ù renders load network button (30 ms)
    ├ù loads sample data on mount (1034 ms)

  ΓùÅ NetworkPage ΓÇ║ renders search input

    TestingLibraryElementError: Unable to find an element with the placeholder text of: /enter accused name/i

    Ignored nodes: comments, script, style
    <body>
      <div>
        <div
          style="display: flex; gap: 24px;"
        >
          <div
            style="flex: 1;"
          >
            <div
              class="page-header"
            >
              <h1>
                Network Intelligence
              </h1>
              <p>
                Criminal network analysis and relationship mapping
              </p>
            </div>
            <div
              class="card"
              style="margin-bottom: 16px;"
            >
              <div
                style="display: flex; gap: 12px;"
              >
                <div
                  class="input-group"
                  style="flex: 1;"
                >
                  <div>
                    icon
                  </div>
                  <input
                    class="input"
                    placeholder="Search by accused name..."
                    value=""
                  />
                </div>
                <button
                  class="btn btn-primary"
                >
                  Analyze
                </button>
              </div>
            </div>
            <div
              class="card"
              style="margin-bottom: 16px; padding: 12px;"
            >
              <div
                class="flex gap-3"
                style="flex-wrap: wrap; align-items: center;"
              >
                <span
                  class="text-xs text-muted"
                >
                  Layout
                  :
                </span>
                <select
                  class="input"
                  style="width: auto; font-size: 12px; padding: 4px 8px;"
                >
                  <option
                    value="force-directed"
                  >
                    Force-directed
                  </option>
                  <option
                    value="hierarchical"
                  >
                    Hierarchical
                  </option>
                </select>
                <span
                  class="text-xs text-muted"
                >
                  Node size by
                  :
                </span>
                <select
                  class="input"
                  style="width: auto; font-size: 12px; padding: 4px 8px;"
                >
                  <option
                    value="centrality"
                  >
                    Centrality
                  </option>
                  <option
                    value="cases"
                  >
                    Cases
                  </option>
                </select>
                <button
                  class="btn btn-ghost btn-sm"
                >
                  Reset View
                </button>
              </div>
            </div>
          </div>
          <div
            style="width: 280px; flex-shrink: 0;"
          >
            <div
              class="card"
              style="position: sticky; top: 32px;"
            >
              <div
                class="card-header flex justify-between items-center"
              >
                <span
                  class="flex items-center gap-2"
                >
                  <div>
                    icon
                  </div>
                   
                  NetworkAI
                </span>
                <button
                  class="btn btn-ghost btn-icon"
                >
                  <div>
                    icon
                  </div>
                </button>
              </div>
              <div
                style="font-size: 14px;"
              >
                <div
                  style="margin-bottom: 12px; padding: 12px; border-radius: 8px; font-size: 13px; min-height: 40px;"
                >
                  I am NetworkAI. Select a node or ask about connections.
                </div>
                <div
                  style="display: flex; flex-direction: column; gap: 8px;"
                >
                  <button
                    class="btn btn-ghost btn-sm"
                    style="justify-content: flex-start;"
                  >
                    Network interpretation?
                  </button>
                  <button
                    class="btn btn-ghost btn-sm"
                    style="justify-content: flex-start;"
                  >
                    Highest priority?
                  </button>
                  <button
                    class="btn btn-ghost btn-sm"
                    style="justify-content: flex-start;"
                  >
                    Emerging connections?
                  </button>
                </div>
              </div>
            </div>
          </div>
        </div>
      </div>
    </body>

      21 |   test('renders search input', () => {
      22 |     render(<NetworkPage />, { wrapper });
    > 23 |     expect(screen.getByPlaceholderText(/enter accused name/i)).toBeInTheDocument();
         |                   ^
      24 |   });
      25 |
      26 |   test('renders load network button', () => {

      at Object.getElementError (node_modules/@testing-library/dom/dist/config.js:37:19)
      at node_modules/@testing-library/dom/dist/query-helpers.js:76:38
      at node_modules/@testing-library/dom/dist/query-helpers.js:52:17
      at node_modules/@testing-library/dom/dist/query-helpers.js:95:19
      at Object.<anonymous> (src/pages/__tests__/NetworkPage.test.tsx:23:19)

  ΓùÅ NetworkPage ΓÇ║ renders load network button

    TestingLibraryElementError: Unable to find an element with the text: /load network/i. This could be because the text is broken up by multiple elements. In this case, you can provide a function for your text matcher to make your matcher more flexible.

    Ignored nodes: comments, script, style
    <body>
      <div>
        <div
          style="display: flex; gap: 24px;"
        >
          <div
            style="flex: 1;"
          >
            <div
              class="page-header"
            >
              <h1>
                Network Intelligence
              </h1>
              <p>
                Criminal network analysis and relationship mapping
              </p>
            </div>
            <div
              class="card"
              style="margin-bottom: 16px;"
            >
              <div
                style="display: flex; gap: 12px;"
              >
                <div
                  class="input-group"
                  style="flex: 1;"
                >
                  <div>
                    icon
                  </div>
                  <input
                    class="input"
                    placeholder="Search by accused name..."
                    value=""
                  />
                </div>
                <button
                  class="btn btn-primary"
                >
                  Analyze
                </button>
              </div>
            </div>
            <div
              class="card"
              style="margin-bottom: 16px; padding: 12px;"
            >
              <div
                class="flex gap-3"
                style="flex-wrap: wrap; align-items: center;"
              >
                <span
                  class="text-xs text-muted"
                >
                  Layout
                  :
                </span>
                <select
                  class="input"
                  style="width: auto; font-size: 12px; padding: 4px 8px;"
                >
                  <option
                    value="force-directed"
                  >
                    Force-directed
                  </option>
                  <option
                    value="hierarchical"
                  >
                    Hierarchical
                  </option>
                </select>
                <span
                  class="text-xs text-muted"
                >
                  Node size by
                  :
                </span>
                <select
                  class="input"
                  style="width: auto; font-size: 12px; padding: 4px 8px;"
                >
                  <option
                    value="centrality"
                  >
                    Centrality
                  </option>
                  <option
                    value="cases"
                  >
                    Cases
                  </option>
                </select>
                <button
                  class="btn btn-ghost btn-sm"
                >
                  Reset View
                </button>
              </div>
            </div>
          </div>
          <div
            style="width: 280px; flex-shrink: 0;"
          >
            <div
              class="card"
              style="position: sticky; top: 32px;"
            >
              <div
                class="card-header flex justify-between items-center"
              >
                <span
                  class="flex items-center gap-2"
                >
                  <div>
                    icon
                  </div>
                   
                  NetworkAI
                </span>
                <button
                  class="btn btn-ghost btn-icon"
                >
                  <div>
                    icon
                  </div>
                </button>
              </div>
              <div
                style="font-size: 14px;"
              >
                <div
                  style="margin-bottom: 12px; padding: 12px; border-radius: 8px; font-size: 13px; min-height: 40px;"
                >
                  I am NetworkAI. Select a node or ask about connections.
                </div>
                <div
                  style="display: flex; flex-direction: column; gap: 8px;"
                >
                  <button
                    class="btn btn-ghost btn-sm"
                    style="justify-content: flex-start;"
                  >
                    Network interpretation?
                  </button>
                  <button
                    class="btn btn-ghost btn-sm"
                    style="justify-content: flex-start;"
                  >
                    Highest priority?
                  </button>
                  <button
                    class="btn btn-ghost btn-sm"
                    style="justify-content: flex-start;"
                  >
                    Emerging connections?
                  </button>
                </div>
              </div>
            </div>
          </div>
        </div>
      </div>
    </body>

      26 |   test('renders load network button', () => {
      27 |     render(<NetworkPage />, { wrapper });
    > 28 |     expect(screen.getByText(/load network/i)).toBeInTheDocument();
         |                   ^
      29 |   });
      30 |
      31 |   test('loads sample data on mount', async () => {

      at Object.getElementError (node_modules/@testing-library/dom/dist/config.js:37:19)
      at node_modules/@testing-library/dom/dist/query-helpers.js:76:38
      at node_modules/@testing-library/dom/dist/query-helpers.js:52:17
      at node_modules/@testing-library/dom/dist/query-helpers.js:95:19
      at Object.<anonymous> (src/pages/__tests__/NetworkPage.test.tsx:28:19)

  ΓùÅ NetworkPage ΓÇ║ loads sample data on mount

    Unable to find an element with the display value: /ravi kumar/i.

    Ignored nodes: comments, script, style
    <body>
      <div>
        <div
          style="display: flex; gap: 24px;"
        >
          <div
            style="flex: 1;"
          >
            <div
              class="page-header"
            >
              <h1>
                Network Intelligence
              </h1>
              <p>
                Criminal network analysis and relationship mapping
              </p>
            </div>
            <div
              class="card"
              style="margin-bottom: 16px;"
            >
              <div
                style="display: flex; gap: 12px;"
              >
                <div
                  class="input-group"
                  style="flex: 1;"
                >
                  <div>
                    icon
                  </div>
                  <input
                    class="input"
                    placeholder="Search by accused name..."
                    value=""
                  />
                </div>
                <button
                  class="btn btn-primary"
                >
                  Analyze
                </button>
              </div>
            </div>
            <div
              class="card"
              style="margin-bottom: 16px; padding: 12px;"
            >
              <div
                class="flex gap-3"
                style="flex-wrap: wrap; align-items: center;"
              >
                <span
                  class="text-xs text-muted"
                >
                  Layout
                  :
                </span>
                <select
                  class="input"
                  style="width: auto; font-size: 12px; padding: 4px 8px;"
                >
                  <option
                    value="force-directed"
                  >
                    Force-directed
                  </option>
                  <option
                    value="hierarchical"
                  >
                    Hierarchical
                  </option>
                </select>
                <span
                  class="text-xs text-muted"
                >
                  Node size by
                  :
                </span>
                <select
                  class="input"
                  style="width: auto; font-size: 12px; padding: 4px 8px;"
                >
                  <option
                    value="centrality"
                  >
                    Centrality
                  </option>
                  <option
                    value="cases"
                  >
                    Cases
                  </option>
                </select>
                <button
                  class="btn btn-ghost btn-sm"
                >
                  Reset View
                </button>
              </div>
            </div>
          </div>
          <div
            style="width: 280px; flex-shrink: 0;"
          >
            <div
              class="card"
              style="position: sticky; top: 32px;"
            >
              <div
                class="card-header flex justify-between items-center"
              >
                <span
                  class="flex items-center gap-2"
                >
                  <div>
                    icon
                  </div>
                   
                  NetworkAI
                </span>
                <button
                  class="btn btn-ghost btn-icon"
                >
                  <div>
                    icon
                  </div>
                </button>
              </div>
              <div
                style="font-size: 14px;"
              >
                <div
                  style="margin-bottom: 12px; padding: 12px; border-radius: 8px; font-size: 13px; min-height: 40px;"
                >
                  I am NetworkAI. Select a node or ask about connections.
                </div>
                <div
                  style="display: flex; flex-direction: column; gap: 8px;"
                >
                  <button
                    class="btn btn-ghost btn-sm"
                    style="justify-content: flex-start;"
                  >
                    Network interpretation?
                  </button>
                  <button
                    class="btn btn-ghost btn-sm"
                    style="justify-content: flex-start;"
                  >
                    Highest priority?
                  </button>
                  <button
                    class="btn btn-ghost btn-sm"
                    style="justify-content: flex-start;"
                  >
                    Emerging connections?
                  </button>
                </div>
              </div>
            </div>
          </div>
        </div>
      </div>
    </body>

      31 |   test('loads sample data on mount', async () => {
      32 |     render(<NetworkPage />, { wrapper });
    > 33 |     await waitFor(() => expect(screen.getByDisplayValue(/ravi kumar/i)).toBeInTheDocument());
         |                  ^
      34 |   });
      35 | });
      36 |

      at waitForWrapper (node_modules/@testing-library/dom/dist/wait-for.js:163:27)
      at src/pages/__tests__/NetworkPage.test.tsx:33:18
      at step (src/pages/__tests__/NetworkPage.test.tsx:33:23)
      at Object.next (src/pages/__tests__/NetworkPage.test.tsx:14:53)
      at src/pages/__tests__/NetworkPage.test.tsx:8:71
      at Object.<anonymous>.__awaiter (src/pages/__tests__/NetworkPage.test.tsx:4:12)
      at Object.<anonymous> (src/pages/__tests__/NetworkPage.test.tsx:31:38)

  console.error
    An update to ForecastPage inside a test was not wrapped in act(...).
    
    When testing, code that causes React state updates should be wrapped into act(...):
    
    act(() => {
      /* fire events that update state */
    });
    /* assert on the output */
    
    This ensures that you're testing the behavior the user would see in the browser. Learn more at https://react.dev/link/wrap-tests-with-act

    [0m [90m 20 |[39m       api[33m.[39mgetDistrictForecasts()[33m,[39m
     [90m 21 |[39m     ])[33m.[39mthen(([multi[33m,[39m districts]) [33m=>[39m {
    [31m[1m>[22m[39m[90m 22 |[39m       setMultiData(multi)[33m;[39m
     [90m    |[39m       [31m[1m^[22m[39m
     [90m 23 |[39m       setDistrictData(districts)[33m;[39m
     [90m 24 |[39m       setLoading([36mfalse[39m)[33m;[39m
     [90m 25 |[39m     })[33m;[39m[0m

      at node_modules/react-dom/cjs/react-dom-client.development.js:18758:19
      at runWithFiberInDEV (node_modules/react-dom/cjs/react-dom-client.development.js:874:13)
      at warnIfUpdatesNotWrappedWithActDEV (node_modules/react-dom/cjs/react-dom-client.development.js:18757:9)
      at scheduleUpdateOnFiber (node_modules/react-dom/cjs/react-dom-client.development.js:16409:11)
      at dispatchSetStateInternal (node_modules/react-dom/cjs/react-dom-client.development.js:9170:13)
      at dispatchSetState (node_modules/react-dom/cjs/react-dom-client.development.js:9127:7)
      at src/pages/ForecastPage.tsx:22:7

  console.error
    An update to ForecastPage inside a test was not wrapped in act(...).
    
    When testing, code that causes React state updates should be wrapped into act(...):
    
    act(() => {
      /* fire events that update state */
    });
    /* assert on the output */
    
    This ensures that you're testing the behavior the user would see in the browser. Learn more at https://react.dev/link/wrap-tests-with-act

    [0m [90m 21 |[39m     ])[33m.[39mthen(([multi[33m,[39m districts]) [33m=>[39m {
     [90m 22 |[39m       setMultiData(multi)[33m;[39m
    [31m[1m>[22m[39m[90m 23 |[39m       setDistrictData(districts)[33m;[39m
     [90m    |[39m       [31m[1m^[22m[39m
     [90m 24 |[39m       setLoading([36mfalse[39m)[33m;[39m
     [90m 25 |[39m     })[33m;[39m
     [90m 26 |[39m   }[33m,[39m [])[33m;[39m[0m

      at node_modules/react-dom/cjs/react-dom-client.development.js:18758:19
      at runWithFiberInDEV (node_modules/react-dom/cjs/react-dom-client.development.js:874:13)
      at warnIfUpdatesNotWrappedWithActDEV (node_modules/react-dom/cjs/react-dom-client.development.js:18757:9)
      at scheduleUpdateOnFiber (node_modules/react-dom/cjs/react-dom-client.development.js:16409:11)
      at dispatchSetStateInternal (node_modules/react-dom/cjs/react-dom-client.development.js:9170:13)
      at dispatchSetState (node_modules/react-dom/cjs/react-dom-client.development.js:9127:7)
      at src/pages/ForecastPage.tsx:23:7

  console.error
    An update to ForecastPage inside a test was not wrapped in act(...).
    
    When testing, code that causes React state updates should be wrapped into act(...):
    
    act(() => {
      /* fire events that update state */
    });
    /* assert on the output */
    
    This ensures that you're testing the behavior the user would see in the browser. Learn more at https://react.dev/link/wrap-tests-with-act

    [0m [90m 22 |[39m       setMultiData(multi)[33m;[39m
     [90m 23 |[39m       setDistrictData(districts)[33m;[39m
    [31m[1m>[22m[39m[90m 24 |[39m       setLoading([36mfalse[39m)[33m;[39m
     [90m    |[39m       [31m[1m^[22m[39m
     [90m 25 |[39m     })[33m;[39m
     [90m 26 |[39m   }[33m,[39m [])[33m;[39m
     [90m 27 |[39m[0m

      at node_modules/react-dom/cjs/react-dom-client.development.js:18758:19
      at runWithFiberInDEV (node_modules/react-dom/cjs/react-dom-client.development.js:874:13)
      at warnIfUpdatesNotWrappedWithActDEV (node_modules/react-dom/cjs/react-dom-client.development.js:18757:9)
      at scheduleUpdateOnFiber (node_modules/react-dom/cjs/react-dom-client.development.js:16409:11)
      at dispatchSetStateInternal (node_modules/react-dom/cjs/react-dom-client.development.js:9170:13)
      at dispatchSetState (node_modules/react-dom/cjs/react-dom-client.development.js:9127:7)
      at src/pages/ForecastPage.tsx:24:7

FAIL src/pages/__tests__/WorkspacePage.test.tsx (5.712 s)
  WorkspacePage
    ΓêÜ renders workspace heading (613 ms)
    ΓêÜ renders create investigation button (34 ms)
    ├ù renders investigation list (1061 ms)

  ΓùÅ WorkspacePage ΓÇ║ renders investigation list

    Unable to find an element with the text: Test Investigation. This could be because the text is broken up by multiple elements. In this case, you can provide a function for your text matcher to make your matcher more flexible.

    Ignored nodes: comments, script, style
    <body>
      <div>
        <div>
          <div
            class="page-header flex justify-between items-center"
          >
            <div>
              <h1>
                Investigation Workspace
              </h1>
              <p>
                Track investigation progress and manage evidence
              </p>
            </div>
            <div
              class="flex gap-2"
            >
              <button
                class="btn btn-secondary btn-sm"
              >
                <div>
                  icon
                </div>
                 
                New Investigation
              </button>
            </div>
          </div>
          <div
            class="card"
            style="margin-bottom: 16px; padding: 8px 16px;"
          >
            <div
              class="flex items-center gap-3"
            >
              <div>
                icon
              </div>
              <select
                class="input"
                style="flex: 1;"
              >
                <option
                  value=""
                >
                  -- Select Investigation --
                </option>
                <option
                  value="inv-1"
                >
                  Test Investigation
                   (
                  open
                  )
                </option>
              </select>
            </div>
          </div>
          <div
            class="tabs"
            style="margin-bottom: 24px;"
          >
            <button
              class="tab active"
            >
              Overview
            </button>
            <button
              class="tab "
            >
              Notes
            </button>
            <button
              class="tab "
            >
              Task Board
            </button>
            <button
              class="tab "
            >
              Arrests
            </button>
          </div>
          <div
            style="display: flex; gap: 24px;"
          >
            <div
              style="flex: 1;"
            >
              <div
                class="card"
                style="text-align: center; padding: 48px;"
              >
                <div>
                  icon
                </div>
                <p
                  class="text-muted"
                >
                  Select or create an investigation to begin
                </p>
              </div>
            </div>
            <div
              style="width: 280px; flex-shrink: 0;"
            >
              <div
                class="card"
                style="position: sticky; top: 32px;"
              >
                <div
                  class="card-header flex justify-between items-center"
                >
                  <span
                    class="flex items-center gap-2"
                  >
                    <div>
                      icon
                    </div>
                     
                    InvestigationAI
                  </span>
                  <button
                    class="btn btn-ghost btn-icon"
                  >
                    <div>
                      icon
                    </div>
                  </button>
                </div>
                <div
                  style="font-size: 14px;"
                >
                  <div
                    style="margin-bottom: 12px; padding: 12px; border-radius: 8px; font-size: 13px; min-height: 40px;"
                  >
                    I am InvestigationAI. Ask me about gaps, next steps, or evidence.
                  </div>
                  <div
                    style="display: flex; flex-direction: column; gap: 8px;"
                  >
                    <button
                      class="btn btn-ghost btn-sm"
                      style="justify-content: flex-start;"
                    >
                      <div>
                        icon
                      </div>
                       
                      What gaps remain?
                    </button>
                    <button
                      class="btn btn-ghost btn-sm"
                      style="justify-content: flex-start;"
                    >
                      <div>
                        icon
                      </div>
                       
                      Suggest next steps
                    </button>
                    <button
                      class="btn btn-ghost btn-sm"
                      style="justify-content: flex-start;"
                    >
                      <div>
                        icon
                      </div>
                       
                      Any contradictions?
                    </button>
                    <button
                      class="btn btn-ghost btn-sm"
                      style="justify-content: flex-start;"
                    >
                      <div>
                        icon
                      </div>
                       
                      Recommend evidence
                    </button>
                    <button
                      class="btn btn-ghost btn-sm"
                      style="justify-content: flex-start;"
                    >
                      <div>
                        icon
                      </div>
                       
                      Generate investigation report
                    </button>
                    <button
                      class="btn btn-ghost btn-sm"
                      style="justify-content: flex-start;"
                    >
                      <div>
                        icon
                      </div>
                       
                      Link to other cases
                    </button>
                  </div>
                </div>
              </div>
            </div>
          </div>
        </div>
      </div>
    </body>

      33 |   test('renders investigation list', async () => {
      34 |     render(<WorkspacePage />, { wrapper });
    > 35 |     await waitFor(() => expect(screen.getByText('Test Investigation')).toBeInTheDocument());
         |                  ^
      36 |   });
      37 | });
      38 |

      at waitForWrapper (node_modules/@testing-library/dom/dist/wait-for.js:163:27)
      at src/pages/__tests__/WorkspacePage.test.tsx:35:18
      at step (src/pages/__tests__/WorkspacePage.test.tsx:33:23)
      at Object.next (src/pages/__tests__/WorkspacePage.test.tsx:14:53)
      at src/pages/__tests__/WorkspacePage.test.tsx:8:71
      at Object.<anonymous>.__awaiter (src/pages/__tests__/WorkspacePage.test.tsx:4:12)
      at Object.<anonymous> (src/pages/__tests__/WorkspacePage.test.tsx:33:38)

FAIL src/pages/__tests__/AgentWorkbenchPage.test.tsx (5.665 s)
  AgentWorkbenchPage
    ├ù renders workbench heading (570 ms)
    ├ù renders models from API (1044 ms)
    ΓêÜ renders capabilities (38 ms)

  ΓùÅ AgentWorkbenchPage ΓÇ║ renders workbench heading

    TestingLibraryElementError: Found multiple elements with the text: /agent/i

    Here are the matching elements:

    Ignored nodes: comments, script, style
    <h1>
      <div>
        icon
      </div>
      Agent Workbench
    </h1>

    Ignored nodes: comments, script, style
    <p>
      Multi-agent orchestration ΓÇö Commander coordinates task execution across specialized agents.
    </p>

    Ignored nodes: comments, script, style
    <div
      style="font-size: 13px; font-weight: 600;"
    >
      Database Agent
    </div>

    Ignored nodes: comments, script, style
    <div
      style="font-size: 13px; font-weight: 600;"
    >
      Trend Agent
    </div>

    Ignored nodes: comments, script, style
    <div
      style="font-size: 13px; font-weight: 600;"
    >
      Geospatial Agent
    </div>

    Ignored nodes: comments, script, style
    <div
      style="font-size: 13px; font-weight: 600;"
    >
      Offender Agent
    </div>

    (If this is intentional, then use the `*AllBy*` variant of the query (like `queryAllByText`, `getAllByText`, or `findAllByText`)).

    Ignored nodes: comments, script, style
    <body>
      <div>
        <div>
          <div
            class="page-header"
          >
            <h1>
              <div>
                icon
              </div>
              Agent Workbench
            </h1>
            <p>
              Multi-agent orchestration ΓÇö Commander coordinates task execution across specialized agents.
            </p>
          </div>
          <div
            class="row"
            style="gap: 16px; margin-bottom: 24px;"
          >
            <div
              class="card"
              style="flex: 1; text-align: center; padding: 16px;"
            >
              <div>
                icon
              </div>
              <div
                style="font-size: 13px; font-weight: 600;"
              >
                Database Agent
              </div>
              <div
                style="font-size: 11px;"
              >
                database_query
              </div>
            </div>
            <div
              class="card"
              style="flex: 1; text-align: center; padding: 16px;"
            >
              <div>
                icon
              </div>
              <div
                style="font-size: 13px; font-weight: 600;"
              >
                Trend Agent
              </div>
              <div
                style="font-size: 11px;"
              >
                trend_analysis
              </div>
            </div>
            <div
              class="card"
              style="flex: 1; text-align: center; padding: 16px;"
            >
              <div>
                icon
              </div>
              <div
                style="font-size: 13px; font-weight: 600;"
              >
                Geospatial Agent
              </div>
              <div
                style="font-size: 11px;"
              >
                geospatial_analysis
              </div>
            </div>
            <div
              class="card"
              style="flex: 1; text-align: center; padding: 16px;"
            >
              <div>
                icon
              </div>
              <div
                style="font-size: 13px; font-weight: 600;"
              >
                Offender Agent
              </div>
              <div
                style="font-size: 11px;"
              >
                offender_profile
              </div>
            </div>
          </div>
          <div
            class="card"
            style="margin-bottom: 24px;"
          >
            <div
              class="flex"
              style="gap: 8px; align-items: center;"
            >
              <input
                class="input flex-1"
                placeholder="Ask the Commander..."
                value=""
              />
              <button
                class="btn btn-primary"
              >
                <div>
                  icon
                </div>
                 
                Execute
              </button>
            </div>
          </div>
        </div>
      </div>
    </body>

      27 |   test('renders workbench heading', () => {
      28 |     render(<AgentWorkbenchPage />, { wrapper });
    > 29 |     expect(screen.getByText(/agent/i)).toBeInTheDocument();
         |                   ^
      30 |   });
      31 |
      32 |   test('renders models from API', async () => {

      at Object.getElementError (node_modules/@testing-library/dom/dist/config.js:37:19)
      at getElementError (node_modules/@testing-library/dom/dist/query-helpers.js:20:35)
      at getMultipleElementsFoundError (node_modules/@testing-library/dom/dist/query-helpers.js:23:10)
      at node_modules/@testing-library/dom/dist/query-helpers.js:55:13
      at node_modules/@testing-library/dom/dist/query-helpers.js:95:19
      at Object.<anonymous> (src/pages/__tests__/AgentWorkbenchPage.test.tsx:29:19)

  ΓùÅ AgentWorkbenchPage ΓÇ║ renders models from API

    Unable to find an element with the text: GLM. This could be because the text is broken up by multiple elements. In this case, you can provide a function for your text matcher to make your matcher more flexible.

    Ignored nodes: comments, script, style
    <body>
      <div>
        <div>
          <div
            class="page-header"
          >
            <h1>
              <div>
                icon
              </div>
              Agent Workbench
            </h1>
            <p>
              Multi-agent orchestration ΓÇö Commander coordinates task execution across specialized agents.
            </p>
          </div>
          <div
            class="row"
            style="gap: 16px; margin-bottom: 24px;"
          >
            <div
              class="card"
              style="flex: 1; text-align: center; padding: 16px;"
            >
              <div>
                icon
              </div>
              <div
                style="font-size: 13px; font-weight: 600;"
              >
                Database Agent
              </div>
              <div
                style="font-size: 11px;"
              >
                database_query
              </div>
            </div>
            <div
              class="card"
              style="flex: 1; text-align: center; padding: 16px;"
            >
              <div>
                icon
              </div>
              <div
                style="font-size: 13px; font-weight: 600;"
              >
                Trend Agent
              </div>
              <div
                style="font-size: 11px;"
              >
                trend_analysis
              </div>
            </div>
            <div
              class="card"
              style="flex: 1; text-align: center; padding: 16px;"
            >
              <div>
                icon
              </div>
              <div
                style="font-size: 13px; font-weight: 600;"
              >
                Geospatial Agent
              </div>
              <div
                style="font-size: 11px;"
              >
                geospatial_analysis
              </div>
            </div>
            <div
              class="card"
              style="flex: 1; text-align: center; padding: 16px;"
            >
              <div>
                icon
              </div>
              <div
                style="font-size: 13px; font-weight: 600;"
              >
                Offender Agent
              </div>
              <div
                style="font-size: 11px;"
              >
                offender_profile
              </div>
            </div>
          </div>
          <div
            class="card"
            style="margin-bottom: 24px;"
          >
            <div
              class="flex"
              style="gap: 8px; align-items: center;"
            >
              <input
                class="input flex-1"
                placeholder="Ask the Commander..."
                value=""
              />
              <button
                class="btn btn-primary"
              >
                <div>
                  icon
                </div>
                 
                Execute
              </button>
            </div>
          </div>
        </div>
      </div>
    </body>

      32 |   test('renders models from API', async () => {
      33 |     render(<AgentWorkbenchPage />, { wrapper });
    > 34 |     await waitFor(() => expect(screen.getByText('GLM')).toBeInTheDocument());
         |                  ^
      35 |   });
      36 |
      37 |   test('renders capabilities', async () => {

      at waitForWrapper (node_modules/@testing-library/dom/dist/wait-for.js:163:27)
      at src/pages/__tests__/AgentWorkbenchPage.test.tsx:34:18
      at step (src/pages/__tests__/AgentWorkbenchPage.test.tsx:33:23)
      at Object.next (src/pages/__tests__/AgentWorkbenchPage.test.tsx:14:53)
      at src/pages/__tests__/AgentWorkbenchPage.test.tsx:8:71
      at Object.<anonymous>.__awaiter (src/pages/__tests__/AgentWorkbenchPage.test.tsx:4:12)
      at Object.<anonymous> (src/pages/__tests__/AgentWorkbenchPage.test.tsx:32:35)

FAIL src/pages/__tests__/OffenderPage.test.tsx (5.711 s)
  OffenderPage
    ├ù renders search input (569 ms)
    ├ù loads sample offender on mount (1037 ms)
    ΓêÜ renders profile section (27 ms)

  ΓùÅ OffenderPage ΓÇ║ renders search input

    TestingLibraryElementError: Unable to find an element with the placeholder text of: /enter accused name/i

    Ignored nodes: comments, script, style
    <body>
      <div>
        <div>
          <div
            class="page-header"
          >
            <h1>
              Offender Profile
            </h1>
            <p>
              Investigation Priority Scoring & Case History
            </p>
          </div>
          <div
            class="flex gap-4 items-center mb-4"
          >
            <div
              class="input-group"
              style="flex: 1; max-width: 400px;"
            >
              <div>
                icon
              </div>
              <input
                class="input"
                placeholder="Search accused name..."
                value=""
              />
            </div>
            <button
              class="btn btn-primary"
            >
              Search
            </button>
            <button
              class="btn btn-secondary"
            >
              <div>
                icon
              </div>
               Create Profile
            </button>
          </div>
          <div
            class="card"
            style="text-align: center; padding: 80px;"
          >
            <div>
              icon
            </div>
            <h3
              style="margin-bottom: 8px;"
            >
              Search for an accused person
            </h3>
            <p
              style="font-size: 14px;"
            >
              Enter a name to view their priority score and case history
            </p>
          </div>
        </div>
      </div>
    </body>

      28 |   test('renders search input', () => {
      29 |     render(<OffenderPage />, { wrapper });
    > 30 |     expect(screen.getByPlaceholderText(/enter accused name/i)).toBeInTheDocument();
         |                   ^
      31 |   });
      32 |
      33 |   test('loads sample offender on mount', async () => {

      at Object.getElementError (node_modules/@testing-library/dom/dist/config.js:37:19)
      at node_modules/@testing-library/dom/dist/query-helpers.js:76:38
      at node_modules/@testing-library/dom/dist/query-helpers.js:52:17
      at node_modules/@testing-library/dom/dist/query-helpers.js:95:19
      at Object.<anonymous> (src/pages/__tests__/OffenderPage.test.tsx:30:19)

  ΓùÅ OffenderPage ΓÇ║ loads sample offender on mount

    Unable to find an element with the display value: /ravi kumar/i.

    Ignored nodes: comments, script, style
    <body>
      <div>
        <div>
          <div
            class="page-header"
          >
            <h1>
              Offender Profile
            </h1>
            <p>
              Investigation Priority Scoring & Case History
            </p>
          </div>
          <div
            class="flex gap-4 items-center mb-4"
          >
            <div
              class="input-group"
              style="flex: 1; max-width: 400px;"
            >
              <div>
                icon
              </div>
              <input
                class="input"
                placeholder="Search accused name..."
                value=""
              />
            </div>
            <button
              class="btn btn-primary"
            >
              Search
            </button>
            <button
              class="btn btn-secondary"
            >
              <div>
                icon
              </div>
               Create Profile
            </button>
          </div>
          <div
            class="card"
            style="text-align: center; padding: 80px;"
          >
            <div>
              icon
            </div>
            <h3
              style="margin-bottom: 8px;"
            >
              Search for an accused person
            </h3>
            <p
              style="font-size: 14px;"
            >
              Enter a name to view their priority score and case history
            </p>
          </div>
        </div>
      </div>
    </body>

      33 |   test('loads sample offender on mount', async () => {
      34 |     render(<OffenderPage />, { wrapper });
    > 35 |     await waitFor(() => expect(screen.getByDisplayValue(/ravi kumar/i)).toBeInTheDocument());
         |                  ^
      36 |   });
      37 |
      38 |   test('renders profile section', async () => {

      at waitForWrapper (node_modules/@testing-library/dom/dist/wait-for.js:163:27)
      at src/pages/__tests__/OffenderPage.test.tsx:35:18
      at step (src/pages/__tests__/OffenderPage.test.tsx:33:23)
      at Object.next (src/pages/__tests__/OffenderPage.test.tsx:14:53)
      at src/pages/__tests__/OffenderPage.test.tsx:8:71
      at Object.<anonymous>.__awaiter (src/pages/__tests__/OffenderPage.test.tsx:4:12)
      at Object.<anonymous> (src/pages/__tests__/OffenderPage.test.tsx:33:42)

FAIL src/pages/__tests__/ForecastPage.test.tsx (5.732 s)
  ForecastPage
    ├ù renders forecast heading (1507 ms)
    ├ù renders category heading (39 ms)
    ├ù renders navigation (157 ms)

  ΓùÅ ForecastPage ΓÇ║ renders forecast heading

    Found multiple elements with the text: /forecast/i

    Here are the matching elements:

    Ignored nodes: comments, script, style
    <h1>
      Crime Forecast
    </h1>

    Ignored nodes: comments, script, style
    <p>
      Prophet time-series forecasting with multi-category and district-level projections
    </p>

    Ignored nodes: comments, script, style
    <div
      class="kpi-label"
    >
      Forecast Model
    </div>

    Ignored nodes: comments, script, style
    <div
      class="kpi-label"
    >
      Forecast Horizon
    </div>

    Ignored nodes: comments, script, style
    <div
      class="card-header"
    >
      30-Day Forecast by Crime Type ΓÇö Bengaluru Urban
    </div>

    (If this is intentional, then use the `*AllBy*` variant of the query (like `queryAllByText`, `getAllByText`, or `findAllByText`)).

    Ignored nodes: comments, script, style
    <body>
      <div>
        <div>
          <div
            class="page-header flex justify-between items-center"
          >
            <div>
              <h1>
                Crime Forecast
              </h1>
              <p>
                Prophet time-series forecasting with multi-category and district-level projections
              </p>
            </div>
            <button
              class="btn btn-primary btn-sm"
            >
              <div>
                icon
              </div>
               Export PDF
            </button>
          </div>
          <div
            class="tabs"
            style="margin-bottom: 24px;"
          >
            <button
              class="tab active"
            >
              <div>
                icon
              </div>
               By Crime Type
            </button>
            <button
              class="tab "
            >
              <div>
                icon
              </div>
               By District
            </button>
          </div>
          <div
            id="forecast-content"
          >
            <div
              class="grid-4"
              style="margin-bottom: 24px;"
            >
              <div
                class="card kpi-card"
              >
                <div
                  class="kpi-value"
                  style="font-size: 24px;"
                >
                  Prophet v1.0
                </div>
                <div
                  class="kpi-label"
                >
                  Forecast Model
                </div>
              </div>
              <div
                class="card kpi-card"
              >
                <div
                  class="kpi-value"
                  style="font-size: 24px;"
                >
                  80%
                </div>
                <div
                  class="kpi-label"
                >
                  Confidence Interval
                </div>
              </div>
              <div
                class="card kpi-card"
              >
                <div
                  class="kpi-value"
                  style="font-size: 24px;"
                >
                  30 days
                </div>
                <div
                  class="kpi-label"
                >
                  Forecast Horizon
                </div>
              </div>
              <div
                class="card kpi-card"
              >
                <div
                  class="kpi-value"
                  style="font-size: 24px;"
                >
                  Daily
                </div>
                <div
                  class="kpi-label"
                >
                  Data Granularity
                </div>
              </div>
            </div>
            <div
              class="card"
              style="margin-bottom: 24px;"
            >
              <div
                class="card-header"
              >
                30-Day Forecast by Crime Type ΓÇö Bengaluru Urban
              </div>
              <div>
                <div>
                  <div />
                  <div />
                  <div />
                  <div />
                  <div />
                  <div />
                  <div />
                  <div />
                </div>
              </div>
            </div>
            <div
              class="card"
              style="margin-bottom: 24px;"
            >
              <div
                class="card-header"
              >
                Predicted Cases by Crime Type (Day 30)
              </div>
              <div>
                <div>
                  <div />
                  <div />
                  <div />
                  <div />
                  <div />
                </div>
              </div>
            </div>
          </div>
        </div>
      </div>
    </body>

      25 |   test('renders forecast heading', async () => {
      26 |     render(<ForecastPage />, { wrapper });
    > 27 |     await waitFor(() => expect(screen.getByText(/forecast/i)).toBeInTheDocument());
         |                  ^
      28 |   });
      29 |
      30 |   test('renders category heading', () => {

      at waitForWrapper (node_modules/@testing-library/dom/dist/wait-for.js:163:27)
      at src/pages/__tests__/ForecastPage.test.tsx:27:18
      at step (src/pages/__tests__/ForecastPage.test.tsx:33:23)
      at Object.next (src/pages/__tests__/ForecastPage.test.tsx:14:53)
      at src/pages/__tests__/ForecastPage.test.tsx:8:71
      at Object.<anonymous>.__awaiter (src/pages/__tests__/ForecastPage.test.tsx:4:12)
      at Object.<anonymous> (src/pages/__tests__/ForecastPage.test.tsx:25:36)

  ΓùÅ ForecastPage ΓÇ║ renders category heading

    TestingLibraryElementError: Unable to find an element with the text: /theft/i. This could be because the text is broken up by multiple elements. In this case, you can provide a function for your text matcher to make your matcher more flexible.

    Ignored nodes: comments, script, style
    <body>
      <div>
        <div>
          <div
            class="page-header"
          >
            <h1>
              Crime Forecast
            </h1>
            <p>
              Prophet time-series forecasting
            </p>
          </div>
          <div
            class="skeleton"
            style="width: 100%; height: 300px; border-radius: var(--radius-card); margin-bottom: 24px;"
          />
          <div
            class="skeleton"
            style="width: 100%; height: 300px; border-radius: var(--radius-card); margin-bottom: 24px;"
          />
          <div
            class="skeleton"
            style="width: 100%; height: 300px; border-radius: var(--radius-card); margin-bottom: 24px;"
          />
        </div>
      </div>
    </body>

      30 |   test('renders category heading', () => {
      31 |     render(<ForecastPage />, { wrapper });
    > 32 |     expect(screen.getByText(/theft/i)).toBeInTheDocument();
         |                   ^
      33 |   });
      34 |
      35 |   test('renders navigation', () => {

      at Object.getElementError (node_modules/@testing-library/dom/dist/config.js:37:19)
      at node_modules/@testing-library/dom/dist/query-helpers.js:76:38
      at node_modules/@testing-library/dom/dist/query-helpers.js:52:17
      at node_modules/@testing-library/dom/dist/query-helpers.js:95:19
      at Object.<anonymous> (src/pages/__tests__/ForecastPage.test.tsx:32:19)

  ΓùÅ ForecastPage ΓÇ║ renders navigation

    TestingLibraryElementError: Unable to find an accessible element with the role "link"

    Here are the accessible roles:

      heading:

      Name "Crime Forecast":
      <h1 />

      --------------------------------------------------
      paragraph:

      Name "":
      <p />

      --------------------------------------------------

    Ignored nodes: comments, script, style
    <body>
      <div>
        <div>
          <div
            class="page-header"
          >
            <h1>
              Crime Forecast
            </h1>
            <p>
              Prophet time-series forecasting
            </p>
          </div>
          <div
            class="skeleton"
            style="width: 100%; height: 300px; border-radius: var(--radius-card); margin-bottom: 24px;"
          />
          <div
            class="skeleton"
            style="width: 100%; height: 300px; border-radius: var(--radius-card); margin-bottom: 24px;"
          />
          <div
            class="skeleton"
            style="width: 100%; height: 300px; border-radius: var(--radius-card); margin-bottom: 24px;"
          />
        </div>
      </div>
    </body>

      35 |   test('renders navigation', () => {
      36 |     render(<ForecastPage />, { wrapper });
    > 37 |     const links = screen.getAllByRole('link');
         |                          ^
      38 |     expect(links.length).toBeGreaterThan(5);
      39 |   });
      40 | });

      at Object.getElementError (node_modules/@testing-library/dom/dist/config.js:37:19)
      at node_modules/@testing-library/dom/dist/query-helpers.js:76:38
      at node_modules/@testing-library/dom/dist/query-helpers.js:109:15
      at Object.<anonymous> (src/pages/__tests__/ForecastPage.test.tsx:37:26)

  console.error
    An update to CoordinationPage inside a test was not wrapped in act(...).
    
    When testing, code that causes React state updates should be wrapped into act(...):
    
    act(() => {
      /* fire events that update state */
    });
    /* assert on the output */
    
    This ensures that you're testing the behavior the user would see in the browser. Learn more at https://react.dev/link/wrap-tests-with-act

    [0m [90m 22 |[39m   [36mconst[39m [updating[33m,[39m setUpdating] [33m=[39m useState[33m<[39m[33mstring[39m [33m|[39m [36mnull[39m[33m>[39m([36mnull[39m)[33m;[39m
     [90m 23 |[39m
    [31m[1m>[22m[39m[90m 24 |[39m   useEffect(() [33m=>[39m { api[33m.[39mlistCoordination()[33m.[39mthen(r [33m=>[39m { setRequests(r)[33m;[39m setLoading([36mfalse[39m)[33m;[39m })[33m;[39m }[33m,[39m [])[33m;[39m
     [90m    |[39m                                                        [31m[1m^[22m[39m
     [90m 25 |[39m
     [90m 26 |[39m   [36mconst[39m handleCreate [33m=[39m [36masync[39m (e[33m:[39m [33mReact[39m[33m.[39m[33mFormEvent[39m) [33m=>[39m {
     [90m 27 |[39m     e[33m.[39mpreventDefault()[33m;[39m[0m

      at node_modules/react-dom/cjs/react-dom-client.development.js:18758:19
      at runWithFiberInDEV (node_modules/react-dom/cjs/react-dom-client.development.js:874:13)
      at warnIfUpdatesNotWrappedWithActDEV (node_modules/react-dom/cjs/react-dom-client.development.js:18757:9)
      at scheduleUpdateOnFiber (node_modules/react-dom/cjs/react-dom-client.development.js:16409:11)
      at dispatchSetStateInternal (node_modules/react-dom/cjs/react-dom-client.development.js:9170:13)
      at dispatchSetState (node_modules/react-dom/cjs/react-dom-client.development.js:9127:7)
      at src/pages/CoordinationPage.tsx:24:56

  console.error
    An update to CoordinationPage inside a test was not wrapped in act(...).
    
    When testing, code that causes React state updates should be wrapped into act(...):
    
    act(() => {
      /* fire events that update state */
    });
    /* assert on the output */
    
    This ensures that you're testing the behavior the user would see in the browser. Learn more at https://react.dev/link/wrap-tests-with-act

    [0m [90m 22 |[39m   [36mconst[39m [updating[33m,[39m setUpdating] [33m=[39m useState[33m<[39m[33mstring[39m [33m|[39m [36mnull[39m[33m>[39m([36mnull[39m)[33m;[39m
     [90m 23 |[39m
    [31m[1m>[22m[39m[90m 24 |[39m   useEffect(() [33m=>[39m { api[33m.[39mlistCoordination()[33m.[39mthen(r [33m=>[39m { setRequests(r)[33m;[39m setLoading([36mfalse[39m)[33m;[39m })[33m;[39m }[33m,[39m [])[33m;[39m
     [90m    |[39m                                                                        [31m[1m^[22m[39m
     [90m 25 |[39m
     [90m 26 |[39m   [36mconst[39m handleCreate [33m=[39m [36masync[39m (e[33m:[39m [33mReact[39m[33m.[39m[33mFormEvent[39m) [33m=>[39m {
     [90m 27 |[39m     e[33m.[39mpreventDefault()[33m;[39m[0m

      at node_modules/react-dom/cjs/react-dom-client.development.js:18758:19
      at runWithFiberInDEV (node_modules/react-dom/cjs/react-dom-client.development.js:874:13)
      at warnIfUpdatesNotWrappedWithActDEV (node_modules/react-dom/cjs/react-dom-client.development.js:18757:9)
      at scheduleUpdateOnFiber (node_modules/react-dom/cjs/react-dom-client.development.js:16409:11)
      at dispatchSetStateInternal (node_modules/react-dom/cjs/react-dom-client.development.js:9170:13)
      at dispatchSetState (node_modules/react-dom/cjs/react-dom-client.development.js:9127:7)
      at src/pages/CoordinationPage.tsx:24:72

FAIL src/pages/__tests__/DashboardPage.test.tsx (5.956 s)
  DashboardPage
    ├ù renders KPIs after loading (1527 ms)
    ΓêÜ renders trend chart section (29 ms)
    ├ù renders sidebar navigation (390 ms)

  ΓùÅ DashboardPage ΓÇ║ renders KPIs after loading

    Unable to find an element with the text: Total FIRs. This could be because the text is broken up by multiple elements. In this case, you can provide a function for your text matcher to make your matcher more flexible.

    Ignored nodes: comments, script, style
    <body>
      <div>
        <div>
          <div
            class="page-header"
          >
            <h1>
              Welcome, 
            </h1>
            <p>
              Karnataka State Police ΓÇö Crime Analytics Dashboard
            </p>
          </div>
          <div
            class="grid-4"
          >
            <div
              class="card kpi-card"
            >
              <div
                class="kpi-value"
              >
                12,847
              </div>
              <div
                class="kpi-label"
              >
                Total Cases
              </div>
            </div>
            <div
              class="card kpi-card"
            >
              <div
                class="kpi-value"
              >
                28.3%
              </div>
              <div
                class="kpi-label"
              >
                Heinous %
              </div>
            </div>
            <div
              class="card kpi-card"
            >
              <div
                class="kpi-value"
              >
                2,341
              </div>
              <div
                class="kpi-label"
              >
                Pending
              </div>
            </div>
            <div
              class="card kpi-card"
            >
              <div
                class="kpi-value"
              >
                31
              </div>
              <div
                class="kpi-label"
              >
                Districts
              </div>
            </div>
          </div>
          <div
            class="grid-2"
            style="margin-top: 24px;"
          >
            <div
              class="card"
            >
              <div
                class="card-header"
              >
                Crime Trends (Last 6 Months)
              </div>
              <div>
                <div>
                  <div />
                  <div />
                  <div />
                  <div />
                </div>
              </div>
            </div>
            <div
              class="card"
            >
              <div
                class="card-header"
              >
                Recent Activity
              </div>
              <div
                style="display: flex; flex-direction: column; gap: 12px;"
              >
                <div
                  style="display: flex; justify-content: space-between; align-items: center; padding: 8px 0px;"
                >
                  <span
                    style="font-size: 14px;"
                  >
                    New case filed: Theft in Bangalore North
                  </span>
                  <span
                    style="font-size: 12px;"
                  >
                    2 min ago
                  </span>
                </div>
                <div
                  style="display: flex; justify-content: space-between; align-items: center; padding: 8px 0px;"
                >
                  <span
                    style="font-size: 14px;"
                  >
                    Alert: Crime spike detected in Mysuru
                  </span>
                  <span
                    style="font-size: 12px;"
                  >
                    15 min ago
                  </span>
                </div>
                <div
                  style="display: flex; justify-content: space-between; align-items: center; padding: 8px 0px;"
                >
                  <span
                    style="font-size: 14px;"
                  >
                    Offender profile updated: Ravi Kumar
                  </span>
                  <span
                    style="font-size: 12px;"
                  >
                    1 hour ago
                  </span>
                </div>
                <div
                  style="display: flex; justify-content: space-between; align-items: center; padding: 8px 0px;"
                >
                  <span
                    style="font-size: 14px;"
                  >
                    Forecast generated for Bangalore Urban
                  </span>
                  <span
                    style="font-size: 12px;"
                  >
                    2 hours ago
                  </span>
                </div>
                <div
                  style="display: flex; justify-content: space-between; align-items: center; padding: 8px 0px;"
                >
                  <span
                    style="font-size: 14px;"
                  >
                    Investigation workspace updated: Case #101
                  </span>
                  <span
                    style="font-size: 12px;"
                  >
                    3 hours ago
                  </span>
                </div>
              </div>
            </div>
          </div>
        </div>
      </div>
    </body>

      26 |   test('renders KPIs after loading', async () => {
      27 |     render(<DashboardPage />, { wrapper });
    > 28 |     await waitFor(() => expect(screen.getByText('Total FIRs')).toBeInTheDocument());
         |                  ^
      29 |     expect(screen.getByText('12,847')).toBeInTheDocument();
      30 |     expect(screen.getByText('Active Cases')).toBeInTheDocument();
      31 |   });

      at waitForWrapper (node_modules/@testing-library/dom/dist/wait-for.js:163:27)
      at src/pages/__tests__/DashboardPage.test.tsx:28:18
      at step (src/pages/__tests__/DashboardPage.test.tsx:33:23)
      at Object.next (src/pages/__tests__/DashboardPage.test.tsx:14:53)
      at src/pages/__tests__/DashboardPage.test.tsx:8:71
      at Object.<anonymous>.__awaiter (src/pages/__tests__/DashboardPage.test.tsx:4:12)
      at Object.<anonymous> (src/pages/__tests__/DashboardPage.test.tsx:26:38)

  ΓùÅ DashboardPage ΓÇ║ renders sidebar navigation

    TestingLibraryElementError: Unable to find an accessible element with the role "link"

    Here are the accessible roles:

      heading:

      Name "Welcome,":
      <h1 />

      --------------------------------------------------
      paragraph:

      Name "":
      <p />

      --------------------------------------------------

    Ignored nodes: comments, script, style
    <body>
      <div>
        <div>
          <div
            class="page-header"
          >
            <h1>
              Welcome, 
            </h1>
            <p>
              Karnataka State Police ΓÇö Crime Analytics Dashboard
            </p>
          </div>
          <div
            class="grid-4"
          >
            <div
              class="card kpi-card"
            >
              <div
                class="kpi-value"
              >
                12,847
              </div>
              <div
                class="kpi-label"
              >
                Total Cases
              </div>
            </div>
            <div
              class="card kpi-card"
            >
              <div
                class="kpi-value"
              >
                28.3%
              </div>
              <div
                class="kpi-label"
              >
                Heinous %
              </div>
            </div>
            <div
              class="card kpi-card"
            >
              <div
                class="kpi-value"
              >
                2,341
              </div>
              <div
                class="kpi-label"
              >
                Pending
              </div>
            </div>
            <div
              class="card kpi-card"
            >
              <div
                class="kpi-value"
              >
                31
              </div>
              <div
                class="kpi-label"
              >
                Districts
              </div>
            </div>
          </div>
          <div
            class="grid-2"
            style="margin-top: 24px;"
          >
            <div
              class="card"
            >
              <div
                class="card-header"
              >
                Crime Trends (Last 6 Months)
              </div>
              <div>
                <div>
                  <div />
                  <div />
                  <div />
                  <div />
                </div>
              </div>
            </div>
            <div
              class="card"
            >
              <div
                class="card-header"
              >
                Recent Activity
              </div>
              <div
                style="display: flex; flex-direction: column; gap: 12px;"
              >
                <div
                  style="display: flex; justify-content: space-between; align-items: center; padding: 8px 0px;"
                >
                  <span
                    style="font-size: 14px;"
                  >
                    New case filed: Theft in Bangalore North
                  </span>
                  <span
                    style="font-size: 12px;"
                  >
                    2 min ago
                  </span>
                </div>
                <div
                  style="display: flex; justify-content: space-between; align-items: center; padding: 8px 0px;"
                >
                  <span
                    style="font-size: 14px;"
                  >
                    Alert: Crime spike detected in Mysuru
                  </span>
                  <span
                    style="font-size: 12px;"
                  >
                    15 min ago
                  </span>
                </div>
                <div
                  style="display: flex; justify-content: space-between; align-items: center; padding: 8px 0px;"
                >
                  <span
                    style="font-size: 14px;"
                  >
                    Offender profile updated: Ravi Kumar
                  </span>
                  <span
                    style="font-size: 12px;"
                  >
                    1 hour ago
                  </span>
                </div>
                <div
                  style="display: flex; justify-content: space-between; align-items: center; padding: 8px 0px;"
                >
                  <span
                    style="font-size: 14px;"
                  >
                    Forecast generated for Bangalore Urban
                  </span>
                  <span
                    style="font-size: 12px;"
                  >
                    2 hours ago
                  </span>
                </div>
                <div
                  style="display: flex; justify-content: space-between; align-items: center; padding: 8px 0px;"
                >
                  <span
                    style="font-size: 14px;"
                  >
                    Investigation workspace updated: Case #101
                  </span>
                  <span
                    style="font-size: 12px;"
                  >
                    3 hours ago
                  </span>
                </div>
              </div>
            </div>
          </div>
        </div>
      </div>
    </body>

      38 |   test('renders sidebar navigation', () => {
      39 |     render(<DashboardPage />, { wrapper });
    > 40 |     const links = screen.getAllByRole('link');
         |                          ^
      41 |     expect(links.length).toBeGreaterThan(0);
      42 |   });
      43 | });

      at Object.getElementError (node_modules/@testing-library/dom/dist/config.js:37:19)
      at node_modules/@testing-library/dom/dist/query-helpers.js:76:38
      at node_modules/@testing-library/dom/dist/query-helpers.js:109:15
      at Object.<anonymous> (src/pages/__tests__/DashboardPage.test.tsx:40:26)

FAIL src/pages/__tests__/InboxPage.test.tsx (5.745 s)
  InboxPage
    ΓêÜ renders inbox heading (512 ms)
    ΓêÜ renders messages from API (103 ms)
    ├ù renders multiple messages (1045 ms)
    ΓêÜ renders priority badge (17 ms)

  ΓùÅ InboxPage ΓÇ║ renders multiple messages

    Unable to find an element with the text: Update. This could be because the text is broken up by multiple elements. In this case, you can provide a function for your text matcher to make your matcher more flexible.

    Ignored nodes: comments, script, style
    <body>
      <div>
        <div>
          <div
            class="page-header flex justify-between items-center"
          >
            <div>
              <h1>
                Message Inbox
              </h1>
              <p>
                Communication hub
              </p>
            </div>
            <button
              class="btn btn-primary btn-sm"
            >
              <div>
                icon
              </div>
               
              New Message
            </button>
          </div>
          <div
            class="tabs"
            style="margin-bottom: 16px;"
          >
            <button
              class="tab active"
            >
              All
               (
              2
              )
            </button>
            <button
              class="tab "
            >
              Unread
               (
              1
              )
            </button>
            <button
              class="tab "
            >
              Critical
            </button>
            <button
              class="tab "
            >
              High
            </button>
          </div>
          <div
            style="display: flex; gap: 16px;"
          >
            <div
              style="flex: 1;"
            >
              <div
                style="display: flex; flex-direction: column; gap: 2px;"
              >
                <div
                  class="card"
                  style="cursor: pointer; opacity: 1;"
                >
                  <div
                    class="flex justify-between items-center"
                  >
                    <div
                      style="flex: 1;"
                    >
                      <div
                        class="flex items-center gap-2"
                      >
                        <span>
                          ≡ƒƒá
                        </span>
                        <span
                          style="font-weight: 600; font-size: 14px;"
                        >
                          Test Subject
                        </span>
                        <span
                          class="badge badge-elevated"
                          style="font-size: 10px;"
                        >
                          New
                        </span>
                      </div>
                      <div
                        style="font-size: 12px; margin-top: 2px;"
                      >
                        From
                        : 
                        IO
                         #
                        1
                         ┬╖ 
                        Station
                         ┬╖ 
                        18/7/2026, 1:46:31 am
                      </div>
                      <div
                        style="font-size: 13px; margin-top: 4px; white-space: nowrap; overflow: hidden; text-overflow: ellipsis; max-width: 500px;"
                      >
                        Test body
                      </div>
                    </div>
                    <div
                      class="flex gap-2 items-center"
                    >
                      <div>
                        icon
                      </div>
                    </div>
                  </div>
                </div>
              </div>
            </div>
          </div>
        </div>
      </div>
    </body>

      33 |   test('renders multiple messages', async () => {
      34 |     render(<InboxPage />, { wrapper });
    > 35 |     await waitFor(() => {
         |                  ^
      36 |       expect(screen.getByText('Test Subject')).toBeInTheDocument();
      37 |       expect(screen.getByText('Update')).toBeInTheDocument();
      38 |     });

      at waitForWrapper (node_modules/@testing-library/dom/dist/wait-for.js:163:27)
      at src/pages/__tests__/InboxPage.test.tsx:35:18
      at step (src/pages/__tests__/InboxPage.test.tsx:33:23)
      at Object.next (src/pages/__tests__/InboxPage.test.tsx:14:53)
      at src/pages/__tests__/InboxPage.test.tsx:8:71
      at Object.<anonymous>.__awaiter (src/pages/__tests__/InboxPage.test.tsx:4:12)
      at Object.<anonymous> (src/pages/__tests__/InboxPage.test.tsx:33:37)

FAIL src/pages/__tests__/CoordinationPage.test.tsx (5.766 s)
  CoordinationPage
    ├ù renders coordination heading (535 ms)
    ├ù renders request list (1033 ms)
    ├ù renders new request button (34 ms)

  ΓùÅ CoordinationPage ΓÇ║ renders coordination heading

    TestingLibraryElementError: Found multiple elements with the text: /coordination/i

    Here are the matching elements:

    Ignored nodes: comments, script, style
    <h1>
      Coordination
    </h1>

    Ignored nodes: comments, script, style
    <p>
      Inter-station coordination requests
    </p>

    (If this is intentional, then use the `*AllBy*` variant of the query (like `queryAllByText`, `getAllByText`, or `findAllByText`)).

    Ignored nodes: comments, script, style
    <body>
      <div>
        <div>
          <div
            class="page-header flex justify-between items-center"
          >
            <div>
              <h1>
                Coordination
              </h1>
              <p>
                Inter-station coordination requests
              </p>
            </div>
            <button
              class="btn btn-primary btn-sm"
            >
              <div>
                icon
              </div>
               
              New Request
            </button>
          </div>
          <div
            class="tabs"
            style="margin-bottom: 16px;"
          >
            <button
              class="tab active"
            >
              All
            </button>
            <button
              class="tab "
            >
              Pending
            </button>
            <button
              class="tab "
            >
              Approved
            </button>
            <button
              class="tab "
            >
              Rejected
            </button>
          </div>
          <div
            class="card"
            style="padding: 48px; text-align: center;"
          >
            <p
              class="text-muted"
            >
              Loading...
            </p>
          </div>
        </div>
      </div>
    </body>

      22 |   test('renders coordination heading', () => {
      23 |     render(<CoordinationPage />, { wrapper });
    > 24 |     expect(screen.getByText(/coordination/i)).toBeInTheDocument();
         |                   ^
      25 |   });
      26 |
      27 |   test('renders request list', async () => {

      at Object.getElementError (node_modules/@testing-library/dom/dist/config.js:37:19)
      at getElementError (node_modules/@testing-library/dom/dist/query-helpers.js:20:35)
      at getMultipleElementsFoundError (node_modules/@testing-library/dom/dist/query-helpers.js:23:10)
      at node_modules/@testing-library/dom/dist/query-helpers.js:55:13
      at node_modules/@testing-library/dom/dist/query-helpers.js:95:19
      at Object.<anonymous> (src/pages/__tests__/CoordinationPage.test.tsx:24:19)

  ΓùÅ CoordinationPage ΓÇ║ renders request list

    Found multiple elements with the text: /assistance/i

    Here are the matching elements:

    Ignored nodes: comments, script, style
    <span
      style="font-weight: 600; font-size: 14px;"
    >
      ASSISTANCE
    </span>

    Ignored nodes: comments, script, style
    <p
      class="text-sm"
      style="margin-bottom: 4px;"
    >
      Need assistance
    </p>

    (If this is intentional, then use the `*AllBy*` variant of the query (like `queryAllByText`, `getAllByText`, or `findAllByText`)).

    Ignored nodes: comments, script, style
    <body>
      <div>
        <div>
          <div
            class="page-header flex justify-between items-center"
          >
            <div>
              <h1>
                Coordination
              </h1>
              <p>
                Inter-station coordination requests
              </p>
            </div>
            <button
              class="btn btn-primary btn-sm"
            >
              <div>
                icon
              </div>
               
              New Request
            </button>
          </div>
          <div
            class="tabs"
            style="margin-bottom: 16px;"
          >
            <button
              class="tab active"
            >
              All
            </button>
            <button
              class="tab "
            >
              Pending
            </button>
            <button
              class="tab "
            >
              Approved
            </button>
            <button
              class="tab "
            >
              Rejected
            </button>
          </div>
          <div
            style="display: flex; flex-direction: column; gap: 8px;"
          >
            <div
              class="card"
            >
              <div
                class="flex justify-between items-center"
              >
                <div
                  style="flex: 1;"
                >
                  <div
                    class="flex items-center gap-2"
                    style="margin-bottom: 4px;"
                  >
                    <span
                      style="font-weight: 600; font-size: 14px;"
                    >
                      ASSISTANCE
                    </span>
                    <span
                      class="badge badge-moderate"
                      style="font-size: 10px;"
                    >
                      HIGH
                    </span>
                    <span
                      class="badge"
                      style="font-size: 10px; color: rgb(255, 255, 255);"
                    >
                      pending
                    </span>
                  </div>
                  <p
                    class="text-sm"
                    style="margin-bottom: 4px;"
                  >
                    Need assistance
                  </p>
                  <div
                    class="text-xs text-muted"
                  >
                    From
                    : 
                     ΓåÆ 
                    To
                    : 
                    2
                     ┬╖ 
                    Created
                    : 
                    18/7/2026
                  </div>
                </div>
                <div
                  class="flex gap-2"
                  style="margin-left: 16px;"
                >
                  <button
                    class="btn btn-primary btn-sm"
                  >
                    <div>
                      icon
                    </div>
                     
                    Approve
                  </button>
                  <button
                    class="btn btn-secondary btn-sm"
                  >
                    <div>
                      icon
                    </div>
                     
                    Reject
                  </button>
                </div>
              </div>
            </div>
          </div>
        </div>
      </div>
    </body>

      27 |   test('renders request list', async () => {
      28 |     render(<CoordinationPage />, { wrapper });
    > 29 |     await waitFor(() => expect(screen.getByText(/assistance/i)).toBeInTheDocument());
         |                  ^
      30 |   });
      31 |
      32 |   test('renders new request button', () => {

      at waitForWrapper (node_modules/@testing-library/dom/dist/wait-for.js:163:27)
      at src/pages/__tests__/CoordinationPage.test.tsx:29:18
      at step (src/pages/__tests__/CoordinationPage.test.tsx:33:23)
      at Object.next (src/pages/__tests__/CoordinationPage.test.tsx:14:53)
      at src/pages/__tests__/CoordinationPage.test.tsx:8:71
      at Object.<anonymous>.__awaiter (src/pages/__tests__/CoordinationPage.test.tsx:4:12)
      at Object.<anonymous> (src/pages/__tests__/CoordinationPage.test.tsx:27:32)

  ΓùÅ CoordinationPage ΓÇ║ renders new request button

    TestingLibraryElementError: Found multiple elements with the text: /new|create|request/i

    Here are the matching elements:

    Ignored nodes: comments, script, style
    <p>
      Inter-station coordination requests
    </p>

    Ignored nodes: comments, script, style
    <button
      class="btn btn-primary btn-sm"
    >
      <div>
        icon
      </div>
       
      New Request
    </button>

    (If this is intentional, then use the `*AllBy*` variant of the query (like `queryAllByText`, `getAllByText`, or `findAllByText`)).

    Ignored nodes: comments, script, style
    <body>
      <div>
        <div>
          <div
            class="page-header flex justify-between items-center"
          >
            <div>
              <h1>
                Coordination
              </h1>
              <p>
                Inter-station coordination requests
              </p>
            </div>
            <button
              class="btn btn-primary btn-sm"
            >
              <div>
                icon
              </div>
               
              New Request
            </button>
          </div>
          <div
            class="tabs"
            style="margin-bottom: 16px;"
          >
            <button
              class="tab active"
            >
              All
            </button>
            <button
              class="tab "
            >
              Pending
            </button>
            <button
              class="tab "
            >
              Approved
            </button>
            <button
              class="tab "
            >
              Rejected
            </button>
          </div>
          <div
            class="card"
            style="padding: 48px; text-align: center;"
          >
            <p
              class="text-muted"
            >
              Loading...
            </p>
          </div>
        </div>
      </div>
    </body>

      32 |   test('renders new request button', () => {
      33 |     render(<CoordinationPage />, { wrapper });
    > 34 |     expect(screen.getByText(/new|create|request/i)).toBeInTheDocument();
         |                   ^
      35 |   });
      36 | });
      37 |

      at Object.getElementError (node_modules/@testing-library/dom/dist/config.js:37:19)
      at getElementError (node_modules/@testing-library/dom/dist/query-helpers.js:20:35)
      at getMultipleElementsFoundError (node_modules/@testing-library/dom/dist/query-helpers.js:23:10)
      at node_modules/@testing-library/dom/dist/query-helpers.js:55:13
      at node_modules/@testing-library/dom/dist/query-helpers.js:95:19
      at Object.<anonymous> (src/pages/__tests__/CoordinationPage.test.tsx:34:19)

FAIL src/pages/__tests__/CaseRegistrationPage.test.tsx (5.93 s)
  CaseRegistrationPage
    ├ù renders registration form (538 ms)
    ├ù renders form fields (47 ms)
    ├ù submits form (1275 ms)

  ΓùÅ CaseRegistrationPage ΓÇ║ renders registration form

    TestingLibraryElementError: Found multiple elements with the text: /registration/i

    Here are the matching elements:

    Ignored nodes: comments, script, style
    <h1>
      Case Registration
    </h1>

    Ignored nodes: comments, script, style
    <div
      style="margin-bottom: 16px; padding: 12px; border-radius: 8px; font-size: 13px; min-height: 40px;"
    >
      I am CaseBot. I can help with your FIR registration.
    </div>

    (If this is intentional, then use the `*AllBy*` variant of the query (like `queryAllByText`, `getAllByText`, or `findAllByText`)).

    Ignored nodes: comments, script, style
    <body>
      <div>
        <div
          style="display: flex; gap: 24px;"
        >
          <div
            style="flex: 1;"
          >
            <div
              class="page-header"
            >
              <h1>
                Case Registration
              </h1>
              <p>
                Register a new First Information Report
              </p>
            </div>
            <div
              class="tabs"
              style="margin-bottom: 24px;"
            >
              <button
                class="tab active"
              >
                Incident
              </button>
              <button
                class="tab "
              >
                Complainant
              </button>
              <button
                class="tab "
              >
                Victims
              </button>
              <button
                class="tab "
              >
                Accused
              </button>
              <button
                class="tab "
              >
                Legal
              </button>
              <button
                class="tab "
              >
                Submit
              </button>
            </div>
            <form>
              <div
                class="card"
                style="margin-bottom: 24px;"
              >
                <div
                  class="card-header"
                >
                  <h3>
                    Incident Details
                  </h3>
                </div>
                <div
                  class="grid-2"
                >
                  <div
                    class="form-group"
                  >
                    <label>
                      Incident From Date/Time
                       *
                    </label>
                    <input
                      class="input"
                      required=""
                      type="datetime-local"
                      value=""
                    />
                  </div>
                  <div
                    class="form-group"
                  >
                    <label>
                      Incident To Date/Time
                    </label>
                    <input
                      class="input"
                      type="datetime-local"
                      value=""
                    />
                  </div>
                </div>
                <div
                  class="form-group"
                >
                  <label>
                    Incident Location
                     *
                  </label>
                  <div
                    style="display: flex; gap: 8px;"
                  >
                    <input
                      class="input"
                      placeholder="Enter location description"
                      required=""
                      style="flex: 1;"
                      value=""
                    />
                    <button
                      class="btn btn-ghost btn-icon"
                      title="Open map picker"
                      type="button"
                    >
                      <div>
                        icon
                      </div>
                    </button>
                  </div>
                </div>
                <div
                  class="form-group"
                >
                  <label>
                    Brief Facts
                     * 
                    <span
                      class="text-xs text-muted"
                    >
                      (
                      0
                       / 500-5000 
                      words
                      )
                    </span>
                  </label>
                  <textarea
                    class="input"
                    required=""
                    style="min-height: 150px; resize: vertical;"
                  />
                </div>
                <div
                  class="flex gap-4"
                  style="justify-content: flex-end; margin-top: 16px;"
                >
                  <button
                    class="btn btn-primary"
                    type="button"
                  >
                    Next: Complainant
                  </button>
                </div>
              </div>
            </form>
          </div>
          <div
            style="width: 320px; flex-shrink: 0;"
          >
            <div
              class="card"
              style="position: sticky; top: 32px;"
            >
              <div
                class="card-header flex justify-between items-center"
              >
                <span
                  class="flex items-center gap-2"
                >
                  <div>
                    icon
                  </div>
                   
                  CaseBot
                </span>
                <button
                  class="btn btn-ghost btn-icon"
                >
                  <div>
                    icon
                  </div>
                </button>
              </div>
              <div
                style="font-size: 14px;"
              >
                <div
                  style="margin-bottom: 16px; padding: 12px; border-radius: 8px; font-size: 13px; min-height: 40px;"
                >
                  I am CaseBot. I can help with your FIR registration.
                </div>
                <div
                  style="display: flex; flex-direction: column; gap: 8px;"
                >
                  <button
                    class="btn btn-ghost btn-sm"
                    style="justify-content: flex-start;"
                  >
                    <div>
                      icon
                    </div>
                     
                    Confidence Checker
                  </button>
                  <button
                    class="btn btn-ghost btn-sm"
                    style="justify-content: flex-start;"
                  >
                    Auto-fill similar case
                  </button>
                  <button
                    class="btn btn-ghost btn-sm"
                    style="justify-content: flex-start;"
                  >
                    Review sections
                  </button>
                  <button
                    class="btn btn-ghost btn-sm"
                    style="justify-content: flex-start;"
                  >
                    <div>
                      icon
                    </div>
                     
                    Help
                  </button>
                </div>
              </div>
            </div>
          </div>
        </div>
      </div>
    </body>

      20 |   test('renders registration form', () => {
      21 |     render(<CaseRegistrationPage />, { wrapper });
    > 22 |     expect(screen.getByText(/registration/i)).toBeInTheDocument();
         |                   ^
      23 |   });
      24 |
      25 |   test('renders form fields', () => {

      at Object.getElementError (node_modules/@testing-library/dom/dist/config.js:37:19)
      at getElementError (node_modules/@testing-library/dom/dist/query-helpers.js:20:35)
      at getMultipleElementsFoundError (node_modules/@testing-library/dom/dist/query-helpers.js:23:10)
      at node_modules/@testing-library/dom/dist/query-helpers.js:55:13
      at node_modules/@testing-library/dom/dist/query-helpers.js:95:19
      at Object.<anonymous> (src/pages/__tests__/CaseRegistrationPage.test.tsx:22:19)

  ΓùÅ CaseRegistrationPage ΓÇ║ renders form fields

    TestingLibraryElementError: Unable to find an element with the text: /case number/i. This could be because the text is broken up by multiple elements. In this case, you can provide a function for your text matcher to make your matcher more flexible.

    Ignored nodes: comments, script, style
    <body>
      <div>
        <div
          style="display: flex; gap: 24px;"
        >
          <div
            style="flex: 1;"
          >
            <div
              class="page-header"
            >
              <h1>
                Case Registration
              </h1>
              <p>
                Register a new First Information Report
              </p>
            </div>
            <div
              class="tabs"
              style="margin-bottom: 24px;"
            >
              <button
                class="tab active"
              >
                Incident
              </button>
              <button
                class="tab "
              >
                Complainant
              </button>
              <button
                class="tab "
              >
                Victims
              </button>
              <button
                class="tab "
              >
                Accused
              </button>
              <button
                class="tab "
              >
                Legal
              </button>
              <button
                class="tab "
              >
                Submit
              </button>
            </div>
            <form>
              <div
                class="card"
                style="margin-bottom: 24px;"
              >
                <div
                  class="card-header"
                >
                  <h3>
                    Incident Details
                  </h3>
                </div>
                <div
                  class="grid-2"
                >
                  <div
                    class="form-group"
                  >
                    <label>
                      Incident From Date/Time
                       *
                    </label>
                    <input
                      class="input"
                      required=""
                      type="datetime-local"
                      value=""
                    />
                  </div>
                  <div
                    class="form-group"
                  >
                    <label>
                      Incident To Date/Time
                    </label>
                    <input
                      class="input"
                      type="datetime-local"
                      value=""
                    />
                  </div>
                </div>
                <div
                  class="form-group"
                >
                  <label>
                    Incident Location
                     *
                  </label>
                  <div
                    style="display: flex; gap: 8px;"
                  >
                    <input
                      class="input"
                      placeholder="Enter location description"
                      required=""
                      style="flex: 1;"
                      value=""
                    />
                    <button
                      class="btn btn-ghost btn-icon"
                      title="Open map picker"
                      type="button"
                    >
                      <div>
                        icon
                      </div>
                    </button>
                  </div>
                </div>
                <div
                  class="form-group"
                >
                  <label>
                    Brief Facts
                     * 
                    <span
                      class="text-xs text-muted"
                    >
                      (
                      0
                       / 500-5000 
                      words
                      )
                    </span>
                  </label>
                  <textarea
                    class="input"
                    required=""
                    style="min-height: 150px; resize: vertical;"
                  />
                </div>
                <div
                  class="flex gap-4"
                  style="justify-content: flex-end; margin-top: 16px;"
                >
                  <button
                    class="btn btn-primary"
                    type="button"
                  >
                    Next: Complainant
                  </button>
                </div>
              </div>
            </form>
          </div>
          <div
            style="width: 320px; flex-shrink: 0;"
          >
            <div
              class="card"
              style="position: sticky; top: 32px;"
            >
              <div
                class="card-header flex justify-between items-center"
              >
                <span
                  class="flex items-center gap-2"
                >
                  <div>
                    icon
                  </div>
                   
                  CaseBot
                </span>
                <button
                  class="btn btn-ghost btn-icon"
                >
                  <div>
                    icon
                  </div>
                </button>
              </div>
              <div
                style="font-size: 14px;"
              >
                <div
                  style="margin-bottom: 16px; padding: 12px; border-radius: 8px; font-size: 13px; min-height: 40px;"
                >
                  I am CaseBot. I can help with your FIR registration.
                </div>
                <div
                  style="display: flex; flex-direction: column; gap: 8px;"
                >
                  <button
                    class="btn btn-ghost btn-sm"
                    style="justify-content: flex-start;"
                  >
                    <div>
                      icon
                    </div>
                     
                    Confidence Checker
                  </button>
                  <button
                    class="btn btn-ghost btn-sm"
                    style="justify-content: flex-start;"
                  >
                    Auto-fill similar case
                  </button>
                  <button
                    class="btn btn-ghost btn-sm"
                    style="justify-content: flex-start;"
                  >
                    Review sections
                  </button>
                  <button
                    class="btn btn-ghost btn-sm"
                    style="justify-content: flex-start;"
                  >
                    <div>
                      icon
                    </div>
                     
                    Help
                  </button>
                </div>
              </div>
            </div>
          </div>
        </div>
      </div>
    </body>

      25 |   test('renders form fields', () => {
      26 |     render(<CaseRegistrationPage />, { wrapper });
    > 27 |     expect(screen.getByText(/case number/i)).toBeInTheDocument();
         |                   ^
      28 |   });
      29 |
      30 |   test('submits form', async () => {

      at Object.getElementError (node_modules/@testing-library/dom/dist/config.js:37:19)
      at node_modules/@testing-library/dom/dist/query-helpers.js:76:38
      at node_modules/@testing-library/dom/dist/query-helpers.js:52:17
      at node_modules/@testing-library/dom/dist/query-helpers.js:95:19
      at Object.<anonymous> (src/pages/__tests__/CaseRegistrationPage.test.tsx:27:19)

  ΓùÅ CaseRegistrationPage ΓÇ║ submits form

    Unable to find an element with the text: /success/i. This could be because the text is broken up by multiple elements. In this case, you can provide a function for your text matcher to make your matcher more flexible.

    Ignored nodes: comments, script, style
    <body>
      <div>
        <div
          style="display: flex; gap: 24px;"
        >
          <div
            style="flex: 1;"
          >
            <div
              class="page-header"
            >
              <h1>
                Case Registration
              </h1>
              <p>
                Register a new First Information Report
              </p>
            </div>
            <div
              class="tabs"
              style="margin-bottom: 24px;"
            >
              <button
                class="tab "
              >
                Incident
              </button>
              <button
                class="tab "
              >
                Complainant
              </button>
              <button
                class="tab "
              >
                Victims
              </button>
              <button
                class="tab "
              >
                Accused
              </button>
              <button
                class="tab "
              >
                Legal
              </button>
              <button
                class="tab active"
              >
                Submit
              </button>
            </div>
            <form>
              <div
                class="card"
                style="margin-bottom: 24px;"
              >
                <div
                  class="card-header"
                >
                  <h3>
                    Approval & Submit
                  </h3>
                </div>
                <div
                  class="grid-2"
                >
                  <div
                    class="form-group"
                  >
                    <label>
                      Registered By
                    </label>
                    <input
                      class="input"
                      disabled=""
                      value="undefined (undefined)"
                    />
                  </div>
                  <div
                    class="form-group"
                  >
                    <label>
                      Police Station (Unit ID)
                    </label>
                    <input
                      class="input"
                      disabled=""
                      value="1"
                    />
                  </div>
                </div>
                <div
                  class="form-group"
                >
                  <label>
                    Date of Registration
                  </label>
                  <input
                    class="input"
                    disabled=""
                    value="18 July 2026"
                  />
                </div>
                <div
                  class="form-group"
                >
                  <label>
                    Crime No (auto-generated)
                  </label>
                  <input
                    class="input"
                    disabled=""
                    style="font-family: monospace;"
                    value="104430001202662182"
                  />
                </div>
                <div
                  class="flex gap-4"
                  style="justify-content: space-between; margin-top: 24px;"
                >
                  <button
                    class="btn btn-secondary"
                    type="button"
                  >
                    Back
                  </button>
                  <button
                    class="btn btn-primary"
                    type="submit"
                  >
                    <div>
                      icon
                    </div>
                     
                    Submit & Generate FIR
                  </button>
                </div>
              </div>
            </form>
          </div>
          <div
            style="width: 320px; flex-shrink: 0;"
          >
            <div
              class="card"
              style="position: sticky; top: 32px;"
            >
              <div
                class="card-header flex justify-between items-center"
              >
                <span
                  class="flex items-center gap-2"
                >
                  <div>
                    icon
                  </div>
                   
                  CaseBot
                </span>
                <button
                  class="btn btn-ghost btn-icon"
                >
                  <div>
                    icon
                  </div>
                </button>
              </div>
              <div
                style="font-size: 14px;"
              >
                <div
                  style="margin-bottom: 16px; padding: 12px; border-radius: 8px; font-size: 13px; min-height: 40px;"
                >
                  I am CaseBot. I can help with your FIR registration.
                </div>
                <div
                  style="display: flex; flex-direction: column; gap: 8px;"
                >
                  <button
                    class="btn btn-ghost btn-sm"
                    style="justify-content: flex-start;"
                  >
                    <div>
                      icon
                    </div>
                     
                    Confidence Checker
                  </button>
                  <button
                    class="btn btn-ghost btn-sm"
                    style="justify-content: flex-start;"
                  >
                    Auto-fill similar case
                  </button>
                  <button
                    class="btn btn-ghost btn-sm"
                    style="justify-content: flex-start;"
                  >
                    Review sections
                  </button>
                  <button
                    class="btn btn-ghost btn-sm"
                    style="justify-content: flex-start;"
                  >
                    <div>
                      icon
                    </div>
                     
                    Help
                  </button>
                </div>
              </div>
            </div>
          </div>
        </div>
      </div>
    </body>

      38 |     if (submitBtn) {
      39 |       fireEvent.click(submitBtn);
    > 40 |       await waitFor(() => expect(screen.getByText(/success/i)).toBeInTheDocument());
         |                    ^
      41 |     }
      42 |   });
      43 | });

      at waitForWrapper (node_modules/@testing-library/dom/dist/wait-for.js:163:27)
      at src/pages/__tests__/CaseRegistrationPage.test.tsx:40:20
      at step (src/pages/__tests__/CaseRegistrationPage.test.tsx:33:23)
      at Object.next (src/pages/__tests__/CaseRegistrationPage.test.tsx:14:53)
      at src/pages/__tests__/CaseRegistrationPage.test.tsx:8:71
      at Object.<anonymous>.__awaiter (src/pages/__tests__/CaseRegistrationPage.test.tsx:4:12)
      at Object.<anonymous> (src/pages/__tests__/CaseRegistrationPage.test.tsx:30:24)

  console.warn
    ΓÜá∩╕Å React Router Future Flag Warning: React Router will begin wrapping state updates in `React.startTransition` in v7. You can use the `v7_startTransition` future flag to opt-in early. For more information, see https://reactrouter.com/v6/upgrading/future#v7_starttransition.

    [0m [90m 21 |[39m describe([32m'AccessControlPage'[39m[33m,[39m () [33m=>[39m {
     [90m 22 |[39m   test([32m'renders access control heading'[39m[33m,[39m () [33m=>[39m {
    [31m[1m>[22m[39m[90m 23 |[39m     render([33m<[39m[33mAccessControlPage[39m [33m/[39m[33m>[39m[33m,[39m { wrapper })[33m;[39m
     [90m    |[39m           [31m[1m^[22m[39m
     [90m 24 |[39m     expect(screen[33m.[39mgetByText([35m/access/i[39m))[33m.[39mtoBeInTheDocument()[33m;[39m
     [90m 25 |[39m   })[33m;[39m
     [90m 26 |[39m[0m

      at warn (node_modules/react-router/lib/deprecations.ts:9:13)
      at warnOnce (node_modules/react-router/lib/deprecations.ts:14:3)
      at Object.logDeprecation [as UNSAFE_logV6DeprecationWarnings] (node_modules/react-router/lib/deprecations.ts:26:5)
      at logV6DeprecationWarnings (node_modules/react-router-dom/index.tsx:816:25)
      at Object.react_stack_bottom_frame (node_modules/react-dom/cjs/react-dom-client.development.js:25989:20)
      at runWithFiberInDEV (node_modules/react-dom/cjs/react-dom-client.development.js:874:13)
      at commitHookEffectListMount (node_modules/react-dom/cjs/react-dom-client.development.js:13249:29)
      at commitHookPassiveMountEffects (node_modules/react-dom/cjs/react-dom-client.development.js:13336:11)
      at commitPassiveMountOnFiber (node_modules/react-dom/cjs/react-dom-client.development.js:15484:13)
      at recursivelyTraversePassiveMountEffects (node_modules/react-dom/cjs/react-dom-client.development.js:15439:11)
      at commitPassiveMountOnFiber (node_modules/react-dom/cjs/react-dom-client.development.js:15476:11)
      at recursivelyTraversePassiveMountEffects (node_modules/react-dom/cjs/react-dom-client.development.js:15439:11)
      at commitPassiveMountOnFiber (node_modules/react-dom/cjs/react-dom-client.development.js:15519:11)
      at flushPassiveEffects (node_modules/react-dom/cjs/react-dom-client.development.js:18432:9)
      at node_modules/react-dom/cjs/react-dom-client.development.js:17923:15
      at flushActQueue (node_modules/react/cjs/react.development.js:590:34)
      at Object.<anonymous>.process.env.NODE_ENV.exports.act (node_modules/react/cjs/react.development.js:884:10)
      at node_modules/@testing-library/react/dist/act-compat.js:46:25
      at renderRoot (node_modules/@testing-library/react/dist/pure.js:189:26)
      at render (node_modules/@testing-library/react/dist/pure.js:291:10)
      at Object.<anonymous> (src/pages/__tests__/AccessControlPage.test.tsx:23:11)

  console.warn
    ΓÜá∩╕Å React Router Future Flag Warning: Relative route resolution within Splat routes is changing in v7. You can use the `v7_relativeSplatPath` future flag to opt-in early. For more information, see https://reactrouter.com/v6/upgrading/future#v7_relativesplatpath.

    [0m [90m 21 |[39m describe([32m'AccessControlPage'[39m[33m,[39m () [33m=>[39m {
     [90m 22 |[39m   test([32m'renders access control heading'[39m[33m,[39m () [33m=>[39m {
    [31m[1m>[22m[39m[90m 23 |[39m     render([33m<[39m[33mAccessControlPage[39m [33m/[39m[33m>[39m[33m,[39m { wrapper })[33m;[39m
     [90m    |[39m           [31m[1m^[22m[39m
     [90m 24 |[39m     expect(screen[33m.[39mgetByText([35m/access/i[39m))[33m.[39mtoBeInTheDocument()[33m;[39m
     [90m 25 |[39m   })[33m;[39m
     [90m 26 |[39m[0m

      at warn (node_modules/react-router/lib/deprecations.ts:9:13)
      at warnOnce (node_modules/react-router/lib/deprecations.ts:14:3)
      at Object.logDeprecation [as UNSAFE_logV6DeprecationWarnings] (node_modules/react-router/lib/deprecations.ts:37:5)
      at logV6DeprecationWarnings (node_modules/react-router-dom/index.tsx:816:25)
      at Object.react_stack_bottom_frame (node_modules/react-dom/cjs/react-dom-client.development.js:25989:20)
      at runWithFiberInDEV (node_modules/react-dom/cjs/react-dom-client.development.js:874:13)
      at commitHookEffectListMount (node_modules/react-dom/cjs/react-dom-client.development.js:13249:29)
      at commitHookPassiveMountEffects (node_modules/react-dom/cjs/react-dom-client.development.js:13336:11)
      at commitPassiveMountOnFiber (node_modules/react-dom/cjs/react-dom-client.development.js:15484:13)
      at recursivelyTraversePassiveMountEffects (node_modules/react-dom/cjs/react-dom-client.development.js:15439:11)
      at commitPassiveMountOnFiber (node_modules/react-dom/cjs/react-dom-client.development.js:15476:11)
      at recursivelyTraversePassiveMountEffects (node_modules/react-dom/cjs/react-dom-client.development.js:15439:11)
      at commitPassiveMountOnFiber (node_modules/react-dom/cjs/react-dom-client.development.js:15519:11)
      at flushPassiveEffects (node_modules/react-dom/cjs/react-dom-client.development.js:18432:9)
      at node_modules/react-dom/cjs/react-dom-client.development.js:17923:15
      at flushActQueue (node_modules/react/cjs/react.development.js:590:34)
      at Object.<anonymous>.process.env.NODE_ENV.exports.act (node_modules/react/cjs/react.development.js:884:10)
      at node_modules/@testing-library/react/dist/act-compat.js:46:25
      at renderRoot (node_modules/@testing-library/react/dist/pure.js:189:26)
      at render (node_modules/@testing-library/react/dist/pure.js:291:10)
      at Object.<anonymous> (src/pages/__tests__/AccessControlPage.test.tsx:23:11)

  console.warn
    ΓÜá∩╕Å React Router Future Flag Warning: React Router will begin wrapping state updates in `React.startTransition` in v7. You can use the `v7_startTransition` future flag to opt-in early. For more information, see https://reactrouter.com/v6/upgrading/future#v7_starttransition.

    [0m [90m 22 |[39m describe([32m'GroupManagerPage'[39m[33m,[39m () [33m=>[39m {
     [90m 23 |[39m   test([32m'renders groups heading'[39m[33m,[39m () [33m=>[39m {
    [31m[1m>[22m[39m[90m 24 |[39m     render([33m<[39m[33mGroupManagerPage[39m [33m/[39m[33m>[39m[33m,[39m { wrapper })[33m;[39m
     [90m    |[39m           [31m[1m^[22m[39m
     [90m 25 |[39m     expect(screen[33m.[39mgetByText([35m/group/i[39m))[33m.[39mtoBeInTheDocument()[33m;[39m
     [90m 26 |[39m   })[33m;[39m
     [90m 27 |[39m[0m

      at warn (node_modules/react-router/lib/deprecations.ts:9:13)
      at warnOnce (node_modules/react-router/lib/deprecations.ts:14:3)
      at Object.logDeprecation [as UNSAFE_logV6DeprecationWarnings] (node_modules/react-router/lib/deprecations.ts:26:5)
      at logV6DeprecationWarnings (node_modules/react-router-dom/index.tsx:816:25)
      at Object.react_stack_bottom_frame (node_modules/react-dom/cjs/react-dom-client.development.js:25989:20)
      at runWithFiberInDEV (node_modules/react-dom/cjs/react-dom-client.development.js:874:13)
      at commitHookEffectListMount (node_modules/react-dom/cjs/react-dom-client.development.js:13249:29)
      at commitHookPassiveMountEffects (node_modules/react-dom/cjs/react-dom-client.development.js:13336:11)
      at commitPassiveMountOnFiber (node_modules/react-dom/cjs/react-dom-client.development.js:15484:13)
      at recursivelyTraversePassiveMountEffects (node_modules/react-dom/cjs/react-dom-client.development.js:15439:11)
      at commitPassiveMountOnFiber (node_modules/react-dom/cjs/react-dom-client.development.js:15476:11)
      at recursivelyTraversePassiveMountEffects (node_modules/react-dom/cjs/react-dom-client.development.js:15439:11)
      at commitPassiveMountOnFiber (node_modules/react-dom/cjs/react-dom-client.development.js:15519:11)
      at flushPassiveEffects (node_modules/react-dom/cjs/react-dom-client.development.js:18432:9)
      at node_modules/react-dom/cjs/react-dom-client.development.js:17923:15
      at flushActQueue (node_modules/react/cjs/react.development.js:590:34)
      at Object.<anonymous>.process.env.NODE_ENV.exports.act (node_modules/react/cjs/react.development.js:884:10)
      at node_modules/@testing-library/react/dist/act-compat.js:46:25
      at renderRoot (node_modules/@testing-library/react/dist/pure.js:189:26)
      at render (node_modules/@testing-library/react/dist/pure.js:291:10)
      at Object.<anonymous> (src/pages/__tests__/GroupManagerPage.test.tsx:24:11)

  console.warn
    ΓÜá∩╕Å React Router Future Flag Warning: Relative route resolution within Splat routes is changing in v7. You can use the `v7_relativeSplatPath` future flag to opt-in early. For more information, see https://reactrouter.com/v6/upgrading/future#v7_relativesplatpath.

    [0m [90m 22 |[39m describe([32m'GroupManagerPage'[39m[33m,[39m () [33m=>[39m {
     [90m 23 |[39m   test([32m'renders groups heading'[39m[33m,[39m () [33m=>[39m {
    [31m[1m>[22m[39m[90m 24 |[39m     render([33m<[39m[33mGroupManagerPage[39m [33m/[39m[33m>[39m[33m,[39m { wrapper })[33m;[39m
     [90m    |[39m           [31m[1m^[22m[39m
     [90m 25 |[39m     expect(screen[33m.[39mgetByText([35m/group/i[39m))[33m.[39mtoBeInTheDocument()[33m;[39m
     [90m 26 |[39m   })[33m;[39m
     [90m 27 |[39m[0m

      at warn (node_modules/react-router/lib/deprecations.ts:9:13)
      at warnOnce (node_modules/react-router/lib/deprecations.ts:14:3)
      at Object.logDeprecation [as UNSAFE_logV6DeprecationWarnings] (node_modules/react-router/lib/deprecations.ts:37:5)
      at logV6DeprecationWarnings (node_modules/react-router-dom/index.tsx:816:25)
      at Object.react_stack_bottom_frame (node_modules/react-dom/cjs/react-dom-client.development.js:25989:20)
      at runWithFiberInDEV (node_modules/react-dom/cjs/react-dom-client.development.js:874:13)
      at commitHookEffectListMount (node_modules/react-dom/cjs/react-dom-client.development.js:13249:29)
      at commitHookPassiveMountEffects (node_modules/react-dom/cjs/react-dom-client.development.js:13336:11)
      at commitPassiveMountOnFiber (node_modules/react-dom/cjs/react-dom-client.development.js:15484:13)
      at recursivelyTraversePassiveMountEffects (node_modules/react-dom/cjs/react-dom-client.development.js:15439:11)
      at commitPassiveMountOnFiber (node_modules/react-dom/cjs/react-dom-client.development.js:15476:11)
      at recursivelyTraversePassiveMountEffects (node_modules/react-dom/cjs/react-dom-client.development.js:15439:11)
      at commitPassiveMountOnFiber (node_modules/react-dom/cjs/react-dom-client.development.js:15519:11)
      at flushPassiveEffects (node_modules/react-dom/cjs/react-dom-client.development.js:18432:9)
      at node_modules/react-dom/cjs/react-dom-client.development.js:17923:15
      at flushActQueue (node_modules/react/cjs/react.development.js:590:34)
      at Object.<anonymous>.process.env.NODE_ENV.exports.act (node_modules/react/cjs/react.development.js:884:10)
      at node_modules/@testing-library/react/dist/act-compat.js:46:25
      at renderRoot (node_modules/@testing-library/react/dist/pure.js:189:26)
      at render (node_modules/@testing-library/react/dist/pure.js:291:10)
      at Object.<anonymous> (src/pages/__tests__/GroupManagerPage.test.tsx:24:11)

  console.error
    An update to GroupManagerPage inside a test was not wrapped in act(...).
    
    When testing, code that causes React state updates should be wrapped into act(...):
    
    act(() => {
      /* fire events that update state */
    });
    /* assert on the output */
    
    This ensures that you're testing the behavior the user would see in the browser. Learn more at https://react.dev/link/wrap-tests-with-act

    [0m [90m 23 |[39m   [36mconst[39m [editForm[33m,[39m setEditForm] [33m=[39m useState({ group_name[33m:[39m [32m''[39m[33m,[39m description[33m:[39m [32m''[39m })[33m;[39m
     [90m 24 |[39m
    [31m[1m>[22m[39m[90m 25 |[39m   useEffect(() [33m=>[39m { api[33m.[39mlistDynamicGroups()[33m.[39mthen(g [33m=>[39m { setGroups(g)[33m;[39m setLoading([36mfalse[39m)[33m;[39m })[33m;[39m }[33m,[39m [])[33m;[39m
     [90m    |[39m                                                         [31m[1m^[22m[39m
     [90m 26 |[39m
     [90m 27 |[39m   [36mconst[39m loadMembers [33m=[39m [36masync[39m (gid[33m:[39m string) [33m=>[39m {
     [90m 28 |[39m     [36mif[39m (expandedId [33m===[39m gid) { setExpandedId([36mnull[39m)[33m;[39m [36mreturn[39m[33m;[39m }[0m

      at node_modules/react-dom/cjs/react-dom-client.development.js:18758:19
      at runWithFiberInDEV (node_modules/react-dom/cjs/react-dom-client.development.js:874:13)
      at warnIfUpdatesNotWrappedWithActDEV (node_modules/react-dom/cjs/react-dom-client.development.js:18757:9)
      at scheduleUpdateOnFiber (node_modules/react-dom/cjs/react-dom-client.development.js:16409:11)
      at dispatchSetStateInternal (node_modules/react-dom/cjs/react-dom-client.development.js:9170:13)
      at dispatchSetState (node_modules/react-dom/cjs/react-dom-client.development.js:9127:7)
      at src/pages/GroupManagerPage.tsx:25:57

  console.error
    An update to GroupManagerPage inside a test was not wrapped in act(...).
    
    When testing, code that causes React state updates should be wrapped into act(...):
    
    act(() => {
      /* fire events that update state */
    });
    /* assert on the output */
    
    This ensures that you're testing the behavior the user would see in the browser. Learn more at https://react.dev/link/wrap-tests-with-act

    [0m [90m 23 |[39m   [36mconst[39m [editForm[33m,[39m setEditForm] [33m=[39m useState({ group_name[33m:[39m [32m''[39m[33m,[39m description[33m:[39m [32m''[39m })[33m;[39m
     [90m 24 |[39m
    [31m[1m>[22m[39m[90m 25 |[39m   useEffect(() [33m=>[39m { api[33m.[39mlistDynamicGroups()[33m.[39mthen(g [33m=>[39m { setGroups(g)[33m;[39m setLoading([36mfalse[39m)[33m;[39m })[33m;[39m }[33m,[39m [])[33m;[39m
     [90m    |[39m                                                                       [31m[1m^[22m[39m
     [90m 26 |[39m
     [90m 27 |[39m   [36mconst[39m loadMembers [33m=[39m [36masync[39m (gid[33m:[39m string) [33m=>[39m {
     [90m 28 |[39m     [36mif[39m (expandedId [33m===[39m gid) { setExpandedId([36mnull[39m)[33m;[39m [36mreturn[39m[33m;[39m }[0m

      at node_modules/react-dom/cjs/react-dom-client.development.js:18758:19
      at runWithFiberInDEV (node_modules/react-dom/cjs/react-dom-client.development.js:874:13)
      at warnIfUpdatesNotWrappedWithActDEV (node_modules/react-dom/cjs/react-dom-client.development.js:18757:9)
      at scheduleUpdateOnFiber (node_modules/react-dom/cjs/react-dom-client.development.js:16409:11)
      at dispatchSetStateInternal (node_modules/react-dom/cjs/react-dom-client.development.js:9170:13)
      at dispatchSetState (node_modules/react-dom/cjs/react-dom-client.development.js:9127:7)
      at src/pages/GroupManagerPage.tsx:25:71

  console.error
    An update to GroupManagerPage inside a test was not wrapped in act(...).
    
    When testing, code that causes React state updates should be wrapped into act(...):
    
    act(() => {
      /* fire events that update state */
    });
    /* assert on the output */
    
    This ensures that you're testing the behavior the user would see in the browser. Learn more at https://react.dev/link/wrap-tests-with-act

    [0m [90m 23 |[39m   [36mconst[39m [editForm[33m,[39m setEditForm] [33m=[39m useState({ group_name[33m:[39m [32m''[39m[33m,[39m description[33m:[39m [32m''[39m })[33m;[39m
     [90m 24 |[39m
    [31m[1m>[22m[39m[90m 25 |[39m   useEffect(() [33m=>[39m { api[33m.[39mlistDynamicGroups()[33m.[39mthen(g [33m=>[39m { setGroups(g)[33m;[39m setLoading([36mfalse[39m)[33m;[39m })[33m;[39m }[33m,[39m [])[33m;[39m
     [90m    |[39m                                                         [31m[1m^[22m[39m
     [90m 26 |[39m
     [90m 27 |[39m   [36mconst[39m loadMembers [33m=[39m [36masync[39m (gid[33m:[39m string) [33m=>[39m {
     [90m 28 |[39m     [36mif[39m (expandedId [33m===[39m gid) { setExpandedId([36mnull[39m)[33m;[39m [36mreturn[39m[33m;[39m }[0m

      at node_modules/react-dom/cjs/react-dom-client.development.js:18758:19
      at runWithFiberInDEV (node_modules/react-dom/cjs/react-dom-client.development.js:874:13)
      at warnIfUpdatesNotWrappedWithActDEV (node_modules/react-dom/cjs/react-dom-client.development.js:18757:9)
      at scheduleUpdateOnFiber (node_modules/react-dom/cjs/react-dom-client.development.js:16409:11)
      at dispatchSetStateInternal (node_modules/react-dom/cjs/react-dom-client.development.js:9170:13)
      at dispatchSetState (node_modules/react-dom/cjs/react-dom-client.development.js:9127:7)
      at src/pages/GroupManagerPage.tsx:25:57

  console.error
    An update to GroupManagerPage inside a test was not wrapped in act(...).
    
    When testing, code that causes React state updates should be wrapped into act(...):
    
    act(() => {
      /* fire events that update state */
    });
    /* assert on the output */
    
    This ensures that you're testing the behavior the user would see in the browser. Learn more at https://react.dev/link/wrap-tests-with-act

    [0m [90m 23 |[39m   [36mconst[39m [editForm[33m,[39m setEditForm] [33m=[39m useState({ group_name[33m:[39m [32m''[39m[33m,[39m description[33m:[39m [32m''[39m })[33m;[39m
     [90m 24 |[39m
    [31m[1m>[22m[39m[90m 25 |[39m   useEffect(() [33m=>[39m { api[33m.[39mlistDynamicGroups()[33m.[39mthen(g [33m=>[39m { setGroups(g)[33m;[39m setLoading([36mfalse[39m)[33m;[39m })[33m;[39m }[33m,[39m [])[33m;[39m
     [90m    |[39m                                                                       [31m[1m^[22m[39m
     [90m 26 |[39m
     [90m 27 |[39m   [36mconst[39m loadMembers [33m=[39m [36masync[39m (gid[33m:[39m string) [33m=>[39m {
     [90m 28 |[39m     [36mif[39m (expandedId [33m===[39m gid) { setExpandedId([36mnull[39m)[33m;[39m [36mreturn[39m[33m;[39m }[0m

      at node_modules/react-dom/cjs/react-dom-client.development.js:18758:19
      at runWithFiberInDEV (node_modules/react-dom/cjs/react-dom-client.development.js:874:13)
      at warnIfUpdatesNotWrappedWithActDEV (node_modules/react-dom/cjs/react-dom-client.development.js:18757:9)
      at scheduleUpdateOnFiber (node_modules/react-dom/cjs/react-dom-client.development.js:16409:11)
      at dispatchSetStateInternal (node_modules/react-dom/cjs/react-dom-client.development.js:9170:13)
      at dispatchSetState (node_modules/react-dom/cjs/react-dom-client.development.js:9127:7)
      at src/pages/GroupManagerPage.tsx:25:71

FAIL src/pages/__tests__/AccessControlPage.test.tsx
  AccessControlPage
    ├ù renders access control heading (94 ms)
    ├ù renders tabs or sections (40 ms)
    ├ù renders navigation (39 ms)

  ΓùÅ AccessControlPage ΓÇ║ renders access control heading

    TypeError: api_1.api.listMyGroups is not a function

      24 |   const [delForm, setDelForm] = useState({ grantee: '', permission: 'APPROVE_CHARGESHEET', scope: 'own_station', reason: '' });
      25 |
    > 26 |   useEffect(() => { api.listDelegations(undefined, employeeId).then(setDelegations); api.listMyGroups(employeeId).then(setMyGroups); api.getEmergencyStatus().then(setEmergency); }, [employeeId]);
         |                                                                                          ^
      27 |
      28 |   const runCheck = async (rt: string, action: string) => {
      29 |     setChecking(true);

      at src/pages/AccessControlPage.tsx:26:90
      at Object.react_stack_bottom_frame (node_modules/react-dom/cjs/react-dom-client.development.js:25989:20)
      at runWithFiberInDEV (node_modules/react-dom/cjs/react-dom-client.development.js:874:13)
      at commitHookEffectListMount (node_modules/react-dom/cjs/react-dom-client.development.js:13249:29)
      at commitHookPassiveMountEffects (node_modules/react-dom/cjs/react-dom-client.development.js:13336:11)
      at commitPassiveMountOnFiber (node_modules/react-dom/cjs/react-dom-client.development.js:15484:13)
      at recursivelyTraversePassiveMountEffects (node_modules/react-dom/cjs/react-dom-client.development.js:15439:11)
      at commitPassiveMountOnFiber (node_modules/react-dom/cjs/react-dom-client.development.js:15718:11)
      at recursivelyTraversePassiveMountEffects (node_modules/react-dom/cjs/react-dom-client.development.js:15439:11)
      at commitPassiveMountOnFiber (node_modules/react-dom/cjs/react-dom-client.development.js:15476:11)
      at recursivelyTraversePassiveMountEffects (node_modules/react-dom/cjs/react-dom-client.development.js:15439:11)
      at commitPassiveMountOnFiber (node_modules/react-dom/cjs/react-dom-client.development.js:15718:11)
      at recursivelyTraversePassiveMountEffects (node_modules/react-dom/cjs/react-dom-client.development.js:15439:11)
      at commitPassiveMountOnFiber (node_modules/react-dom/cjs/react-dom-client.development.js:15476:11)
      at recursivelyTraversePassiveMountEffects (node_modules/react-dom/cjs/react-dom-client.development.js:15439:11)
      at commitPassiveMountOnFiber (node_modules/react-dom/cjs/react-dom-client.development.js:15718:11)
      at recursivelyTraversePassiveMountEffects (node_modules/react-dom/cjs/react-dom-client.development.js:15439:11)
      at commitPassiveMountOnFiber (node_modules/react-dom/cjs/react-dom-client.development.js:15718:11)
      at recursivelyTraversePassiveMountEffects (node_modules/react-dom/cjs/react-dom-client.development.js:15439:11)
      at commitPassiveMountOnFiber (node_modules/react-dom/cjs/react-dom-client.development.js:15476:11)
      at recursivelyTraversePassiveMountEffects (node_modules/react-dom/cjs/react-dom-client.development.js:15439:11)
      at commitPassiveMountOnFiber (node_modules/react-dom/cjs/react-dom-client.development.js:15476:11)
      at recursivelyTraversePassiveMountEffects (node_modules/react-dom/cjs/react-dom-client.development.js:15439:11)
      at commitPassiveMountOnFiber (node_modules/react-dom/cjs/react-dom-client.development.js:15476:11)
      at recursivelyTraversePassiveMountEffects (node_modules/react-dom/cjs/react-dom-client.development.js:15439:11)
      at commitPassiveMountOnFiber (node_modules/react-dom/cjs/react-dom-client.development.js:15519:11)
      at flushPassiveEffects (node_modules/react-dom/cjs/react-dom-client.development.js:18432:9)
      at node_modules/react-dom/cjs/react-dom-client.development.js:17923:15
      at flushActQueue (node_modules/react/cjs/react.development.js:590:34)
      at Object.<anonymous>.process.env.NODE_ENV.exports.act (node_modules/react/cjs/react.development.js:884:10)
      at node_modules/@testing-library/react/dist/act-compat.js:46:25
      at renderRoot (node_modules/@testing-library/react/dist/pure.js:189:26)
      at render (node_modules/@testing-library/react/dist/pure.js:291:10)
      at Object.<anonymous> (src/pages/__tests__/AccessControlPage.test.tsx:23:11)

  ΓùÅ AccessControlPage ΓÇ║ renders tabs or sections

    TypeError: api_1.api.listMyGroups is not a function

      24 |   const [delForm, setDelForm] = useState({ grantee: '', permission: 'APPROVE_CHARGESHEET', scope: 'own_station', reason: '' });
      25 |
    > 26 |   useEffect(() => { api.listDelegations(undefined, employeeId).then(setDelegations); api.listMyGroups(employeeId).then(setMyGroups); api.getEmergencyStatus().then(setEmergency); }, [employeeId]);
         |                                                                                          ^
      27 |
      28 |   const runCheck = async (rt: string, action: string) => {
      29 |     setChecking(true);

      at src/pages/AccessControlPage.tsx:26:90
      at Object.react_stack_bottom_frame (node_modules/react-dom/cjs/react-dom-client.development.js:25989:20)
      at runWithFiberInDEV (node_modules/react-dom/cjs/react-dom-client.development.js:874:13)
      at commitHookEffectListMount (node_modules/react-dom/cjs/react-dom-client.development.js:13249:29)
      at commitHookPassiveMountEffects (node_modules/react-dom/cjs/react-dom-client.development.js:13336:11)
      at commitPassiveMountOnFiber (node_modules/react-dom/cjs/react-dom-client.development.js:15484:13)
      at recursivelyTraversePassiveMountEffects (node_modules/react-dom/cjs/react-dom-client.development.js:15439:11)
      at commitPassiveMountOnFiber (node_modules/react-dom/cjs/react-dom-client.development.js:15718:11)
      at recursivelyTraversePassiveMountEffects (node_modules/react-dom/cjs/react-dom-client.development.js:15439:11)
      at commitPassiveMountOnFiber (node_modules/react-dom/cjs/react-dom-client.development.js:15476:11)
      at recursivelyTraversePassiveMountEffects (node_modules/react-dom/cjs/react-dom-client.development.js:15439:11)
      at commitPassiveMountOnFiber (node_modules/react-dom/cjs/react-dom-client.development.js:15718:11)
      at recursivelyTraversePassiveMountEffects (node_modules/react-dom/cjs/react-dom-client.development.js:15439:11)
      at commitPassiveMountOnFiber (node_modules/react-dom/cjs/react-dom-client.development.js:15476:11)
      at recursivelyTraversePassiveMountEffects (node_modules/react-dom/cjs/react-dom-client.development.js:15439:11)
      at commitPassiveMountOnFiber (node_modules/react-dom/cjs/react-dom-client.development.js:15718:11)
      at recursivelyTraversePassiveMountEffects (node_modules/react-dom/cjs/react-dom-client.development.js:15439:11)
      at commitPassiveMountOnFiber (node_modules/react-dom/cjs/react-dom-client.development.js:15718:11)
      at recursivelyTraversePassiveMountEffects (node_modules/react-dom/cjs/react-dom-client.development.js:15439:11)
      at commitPassiveMountOnFiber (node_modules/react-dom/cjs/react-dom-client.development.js:15476:11)
      at recursivelyTraversePassiveMountEffects (node_modules/react-dom/cjs/react-dom-client.development.js:15439:11)
      at commitPassiveMountOnFiber (node_modules/react-dom/cjs/react-dom-client.development.js:15476:11)
      at recursivelyTraversePassiveMountEffects (node_modules/react-dom/cjs/react-dom-client.development.js:15439:11)
      at commitPassiveMountOnFiber (node_modules/react-dom/cjs/react-dom-client.development.js:15476:11)
      at recursivelyTraversePassiveMountEffects (node_modules/react-dom/cjs/react-dom-client.development.js:15439:11)
      at commitPassiveMountOnFiber (node_modules/react-dom/cjs/react-dom-client.development.js:15519:11)
      at flushPassiveEffects (node_modules/react-dom/cjs/react-dom-client.development.js:18432:9)
      at node_modules/react-dom/cjs/react-dom-client.development.js:17923:15
      at flushActQueue (node_modules/react/cjs/react.development.js:590:34)
      at Object.<anonymous>.process.env.NODE_ENV.exports.act (node_modules/react/cjs/react.development.js:884:10)
      at node_modules/@testing-library/react/dist/act-compat.js:46:25
      at renderRoot (node_modules/@testing-library/react/dist/pure.js:189:26)
      at render (node_modules/@testing-library/react/dist/pure.js:291:10)
      at Object.<anonymous> (src/pages/__tests__/AccessControlPage.test.tsx:28:11)

  ΓùÅ AccessControlPage ΓÇ║ renders navigation

    TypeError: api_1.api.listMyGroups is not a function

      24 |   const [delForm, setDelForm] = useState({ grantee: '', permission: 'APPROVE_CHARGESHEET', scope: 'own_station', reason: '' });
      25 |
    > 26 |   useEffect(() => { api.listDelegations(undefined, employeeId).then(setDelegations); api.listMyGroups(employeeId).then(setMyGroups); api.getEmergencyStatus().then(setEmergency); }, [employeeId]);
         |                                                                                          ^
      27 |
      28 |   const runCheck = async (rt: string, action: string) => {
      29 |     setChecking(true);

      at src/pages/AccessControlPage.tsx:26:90
      at Object.react_stack_bottom_frame (node_modules/react-dom/cjs/react-dom-client.development.js:25989:20)
      at runWithFiberInDEV (node_modules/react-dom/cjs/react-dom-client.development.js:874:13)
      at commitHookEffectListMount (node_modules/react-dom/cjs/react-dom-client.development.js:13249:29)
      at commitHookPassiveMountEffects (node_modules/react-dom/cjs/react-dom-client.development.js:13336:11)
      at commitPassiveMountOnFiber (node_modules/react-dom/cjs/react-dom-client.development.js:15484:13)
      at recursivelyTraversePassiveMountEffects (node_modules/react-dom/cjs/react-dom-client.development.js:15439:11)
      at commitPassiveMountOnFiber (node_modules/react-dom/cjs/react-dom-client.development.js:15718:11)
      at recursivelyTraversePassiveMountEffects (node_modules/react-dom/cjs/react-dom-client.development.js:15439:11)
      at commitPassiveMountOnFiber (node_modules/react-dom/cjs/react-dom-client.development.js:15476:11)
      at recursivelyTraversePassiveMountEffects (node_modules/react-dom/cjs/react-dom-client.development.js:15439:11)
      at commitPassiveMountOnFiber (node_modules/react-dom/cjs/react-dom-client.development.js:15718:11)
      at recursivelyTraversePassiveMountEffects (node_modules/react-dom/cjs/react-dom-client.development.js:15439:11)
      at commitPassiveMountOnFiber (node_modules/react-dom/cjs/react-dom-client.development.js:15476:11)
      at recursivelyTraversePassiveMountEffects (node_modules/react-dom/cjs/react-dom-client.development.js:15439:11)
      at commitPassiveMountOnFiber (node_modules/react-dom/cjs/react-dom-client.development.js:15718:11)
      at recursivelyTraversePassiveMountEffects (node_modules/react-dom/cjs/react-dom-client.development.js:15439:11)
      at commitPassiveMountOnFiber (node_modules/react-dom/cjs/react-dom-client.development.js:15718:11)
      at recursivelyTraversePassiveMountEffects (node_modules/react-dom/cjs/react-dom-client.development.js:15439:11)
      at commitPassiveMountOnFiber (node_modules/react-dom/cjs/react-dom-client.development.js:15476:11)
      at recursivelyTraversePassiveMountEffects (node_modules/react-dom/cjs/react-dom-client.development.js:15439:11)
      at commitPassiveMountOnFiber (node_modules/react-dom/cjs/react-dom-client.development.js:15476:11)
      at recursivelyTraversePassiveMountEffects (node_modules/react-dom/cjs/react-dom-client.development.js:15439:11)
      at commitPassiveMountOnFiber (node_modules/react-dom/cjs/react-dom-client.development.js:15476:11)
      at recursivelyTraversePassiveMountEffects (node_modules/react-dom/cjs/react-dom-client.development.js:15439:11)
      at commitPassiveMountOnFiber (node_modules/react-dom/cjs/react-dom-client.development.js:15519:11)
      at flushPassiveEffects (node_modules/react-dom/cjs/react-dom-client.development.js:18432:9)
      at node_modules/react-dom/cjs/react-dom-client.development.js:17923:15
      at flushActQueue (node_modules/react/cjs/react.development.js:590:34)
      at Object.<anonymous>.process.env.NODE_ENV.exports.act (node_modules/react/cjs/react.development.js:884:10)
      at node_modules/@testing-library/react/dist/act-compat.js:46:25
      at renderRoot (node_modules/@testing-library/react/dist/pure.js:189:26)
      at render (node_modules/@testing-library/react/dist/pure.js:291:10)
      at Object.<anonymous> (src/pages/__tests__/AccessControlPage.test.tsx:34:11)

FAIL src/pages/__tests__/GroupManagerPage.test.tsx
  GroupManagerPage
    ├ù renders groups heading (69 ms)
    ΓêÜ renders groups from API (67 ms)
    ΓêÜ renders create button (22 ms)

  ΓùÅ GroupManagerPage ΓÇ║ renders groups heading

    TestingLibraryElementError: Found multiple elements with the text: /group/i

    Here are the matching elements:

    Ignored nodes: comments, script, style
    <h1>
      Group Manager
    </h1>

    Ignored nodes: comments, script, style
    <button
      class="btn btn-primary btn-sm"
    >
      <div>
        icon
      </div>
       
      Create Group
    </button>

    (If this is intentional, then use the `*AllBy*` variant of the query (like `queryAllByText`, `getAllByText`, or `findAllByText`)).

    Ignored nodes: comments, script, style
    <body>
      <div>
        <div>
          <div
            class="page-header flex justify-between items-center"
          >
            <div>
              <h1>
                Group Manager
              </h1>
              <p>
                Task forces, strike teams, and surveillance teams
              </p>
            </div>
            <button
              class="btn btn-primary btn-sm"
            >
              <div>
                icon
              </div>
               
              Create Group
            </button>
          </div>
          <div
            class="card"
            style="padding: 48px; text-align: center;"
          >
            <p
              class="text-muted"
            >
              Loading...
            </p>
          </div>
        </div>
      </div>
    </body>

      23 |   test('renders groups heading', () => {
      24 |     render(<GroupManagerPage />, { wrapper });
    > 25 |     expect(screen.getByText(/group/i)).toBeInTheDocument();
         |                   ^
      26 |   });
      27 |
      28 |   test('renders groups from API', async () => {

      at Object.getElementError (node_modules/@testing-library/dom/dist/config.js:37:19)
      at getElementError (node_modules/@testing-library/dom/dist/query-helpers.js:20:35)
      at getMultipleElementsFoundError (node_modules/@testing-library/dom/dist/query-helpers.js:23:10)
      at node_modules/@testing-library/dom/dist/query-helpers.js:55:13
      at node_modules/@testing-library/dom/dist/query-helpers.js:95:19
      at Object.<anonymous> (src/pages/__tests__/GroupManagerPage.test.tsx:25:19)

  console.warn
    ΓÜá∩╕Å React Router Future Flag Warning: React Router will begin wrapping state updates in `React.startTransition` in v7. You can use the `v7_startTransition` future flag to opt-in early. For more information, see https://reactrouter.com/v6/upgrading/future#v7_starttransition.

    [0m [90m 23 |[39m describe([32m'CommandCenterPage'[39m[33m,[39m () [33m=>[39m {
     [90m 24 |[39m   test([32m'renders command center heading'[39m[33m,[39m () [33m=>[39m {
    [31m[1m>[22m[39m[90m 25 |[39m     render([33m<[39m[33mCommandCenterPage[39m [33m/[39m[33m>[39m[33m,[39m { wrapper })[33m;[39m
     [90m    |[39m           [31m[1m^[22m[39m
     [90m 26 |[39m     expect(screen[33m.[39mgetByText([35m/command/i[39m))[33m.[39mtoBeInTheDocument()[33m;[39m
     [90m 27 |[39m   })[33m;[39m
     [90m 28 |[39m[0m

      at warn (node_modules/react-router/lib/deprecations.ts:9:13)
      at warnOnce (node_modules/react-router/lib/deprecations.ts:14:3)
      at Object.logDeprecation [as UNSAFE_logV6DeprecationWarnings] (node_modules/react-router/lib/deprecations.ts:26:5)
      at logV6DeprecationWarnings (node_modules/react-router-dom/index.tsx:816:25)
      at Object.react_stack_bottom_frame (node_modules/react-dom/cjs/react-dom-client.development.js:25989:20)
      at runWithFiberInDEV (node_modules/react-dom/cjs/react-dom-client.development.js:874:13)
      at commitHookEffectListMount (node_modules/react-dom/cjs/react-dom-client.development.js:13249:29)
      at commitHookPassiveMountEffects (node_modules/react-dom/cjs/react-dom-client.development.js:13336:11)
      at commitPassiveMountOnFiber (node_modules/react-dom/cjs/react-dom-client.development.js:15484:13)
      at recursivelyTraversePassiveMountEffects (node_modules/react-dom/cjs/react-dom-client.development.js:15439:11)
      at commitPassiveMountOnFiber (node_modules/react-dom/cjs/react-dom-client.development.js:15476:11)
      at recursivelyTraversePassiveMountEffects (node_modules/react-dom/cjs/react-dom-client.development.js:15439:11)
      at commitPassiveMountOnFiber (node_modules/react-dom/cjs/react-dom-client.development.js:15519:11)
      at flushPassiveEffects (node_modules/react-dom/cjs/react-dom-client.development.js:18432:9)
      at node_modules/react-dom/cjs/react-dom-client.development.js:17923:15
      at flushActQueue (node_modules/react/cjs/react.development.js:590:34)
      at Object.<anonymous>.process.env.NODE_ENV.exports.act (node_modules/react/cjs/react.development.js:884:10)
      at node_modules/@testing-library/react/dist/act-compat.js:46:25
      at renderRoot (node_modules/@testing-library/react/dist/pure.js:189:26)
      at render (node_modules/@testing-library/react/dist/pure.js:291:10)
      at Object.<anonymous> (src/pages/__tests__/CommandCenterPage.test.tsx:25:11)

  console.warn
    ΓÜá∩╕Å React Router Future Flag Warning: Relative route resolution within Splat routes is changing in v7. You can use the `v7_relativeSplatPath` future flag to opt-in early. For more information, see https://reactrouter.com/v6/upgrading/future#v7_relativesplatpath.

    [0m [90m 23 |[39m describe([32m'CommandCenterPage'[39m[33m,[39m () [33m=>[39m {
     [90m 24 |[39m   test([32m'renders command center heading'[39m[33m,[39m () [33m=>[39m {
    [31m[1m>[22m[39m[90m 25 |[39m     render([33m<[39m[33mCommandCenterPage[39m [33m/[39m[33m>[39m[33m,[39m { wrapper })[33m;[39m
     [90m    |[39m           [31m[1m^[22m[39m
     [90m 26 |[39m     expect(screen[33m.[39mgetByText([35m/command/i[39m))[33m.[39mtoBeInTheDocument()[33m;[39m
     [90m 27 |[39m   })[33m;[39m
     [90m 28 |[39m[0m

      at warn (node_modules/react-router/lib/deprecations.ts:9:13)
      at warnOnce (node_modules/react-router/lib/deprecations.ts:14:3)
      at Object.logDeprecation [as UNSAFE_logV6DeprecationWarnings] (node_modules/react-router/lib/deprecations.ts:37:5)
      at logV6DeprecationWarnings (node_modules/react-router-dom/index.tsx:816:25)
      at Object.react_stack_bottom_frame (node_modules/react-dom/cjs/react-dom-client.development.js:25989:20)
      at runWithFiberInDEV (node_modules/react-dom/cjs/react-dom-client.development.js:874:13)
      at commitHookEffectListMount (node_modules/react-dom/cjs/react-dom-client.development.js:13249:29)
      at commitHookPassiveMountEffects (node_modules/react-dom/cjs/react-dom-client.development.js:13336:11)
      at commitPassiveMountOnFiber (node_modules/react-dom/cjs/react-dom-client.development.js:15484:13)
      at recursivelyTraversePassiveMountEffects (node_modules/react-dom/cjs/react-dom-client.development.js:15439:11)
      at commitPassiveMountOnFiber (node_modules/react-dom/cjs/react-dom-client.development.js:15476:11)
      at recursivelyTraversePassiveMountEffects (node_modules/react-dom/cjs/react-dom-client.development.js:15439:11)
      at commitPassiveMountOnFiber (node_modules/react-dom/cjs/react-dom-client.development.js:15519:11)
      at flushPassiveEffects (node_modules/react-dom/cjs/react-dom-client.development.js:18432:9)
      at node_modules/react-dom/cjs/react-dom-client.development.js:17923:15
      at flushActQueue (node_modules/react/cjs/react.development.js:590:34)
      at Object.<anonymous>.process.env.NODE_ENV.exports.act (node_modules/react/cjs/react.development.js:884:10)
      at node_modules/@testing-library/react/dist/act-compat.js:46:25
      at renderRoot (node_modules/@testing-library/react/dist/pure.js:189:26)
      at render (node_modules/@testing-library/react/dist/pure.js:291:10)
      at Object.<anonymous> (src/pages/__tests__/CommandCenterPage.test.tsx:25:11)

FAIL src/pages/__tests__/AlertsPage.test.tsx (6.598 s)
  AlertsPage
    ├ù renders alerts heading (1503 ms)
    ΓêÜ renders alert severity (21 ms)
    ├ù renders acknowledge button (1016 ms)

  ΓùÅ AlertsPage ΓÇ║ renders alerts heading

    Found multiple elements with the text: /alert/i

    Here are the matching elements:

    Ignored nodes: comments, script, style
    <h1>
      Early Warning Alerts
    </h1>

    Ignored nodes: comments, script, style
    <span
      style="font-weight: 600;"
    >
      1
       
      unacknowledged critical alert(s)
    </span>

    Ignored nodes: comments, script, style
    <h3
      style="font-size: 16px; font-weight: 600; margin-bottom: 4px;"
    >
      Test Alert
    </h3>

    (If this is intentional, then use the `*AllBy*` variant of the query (like `queryAllByText`, `getAllByText`, or `findAllByText`)).

    Ignored nodes: comments, script, style
    <body>
      <div>
        <div>
          <div
            class="page-header"
          >
            <h1>
              Early Warning Alerts
            </h1>
            <p>
              Deterministic early-warning signal triage
            </p>
          </div>
          <div
            class="alert-card critical"
            style="margin-bottom: 16px; padding: 12px; display: flex; gap: 8px; align-items: center;"
          >
            <div>
              icon
            </div>
            <span
              style="font-weight: 600;"
            >
              1
               
              unacknowledged critical alert(s)
            </span>
          </div>
          <div
            class="flex"
            style="gap: 8px; margin-bottom: 16px;"
          >
            <button
              class="btn btn-sm btn-primary"
            >
              All
            </button>
            <button
              class="btn btn-sm btn-secondary"
            >
              <div>
                icon
              </div>
              Critical
            </button>
            <button
              class="btn btn-sm btn-secondary"
            >
              <div>
                icon
              </div>
              Warning
            </button>
            <button
              class="btn btn-sm btn-secondary"
            >
              <div>
                icon
              </div>
              Info
            </button>
            <button
              class="btn btn-secondary btn-sm"
              style="margin-left: auto;"
            >
              <div>
                icon
              </div>
               
              Refresh
            </button>
          </div>
          <div
            class="alert-card critical"
            style="opacity: 1;"
          >
            <div
              class="flex justify-between"
            >
              <div
                class="flex gap-3"
                style="flex: 1;"
              >
                <div>
                  icon
                </div>
                <div>
                  <div
                    style="display: flex; gap: 8px; align-items: center; margin-bottom: 4px;"
                  >
                    <span
                      class="badge badge-high"
                    >
                      CRITICAL
                    </span>
                    <span
                      style="font-size: 12px;"
                    >
                      Rule
                      : 
                      R1
                    </span>
                  </div>
                  <h3
                    style="font-size: 16px; font-weight: 600; margin-bottom: 4px;"
                  >
                    Test Alert
                  </h3>
                  <p
                    style="font-size: 14px; margin-bottom: 8px;"
                  >
                    Test description
                  </p>
                  <div
                    style="display: flex; gap: 8px; align-items: center; font-size: 12px;"
                  >
                    <div>
                      icon
                    </div>
                     
                    18/7/2026, 1:46:31 am
                  </div>
                  <div
                    style="margin-top: 12px; border-radius: 8px; overflow: hidden;"
                  >
                    <div
                      class="flex justify-between"
                      style="padding: 8px 12px; cursor: pointer; align-items: center;"
                    >
                      <span
                        style="font-size: 12px; font-family: monospace;"
                      >
                        Trigger condition
                      </span>
                      <div>
                        icon
                      </div>
                    </div>
                  </div>
                </div>
              </div>
              <button
                class="btn btn-secondary btn-sm"
                style="align-self: flex-start;"
              >
                <div>
                  icon
                </div>
                 
                Acknowledge
              </button>
            </div>
          </div>
        </div>
      </div>
    </body>

      22 |   test('renders alerts heading', async () => {
      23 |     render(<AlertsPage />, { wrapper });
    > 24 |     await waitFor(() => expect(screen.getByText(/alert/i)).toBeInTheDocument());
         |                  ^
      25 |   });
      26 |
      27 |   test('renders alert severity', async () => {

      at waitForWrapper (node_modules/@testing-library/dom/dist/wait-for.js:163:27)
      at src/pages/__tests__/AlertsPage.test.tsx:24:18
      at step (src/pages/__tests__/AlertsPage.test.tsx:33:23)
      at Object.next (src/pages/__tests__/AlertsPage.test.tsx:14:53)
      at src/pages/__tests__/AlertsPage.test.tsx:8:71
      at Object.<anonymous>.__awaiter (src/pages/__tests__/AlertsPage.test.tsx:4:12)
      at Object.<anonymous> (src/pages/__tests__/AlertsPage.test.tsx:22:34)

  ΓùÅ AlertsPage ΓÇ║ renders acknowledge button

    Found multiple elements with the text: /acknowledge/i

    Here are the matching elements:

    Ignored nodes: comments, script, style
    <span
      style="font-weight: 600;"
    >
      1
       
      unacknowledged critical alert(s)
    </span>

    Ignored nodes: comments, script, style
    <button
      class="btn btn-secondary btn-sm"
      style="align-self: flex-start;"
    >
      <div>
        icon
      </div>
       
      Acknowledge
    </button>

    (If this is intentional, then use the `*AllBy*` variant of the query (like `queryAllByText`, `getAllByText`, or `findAllByText`)).

    Ignored nodes: comments, script, style
    <body>
      <div>
        <div>
          <div
            class="page-header"
          >
            <h1>
              Early Warning Alerts
            </h1>
            <p>
              Deterministic early-warning signal triage
            </p>
          </div>
          <div
            class="alert-card critical"
            style="margin-bottom: 16px; padding: 12px; display: flex; gap: 8px; align-items: center;"
          >
            <div>
              icon
            </div>
            <span
              style="font-weight: 600;"
            >
              1
               
              unacknowledged critical alert(s)
            </span>
          </div>
          <div
            class="flex"
            style="gap: 8px; margin-bottom: 16px;"
          >
            <button
              class="btn btn-sm btn-primary"
            >
              All
            </button>
            <button
              class="btn btn-sm btn-secondary"
            >
              <div>
                icon
              </div>
              Critical
            </button>
            <button
              class="btn btn-sm btn-secondary"
            >
              <div>
                icon
              </div>
              Warning
            </button>
            <button
              class="btn btn-sm btn-secondary"
            >
              <div>
                icon
              </div>
              Info
            </button>
            <button
              class="btn btn-secondary btn-sm"
              style="margin-left: auto;"
            >
              <div>
                icon
              </div>
               
              Refresh
            </button>
          </div>
          <div
            class="alert-card critical"
            style="opacity: 1;"
          >
            <div
              class="flex justify-between"
            >
              <div
                class="flex gap-3"
                style="flex: 1;"
              >
                <div>
                  icon
                </div>
                <div>
                  <div
                    style="display: flex; gap: 8px; align-items: center; margin-bottom: 4px;"
                  >
                    <span
                      class="badge badge-high"
                    >
                      CRITICAL
                    </span>
                    <span
                      style="font-size: 12px;"
                    >
                      Rule
                      : 
                      R1
                    </span>
                  </div>
                  <h3
                    style="font-size: 16px; font-weight: 600; margin-bottom: 4px;"
                  >
                    Test Alert
                  </h3>
                  <p
                    style="font-size: 14px; margin-bottom: 8px;"
                  >
                    Test description
                  </p>
                  <div
                    style="display: flex; gap: 8px; align-items: center; font-size: 12px;"
                  >
                    <div>
                      icon
                    </div>
                     
                    18/7/2026, 1:46:31 am
                  </div>
                  <div
                    style="margin-top: 12px; border-radius: 8px; overflow: hidden;"
                  >
                    <div
                      class="flex justify-between"
                      style="padding: 8px 12px; cursor: pointer; align-items: center;"
                    >
                      <span
                        style="font-size: 12px; font-family: monospace;"
                      >
                        Trigger condition
                      </span>
                      <div>
                        icon
                      </div>
                    </div>
                  </div>
                </div>
              </div>
              <button
                class="btn btn-secondary btn-sm"
                style="align-self: flex-start;"
              >
                <div>
                  icon
                </div>
                 
                Acknowledge
              </button>
            </div>
          </div>
        </div>
      </div>
    </body>

      32 |   test('renders acknowledge button', async () => {
      33 |     render(<AlertsPage />, { wrapper });
    > 34 |     await waitFor(() => expect(screen.getByText(/acknowledge/i)).toBeInTheDocument());
         |                  ^
      35 |   });
      36 | });
      37 |

      at waitForWrapper (node_modules/@testing-library/dom/dist/wait-for.js:163:27)
      at src/pages/__tests__/AlertsPage.test.tsx:34:18
      at step (src/pages/__tests__/AlertsPage.test.tsx:33:23)
      at Object.next (src/pages/__tests__/AlertsPage.test.tsx:14:53)
      at src/pages/__tests__/AlertsPage.test.tsx:8:71
      at Object.<anonymous>.__awaiter (src/pages/__tests__/AlertsPage.test.tsx:4:12)
      at Object.<anonymous> (src/pages/__tests__/AlertsPage.test.tsx:32:38)

FAIL src/pages/__tests__/CommandCenterPage.test.tsx
  CommandCenterPage
    ├ù renders command center heading (130 ms)
    ├ù renders input field (41 ms)
    ├ù executes command (42 ms)

  ΓùÅ CommandCenterPage ΓÇ║ renders command center heading

    TypeError: api_1.api.getDashboardKpis is not a function

      52 |
      53 |   useEffect(() => {
    > 54 |     api.getDashboardKpis().then(data => {
         |         ^
      55 |       if (data) setKpis(data.map((d: any) => ({
      56 |         label: d.label, value: d.value, change: d.change, up: d.change?.startsWith('+')
      57 |       })));

      at src/pages/CommandCenterPage.tsx:54:9
      at Object.react_stack_bottom_frame (node_modules/react-dom/cjs/react-dom-client.development.js:25989:20)
      at runWithFiberInDEV (node_modules/react-dom/cjs/react-dom-client.development.js:874:13)
      at commitHookEffectListMount (node_modules/react-dom/cjs/react-dom-client.development.js:13249:29)
      at commitHookPassiveMountEffects (node_modules/react-dom/cjs/react-dom-client.development.js:13336:11)
      at commitPassiveMountOnFiber (node_modules/react-dom/cjs/react-dom-client.development.js:15484:13)
      at recursivelyTraversePassiveMountEffects (node_modules/react-dom/cjs/react-dom-client.development.js:15439:11)
      at commitPassiveMountOnFiber (node_modules/react-dom/cjs/react-dom-client.development.js:15718:11)
      at recursivelyTraversePassiveMountEffects (node_modules/react-dom/cjs/react-dom-client.development.js:15439:11)
      at commitPassiveMountOnFiber (node_modules/react-dom/cjs/react-dom-client.development.js:15476:11)
      at recursivelyTraversePassiveMountEffects (node_modules/react-dom/cjs/react-dom-client.development.js:15439:11)
      at commitPassiveMountOnFiber (node_modules/react-dom/cjs/react-dom-client.development.js:15718:11)
      at recursivelyTraversePassiveMountEffects (node_modules/react-dom/cjs/react-dom-client.development.js:15439:11)
      at commitPassiveMountOnFiber (node_modules/react-dom/cjs/react-dom-client.development.js:15476:11)
      at recursivelyTraversePassiveMountEffects (node_modules/react-dom/cjs/react-dom-client.development.js:15439:11)
      at commitPassiveMountOnFiber (node_modules/react-dom/cjs/react-dom-client.development.js:15718:11)
      at recursivelyTraversePassiveMountEffects (node_modules/react-dom/cjs/react-dom-client.development.js:15439:11)
      at commitPassiveMountOnFiber (node_modules/react-dom/cjs/react-dom-client.development.js:15718:11)
      at recursivelyTraversePassiveMountEffects (node_modules/react-dom/cjs/react-dom-client.development.js:15439:11)
      at commitPassiveMountOnFiber (node_modules/react-dom/cjs/react-dom-client.development.js:15476:11)
      at recursivelyTraversePassiveMountEffects (node_modules/react-dom/cjs/react-dom-client.development.js:15439:11)
      at commitPassiveMountOnFiber (node_modules/react-dom/cjs/react-dom-client.development.js:15476:11)
      at recursivelyTraversePassiveMountEffects (node_modules/react-dom/cjs/react-dom-client.development.js:15439:11)
      at commitPassiveMountOnFiber (node_modules/react-dom/cjs/react-dom-client.development.js:15476:11)
      at recursivelyTraversePassiveMountEffects (node_modules/react-dom/cjs/react-dom-client.development.js:15439:11)
      at commitPassiveMountOnFiber (node_modules/react-dom/cjs/react-dom-client.development.js:15519:11)
      at flushPassiveEffects (node_modules/react-dom/cjs/react-dom-client.development.js:18432:9)
      at node_modules/react-dom/cjs/react-dom-client.development.js:17923:15
      at flushActQueue (node_modules/react/cjs/react.development.js:590:34)
      at Object.<anonymous>.process.env.NODE_ENV.exports.act (node_modules/react/cjs/react.development.js:884:10)
      at node_modules/@testing-library/react/dist/act-compat.js:46:25
      at renderRoot (node_modules/@testing-library/react/dist/pure.js:189:26)
      at render (node_modules/@testing-library/react/dist/pure.js:291:10)
      at Object.<anonymous> (src/pages/__tests__/CommandCenterPage.test.tsx:25:11)

  ΓùÅ CommandCenterPage ΓÇ║ renders input field

    TypeError: api_1.api.getDashboardKpis is not a function

      52 |
      53 |   useEffect(() => {
    > 54 |     api.getDashboardKpis().then(data => {
         |         ^
      55 |       if (data) setKpis(data.map((d: any) => ({
      56 |         label: d.label, value: d.value, change: d.change, up: d.change?.startsWith('+')
      57 |       })));

      at src/pages/CommandCenterPage.tsx:54:9
      at Object.react_stack_bottom_frame (node_modules/react-dom/cjs/react-dom-client.development.js:25989:20)
      at runWithFiberInDEV (node_modules/react-dom/cjs/react-dom-client.development.js:874:13)
      at commitHookEffectListMount (node_modules/react-dom/cjs/react-dom-client.development.js:13249:29)
      at commitHookPassiveMountEffects (node_modules/react-dom/cjs/react-dom-client.development.js:13336:11)
      at commitPassiveMountOnFiber (node_modules/react-dom/cjs/react-dom-client.development.js:15484:13)
      at recursivelyTraversePassiveMountEffects (node_modules/react-dom/cjs/react-dom-client.development.js:15439:11)
      at commitPassiveMountOnFiber (node_modules/react-dom/cjs/react-dom-client.development.js:15718:11)
      at recursivelyTraversePassiveMountEffects (node_modules/react-dom/cjs/react-dom-client.development.js:15439:11)
      at commitPassiveMountOnFiber (node_modules/react-dom/cjs/react-dom-client.development.js:15476:11)
      at recursivelyTraversePassiveMountEffects (node_modules/react-dom/cjs/react-dom-client.development.js:15439:11)
      at commitPassiveMountOnFiber (node_modules/react-dom/cjs/react-dom-client.development.js:15718:11)
      at recursivelyTraversePassiveMountEffects (node_modules/react-dom/cjs/react-dom-client.development.js:15439:11)
      at commitPassiveMountOnFiber (node_modules/react-dom/cjs/react-dom-client.development.js:15476:11)
      at recursivelyTraversePassiveMountEffects (node_modules/react-dom/cjs/react-dom-client.development.js:15439:11)
      at commitPassiveMountOnFiber (node_modules/react-dom/cjs/react-dom-client.development.js:15718:11)
      at recursivelyTraversePassiveMountEffects (node_modules/react-dom/cjs/react-dom-client.development.js:15439:11)
      at commitPassiveMountOnFiber (node_modules/react-dom/cjs/react-dom-client.development.js:15718:11)
      at recursivelyTraversePassiveMountEffects (node_modules/react-dom/cjs/react-dom-client.development.js:15439:11)
      at commitPassiveMountOnFiber (node_modules/react-dom/cjs/react-dom-client.development.js:15476:11)
      at recursivelyTraversePassiveMountEffects (node_modules/react-dom/cjs/react-dom-client.development.js:15439:11)
      at commitPassiveMountOnFiber (node_modules/react-dom/cjs/react-dom-client.development.js:15476:11)
      at recursivelyTraversePassiveMountEffects (node_modules/react-dom/cjs/react-dom-client.development.js:15439:11)
      at commitPassiveMountOnFiber (node_modules/react-dom/cjs/react-dom-client.development.js:15476:11)
      at recursivelyTraversePassiveMountEffects (node_modules/react-dom/cjs/react-dom-client.development.js:15439:11)
      at commitPassiveMountOnFiber (node_modules/react-dom/cjs/react-dom-client.development.js:15519:11)
      at flushPassiveEffects (node_modules/react-dom/cjs/react-dom-client.development.js:18432:9)
      at node_modules/react-dom/cjs/react-dom-client.development.js:17923:15
      at flushActQueue (node_modules/react/cjs/react.development.js:590:34)
      at Object.<anonymous>.process.env.NODE_ENV.exports.act (node_modules/react/cjs/react.development.js:884:10)
      at node_modules/@testing-library/react/dist/act-compat.js:46:25
      at renderRoot (node_modules/@testing-library/react/dist/pure.js:189:26)
      at render (node_modules/@testing-library/react/dist/pure.js:291:10)
      at Object.<anonymous> (src/pages/__tests__/CommandCenterPage.test.tsx:30:11)

  ΓùÅ CommandCenterPage ΓÇ║ executes command

    TypeError: api_1.api.getDashboardKpis is not a function

      52 |
      53 |   useEffect(() => {
    > 54 |     api.getDashboardKpis().then(data => {
         |         ^
      55 |       if (data) setKpis(data.map((d: any) => ({
      56 |         label: d.label, value: d.value, change: d.change, up: d.change?.startsWith('+')
      57 |       })));

      at src/pages/CommandCenterPage.tsx:54:9
      at Object.react_stack_bottom_frame (node_modules/react-dom/cjs/react-dom-client.development.js:25989:20)
      at runWithFiberInDEV (node_modules/react-dom/cjs/react-dom-client.development.js:874:13)
      at commitHookEffectListMount (node_modules/react-dom/cjs/react-dom-client.development.js:13249:29)
      at commitHookPassiveMountEffects (node_modules/react-dom/cjs/react-dom-client.development.js:13336:11)
      at commitPassiveMountOnFiber (node_modules/react-dom/cjs/react-dom-client.development.js:15484:13)
      at recursivelyTraversePassiveMountEffects (node_modules/react-dom/cjs/react-dom-client.development.js:15439:11)
      at commitPassiveMountOnFiber (node_modules/react-dom/cjs/react-dom-client.development.js:15718:11)
      at recursivelyTraversePassiveMountEffects (node_modules/react-dom/cjs/react-dom-client.development.js:15439:11)
      at commitPassiveMountOnFiber (node_modules/react-dom/cjs/react-dom-client.development.js:15476:11)
      at recursivelyTraversePassiveMountEffects (node_modules/react-dom/cjs/react-dom-client.development.js:15439:11)
      at commitPassiveMountOnFiber (node_modules/react-dom/cjs/react-dom-client.development.js:15718:11)
      at recursivelyTraversePassiveMountEffects (node_modules/react-dom/cjs/react-dom-client.development.js:15439:11)
      at commitPassiveMountOnFiber (node_modules/react-dom/cjs/react-dom-client.development.js:15476:11)
      at recursivelyTraversePassiveMountEffects (node_modules/react-dom/cjs/react-dom-client.development.js:15439:11)
      at commitPassiveMountOnFiber (node_modules/react-dom/cjs/react-dom-client.development.js:15718:11)
      at recursivelyTraversePassiveMountEffects (node_modules/react-dom/cjs/react-dom-client.development.js:15439:11)
      at commitPassiveMountOnFiber (node_modules/react-dom/cjs/react-dom-client.development.js:15718:11)
      at recursivelyTraversePassiveMountEffects (node_modules/react-dom/cjs/react-dom-client.development.js:15439:11)
      at commitPassiveMountOnFiber (node_modules/react-dom/cjs/react-dom-client.development.js:15476:11)
      at recursivelyTraversePassiveMountEffects (node_modules/react-dom/cjs/react-dom-client.development.js:15439:11)
      at commitPassiveMountOnFiber (node_modules/react-dom/cjs/react-dom-client.development.js:15476:11)
      at recursivelyTraversePassiveMountEffects (node_modules/react-dom/cjs/react-dom-client.development.js:15439:11)
      at commitPassiveMountOnFiber (node_modules/react-dom/cjs/react-dom-client.development.js:15476:11)
      at recursivelyTraversePassiveMountEffects (node_modules/react-dom/cjs/react-dom-client.development.js:15439:11)
      at commitPassiveMountOnFiber (node_modules/react-dom/cjs/react-dom-client.development.js:15519:11)
      at flushPassiveEffects (node_modules/react-dom/cjs/react-dom-client.development.js:18432:9)
      at node_modules/react-dom/cjs/react-dom-client.development.js:17923:15
      at flushActQueue (node_modules/react/cjs/react.development.js:590:34)
      at Object.<anonymous>.process.env.NODE_ENV.exports.act (node_modules/react/cjs/react.development.js:884:10)
      at node_modules/@testing-library/react/dist/act-compat.js:46:25
      at renderRoot (node_modules/@testing-library/react/dist/pure.js:189:26)
      at render (node_modules/@testing-library/react/dist/pure.js:291:10)
      at src/pages/__tests__/CommandCenterPage.test.tsx:36:11
      at step (src/pages/__tests__/CommandCenterPage.test.tsx:33:23)
      at Object.next (src/pages/__tests__/CommandCenterPage.test.tsx:14:53)
      at src/pages/__tests__/CommandCenterPage.test.tsx:8:71
      at Object.<anonymous>.__awaiter (src/pages/__tests__/CommandCenterPage.test.tsx:4:12)
      at Object.<anonymous> (src/pages/__tests__/CommandCenterPage.test.tsx:35:28)

  console.warn
    ΓÜá∩╕Å React Router Future Flag Warning: React Router will begin wrapping state updates in `React.startTransition` in v7. You can use the `v7_startTransition` future flag to opt-in early. For more information, see https://reactrouter.com/v6/upgrading/future#v7_starttransition.

    [0m [90m 22 |[39m describe([32m'SearchPage'[39m[33m,[39m () [33m=>[39m {
     [90m 23 |[39m   test([32m'renders search input'[39m[33m,[39m () [33m=>[39m {
    [31m[1m>[22m[39m[90m 24 |[39m     render([33m<[39m[33mSearchPage[39m [33m/[39m[33m>[39m[33m,[39m { wrapper })[33m;[39m
     [90m    |[39m           [31m[1m^[22m[39m
     [90m 25 |[39m     expect(screen[33m.[39mgetByPlaceholderText([35m/search/i[39m))[33m.[39mtoBeInTheDocument()[33m;[39m
     [90m 26 |[39m   })[33m;[39m
     [90m 27 |[39m[0m

      at warn (node_modules/react-router/lib/deprecations.ts:9:13)
      at warnOnce (node_modules/react-router/lib/deprecations.ts:14:3)
      at Object.logDeprecation [as UNSAFE_logV6DeprecationWarnings] (node_modules/react-router/lib/deprecations.ts:26:5)
      at logV6DeprecationWarnings (node_modules/react-router-dom/index.tsx:816:25)
      at Object.react_stack_bottom_frame (node_modules/react-dom/cjs/react-dom-client.development.js:25989:20)
      at runWithFiberInDEV (node_modules/react-dom/cjs/react-dom-client.development.js:874:13)
      at commitHookEffectListMount (node_modules/react-dom/cjs/react-dom-client.development.js:13249:29)
      at commitHookPassiveMountEffects (node_modules/react-dom/cjs/react-dom-client.development.js:13336:11)
      at commitPassiveMountOnFiber (node_modules/react-dom/cjs/react-dom-client.development.js:15484:13)
      at recursivelyTraversePassiveMountEffects (node_modules/react-dom/cjs/react-dom-client.development.js:15439:11)
      at commitPassiveMountOnFiber (node_modules/react-dom/cjs/react-dom-client.development.js:15476:11)
      at recursivelyTraversePassiveMountEffects (node_modules/react-dom/cjs/react-dom-client.development.js:15439:11)
      at commitPassiveMountOnFiber (node_modules/react-dom/cjs/react-dom-client.development.js:15519:11)
      at flushPassiveEffects (node_modules/react-dom/cjs/react-dom-client.development.js:18432:9)
      at node_modules/react-dom/cjs/react-dom-client.development.js:17923:15
      at flushActQueue (node_modules/react/cjs/react.development.js:590:34)
      at Object.<anonymous>.process.env.NODE_ENV.exports.act (node_modules/react/cjs/react.development.js:884:10)
      at node_modules/@testing-library/react/dist/act-compat.js:46:25
      at renderRoot (node_modules/@testing-library/react/dist/pure.js:189:26)
      at render (node_modules/@testing-library/react/dist/pure.js:291:10)
      at Object.<anonymous> (src/pages/__tests__/SearchPage.test.tsx:24:11)

  console.warn
    ΓÜá∩╕Å React Router Future Flag Warning: Relative route resolution within Splat routes is changing in v7. You can use the `v7_relativeSplatPath` future flag to opt-in early. For more information, see https://reactrouter.com/v6/upgrading/future#v7_relativesplatpath.

    [0m [90m 22 |[39m describe([32m'SearchPage'[39m[33m,[39m () [33m=>[39m {
     [90m 23 |[39m   test([32m'renders search input'[39m[33m,[39m () [33m=>[39m {
    [31m[1m>[22m[39m[90m 24 |[39m     render([33m<[39m[33mSearchPage[39m [33m/[39m[33m>[39m[33m,[39m { wrapper })[33m;[39m
     [90m    |[39m           [31m[1m^[22m[39m
     [90m 25 |[39m     expect(screen[33m.[39mgetByPlaceholderText([35m/search/i[39m))[33m.[39mtoBeInTheDocument()[33m;[39m
     [90m 26 |[39m   })[33m;[39m
     [90m 27 |[39m[0m

      at warn (node_modules/react-router/lib/deprecations.ts:9:13)
      at warnOnce (node_modules/react-router/lib/deprecations.ts:14:3)
      at Object.logDeprecation [as UNSAFE_logV6DeprecationWarnings] (node_modules/react-router/lib/deprecations.ts:37:5)
      at logV6DeprecationWarnings (node_modules/react-router-dom/index.tsx:816:25)
      at Object.react_stack_bottom_frame (node_modules/react-dom/cjs/react-dom-client.development.js:25989:20)
      at runWithFiberInDEV (node_modules/react-dom/cjs/react-dom-client.development.js:874:13)
      at commitHookEffectListMount (node_modules/react-dom/cjs/react-dom-client.development.js:13249:29)
      at commitHookPassiveMountEffects (node_modules/react-dom/cjs/react-dom-client.development.js:13336:11)
      at commitPassiveMountOnFiber (node_modules/react-dom/cjs/react-dom-client.development.js:15484:13)
      at recursivelyTraversePassiveMountEffects (node_modules/react-dom/cjs/react-dom-client.development.js:15439:11)
      at commitPassiveMountOnFiber (node_modules/react-dom/cjs/react-dom-client.development.js:15476:11)
      at recursivelyTraversePassiveMountEffects (node_modules/react-dom/cjs/react-dom-client.development.js:15439:11)
      at commitPassiveMountOnFiber (node_modules/react-dom/cjs/react-dom-client.development.js:15519:11)
      at flushPassiveEffects (node_modules/react-dom/cjs/react-dom-client.development.js:18432:9)
      at node_modules/react-dom/cjs/react-dom-client.development.js:17923:15
      at flushActQueue (node_modules/react/cjs/react.development.js:590:34)
      at Object.<anonymous>.process.env.NODE_ENV.exports.act (node_modules/react/cjs/react.development.js:884:10)
      at node_modules/@testing-library/react/dist/act-compat.js:46:25
      at renderRoot (node_modules/@testing-library/react/dist/pure.js:189:26)
      at render (node_modules/@testing-library/react/dist/pure.js:291:10)
      at Object.<anonymous> (src/pages/__tests__/SearchPage.test.tsx:24:11)

  console.warn
    ΓÜá∩╕Å React Router Future Flag Warning: React Router will begin wrapping state updates in `React.startTransition` in v7. You can use the `v7_startTransition` future flag to opt-in early. For more information, see https://reactrouter.com/v6/upgrading/future#v7_starttransition.

    [0m [90m 22 |[39m describe([32m'ChatPage'[39m[33m,[39m () [33m=>[39m {
     [90m 23 |[39m   test([32m'renders chat input'[39m[33m,[39m () [33m=>[39m {
    [31m[1m>[22m[39m[90m 24 |[39m     render([33m<[39m[33mChatPage[39m [33m/[39m[33m>[39m[33m,[39m { wrapper })[33m;[39m
     [90m    |[39m           [31m[1m^[22m[39m
     [90m 25 |[39m     expect(screen[33m.[39mgetByPlaceholderText([35m/type a message/i[39m))[33m.[39mtoBeInTheDocument()[33m;[39m
     [90m 26 |[39m   })[33m;[39m
     [90m 27 |[39m[0m

      at warn (node_modules/react-router/lib/deprecations.ts:9:13)
      at warnOnce (node_modules/react-router/lib/deprecations.ts:14:3)
      at Object.logDeprecation [as UNSAFE_logV6DeprecationWarnings] (node_modules/react-router/lib/deprecations.ts:26:5)
      at logV6DeprecationWarnings (node_modules/react-router-dom/index.tsx:816:25)
      at Object.react_stack_bottom_frame (node_modules/react-dom/cjs/react-dom-client.development.js:25989:20)
      at runWithFiberInDEV (node_modules/react-dom/cjs/react-dom-client.development.js:874:13)
      at commitHookEffectListMount (node_modules/react-dom/cjs/react-dom-client.development.js:13249:29)
      at commitHookPassiveMountEffects (node_modules/react-dom/cjs/react-dom-client.development.js:13336:11)
      at commitPassiveMountOnFiber (node_modules/react-dom/cjs/react-dom-client.development.js:15484:13)
      at recursivelyTraversePassiveMountEffects (node_modules/react-dom/cjs/react-dom-client.development.js:15439:11)
      at commitPassiveMountOnFiber (node_modules/react-dom/cjs/react-dom-client.development.js:15476:11)
      at recursivelyTraversePassiveMountEffects (node_modules/react-dom/cjs/react-dom-client.development.js:15439:11)
      at commitPassiveMountOnFiber (node_modules/react-dom/cjs/react-dom-client.development.js:15519:11)
      at flushPassiveEffects (node_modules/react-dom/cjs/react-dom-client.development.js:18432:9)
      at node_modules/react-dom/cjs/react-dom-client.development.js:17923:15
      at flushActQueue (node_modules/react/cjs/react.development.js:590:34)
      at Object.<anonymous>.process.env.NODE_ENV.exports.act (node_modules/react/cjs/react.development.js:884:10)
      at node_modules/@testing-library/react/dist/act-compat.js:46:25
      at renderRoot (node_modules/@testing-library/react/dist/pure.js:189:26)
      at render (node_modules/@testing-library/react/dist/pure.js:291:10)
      at Object.<anonymous> (src/pages/__tests__/ChatPage.test.tsx:24:11)

  console.warn
    ΓÜá∩╕Å React Router Future Flag Warning: Relative route resolution within Splat routes is changing in v7. You can use the `v7_relativeSplatPath` future flag to opt-in early. For more information, see https://reactrouter.com/v6/upgrading/future#v7_relativesplatpath.

    [0m [90m 22 |[39m describe([32m'ChatPage'[39m[33m,[39m () [33m=>[39m {
     [90m 23 |[39m   test([32m'renders chat input'[39m[33m,[39m () [33m=>[39m {
    [31m[1m>[22m[39m[90m 24 |[39m     render([33m<[39m[33mChatPage[39m [33m/[39m[33m>[39m[33m,[39m { wrapper })[33m;[39m
     [90m    |[39m           [31m[1m^[22m[39m
     [90m 25 |[39m     expect(screen[33m.[39mgetByPlaceholderText([35m/type a message/i[39m))[33m.[39mtoBeInTheDocument()[33m;[39m
     [90m 26 |[39m   })[33m;[39m
     [90m 27 |[39m[0m

      at warn (node_modules/react-router/lib/deprecations.ts:9:13)
      at warnOnce (node_modules/react-router/lib/deprecations.ts:14:3)
      at Object.logDeprecation [as UNSAFE_logV6DeprecationWarnings] (node_modules/react-router/lib/deprecations.ts:37:5)
      at logV6DeprecationWarnings (node_modules/react-router-dom/index.tsx:816:25)
      at Object.react_stack_bottom_frame (node_modules/react-dom/cjs/react-dom-client.development.js:25989:20)
      at runWithFiberInDEV (node_modules/react-dom/cjs/react-dom-client.development.js:874:13)
      at commitHookEffectListMount (node_modules/react-dom/cjs/react-dom-client.development.js:13249:29)
      at commitHookPassiveMountEffects (node_modules/react-dom/cjs/react-dom-client.development.js:13336:11)
      at commitPassiveMountOnFiber (node_modules/react-dom/cjs/react-dom-client.development.js:15484:13)
      at recursivelyTraversePassiveMountEffects (node_modules/react-dom/cjs/react-dom-client.development.js:15439:11)
      at commitPassiveMountOnFiber (node_modules/react-dom/cjs/react-dom-client.development.js:15476:11)
      at recursivelyTraversePassiveMountEffects (node_modules/react-dom/cjs/react-dom-client.development.js:15439:11)
      at commitPassiveMountOnFiber (node_modules/react-dom/cjs/react-dom-client.development.js:15519:11)
      at flushPassiveEffects (node_modules/react-dom/cjs/react-dom-client.development.js:18432:9)
      at node_modules/react-dom/cjs/react-dom-client.development.js:17923:15
      at flushActQueue (node_modules/react/cjs/react.development.js:590:34)
      at Object.<anonymous>.process.env.NODE_ENV.exports.act (node_modules/react/cjs/react.development.js:884:10)
      at node_modules/@testing-library/react/dist/act-compat.js:46:25
      at renderRoot (node_modules/@testing-library/react/dist/pure.js:189:26)
      at render (node_modules/@testing-library/react/dist/pure.js:291:10)
      at Object.<anonymous> (src/pages/__tests__/ChatPage.test.tsx:24:11)

  console.warn
    ΓÜá∩╕Å React Router Future Flag Warning: React Router will begin wrapping state updates in `React.startTransition` in v7. You can use the `v7_startTransition` future flag to opt-in early. For more information, see https://reactrouter.com/v6/upgrading/future#v7_starttransition.

    [0m [90m 23 |[39m describe([32m'DatabaseModePage'[39m[33m,[39m () [33m=>[39m {
     [90m 24 |[39m   test([32m'renders database mode heading'[39m[33m,[39m () [33m=>[39m {
    [31m[1m>[22m[39m[90m 25 |[39m     render([33m<[39m[33mDatabaseModePage[39m [33m/[39m[33m>[39m[33m,[39m { wrapper })[33m;[39m
     [90m    |[39m           [31m[1m^[22m[39m
     [90m 26 |[39m     expect(screen[33m.[39mgetByText([35m/database/i[39m))[33m.[39mtoBeInTheDocument()[33m;[39m
     [90m 27 |[39m   })[33m;[39m
     [90m 28 |[39m[0m

      at warn (node_modules/react-router/lib/deprecations.ts:9:13)
      at warnOnce (node_modules/react-router/lib/deprecations.ts:14:3)
      at Object.logDeprecation [as UNSAFE_logV6DeprecationWarnings] (node_modules/react-router/lib/deprecations.ts:26:5)
      at logV6DeprecationWarnings (node_modules/react-router-dom/index.tsx:816:25)
      at Object.react_stack_bottom_frame (node_modules/react-dom/cjs/react-dom-client.development.js:25989:20)
      at runWithFiberInDEV (node_modules/react-dom/cjs/react-dom-client.development.js:874:13)
      at commitHookEffectListMount (node_modules/react-dom/cjs/react-dom-client.development.js:13249:29)
      at commitHookPassiveMountEffects (node_modules/react-dom/cjs/react-dom-client.development.js:13336:11)
      at commitPassiveMountOnFiber (node_modules/react-dom/cjs/react-dom-client.development.js:15484:13)
      at recursivelyTraversePassiveMountEffects (node_modules/react-dom/cjs/react-dom-client.development.js:15439:11)
      at commitPassiveMountOnFiber (node_modules/react-dom/cjs/react-dom-client.development.js:15476:11)
      at recursivelyTraversePassiveMountEffects (node_modules/react-dom/cjs/react-dom-client.development.js:15439:11)
      at commitPassiveMountOnFiber (node_modules/react-dom/cjs/react-dom-client.development.js:15519:11)
      at flushPassiveEffects (node_modules/react-dom/cjs/react-dom-client.development.js:18432:9)
      at node_modules/react-dom/cjs/react-dom-client.development.js:17923:15
      at flushActQueue (node_modules/react/cjs/react.development.js:590:34)
      at Object.<anonymous>.process.env.NODE_ENV.exports.act (node_modules/react/cjs/react.development.js:884:10)
      at node_modules/@testing-library/react/dist/act-compat.js:46:25
      at renderRoot (node_modules/@testing-library/react/dist/pure.js:189:26)
      at render (node_modules/@testing-library/react/dist/pure.js:291:10)
      at Object.<anonymous> (src/pages/__tests__/DatabaseModePage.test.tsx:25:11)

  console.warn
    ΓÜá∩╕Å React Router Future Flag Warning: React Router will begin wrapping state updates in `React.startTransition` in v7. You can use the `v7_startTransition` future flag to opt-in early. For more information, see https://reactrouter.com/v6/upgrading/future#v7_starttransition.

    [0m [90m 12 |[39m describe([32m'LandingPage'[39m[33m,[39m () [33m=>[39m {
     [90m 13 |[39m   test([32m'renders hero heading'[39m[33m,[39m () [33m=>[39m {
    [31m[1m>[22m[39m[90m 14 |[39m     render([33m<[39m[33mLandingPage[39m [33m/[39m[33m>[39m[33m,[39m { wrapper })[33m;[39m
     [90m    |[39m           [31m[1m^[22m[39m
     [90m 15 |[39m     expect(screen[33m.[39mgetByText([35m/suraksha/i[39m))[33m.[39mtoBeInTheDocument()[33m;[39m
     [90m 16 |[39m   })[33m;[39m
     [90m 17 |[39m[0m

      at warn (node_modules/react-router/lib/deprecations.ts:9:13)
      at warnOnce (node_modules/react-router/lib/deprecations.ts:14:3)
      at Object.logDeprecation [as UNSAFE_logV6DeprecationWarnings] (node_modules/react-router/lib/deprecations.ts:26:5)
      at logV6DeprecationWarnings (node_modules/react-router-dom/index.tsx:816:25)
      at Object.react_stack_bottom_frame (node_modules/react-dom/cjs/react-dom-client.development.js:25989:20)
      at runWithFiberInDEV (node_modules/react-dom/cjs/react-dom-client.development.js:874:13)
      at commitHookEffectListMount (node_modules/react-dom/cjs/react-dom-client.development.js:13249:29)
      at commitHookPassiveMountEffects (node_modules/react-dom/cjs/react-dom-client.development.js:13336:11)
      at commitPassiveMountOnFiber (node_modules/react-dom/cjs/react-dom-client.development.js:15484:13)
      at recursivelyTraversePassiveMountEffects (node_modules/react-dom/cjs/react-dom-client.development.js:15439:11)
      at commitPassiveMountOnFiber (node_modules/react-dom/cjs/react-dom-client.development.js:15476:11)
      at recursivelyTraversePassiveMountEffects (node_modules/react-dom/cjs/react-dom-client.development.js:15439:11)
      at commitPassiveMountOnFiber (node_modules/react-dom/cjs/react-dom-client.development.js:15519:11)
      at flushPassiveEffects (node_modules/react-dom/cjs/react-dom-client.development.js:18432:9)
      at node_modules/react-dom/cjs/react-dom-client.development.js:17923:15
      at flushActQueue (node_modules/react/cjs/react.development.js:590:34)
      at Object.<anonymous>.process.env.NODE_ENV.exports.act (node_modules/react/cjs/react.development.js:884:10)
      at node_modules/@testing-library/react/dist/act-compat.js:46:25
      at renderRoot (node_modules/@testing-library/react/dist/pure.js:189:26)
      at render (node_modules/@testing-library/react/dist/pure.js:291:10)
      at Object.<anonymous> (src/pages/__tests__/LandingPage.test.tsx:14:11)

  console.warn
    ΓÜá∩╕Å React Router Future Flag Warning: Relative route resolution within Splat routes is changing in v7. You can use the `v7_relativeSplatPath` future flag to opt-in early. For more information, see https://reactrouter.com/v6/upgrading/future#v7_relativesplatpath.

    [0m [90m 12 |[39m describe([32m'LandingPage'[39m[33m,[39m () [33m=>[39m {
     [90m 13 |[39m   test([32m'renders hero heading'[39m[33m,[39m () [33m=>[39m {
    [31m[1m>[22m[39m[90m 14 |[39m     render([33m<[39m[33mLandingPage[39m [33m/[39m[33m>[39m[33m,[39m { wrapper })[33m;[39m
     [90m    |[39m           [31m[1m^[22m[39m
     [90m 15 |[39m     expect(screen[33m.[39mgetByText([35m/suraksha/i[39m))[33m.[39mtoBeInTheDocument()[33m;[39m
     [90m 16 |[39m   })[33m;[39m
     [90m 17 |[39m[0m

      at warn (node_modules/react-router/lib/deprecations.ts:9:13)
      at warnOnce (node_modules/react-router/lib/deprecations.ts:14:3)
      at Object.logDeprecation [as UNSAFE_logV6DeprecationWarnings] (node_modules/react-router/lib/deprecations.ts:37:5)
      at logV6DeprecationWarnings (node_modules/react-router-dom/index.tsx:816:25)
      at Object.react_stack_bottom_frame (node_modules/react-dom/cjs/react-dom-client.development.js:25989:20)
      at runWithFiberInDEV (node_modules/react-dom/cjs/react-dom-client.development.js:874:13)
      at commitHookEffectListMount (node_modules/react-dom/cjs/react-dom-client.development.js:13249:29)
      at commitHookPassiveMountEffects (node_modules/react-dom/cjs/react-dom-client.development.js:13336:11)
      at commitPassiveMountOnFiber (node_modules/react-dom/cjs/react-dom-client.development.js:15484:13)
      at recursivelyTraversePassiveMountEffects (node_modules/react-dom/cjs/react-dom-client.development.js:15439:11)
      at commitPassiveMountOnFiber (node_modules/react-dom/cjs/react-dom-client.development.js:15476:11)
      at recursivelyTraversePassiveMountEffects (node_modules/react-dom/cjs/react-dom-client.development.js:15439:11)
      at commitPassiveMountOnFiber (node_modules/react-dom/cjs/react-dom-client.development.js:15519:11)
      at flushPassiveEffects (node_modules/react-dom/cjs/react-dom-client.development.js:18432:9)
      at node_modules/react-dom/cjs/react-dom-client.development.js:17923:15
      at flushActQueue (node_modules/react/cjs/react.development.js:590:34)
      at Object.<anonymous>.process.env.NODE_ENV.exports.act (node_modules/react/cjs/react.development.js:884:10)
      at node_modules/@testing-library/react/dist/act-compat.js:46:25
      at renderRoot (node_modules/@testing-library/react/dist/pure.js:189:26)
      at render (node_modules/@testing-library/react/dist/pure.js:291:10)
      at Object.<anonymous> (src/pages/__tests__/LandingPage.test.tsx:14:11)

  console.warn
    ΓÜá∩╕Å React Router Future Flag Warning: Relative route resolution within Splat routes is changing in v7. You can use the `v7_relativeSplatPath` future flag to opt-in early. For more information, see https://reactrouter.com/v6/upgrading/future#v7_relativesplatpath.

    [0m [90m 23 |[39m describe([32m'DatabaseModePage'[39m[33m,[39m () [33m=>[39m {
     [90m 24 |[39m   test([32m'renders database mode heading'[39m[33m,[39m () [33m=>[39m {
    [31m[1m>[22m[39m[90m 25 |[39m     render([33m<[39m[33mDatabaseModePage[39m [33m/[39m[33m>[39m[33m,[39m { wrapper })[33m;[39m
     [90m    |[39m           [31m[1m^[22m[39m
     [90m 26 |[39m     expect(screen[33m.[39mgetByText([35m/database/i[39m))[33m.[39mtoBeInTheDocument()[33m;[39m
     [90m 27 |[39m   })[33m;[39m
     [90m 28 |[39m[0m

      at warn (node_modules/react-router/lib/deprecations.ts:9:13)
      at warnOnce (node_modules/react-router/lib/deprecations.ts:14:3)
      at Object.logDeprecation [as UNSAFE_logV6DeprecationWarnings] (node_modules/react-router/lib/deprecations.ts:37:5)
      at logV6DeprecationWarnings (node_modules/react-router-dom/index.tsx:816:25)
      at Object.react_stack_bottom_frame (node_modules/react-dom/cjs/react-dom-client.development.js:25989:20)
      at runWithFiberInDEV (node_modules/react-dom/cjs/react-dom-client.development.js:874:13)
      at commitHookEffectListMount (node_modules/react-dom/cjs/react-dom-client.development.js:13249:29)
      at commitHookPassiveMountEffects (node_modules/react-dom/cjs/react-dom-client.development.js:13336:11)
      at commitPassiveMountOnFiber (node_modules/react-dom/cjs/react-dom-client.development.js:15484:13)
      at recursivelyTraversePassiveMountEffects (node_modules/react-dom/cjs/react-dom-client.development.js:15439:11)
      at commitPassiveMountOnFiber (node_modules/react-dom/cjs/react-dom-client.development.js:15476:11)
      at recursivelyTraversePassiveMountEffects (node_modules/react-dom/cjs/react-dom-client.development.js:15439:11)
      at commitPassiveMountOnFiber (node_modules/react-dom/cjs/react-dom-client.development.js:15519:11)
      at flushPassiveEffects (node_modules/react-dom/cjs/react-dom-client.development.js:18432:9)
      at node_modules/react-dom/cjs/react-dom-client.development.js:17923:15
      at flushActQueue (node_modules/react/cjs/react.development.js:590:34)
      at Object.<anonymous>.process.env.NODE_ENV.exports.act (node_modules/react/cjs/react.development.js:884:10)
      at node_modules/@testing-library/react/dist/act-compat.js:46:25
      at renderRoot (node_modules/@testing-library/react/dist/pure.js:189:26)
      at render (node_modules/@testing-library/react/dist/pure.js:291:10)
      at Object.<anonymous> (src/pages/__tests__/DatabaseModePage.test.tsx:25:11)

FAIL src/pages/__tests__/DatabaseModePage.test.tsx
  DatabaseModePage
    ΓêÜ renders database mode heading (42 ms)
    ├ù renders query input (11 ms)
    ├ù executes query (10 ms)

  ΓùÅ DatabaseModePage ΓÇ║ renders query input

    TestingLibraryElementError: Unable to find an element with the placeholder text of: /query|sql/i

    Ignored nodes: comments, script, style
    <body>
      <div>
        <div>
          <div
            class="page-header"
          >
            <h1>
              <div>
                icon
              </div>
              Database Mode
            </h1>
            <p>
              View generated ZCQL, tool parameters, evidence, and data-quality warnings.
            </p>
          </div>
          <div
            class="card"
            style="margin-bottom: 24px;"
          >
            <form
              style="display: flex; gap: 12px;"
            >
              <input
                placeholder="Ask a question about crime data..."
                style="flex: 1; padding: 10px 14px; border-radius: 8px;"
                type="text"
                value=""
              />
              <button
                class="btn btn-primary"
                type="submit"
              >
                Run
              </button>
            </form>
          </div>
        </div>
      </div>
    </body>

      29 |   test('renders query input', () => {
      30 |     render(<DatabaseModePage />, { wrapper });
    > 31 |     expect(screen.getByPlaceholderText(/query|sql/i)).toBeInTheDocument();
         |                   ^
      32 |   });
      33 |
      34 |   test('executes query', async () => {

      at Object.getElementError (node_modules/@testing-library/dom/dist/config.js:37:19)
      at node_modules/@testing-library/dom/dist/query-helpers.js:76:38
      at node_modules/@testing-library/dom/dist/query-helpers.js:52:17
      at node_modules/@testing-library/dom/dist/query-helpers.js:95:19
      at Object.<anonymous> (src/pages/__tests__/DatabaseModePage.test.tsx:31:19)

  ΓùÅ DatabaseModePage ΓÇ║ executes query

    TestingLibraryElementError: Unable to find an element with the placeholder text of: /query|sql/i

    Ignored nodes: comments, script, style
    <body>
      <div>
        <div>
          <div
            class="page-header"
          >
            <h1>
              <div>
                icon
              </div>
              Database Mode
            </h1>
            <p>
              View generated ZCQL, tool parameters, evidence, and data-quality warnings.
            </p>
          </div>
          <div
            class="card"
            style="margin-bottom: 24px;"
          >
            <form
              style="display: flex; gap: 12px;"
            >
              <input
                placeholder="Ask a question about crime data..."
                style="flex: 1; padding: 10px 14px; border-radius: 8px;"
                type="text"
                value=""
              />
              <button
                class="btn btn-primary"
                type="submit"
              >
                Run
              </button>
            </form>
          </div>
        </div>
      </div>
    </body>

      34 |   test('executes query', async () => {
      35 |     render(<DatabaseModePage />, { wrapper });
    > 36 |     const input = screen.getByPlaceholderText(/query|sql/i);
         |                          ^
      37 |     fireEvent.change(input, { target: { value: 'theft cases' } });
      38 |     const buttons = screen.getAllByRole('button');
      39 |     const runBtn = buttons.find(b => /run|execute|send|go/i.test(b.textContent || ''));

      at Object.getElementError (node_modules/@testing-library/dom/dist/config.js:37:19)
      at node_modules/@testing-library/dom/dist/query-helpers.js:76:38
      at node_modules/@testing-library/dom/dist/query-helpers.js:52:17
      at node_modules/@testing-library/dom/dist/query-helpers.js:95:19
      at src/pages/__tests__/DatabaseModePage.test.tsx:36:26
      at step (src/pages/__tests__/DatabaseModePage.test.tsx:33:23)
      at Object.next (src/pages/__tests__/DatabaseModePage.test.tsx:14:53)
      at src/pages/__tests__/DatabaseModePage.test.tsx:8:71
      at Object.<anonymous>.__awaiter (src/pages/__tests__/DatabaseModePage.test.tsx:4:12)
      at Object.<anonymous> (src/pages/__tests__/DatabaseModePage.test.tsx:34:26)

FAIL src/pages/__tests__/LandingPage.test.tsx
  LandingPage
    ├ù renders hero heading (80 ms)
    ΓêÜ renders get started link (23 ms)

  ΓùÅ LandingPage ΓÇ║ renders hero heading

    TestingLibraryElementError: Found multiple elements with the text: /suraksha/i

    Here are the matching elements:

    Ignored nodes: comments, script, style
    <span
      style="font-size: 20px; font-weight: 700;"
    >
      Suraksha AI
    </span>

    Ignored nodes: comments, script, style
    <p
      style="font-size: 18px; margin-bottom: 40px; line-height: 1.7;"
    >
      Suraksha AI is a full-stack conversational crime analytics platform built for KSP Datathon 2026. Powered by Zoho Catalyst, it combines NL2SQL chat, network graphs, hotspot detection, Prophet forecasting, and offender scoring into one unified dashboard.
    </p>

    Ignored nodes: comments, script, style
    <p>
      Suraksha AI ΓÇö KSP Datathon 2026 | Built on Zoho Catalyst
    </p>

    (If this is intentional, then use the `*AllBy*` variant of the query (like `queryAllByText`, `getAllByText`, or `findAllByText`)).

    Ignored nodes: comments, script, style
    <body>
      <div>
        <div
          style="min-height: 100vh;"
        >
          <header
            style="display: flex; justify-content: space-between; align-items: center; padding: 20px 48px;"
          >
            <div
              style="display: flex; align-items: center; gap: 12px;"
            >
              <div>
                icon
              </div>
              <span
                style="font-size: 20px; font-weight: 700;"
              >
                Suraksha AI
              </span>
            </div>
            <div
              style="display: flex; gap: 12px;"
            >
              <button
                class="btn btn-ghost"
              >
                Sign In
              </button>
              <button
                class="btn btn-primary"
              >
                Get Started 
                <div>
                  icon
                </div>
              </button>
            </div>
          </header>
          <section
            style="text-align: center; padding: 100px 48px 80px; max-width: 800px; margin: 0px auto;"
          >
            <div>
              icon
            </div>
            <h1
              style="font-size: 48px; font-weight: 800; margin-bottom: 16px;"
            >
              Intelligent Crime Analytics
              <br />
              for Karnataka Police
            </h1>
            <p
              style="font-size: 18px; margin-bottom: 40px; line-height: 1.7;"
            >
              Suraksha AI is a full-stack conversational crime analytics platform built for KSP Datathon 2026. Powered by Zoho Catalyst, it combines NL2SQL chat, network graphs, hotspot detection, Prophet forecasting, and offender scoring into one unified dashboard.
            </p>
            <div
              style="display: flex; gap: 16px; justify-content: center;"
            >
              <button
                class="btn btn-primary"
                style="padding: 14px 32px; font-size: 16px;"
              >
                Launch Dashboard 
                <div>
                  icon
                </div>
              </button>
              <button
                class="btn btn-secondary"
                style="padding: 14px 32px; font-size: 16px;"
              >
                View Demo
              </button>
            </div>
          </section>
          <section
            style="padding: 60px 48px; max-width: 1200px; margin: 0px auto;"
          >
            <h2
              style="text-align: center; font-size: 32px; font-weight: 700; margin-bottom: 48px;"
            >
              Key Features
            </h2>
            <div
              style="display: grid; grid-template-columns: repeat(3, 1fr); gap: 24px;"
            >
              <div
                class="card"
                style="padding: 32px;"
              >
                <div>
                  icon
                </div>
                <h3
                  style="font-size: 18px; font-weight: 600; margin-bottom: 8px;"
                >
                  AI Chat Interface
                </h3>
                <p
                  style="font-size: 14px; line-height: 1.6;"
                >
                  Conversational crime intelligence in English & Kannada with NL2SQL, voice support, and evidence-backed answers.
                </p>
              </div>
              <div
                class="card"
                style="padding: 32px;"
              >
                <div>
                  icon
                </div>
                <h3
                  style="font-size: 18px; font-weight: 600; margin-bottom: 8px;"
                >
                  Criminal Network Graph
                </h3>
                <p
                  style="font-size: 14px; line-height: 1.6;"
                >
                  Visualize relationships between accused individuals with entity resolution, community detection, and risk scoring.
                </p>
              </div>
              <div
                class="card"
                style="padding: 32px;"
              >
                <div>
                  icon
                </div>
                <h3
                  style="font-size: 18px; font-weight: 600; margin-bottom: 8px;"
                >
                  Crime Analytics
                </h3>
                <p
                  style="font-size: 14px; line-height: 1.6;"
                >
                  DBSCAN hotspot detection, trend analysis, and sociological crime pattern identification across Karnataka.
                </p>
              </div>
              <div
                class="card"
                style="padding: 32px;"
              >
                <div>
                  icon
                </div>
                <h3
                  style="font-size: 18px; font-weight: 600; margin-bottom: 8px;"
                >
                  Prophet Forecasting
                </h3>
                <p
                  style="font-size: 14px; line-height: 1.6;"
                >
                  30-day crime forecasts with confidence intervals, seasonal pattern detection, and automated alerts.
                </p>
              </div>
              <div
                class="card"
                style="padding: 32px;"
              >
                <div>
                  icon
                </div>
                <h3
                  style="font-size: 18px; font-weight: 600; margin-bottom: 8px;"
                >
                  Priority Scoring
                </h3>
                <p
                  style="font-size: 14px; line-height: 1.6;"
                >
                  Multi-feature offender prioritization (v1.0.0) with deterministic hashing for reproducible risk assessment.
                </p>
              </div>
              <div
                class="card"
                style="padding: 32px;"
              >
                <div>
                  icon
                </div>
                <h3
                  style="font-size: 18px; font-weight: 600; margin-bottom: 8px;"
                >
                  Smart Alerts
                </h3>
                <p
                  style="font-size: 14px; line-height: 1.6;"
                >
                  Rule-based alert engine for surge detection, recidivism monitoring, and threshold breaches.
                </p>
              </div>
            </div>
          </section>
          <footer
            style="text-align: center; padding: 40px 48px; font-size: 13px;"
          >
            <div
              style="display: flex; justify-content: center; gap: 16px; margin-bottom: 12px;"
            >
              <div>
                icon
              </div>
              <div>
                icon
              </div>
            </div>
            <p>
              Suraksha AI ΓÇö KSP Datathon 2026 | Built on Zoho Catalyst
            </p>
          </footer>
        </div>
      </div>
    </body>

      13 |   test('renders hero heading', () => {
      14 |     render(<LandingPage />, { wrapper });
    > 15 |     expect(screen.getByText(/suraksha/i)).toBeInTheDocument();
         |                   ^
      16 |   });
      17 |
      18 |   test('renders get started link', () => {

      at Object.getElementError (node_modules/@testing-library/dom/dist/config.js:37:19)
      at getElementError (node_modules/@testing-library/dom/dist/query-helpers.js:20:35)
      at getMultipleElementsFoundError (node_modules/@testing-library/dom/dist/query-helpers.js:23:10)
      at node_modules/@testing-library/dom/dist/query-helpers.js:55:13
      at node_modules/@testing-library/dom/dist/query-helpers.js:95:19
      at Object.<anonymous> (src/pages/__tests__/LandingPage.test.tsx:15:19)

FAIL src/pages/__tests__/SearchPage.test.tsx
  SearchPage
    ΓêÜ renders search input (48 ms)
    ├ù renders search button (26 ms)
    ├ù performs search (31 ms)

  ΓùÅ SearchPage ΓÇ║ renders search button

    TestingLibraryElementError: Found multiple elements with the text: /search/i

    Here are the matching elements:

    Ignored nodes: comments, script, style
    <h1>
      Case Search & Retrieval
    </h1>

    Ignored nodes: comments, script, style
    <p>
      Search by Crime No, complainant, accused, location, or free-text
    </p>

    Ignored nodes: comments, script, style
    <button
      class="btn btn-primary"
    >
      Search
    </button>

    Ignored nodes: comments, script, style
    <div
      class="card-header flex items-center gap-2"
    >
      <div>
        icon
      </div>
       
      SearchBot
    </div>

    Ignored nodes: comments, script, style
    <div
      style="margin-bottom: 16px; padding: 12px; border-radius: 8px; font-size: 13px; min-height: 40px;"
    >
      I am SearchBot. Describe what you need and I will find it.
    </div>

    (If this is intentional, then use the `*AllBy*` variant of the query (like `queryAllByText`, `getAllByText`, or `findAllByText`)).

    Ignored nodes: comments, script, style
    <body>
      <div>
        <div
          style="display: flex; gap: 24px;"
        >
          <div
            style="flex: 1;"
          >
            <div
              class="page-header"
            >
              <h1>
                Case Search & Retrieval
              </h1>
              <p>
                Search by Crime No, complainant, accused, location, or free-text
              </p>
            </div>
            <div
              class="tabs"
              style="margin-bottom: 16px;"
            >
              <button
                class="tab active"
              >
                <div>
                  icon
                </div>
                 
                Quick
              </button>
              <button
                class="tab "
              >
                <div>
                  icon
                </div>
                 
                Advanced
              </button>
              <button
                class="tab "
              >
                <div>
                  icon
                </div>
                 
                Natural Language
              </button>
            </div>
            <div
              class="card"
              style="margin-bottom: 24px;"
            >
              <div
                style="display: flex; gap: 12px;"
              >
                <div
                  class="input-group"
                  style="flex: 1;"
                >
                  <div>
                    icon
                  </div>
                  <input
                    class="input"
                    placeholder="Search by Crime No, complainant, accused, location..."
                    value=""
                  />
                </div>
                <button
                  class="btn btn-primary"
                >
                  Search
                </button>
              </div>
            </div>
          </div>
          <div
            style="width: 280px; flex-shrink: 0;"
          >
            <div
              class="card"
              style="position: sticky; top: 32px;"
            >
              <div
                class="card-header flex items-center gap-2"
              >
                <div>
                  icon
                </div>
                 
                SearchBot
              </div>
              <div
                style="font-size: 14px;"
              >
                <div
                  style="margin-bottom: 16px; padding: 12px; border-radius: 8px; font-size: 13px; min-height: 40px;"
                >
                  I am SearchBot. Describe what you need and I will find it.
                </div>
                <div
                  style="display: flex; flex-direction: column; gap: 8px;"
                >
                  <button
                    class="btn btn-ghost btn-sm"
                    style="justify-content: flex-start;"
                  >
                    No results? Try...
                  </button>
                  <button
                    class="btn btn-ghost btn-sm"
                    style="justify-content: flex-start;"
                  >
                    Similar cases?
                  </button>
                  <button
                    class="btn btn-ghost btn-sm"
                    style="justify-content: flex-start;"
                  >
                    People network?
                  </button>
                </div>
              </div>
            </div>
          </div>
        </div>
      </div>
    </body>

      28 |   test('renders search button', () => {
      29 |     render(<SearchPage />, { wrapper });
    > 30 |     expect(screen.getByText(/search/i)).toBeInTheDocument();
         |                   ^
      31 |   });
      32 |
      33 |   test('performs search', async () => {

      at Object.getElementError (node_modules/@testing-library/dom/dist/config.js:37:19)
      at getElementError (node_modules/@testing-library/dom/dist/query-helpers.js:20:35)
      at getMultipleElementsFoundError (node_modules/@testing-library/dom/dist/query-helpers.js:23:10)
      at node_modules/@testing-library/dom/dist/query-helpers.js:55:13
      at node_modules/@testing-library/dom/dist/query-helpers.js:95:19
      at Object.<anonymous> (src/pages/__tests__/SearchPage.test.tsx:30:19)

  ΓùÅ SearchPage ΓÇ║ performs search

    TestingLibraryElementError: Found multiple elements with the text: /search/i

    Here are the matching elements:

    Ignored nodes: comments, script, style
    <h1>
      Case Search & Retrieval
    </h1>

    Ignored nodes: comments, script, style
    <p>
      Search by Crime No, complainant, accused, location, or free-text
    </p>

    Ignored nodes: comments, script, style
    <button
      class="btn btn-primary"
    >
      Search
    </button>

    Ignored nodes: comments, script, style
    <div
      class="card-header flex items-center gap-2"
    >
      <div>
        icon
      </div>
       
      SearchBot
    </div>

    Ignored nodes: comments, script, style
    <div
      style="margin-bottom: 16px; padding: 12px; border-radius: 8px; font-size: 13px; min-height: 40px;"
    >
      I am SearchBot. Describe what you need and I will find it.
    </div>

    (If this is intentional, then use the `*AllBy*` variant of the query (like `queryAllByText`, `getAllByText`, or `findAllByText`)).

    Ignored nodes: comments, script, style
    <body>
      <div>
        <div
          style="display: flex; gap: 24px;"
        >
          <div
            style="flex: 1;"
          >
            <div
              class="page-header"
            >
              <h1>
                Case Search & Retrieval
              </h1>
              <p>
                Search by Crime No, complainant, accused, location, or free-text
              </p>
            </div>
            <div
              class="tabs"
              style="margin-bottom: 16px;"
            >
              <button
                class="tab active"
              >
                <div>
                  icon
                </div>
                 
                Quick
              </button>
              <button
                class="tab "
              >
                <div>
                  icon
                </div>
                 
                Advanced
              </button>
              <button
                class="tab "
              >
                <div>
                  icon
                </div>
                 
                Natural Language
              </button>
            </div>
            <div
              class="card"
              style="margin-bottom: 24px;"
            >
              <div
                style="display: flex; gap: 12px;"
              >
                <div
                  class="input-group"
                  style="flex: 1;"
                >
                  <div>
                    icon
                  </div>
                  <input
                    class="input"
                    placeholder="Search by Crime No, complainant, accused, location..."
                    value="theft"
                  />
                </div>
                <button
                  class="btn btn-primary"
                >
                  Search
                </button>
              </div>
            </div>
          </div>
          <div
            style="width: 280px; flex-shrink: 0;"
          >
            <div
              class="card"
              style="position: sticky; top: 32px;"
            >
              <div
                class="card-header flex items-center gap-2"
              >
                <div>
                  icon
                </div>
                 
                SearchBot
              </div>
              <div
                style="font-size: 14px;"
              >
                <div
                  style="margin-bottom: 16px; padding: 12px; border-radius: 8px; font-size: 13px; min-height: 40px;"
                >
                  I am SearchBot. Describe what you need and I will find it.
                </div>
                <div
                  style="display: flex; flex-direction: column; gap: 8px;"
                >
                  <button
                    class="btn btn-ghost btn-sm"
                    style="justify-content: flex-start;"
                  >
                    No results? Try...
                  </button>
                  <button
                    class="btn btn-ghost btn-sm"
                    style="justify-content: flex-start;"
                  >
                    Similar cases?
                  </button>
                  <button
                    class="btn btn-ghost btn-sm"
                    style="justify-content: flex-start;"
                  >
                    People network?
                  </button>
                </div>
              </div>
            </div>
          </div>
        </div>
      </div>
    </body>

      35 |     const input = screen.getByPlaceholderText(/search/i);
      36 |     fireEvent.change(input, { target: { value: 'theft' } });
    > 37 |     const searchBtn = screen.getByText(/search/i).closest('button') || screen.getByRole('button');
         |                              ^
      38 |     fireEvent.click(searchBtn);
      39 |     await waitFor(() => expect(screen.getByText('Search results')).toBeInTheDocument());
      40 |   });

      at Object.getElementError (node_modules/@testing-library/dom/dist/config.js:37:19)
      at getElementError (node_modules/@testing-library/dom/dist/query-helpers.js:20:35)
      at getMultipleElementsFoundError (node_modules/@testing-library/dom/dist/query-helpers.js:23:10)
      at node_modules/@testing-library/dom/dist/query-helpers.js:55:13
      at node_modules/@testing-library/dom/dist/query-helpers.js:95:19
      at src/pages/__tests__/SearchPage.test.tsx:37:30
      at step (src/pages/__tests__/SearchPage.test.tsx:33:23)
      at Object.next (src/pages/__tests__/SearchPage.test.tsx:14:53)
      at src/pages/__tests__/SearchPage.test.tsx:8:71
      at Object.<anonymous>.__awaiter (src/pages/__tests__/SearchPage.test.tsx:4:12)
      at Object.<anonymous> (src/pages/__tests__/SearchPage.test.tsx:33:27)

FAIL src/pages/__tests__/ChatPage.test.tsx
  ChatPage
    ├ù renders chat input (66 ms)
    ├ù sends message and shows response (9 ms)
    ├ù renders sidebar (10 ms)

  ΓùÅ ChatPage ΓÇ║ renders chat input

    TypeError: _a.scrollIntoView is not a function

      89 |   const audioRef = useRef<HTMLAudioElement | null>(null);
      90 |
    > 91 |   useEffect(() => { endRef.current?.scrollIntoView({ behavior: 'smooth' }); }, [messages]);
         |                                     ^
      92 |
      93 |   const sendMessage = async () => {
      94 |     if (!input.trim() || loading) return;

      at src/pages/ChatPage.tsx:91:37
      at Object.react_stack_bottom_frame (node_modules/react-dom/cjs/react-dom-client.development.js:25989:20)
      at runWithFiberInDEV (node_modules/react-dom/cjs/react-dom-client.development.js:874:13)
      at commitHookEffectListMount (node_modules/react-dom/cjs/react-dom-client.development.js:13249:29)
      at commitHookPassiveMountEffects (node_modules/react-dom/cjs/react-dom-client.development.js:13336:11)
      at commitPassiveMountOnFiber (node_modules/react-dom/cjs/react-dom-client.development.js:15484:13)
      at recursivelyTraversePassiveMountEffects (node_modules/react-dom/cjs/react-dom-client.development.js:15439:11)
      at commitPassiveMountOnFiber (node_modules/react-dom/cjs/react-dom-client.development.js:15718:11)
      at recursivelyTraversePassiveMountEffects (node_modules/react-dom/cjs/react-dom-client.development.js:15439:11)
      at commitPassiveMountOnFiber (node_modules/react-dom/cjs/react-dom-client.development.js:15476:11)
      at recursivelyTraversePassiveMountEffects (node_modules/react-dom/cjs/react-dom-client.development.js:15439:11)
      at commitPassiveMountOnFiber (node_modules/react-dom/cjs/react-dom-client.development.js:15718:11)
      at recursivelyTraversePassiveMountEffects (node_modules/react-dom/cjs/react-dom-client.development.js:15439:11)
      at commitPassiveMountOnFiber (node_modules/react-dom/cjs/react-dom-client.development.js:15476:11)
      at recursivelyTraversePassiveMountEffects (node_modules/react-dom/cjs/react-dom-client.development.js:15439:11)
      at commitPassiveMountOnFiber (node_modules/react-dom/cjs/react-dom-client.development.js:15718:11)
      at recursivelyTraversePassiveMountEffects (node_modules/react-dom/cjs/react-dom-client.development.js:15439:11)
      at commitPassiveMountOnFiber (node_modules/react-dom/cjs/react-dom-client.development.js:15718:11)
      at recursivelyTraversePassiveMountEffects (node_modules/react-dom/cjs/react-dom-client.development.js:15439:11)
      at commitPassiveMountOnFiber (node_modules/react-dom/cjs/react-dom-client.development.js:15476:11)
      at recursivelyTraversePassiveMountEffects (node_modules/react-dom/cjs/react-dom-client.development.js:15439:11)
      at commitPassiveMountOnFiber (node_modules/react-dom/cjs/react-dom-client.development.js:15476:11)
      at recursivelyTraversePassiveMountEffects (node_modules/react-dom/cjs/react-dom-client.development.js:15439:11)
      at commitPassiveMountOnFiber (node_modules/react-dom/cjs/react-dom-client.development.js:15476:11)
      at recursivelyTraversePassiveMountEffects (node_modules/react-dom/cjs/react-dom-client.development.js:15439:11)
      at commitPassiveMountOnFiber (node_modules/react-dom/cjs/react-dom-client.development.js:15519:11)
      at flushPassiveEffects (node_modules/react-dom/cjs/react-dom-client.development.js:18432:9)
      at node_modules/react-dom/cjs/react-dom-client.development.js:17923:15
      at flushActQueue (node_modules/react/cjs/react.development.js:590:34)
      at Object.<anonymous>.process.env.NODE_ENV.exports.act (node_modules/react/cjs/react.development.js:884:10)
      at node_modules/@testing-library/react/dist/act-compat.js:46:25
      at renderRoot (node_modules/@testing-library/react/dist/pure.js:189:26)
      at render (node_modules/@testing-library/react/dist/pure.js:291:10)
      at Object.<anonymous> (src/pages/__tests__/ChatPage.test.tsx:24:11)

  ΓùÅ ChatPage ΓÇ║ sends message and shows response

    TypeError: _a.scrollIntoView is not a function

      89 |   const audioRef = useRef<HTMLAudioElement | null>(null);
      90 |
    > 91 |   useEffect(() => { endRef.current?.scrollIntoView({ behavior: 'smooth' }); }, [messages]);
         |                                     ^
      92 |
      93 |   const sendMessage = async () => {
      94 |     if (!input.trim() || loading) return;

      at src/pages/ChatPage.tsx:91:37
      at Object.react_stack_bottom_frame (node_modules/react-dom/cjs/react-dom-client.development.js:25989:20)
      at runWithFiberInDEV (node_modules/react-dom/cjs/react-dom-client.development.js:874:13)
      at commitHookEffectListMount (node_modules/react-dom/cjs/react-dom-client.development.js:13249:29)
      at commitHookPassiveMountEffects (node_modules/react-dom/cjs/react-dom-client.development.js:13336:11)
      at commitPassiveMountOnFiber (node_modules/react-dom/cjs/react-dom-client.development.js:15484:13)
      at recursivelyTraversePassiveMountEffects (node_modules/react-dom/cjs/react-dom-client.development.js:15439:11)
      at commitPassiveMountOnFiber (node_modules/react-dom/cjs/react-dom-client.development.js:15718:11)
      at recursivelyTraversePassiveMountEffects (node_modules/react-dom/cjs/react-dom-client.development.js:15439:11)
      at commitPassiveMountOnFiber (node_modules/react-dom/cjs/react-dom-client.development.js:15476:11)
      at recursivelyTraversePassiveMountEffects (node_modules/react-dom/cjs/react-dom-client.development.js:15439:11)
      at commitPassiveMountOnFiber (node_modules/react-dom/cjs/react-dom-client.development.js:15718:11)
      at recursivelyTraversePassiveMountEffects (node_modules/react-dom/cjs/react-dom-client.development.js:15439:11)
      at commitPassiveMountOnFiber (node_modules/react-dom/cjs/react-dom-client.development.js:15476:11)
      at recursivelyTraversePassiveMountEffects (node_modules/react-dom/cjs/react-dom-client.development.js:15439:11)
      at commitPassiveMountOnFiber (node_modules/react-dom/cjs/react-dom-client.development.js:15718:11)
      at recursivelyTraversePassiveMountEffects (node_modules/react-dom/cjs/react-dom-client.development.js:15439:11)
      at commitPassiveMountOnFiber (node_modules/react-dom/cjs/react-dom-client.development.js:15718:11)
      at recursivelyTraversePassiveMountEffects (node_modules/react-dom/cjs/react-dom-client.development.js:15439:11)
      at commitPassiveMountOnFiber (node_modules/react-dom/cjs/react-dom-client.development.js:15476:11)
      at recursivelyTraversePassiveMountEffects (node_modules/react-dom/cjs/react-dom-client.development.js:15439:11)
      at commitPassiveMountOnFiber (node_modules/react-dom/cjs/react-dom-client.development.js:15476:11)
      at recursivelyTraversePassiveMountEffects (node_modules/react-dom/cjs/react-dom-client.development.js:15439:11)
      at commitPassiveMountOnFiber (node_modules/react-dom/cjs/react-dom-client.development.js:15476:11)
      at recursivelyTraversePassiveMountEffects (node_modules/react-dom/cjs/react-dom-client.development.js:15439:11)
      at commitPassiveMountOnFiber (node_modules/react-dom/cjs/react-dom-client.development.js:15519:11)
      at flushPassiveEffects (node_modules/react-dom/cjs/react-dom-client.development.js:18432:9)
      at node_modules/react-dom/cjs/react-dom-client.development.js:17923:15
      at flushActQueue (node_modules/react/cjs/react.development.js:590:34)
      at Object.<anonymous>.process.env.NODE_ENV.exports.act (node_modules/react/cjs/react.development.js:884:10)
      at node_modules/@testing-library/react/dist/act-compat.js:46:25
      at renderRoot (node_modules/@testing-library/react/dist/pure.js:189:26)
      at render (node_modules/@testing-library/react/dist/pure.js:291:10)
      at src/pages/__tests__/ChatPage.test.tsx:29:11
      at step (src/pages/__tests__/ChatPage.test.tsx:33:23)
      at Object.next (src/pages/__tests__/ChatPage.test.tsx:14:53)
      at src/pages/__tests__/ChatPage.test.tsx:8:71
      at Object.<anonymous>.__awaiter (src/pages/__tests__/ChatPage.test.tsx:4:12)
      at Object.<anonymous> (src/pages/__tests__/ChatPage.test.tsx:28:44)

  ΓùÅ ChatPage ΓÇ║ renders sidebar

    TypeError: _a.scrollIntoView is not a function

      89 |   const audioRef = useRef<HTMLAudioElement | null>(null);
      90 |
    > 91 |   useEffect(() => { endRef.current?.scrollIntoView({ behavior: 'smooth' }); }, [messages]);
         |                                     ^
      92 |
      93 |   const sendMessage = async () => {
      94 |     if (!input.trim() || loading) return;

      at src/pages/ChatPage.tsx:91:37
      at Object.react_stack_bottom_frame (node_modules/react-dom/cjs/react-dom-client.development.js:25989:20)
      at runWithFiberInDEV (node_modules/react-dom/cjs/react-dom-client.development.js:874:13)
      at commitHookEffectListMount (node_modules/react-dom/cjs/react-dom-client.development.js:13249:29)
      at commitHookPassiveMountEffects (node_modules/react-dom/cjs/react-dom-client.development.js:13336:11)
      at commitPassiveMountOnFiber (node_modules/react-dom/cjs/react-dom-client.development.js:15484:13)
      at recursivelyTraversePassiveMountEffects (node_modules/react-dom/cjs/react-dom-client.development.js:15439:11)
      at commitPassiveMountOnFiber (node_modules/react-dom/cjs/react-dom-client.development.js:15718:11)
      at recursivelyTraversePassiveMountEffects (node_modules/react-dom/cjs/react-dom-client.development.js:15439:11)
      at commitPassiveMountOnFiber (node_modules/react-dom/cjs/react-dom-client.development.js:15476:11)
      at recursivelyTraversePassiveMountEffects (node_modules/react-dom/cjs/react-dom-client.development.js:15439:11)
      at commitPassiveMountOnFiber (node_modules/react-dom/cjs/react-dom-client.development.js:15718:11)
      at recursivelyTraversePassiveMountEffects (node_modules/react-dom/cjs/react-dom-client.development.js:15439:11)
      at commitPassiveMountOnFiber (node_modules/react-dom/cjs/react-dom-client.development.js:15476:11)
      at recursivelyTraversePassiveMountEffects (node_modules/react-dom/cjs/react-dom-client.development.js:15439:11)
      at commitPassiveMountOnFiber (node_modules/react-dom/cjs/react-dom-client.development.js:15718:11)
      at recursivelyTraversePassiveMountEffects (node_modules/react-dom/cjs/react-dom-client.development.js:15439:11)
      at commitPassiveMountOnFiber (node_modules/react-dom/cjs/react-dom-client.development.js:15718:11)
      at recursivelyTraversePassiveMountEffects (node_modules/react-dom/cjs/react-dom-client.development.js:15439:11)
      at commitPassiveMountOnFiber (node_modules/react-dom/cjs/react-dom-client.development.js:15476:11)
      at recursivelyTraversePassiveMountEffects (node_modules/react-dom/cjs/react-dom-client.development.js:15439:11)
      at commitPassiveMountOnFiber (node_modules/react-dom/cjs/react-dom-client.development.js:15476:11)
      at recursivelyTraversePassiveMountEffects (node_modules/react-dom/cjs/react-dom-client.development.js:15439:11)
      at commitPassiveMountOnFiber (node_modules/react-dom/cjs/react-dom-client.development.js:15476:11)
      at recursivelyTraversePassiveMountEffects (node_modules/react-dom/cjs/react-dom-client.development.js:15439:11)
      at commitPassiveMountOnFiber (node_modules/react-dom/cjs/react-dom-client.development.js:15519:11)
      at flushPassiveEffects (node_modules/react-dom/cjs/react-dom-client.development.js:18432:9)
      at node_modules/react-dom/cjs/react-dom-client.development.js:17923:15
      at flushActQueue (node_modules/react/cjs/react.development.js:590:34)
      at Object.<anonymous>.process.env.NODE_ENV.exports.act (node_modules/react/cjs/react.development.js:884:10)
      at node_modules/@testing-library/react/dist/act-compat.js:46:25
      at renderRoot (node_modules/@testing-library/react/dist/pure.js:189:26)
      at render (node_modules/@testing-library/react/dist/pure.js:291:10)
      at Object.<anonymous> (src/pages/__tests__/ChatPage.test.tsx:37:11)

  console.warn
    ΓÜá∩╕Å React Router Future Flag Warning: React Router will begin wrapping state updates in `React.startTransition` in v7. You can use the `v7_startTransition` future flag to opt-in early. For more information, see https://reactrouter.com/v6/upgrading/future#v7_starttransition.

    [0m [90m 22 |[39m describe([32m'App'[39m[33m,[39m () [33m=>[39m {
     [90m 23 |[39m   test([32m'renders login page when not authenticated'[39m[33m,[39m () [33m=>[39m {
    [31m[1m>[22m[39m[90m 24 |[39m     render([33m<[39m[33mApp[39m [33m/[39m[33m>[39m)[33m;[39m
     [90m    |[39m           [31m[1m^[22m[39m
     [90m 25 |[39m     expect(screen[33m.[39mgetByText([32m'LoginPage'[39m))[33m.[39mtoBeInTheDocument()[33m;[39m
     [90m 26 |[39m   })[33m;[39m
     [90m 27 |[39m[0m

      at warn (node_modules/react-router/lib/deprecations.ts:9:13)
      at warnOnce (node_modules/react-router/lib/deprecations.ts:14:3)
      at Object.logDeprecation [as UNSAFE_logV6DeprecationWarnings] (node_modules/react-router/lib/deprecations.ts:26:5)
      at logV6DeprecationWarnings (node_modules/react-router-dom/index.tsx:869:25)
      at Object.react_stack_bottom_frame (node_modules/react-dom/cjs/react-dom-client.development.js:25989:20)
      at runWithFiberInDEV (node_modules/react-dom/cjs/react-dom-client.development.js:874:13)
      at commitHookEffectListMount (node_modules/react-dom/cjs/react-dom-client.development.js:13249:29)
      at commitHookPassiveMountEffects (node_modules/react-dom/cjs/react-dom-client.development.js:13336:11)
      at commitPassiveMountOnFiber (node_modules/react-dom/cjs/react-dom-client.development.js:15484:13)
      at recursivelyTraversePassiveMountEffects (node_modules/react-dom/cjs/react-dom-client.development.js:15439:11)
      at commitPassiveMountOnFiber (node_modules/react-dom/cjs/react-dom-client.development.js:15476:11)
      at recursivelyTraversePassiveMountEffects (node_modules/react-dom/cjs/react-dom-client.development.js:15439:11)
      at commitPassiveMountOnFiber (node_modules/react-dom/cjs/react-dom-client.development.js:15519:11)
      at flushPassiveEffects (node_modules/react-dom/cjs/react-dom-client.development.js:18432:9)
      at node_modules/react-dom/cjs/react-dom-client.development.js:17923:15
      at flushActQueue (node_modules/react/cjs/react.development.js:590:34)
      at Object.<anonymous>.process.env.NODE_ENV.exports.act (node_modules/react/cjs/react.development.js:884:10)
      at node_modules/@testing-library/react/dist/act-compat.js:46:25
      at renderRoot (node_modules/@testing-library/react/dist/pure.js:189:26)
      at render (node_modules/@testing-library/react/dist/pure.js:291:10)
      at Object.<anonymous> (src/__tests__/App.test.tsx:24:11)

  console.warn
    ΓÜá∩╕Å React Router Future Flag Warning: Relative route resolution within Splat routes is changing in v7. You can use the `v7_relativeSplatPath` future flag to opt-in early. For more information, see https://reactrouter.com/v6/upgrading/future#v7_relativesplatpath.

    [0m [90m 22 |[39m describe([32m'App'[39m[33m,[39m () [33m=>[39m {
     [90m 23 |[39m   test([32m'renders login page when not authenticated'[39m[33m,[39m () [33m=>[39m {
    [31m[1m>[22m[39m[90m 24 |[39m     render([33m<[39m[33mApp[39m [33m/[39m[33m>[39m)[33m;[39m
     [90m    |[39m           [31m[1m^[22m[39m
     [90m 25 |[39m     expect(screen[33m.[39mgetByText([32m'LoginPage'[39m))[33m.[39mtoBeInTheDocument()[33m;[39m
     [90m 26 |[39m   })[33m;[39m
     [90m 27 |[39m[0m

      at warn (node_modules/react-router/lib/deprecations.ts:9:13)
      at warnOnce (node_modules/react-router/lib/deprecations.ts:14:3)
      at Object.logDeprecation [as UNSAFE_logV6DeprecationWarnings] (node_modules/react-router/lib/deprecations.ts:37:5)
      at logV6DeprecationWarnings (node_modules/react-router-dom/index.tsx:869:25)
      at Object.react_stack_bottom_frame (node_modules/react-dom/cjs/react-dom-client.development.js:25989:20)
      at runWithFiberInDEV (node_modules/react-dom/cjs/react-dom-client.development.js:874:13)
      at commitHookEffectListMount (node_modules/react-dom/cjs/react-dom-client.development.js:13249:29)
      at commitHookPassiveMountEffects (node_modules/react-dom/cjs/react-dom-client.development.js:13336:11)
      at commitPassiveMountOnFiber (node_modules/react-dom/cjs/react-dom-client.development.js:15484:13)
      at recursivelyTraversePassiveMountEffects (node_modules/react-dom/cjs/react-dom-client.development.js:15439:11)
      at commitPassiveMountOnFiber (node_modules/react-dom/cjs/react-dom-client.development.js:15476:11)
      at recursivelyTraversePassiveMountEffects (node_modules/react-dom/cjs/react-dom-client.development.js:15439:11)
      at commitPassiveMountOnFiber (node_modules/react-dom/cjs/react-dom-client.development.js:15519:11)
      at flushPassiveEffects (node_modules/react-dom/cjs/react-dom-client.development.js:18432:9)
      at node_modules/react-dom/cjs/react-dom-client.development.js:17923:15
      at flushActQueue (node_modules/react/cjs/react.development.js:590:34)
      at Object.<anonymous>.process.env.NODE_ENV.exports.act (node_modules/react/cjs/react.development.js:884:10)
      at node_modules/@testing-library/react/dist/act-compat.js:46:25
      at renderRoot (node_modules/@testing-library/react/dist/pure.js:189:26)
      at render (node_modules/@testing-library/react/dist/pure.js:291:10)
      at Object.<anonymous> (src/__tests__/App.test.tsx:24:11)

FAIL src/__tests__/App.test.tsx
  App
    ΓêÜ renders login page when not authenticated (33 ms)
    ├ù renders when authenticated

  ΓùÅ App ΓÇ║ renders when authenticated

    TypeError: jest.mocked(...).mockReturnValue is not a function

      27 |
      28 |   test('renders when authenticated', () => {
    > 29 |     jest.mocked(require('../context/AuthContext').useAuth).mockReturnValue({
         |                                                            ^
      30 |       isAuthenticated: true, user: { role_name: 'Investigator' }, login: jest.fn(), logout: jest.fn(),
      31 |     });
      32 |     const { container } = render(<App />);

      at Object.<anonymous> (src/__tests__/App.test.tsx:29:60)

FAIL src/pages/__tests__/SimilarityPage.test.tsx (9.662 s)
  SimilarityPage
    ├ù renders similarity heading (568 ms)
    ├ù renders case id input (24 ms)
    ├ù loads and displays results (5003 ms)

  ΓùÅ SimilarityPage ΓÇ║ renders similarity heading

    TestingLibraryElementError: Found multiple elements with the text: /similar/i

    Here are the matching elements:

    Ignored nodes: comments, script, style
    <h1>
      Case Similarity & Pattern Detection
    </h1>

    Ignored nodes: comments, script, style
    <p>
      Identify similar cases and detect recurring crime patterns
    </p>

    Ignored nodes: comments, script, style
    <button
      class="btn btn-primary"
      disabled=""
    >
      <div>
        icon
      </div>
       
      Find Similar Cases
    </button>

    Ignored nodes: comments, script, style
    <div
      style="margin-bottom: 12px; padding: 12px; border-radius: 8px; font-size: 13px; min-height: 40px;"
    >
      I am PatternBot. Select a case to find similar patterns.
    </div>

    (If this is intentional, then use the `*AllBy*` variant of the query (like `queryAllByText`, `getAllByText`, or `findAllByText`)).

    Ignored nodes: comments, script, style
    <body>
      <div>
        <div
          style="display: flex; gap: 24px;"
        >
          <div
            style="flex: 1;"
          >
            <div
              class="page-header"
            >
              <h1>
                Case Similarity & Pattern Detection
              </h1>
              <p>
                Identify similar cases and detect recurring crime patterns
              </p>
            </div>
            <div
              class="card"
              style="margin-bottom: 24px;"
            >
              <div
                class="card-header"
              >
                Select Case to Analyze
              </div>
              <div
                style="display: flex; gap: 12px;"
              >
                <select
                  class="input"
                  style="flex: 1;"
                >
                  <option
                    value=""
                  >
                    -- 
                    Select a case by Crime No
                     --
                  </option>
                  <option
                    value="104430006202600001"
                  >
                    104430006202600001
                     ΓÇö 
                    Theft
                     (
                    Bengaluru South
                    )
                  </option>
                  <option
                    value="104430006202600015"
                  >
                    104430006202600015
                     ΓÇö 
                    Robbery
                     (
                    Mysuru
                    )
                  </option>
                  <option
                    value="104430006202600042"
                  >
                    104430006202600042
                     ΓÇö 
                    Assault
                     (
                    Hubballi
                    )
                  </option>
                  <option
                    value="104430006202500312"
                  >
                    104430006202500312
                     ΓÇö 
                    Cheating
                     (
                    Belagavi
                    )
                  </option>
                  <option
                    value="104430006202600088"
                  >
                    104430006202600088
                     ΓÇö 
                    Cyber Crime
                     (
                    Bengaluru Urban
                    )
                  </option>
                </select>
                <button
                  class="btn btn-primary"
                  disabled=""
                >
                  <div>
                    icon
                  </div>
                   
                  Find Similar Cases
                </button>
              </div>
            </div>
          </div>
          <div
            style="width: 280px; flex-shrink: 0;"
          >
            <div
              class="card"
              style="position: sticky; top: 32px;"
            >
              <div
                class="card-header flex justify-between items-center"
              >
                <span
                  class="flex items-center gap-2"
                >
                  <div>
                    icon
                  </div>
                   
                  PatternBot
                </span>
                <button
                  class="btn btn-ghost btn-icon"
                >
                  <div>
                    icon
                  </div>
                </button>
              </div>
              <div
                style="font-size: 14px;"
              >
                <div
                  style="margin-bottom: 12px; padding: 12px; border-radius: 8px; font-size: 13px; min-height: 40px;"
                >
                  I am PatternBot. Select a case to find similar patterns.
                </div>
                <div
                  style="display: flex; flex-direction: column; gap: 8px;"
                >
                  <button
                    class="btn btn-ghost btn-sm"
                    style="justify-content: flex-start;"
                  >
                    Is this a series?
                  </button>
                  <button
                    class="btn btn-ghost btn-sm"
                    style="justify-content: flex-start;"
                  >
                    Recommend leads
                  </button>
                  <button
                    class="btn btn-ghost btn-sm"
                    style="justify-content: flex-start;"
                  >
                    Forecast next incident
                  </button>
                </div>
              </div>
            </div>
          </div>
        </div>
      </div>
    </body>

      22 |   test('renders similarity heading', () => {
      23 |     render(<SimilarityPage />, { wrapper });
    > 24 |     expect(screen.getByText(/similar/i)).toBeInTheDocument();
         |                   ^
      25 |   });
      26 |
      27 |   test('renders case id input', () => {

      at Object.getElementError (node_modules/@testing-library/dom/dist/config.js:37:19)
      at getElementError (node_modules/@testing-library/dom/dist/query-helpers.js:20:35)
      at getMultipleElementsFoundError (node_modules/@testing-library/dom/dist/query-helpers.js:23:10)
      at node_modules/@testing-library/dom/dist/query-helpers.js:55:13
      at node_modules/@testing-library/dom/dist/query-helpers.js:95:19
      at Object.<anonymous> (src/pages/__tests__/SimilarityPage.test.tsx:24:19)

  ΓùÅ SimilarityPage ΓÇ║ renders case id input

    TestingLibraryElementError: Found multiple elements with the text: /case/i

    Here are the matching elements:

    Ignored nodes: comments, script, style
    <h1>
      Case Similarity & Pattern Detection
    </h1>

    Ignored nodes: comments, script, style
    <p>
      Identify similar cases and detect recurring crime patterns
    </p>

    Ignored nodes: comments, script, style
    <div
      class="card-header"
    >
      Select Case to Analyze
    </div>

    Ignored nodes: comments, script, style
    <option
      value=""
    >
      -- 
      Select a case by Crime No
       --
    </option>

    Ignored nodes: comments, script, style
    <button
      class="btn btn-primary"
      disabled=""
    >
      <div>
        icon
      </div>
       
      Find Similar Cases
    </button>

    Ignored nodes: comments, script, style
    <div
      style="margin-bottom: 12px; padding: 12px; border-radius: 8px; font-size: 13px; min-height: 40px;"
    >
      I am PatternBot. Select a case to find similar patterns.
    </div>

    (If this is intentional, then use the `*AllBy*` variant of the query (like `queryAllByText`, `getAllByText`, or `findAllByText`)).

    Ignored nodes: comments, script, style
    <body>
      <div>
        <div
          style="display: flex; gap: 24px;"
        >
          <div
            style="flex: 1;"
          >
            <div
              class="page-header"
            >
              <h1>
                Case Similarity & Pattern Detection
              </h1>
              <p>
                Identify similar cases and detect recurring crime patterns
              </p>
            </div>
            <div
              class="card"
              style="margin-bottom: 24px;"
            >
              <div
                class="card-header"
              >
                Select Case to Analyze
              </div>
              <div
                style="display: flex; gap: 12px;"
              >
                <select
                  class="input"
                  style="flex: 1;"
                >
                  <option
                    value=""
                  >
                    -- 
                    Select a case by Crime No
                     --
                  </option>
                  <option
                    value="104430006202600001"
                  >
                    104430006202600001
                     ΓÇö 
                    Theft
                     (
                    Bengaluru South
                    )
                  </option>
                  <option
                    value="104430006202600015"
                  >
                    104430006202600015
                     ΓÇö 
                    Robbery
                     (
                    Mysuru
                    )
                  </option>
                  <option
                    value="104430006202600042"
                  >
                    104430006202600042
                     ΓÇö 
                    Assault
                     (
                    Hubballi
                    )
                  </option>
                  <option
                    value="104430006202500312"
                  >
                    104430006202500312
                     ΓÇö 
                    Cheating
                     (
                    Belagavi
                    )
                  </option>
                  <option
                    value="104430006202600088"
                  >
                    104430006202600088
                     ΓÇö 
                    Cyber Crime
                     (
                    Bengaluru Urban
                    )
                  </option>
                </select>
                <button
                  class="btn btn-primary"
                  disabled=""
                >
                  <div>
                    icon
                  </div>
                   
                  Find Similar Cases
                </button>
              </div>
            </div>
          </div>
          <div
            style="width: 280px; flex-shrink: 0;"
          >
            <div
              class="card"
              style="position: sticky; top: 32px;"
            >
              <div
                class="card-header flex justify-between items-center"
              >
                <span
                  class="flex items-center gap-2"
                >
                  <div>
                    icon
                  </div>
                   
                  PatternBot
                </span>
                <button
                  class="btn btn-ghost btn-icon"
                >
                  <div>
                    icon
                  </div>
                </button>
              </div>
              <div
                style="font-size: 14px;"
              >
                <div
                  style="margin-bottom: 12px; padding: 12px; border-radius: 8px; font-size: 13px; min-height: 40px;"
                >
                  I am PatternBot. Select a case to find similar patterns.
                </div>
                <div
                  style="display: flex; flex-direction: column; gap: 8px;"
                >
                  <button
                    class="btn btn-ghost btn-sm"
                    style="justify-content: flex-start;"
                  >
                    Is this a series?
                  </button>
                  <button
                    class="btn btn-ghost btn-sm"
                    style="justify-content: flex-start;"
                  >
                    Recommend leads
                  </button>
                  <button
                    class="btn btn-ghost btn-sm"
                    style="justify-content: flex-start;"
                  >
                    Forecast next incident
                  </button>
                </div>
              </div>
            </div>
          </div>
        </div>
      </div>
    </body>

      27 |   test('renders case id input', () => {
      28 |     render(<SimilarityPage />, { wrapper });
    > 29 |     expect(screen.getByText(/case/i)).toBeInTheDocument();
         |                   ^
      30 |   });
      31 |
      32 |   test('loads and displays results', async () => {

      at Object.getElementError (node_modules/@testing-library/dom/dist/config.js:37:19)
      at getElementError (node_modules/@testing-library/dom/dist/query-helpers.js:20:35)
      at getMultipleElementsFoundError (node_modules/@testing-library/dom/dist/query-helpers.js:23:10)
      at node_modules/@testing-library/dom/dist/query-helpers.js:55:13
      at node_modules/@testing-library/dom/dist/query-helpers.js:95:19
      at Object.<anonymous> (src/pages/__tests__/SimilarityPage.test.tsx:29:19)

  ΓùÅ SimilarityPage ΓÇ║ loads and displays results

    thrown: "Exceeded timeout of 5000 ms for a test.
    Add a timeout value to this test to increase the timeout, if this is a long-running test. See https://jestjs.io/docs/api#testname-fn-timeout."

      30 |   });
      31 |
    > 32 |   test('loads and displays results', async () => {
         |   ^
      33 |     render(<SimilarityPage />, { wrapper });
      34 |     await waitFor(() => expect(screen.getByText(/bangalore/i)).toBeInTheDocument(), { timeout: 5000 });
      35 |   });

      at src/pages/__tests__/SimilarityPage.test.tsx:32:3
      at Object.<anonymous> (src/pages/__tests__/SimilarityPage.test.tsx:21:1)

Summary of all failing tests
FAIL src/pages/__tests__/LoginPage.test.tsx
  ΓùÅ LoginPage ΓÇ║ shows error on empty submit

    TestingLibraryElementError: Unable to find an element with the text: /required/i. This could be because the text is broken up by multiple elements. In this case, you can provide a function for your text matcher to make your matcher more flexible.

    Ignored nodes: comments, script, style
    <body>
      <div>
        <div
          class="login-page"
        >
          <div
            class="login-card"
          >
            <div
              style="text-align: center; margin-bottom: 32px;"
            >
              <div>
                icon
              </div>
              <h1>
                Suraksha AI
              </h1>
              <p>
                KSP Intelligent Crime Analytics Platform
              </p>
            </div>
            <form>
              <div
                class="form-group"
              >
                <label>
                  KGID
                </label>
                <input
                  class="input"
                  placeholder="Enter your KGID"
                  required=""
                  value=""
                />
              </div>
              <div
                class="form-group"
              >
                <label>
                  Password
                </label>
                <input
                  class="input"
                  placeholder="Enter your password"
                  required=""
                  type="password"
                  value=""
                />
              </div>
              <button
                class="btn btn-primary"
                style="width: 100%; justify-content: center;"
              >
                Sign In
              </button>
            </form>
            <div
              style="text-align: center; margin-top: 24px; font-size: 12px;"
            >
              <p>
                Demo credentials: INV001 / ANL001 / SUP001
              </p>
              <p
                style="margin-top: 4px;"
              >
                Password: test
              </p>
            </div>
          </div>
        </div>
      </div>
    </body>

      24 |     render(<LoginPage />, { wrapper });
      25 |     fireEvent.click(screen.getByRole('button', { name: /sign in/i }));
    > 26 |     expect(screen.getByText(/required/i)).toBeInTheDocument();
         |                   ^
      27 |   });
      28 |
      29 |   test('renders theme toggle and language toggle', () => {

      at Object.getElementError (node_modules/@testing-library/dom/dist/config.js:37:19)
      at node_modules/@testing-library/dom/dist/query-helpers.js:76:38
      at node_modules/@testing-library/dom/dist/query-helpers.js:52:17
      at node_modules/@testing-library/dom/dist/query-helpers.js:95:19
      at Object.<anonymous> (src/pages/__tests__/LoginPage.test.tsx:26:19)

  ΓùÅ LoginPage ΓÇ║ renders theme toggle and language toggle

    expect(received).toBeGreaterThanOrEqual(expected)

    Expected: >= 2
    Received:    1

      30 |     render(<LoginPage />, { wrapper });
      31 |     const buttons = screen.getAllByRole('button');
    > 32 |     expect(buttons.length).toBeGreaterThanOrEqual(2);
         |                            ^
      33 |   });
      34 | });
      35 |

      at Object.<anonymous> (src/pages/__tests__/LoginPage.test.tsx:32:28)

FAIL src/pages/__tests__/ChargesheetPage.test.tsx
  ΓùÅ ChargesheetPage ΓÇ║ renders chargesheet heading

    TestingLibraryElementError: Found multiple elements with the text: /chargesheet/i

    Here are the matching elements:

    Ignored nodes: comments, script, style
    <h1>
      Chargesheet Preparation
    </h1>

    Ignored nodes: comments, script, style
    <p>
      Draft, review, and file chargesheet with linked evidence and legal sections
    </p>

    Ignored nodes: comments, script, style
    <option
      value="A: Chargesheet"
    >
      A: Chargesheet
    </option>

    Ignored nodes: comments, script, style
    <label>
      Chargesheet Date
    </label>

    Ignored nodes: comments, script, style
    <label
      class="flex items-center gap-2"
      style="cursor: pointer;"
    >
      <input
        checked=""
        name="recommendation"
        type="radio"
        value="chargesheet"
      />
      Chargesheet
    </label>

    Ignored nodes: comments, script, style
    <h2
      style="font-size: 24px; margin-bottom: 16px;"
    >
      CHARGESHEET
    </h2>

    Ignored nodes: comments, script, style
    <p>
      chargesheet
    </p>

    Ignored nodes: comments, script, style
    <span
      class="flex items-center gap-2"
    >
      <div>
        icon
      </div>
       
      ChargesheetAI
    </span>

    Ignored nodes: comments, script, style
    <div
      style="margin-bottom: 12px; padding: 12px; border-radius: 8px; font-size: 13px; min-height: 40px;"
    >
      I am ChargesheetAI. I can help you draft and review chargesheets.
    </div>

    Ignored nodes: comments, script, style
    <button
      class="btn btn-ghost btn-sm"
      style="justify-content: flex-start;"
    >
      Similar chargesheet language?
    </button>

    (If this is intentional, then use the `*AllBy*` variant of the query (like `queryAllByText`, `getAllByText`, or `findAllByText`)).

    Ignored nodes: comments, script, style
    <body>
      <div>
        <div
          style="display: flex; gap: 24px;"
        >
          <div
            style="flex: 1;"
          >
            <div
              class="page-header"
            >
              <h1>
                Chargesheet Preparation
              </h1>
              <p>
                Draft, review, and file chargesheet with linked evidence and legal sections
              </p>
            </div>
            <form>
              <div
                class="card"
                style="margin-bottom: 16px;"
              >
                <div
                  class="card-header"
                >
                  <h3>
                    Case Information
                  </h3>
                </div>
                <div
                  class="grid-3"
                >
                  <div
                    class="form-group"
                  >
                    <label>
                      Crime No
                    </label>
                    <input
                      class="input"
                      value="104430006202600001"
                    />
                  </div>
                  <div
                    class="form-group"
                  >
                    <label>
                      Charge Type
                    </label>
                    <select
                      class="input"
                      required=""
                    >
                      <option
                        value=""
                      >
                        -- 
                        Select
                         --
                      </option>
                      <option
                        value="A: Chargesheet"
                      >
                        A: Chargesheet
                      </option>
                      <option
                        value="B: False Case"
                      >
                        B: False Case
                      </option>
                      <option
                        value="C: Undetected"
                      >
                        C: Undetected
                      </option>
                    </select>
                  </div>
                  <div
                    class="form-group"
                  >
                    <label>
                      Chargesheet Date
                    </label>
                    <input
                      class="input"
                      type="date"
                      value="2026-07-17"
                    />
                  </div>
                </div>
              </div>
              <div
                class="card"
                style="margin-bottom: 16px;"
              >
                <div
                  class="card-header"
                >
                  <h3>
                    Case Summary & Findings
                  </h3>
                </div>
                <div
                  class="form-group"
                >
                  <label>
                    Case Summary
                  </label>
                  <textarea
                    class="input"
                    style="min-height: 100px; resize: vertical;"
                  />
                </div>
                <div
                  class="form-group"
                >
                  <label>
                    Findings
                  </label>
                  <textarea
                    class="input"
                    style="min-height: 120px; resize: vertical;"
                  />
                </div>
              </div>
              <div
                class="card"
                style="margin-bottom: 16px;"
              >
                <div
                  class="card-header flex justify-between items-center"
                >
                  <h3>
                    Evidence Inventory
                  </h3>
                  <button
                    class="btn btn-secondary btn-sm"
                    type="button"
                  >
                    <div>
                      icon
                    </div>
                     
                    Add Evidence
                  </button>
                </div>
                <div
                  class="table-container"
                >
                  <table>
                    <thead>
                      <tr>
                        <th>
                          Description
                        </th>
                        <th>
                          Type
                        </th>
                        <th>
                          Date
                        </th>
                        <th>
                          Handler
                        </th>
                        <th>
                          Status
                        </th>
                        <th />
                      </tr>
                    </thead>
                    <tbody>
                      <tr>
                        <td
                          class="text-center text-muted"
                          colspan="6"
                          style="padding: 24px;"
                        >
                          No evidence added. Click "Add Evidence" to begin.
                        </td>
                      </tr>
                    </tbody>
                  </table>
                </div>
              </div>
              <div
                class="card"
                style="margin-bottom: 16px;"
              >
                <div
                  class="card-header flex justify-between items-center"
                >
                  <h3>
                    Accused & Charges
                  </h3>
                  <button
                    class="btn btn-secondary btn-sm"
                    type="button"
                  >
                    <div>
                      icon
                    </div>
                     
                    Add Accused
                  </button>
                </div>
                <p
                  class="text-muted text-sm"
                >
                  No accused added.
                </p>
              </div>
              <div
                class="card"
                style="margin-bottom: 16px;"
              >
                <div
                  class="card-header"
                >
                  <h3>
                    Legal Opinion & Recommendation
                  </h3>
                </div>
                <div
                  class="form-group"
                >
                  <label>
                    Legal Opinion
                  </label>
                  <textarea
                    class="input"
                    style="min-height: 100px; resize: vertical;"
                  />
                </div>
                <div
                  class="form-group"
                >
                  <label>
                    Recommendation
                  </label>
                  <div
                    style="display: flex; gap: 16px;"
                  >
                    <label
                      class="flex items-center gap-2"
                      style="cursor: pointer;"
                    >
                      <input
                        checked=""
                        name="recommendation"
                        type="radio"
                        value="chargesheet"
                      />
                      Chargesheet
                    </label>
                    <label
                      class="flex items-center gap-2"
                      style="cursor: pointer;"
                    >
                      <input
                        name="recommendation"
                        type="radio"
                        value="false_case"
                      />
                      False Case
                    </label>
                    <label
                      class="flex items-center gap-2"
                      style="cursor: pointer;"
                    >
                      <input
                        name="recommendation"
                        type="radio"
                        value="undetected"
                      />
                      Undetected
                    </label>
                  </div>
                </div>
              </div>
              <div
                class="card"
                style="margin-bottom: 24px;"
              >
                <div
                  class="card-header"
                >
                  <h3>
                    Approval
                  </h3>
                </div>
                <div
                  class="grid-2"
                >
                  <div
                    class="form-group"
                  >
                    <label>
                      Approver (SHO/Designated Officer)
                    </label>
                    <input
                      class="input"
                      value=""
                    />
                  </div>
                  <div
                    class="form-group"
                  >
                    <label>
                      Date
                    </label>
                    <input
                      class="input"
                      type="date"
                      value="2026-07-17"
                    />
                  </div>
                </div>
                <div
                  class="flex gap-4"
                  style="justify-content: flex-end; margin-top: 16px;"
                >
                  <button
                    class="btn btn-secondary"
                    type="button"
                  >
                    <div>
                      icon
                    </div>
                     
                    Preview PDF
                  </button>
                  <button
                    class="btn btn-primary"
                    type="submit"
                  >
                    <div>
                      icon
                    </div>
                     
                    Submit for Approval
                  </button>
                </div>
              </div>
            </form>
            <div
              style="position: absolute; left: -9999px; top: 0px; width: 800px; padding: 40px; background: rgb(255, 255, 255); color: rgb(0, 0, 0); font-family: Inter, sans-serif;"
            >
              <h2
                style="font-size: 24px; margin-bottom: 16px;"
              >
                CHARGESHEET
              </h2>
              <p>
                <strong>
                  Crime No
                  :
                </strong>
                 
                104430006202600001
              </p>
              <p>
                <strong>
                  Charge Type
                  :
                </strong>
                 
              </p>
              <p>
                <strong>
                  Date
                  :
                </strong>
                 
                2026-07-17
              </p>
              <hr
                style="margin: 16px 0px;"
              />
              <h3>
                Case Summary
              </h3>
              <p>
                (No summary provided)
              </p>
              <h3>
                Findings
              </h3>
              <p>
                (No findings provided)
              </p>
              <h3>
                Recommendation
              </h3>
              <p>
                chargesheet
              </p>
              <p
                style="margin-top: 32px; font-size: 11px; color: rgb(102, 102, 102);"
              >
                Generated by Suraksha AI
              </p>
            </div>
          </div>
          <div
            style="width: 280px; flex-shrink: 0;"
          >
            <div
              class="card"
              style="position: sticky; top: 32px;"
            >
              <div
                class="card-header flex justify-between items-center"
              >
                <span
                  class="flex items-center gap-2"
                >
                  <div>
                    icon
                  </div>
                   
                  ChargesheetAI
                </span>
                <button
                  class="btn btn-ghost btn-icon"
                >
                  <div>
                    icon
                  </div>
                </button>
              </div>
              <div
                style="font-size: 14px;"
              >
                <div
                  style="margin-bottom: 12px; padding: 12px; border-radius: 8px; font-size: 13px; min-height: 40px;"
                >
                  I am ChargesheetAI. I can help you draft and review chargesheets.
                </div>
                <div
                  style="display: flex; flex-direction: column; gap: 8px;"
                >
                  <button
                    class="btn btn-ghost btn-sm"
                    style="justify-content: flex-start;"
                  >
                    Review evidence completeness
                  </button>
                  <button
                    class="btn btn-ghost btn-sm"
                    style="justify-content: flex-start;"
                  >
                    Check legal sections for consistency
                  </button>
                  <button
                    class="btn btn-ghost btn-sm"
                    style="justify-content: flex-start;"
                  >
                    Similar chargesheet language?
                  </button>
                </div>
              </div>
            </div>
          </div>
        </div>
      </div>
    </body>

      25 |   test('renders chargesheet heading', () => {
      26 |     render(<ChargesheetPage />, { wrapper });
    > 27 |     expect(screen.getByText(/chargesheet/i)).toBeInTheDocument();
         |                   ^
      28 |   });
      29 |
      30 |   test('renders case input', () => {

      at Object.getElementError (node_modules/@testing-library/dom/dist/config.js:37:19)
      at getElementError (node_modules/@testing-library/dom/dist/query-helpers.js:20:35)
      at getMultipleElementsFoundError (node_modules/@testing-library/dom/dist/query-helpers.js:23:10)
      at node_modules/@testing-library/dom/dist/query-helpers.js:55:13
      at node_modules/@testing-library/dom/dist/query-helpers.js:95:19
      at Object.<anonymous> (src/pages/__tests__/ChargesheetPage.test.tsx:27:19)

  ΓùÅ ChargesheetPage ΓÇ║ renders case input

    TestingLibraryElementError: Found multiple elements with the text: /case/i

    Here are the matching elements:

    Ignored nodes: comments, script, style
    <h3>
      Case Information
    </h3>

    Ignored nodes: comments, script, style
    <option
      value="B: False Case"
    >
      B: False Case
    </option>

    Ignored nodes: comments, script, style
    <h3>
      Case Summary & Findings
    </h3>

    Ignored nodes: comments, script, style
    <label>
      Case Summary
    </label>

    Ignored nodes: comments, script, style
    <label
      class="flex items-center gap-2"
      style="cursor: pointer;"
    >
      <input
        name="recommendation"
        type="radio"
        value="false_case"
      />
      False Case
    </label>

    Ignored nodes: comments, script, style
    <h3>
      Case Summary
    </h3>

    (If this is intentional, then use the `*AllBy*` variant of the query (like `queryAllByText`, `getAllByText`, or `findAllByText`)).

    Ignored nodes: comments, script, style
    <body>
      <div>
        <div
          style="display: flex; gap: 24px;"
        >
          <div
            style="flex: 1;"
          >
            <div
              class="page-header"
            >
              <h1>
                Chargesheet Preparation
              </h1>
              <p>
                Draft, review, and file chargesheet with linked evidence and legal sections
              </p>
            </div>
            <form>
              <div
                class="card"
                style="margin-bottom: 16px;"
              >
                <div
                  class="card-header"
                >
                  <h3>
                    Case Information
                  </h3>
                </div>
                <div
                  class="grid-3"
                >
                  <div
                    class="form-group"
                  >
                    <label>
                      Crime No
                    </label>
                    <input
                      class="input"
                      value="104430006202600001"
                    />
                  </div>
                  <div
                    class="form-group"
                  >
                    <label>
                      Charge Type
                    </label>
                    <select
                      class="input"
                      required=""
                    >
                      <option
                        value=""
                      >
                        -- 
                        Select
                         --
                      </option>
                      <option
                        value="A: Chargesheet"
                      >
                        A: Chargesheet
                      </option>
                      <option
                        value="B: False Case"
                      >
                        B: False Case
                      </option>
                      <option
                        value="C: Undetected"
                      >
                        C: Undetected
                      </option>
                    </select>
                  </div>
                  <div
                    class="form-group"
                  >
                    <label>
                      Chargesheet Date
                    </label>
                    <input
                      class="input"
                      type="date"
                      value="2026-07-17"
                    />
                  </div>
                </div>
              </div>
              <div
                class="card"
                style="margin-bottom: 16px;"
              >
                <div
                  class="card-header"
                >
                  <h3>
                    Case Summary & Findings
                  </h3>
                </div>
                <div
                  class="form-group"
                >
                  <label>
                    Case Summary
                  </label>
                  <textarea
                    class="input"
                    style="min-height: 100px; resize: vertical;"
                  />
                </div>
                <div
                  class="form-group"
                >
                  <label>
                    Findings
                  </label>
                  <textarea
                    class="input"
                    style="min-height: 120px; resize: vertical;"
                  />
                </div>
              </div>
              <div
                class="card"
                style="margin-bottom: 16px;"
              >
                <div
                  class="card-header flex justify-between items-center"
                >
                  <h3>
                    Evidence Inventory
                  </h3>
                  <button
                    class="btn btn-secondary btn-sm"
                    type="button"
                  >
                    <div>
                      icon
                    </div>
                     
                    Add Evidence
                  </button>
                </div>
                <div
                  class="table-container"
                >
                  <table>
                    <thead>
                      <tr>
                        <th>
                          Description
                        </th>
                        <th>
                          Type
                        </th>
                        <th>
                          Date
                        </th>
                        <th>
                          Handler
                        </th>
                        <th>
                          Status
                        </th>
                        <th />
                      </tr>
                    </thead>
                    <tbody>
                      <tr>
                        <td
                          class="text-center text-muted"
                          colspan="6"
                          style="padding: 24px;"
                        >
                          No evidence added. Click "Add Evidence" to begin.
                        </td>
                      </tr>
                    </tbody>
                  </table>
                </div>
              </div>
              <div
                class="card"
                style="margin-bottom: 16px;"
              >
                <div
                  class="card-header flex justify-between items-center"
                >
                  <h3>
                    Accused & Charges
                  </h3>
                  <button
                    class="btn btn-secondary btn-sm"
                    type="button"
                  >
                    <div>
                      icon
                    </div>
                     
                    Add Accused
                  </button>
                </div>
                <p
                  class="text-muted text-sm"
                >
                  No accused added.
                </p>
              </div>
              <div
                class="card"
                style="margin-bottom: 16px;"
              >
                <div
                  class="card-header"
                >
                  <h3>
                    Legal Opinion & Recommendation
                  </h3>
                </div>
                <div
                  class="form-group"
                >
                  <label>
                    Legal Opinion
                  </label>
                  <textarea
                    class="input"
                    style="min-height: 100px; resize: vertical;"
                  />
                </div>
                <div
                  class="form-group"
                >
                  <label>
                    Recommendation
                  </label>
                  <div
                    style="display: flex; gap: 16px;"
                  >
                    <label
                      class="flex items-center gap-2"
                      style="cursor: pointer;"
                    >
                      <input
                        checked=""
                        name="recommendation"
                        type="radio"
                        value="chargesheet"
                      />
                      Chargesheet
                    </label>
                    <label
                      class="flex items-center gap-2"
                      style="cursor: pointer;"
                    >
                      <input
                        name="recommendation"
                        type="radio"
                        value="false_case"
                      />
                      False Case
                    </label>
                    <label
                      class="flex items-center gap-2"
                      style="cursor: pointer;"
                    >
                      <input
                        name="recommendation"
                        type="radio"
                        value="undetected"
                      />
                      Undetected
                    </label>
                  </div>
                </div>
              </div>
              <div
                class="card"
                style="margin-bottom: 24px;"
              >
                <div
                  class="card-header"
                >
                  <h3>
                    Approval
                  </h3>
                </div>
                <div
                  class="grid-2"
                >
                  <div
                    class="form-group"
                  >
                    <label>
                      Approver (SHO/Designated Officer)
                    </label>
                    <input
                      class="input"
                      value=""
                    />
                  </div>
                  <div
                    class="form-group"
                  >
                    <label>
                      Date
                    </label>
                    <input
                      class="input"
                      type="date"
                      value="2026-07-17"
                    />
                  </div>
                </div>
                <div
                  class="flex gap-4"
                  style="justify-content: flex-end; margin-top: 16px;"
                >
                  <button
                    class="btn btn-secondary"
                    type="button"
                  >
                    <div>
                      icon
                    </div>
                     
                    Preview PDF
                  </button>
                  <button
                    class="btn btn-primary"
                    type="submit"
                  >
                    <div>
                      icon
                    </div>
                     
                    Submit for Approval
                  </button>
                </div>
              </div>
            </form>
            <div
              style="position: absolute; left: -9999px; top: 0px; width: 800px; padding: 40px; background: rgb(255, 255, 255); color: rgb(0, 0, 0); font-family: Inter, sans-serif;"
            >
              <h2
                style="font-size: 24px; margin-bottom: 16px;"
              >
                CHARGESHEET
              </h2>
              <p>
                <strong>
                  Crime No
                  :
                </strong>
                 
                104430006202600001
              </p>
              <p>
                <strong>
                  Charge Type
                  :
                </strong>
                 
              </p>
              <p>
                <strong>
                  Date
                  :
                </strong>
                 
                2026-07-17
              </p>
              <hr
                style="margin: 16px 0px;"
              />
              <h3>
                Case Summary
              </h3>
              <p>
                (No summary provided)
              </p>
              <h3>
                Findings
              </h3>
              <p>
                (No findings provided)
              </p>
              <h3>
                Recommendation
              </h3>
              <p>
                chargesheet
              </p>
              <p
                style="margin-top: 32px; font-size: 11px; color: rgb(102, 102, 102);"
              >
                Generated by Suraksha AI
              </p>
            </div>
          </div>
          <div
            style="width: 280px; flex-shrink: 0;"
          >
            <div
              class="card"
              style="position: sticky; top: 32px;"
            >
              <div
                class="card-header flex justify-between items-center"
              >
                <span
                  class="flex items-center gap-2"
                >
                  <div>
                    icon
                  </div>
                   
                  ChargesheetAI
                </span>
                <button
                  class="btn btn-ghost btn-icon"
                >
                  <div>
                    icon
                  </div>
                </button>
              </div>
              <div
                style="font-size: 14px;"
              >
                <div
                  style="margin-bottom: 12px; padding: 12px; border-radius: 8px; font-size: 13px; min-height: 40px;"
                >
                  I am ChargesheetAI. I can help you draft and review chargesheets.
                </div>
                <div
                  style="display: flex; flex-direction: column; gap: 8px;"
                >
                  <button
                    class="btn btn-ghost btn-sm"
                    style="justify-content: flex-start;"
                  >
                    Review evidence completeness
                  </button>
                  <button
                    class="btn btn-ghost btn-sm"
                    style="justify-content: flex-start;"
                  >
                    Check legal sections for consistency
                  </button>
                  <button
                    class="btn btn-ghost btn-sm"
                    style="justify-content: flex-start;"
                  >
                    Similar chargesheet language?
                  </button>
                </div>
              </div>
            </div>
          </div>
        </div>
      </div>
    </body>

      30 |   test('renders case input', () => {
      31 |     render(<ChargesheetPage />, { wrapper });
    > 32 |     expect(screen.getByText(/case/i)).toBeInTheDocument();
         |                   ^
      33 |   });
      34 |
      35 |   test('renders generate button', () => {

      at Object.getElementError (node_modules/@testing-library/dom/dist/config.js:37:19)
      at getElementError (node_modules/@testing-library/dom/dist/query-helpers.js:20:35)
      at getMultipleElementsFoundError (node_modules/@testing-library/dom/dist/query-helpers.js:23:10)
      at node_modules/@testing-library/dom/dist/query-helpers.js:55:13
      at node_modules/@testing-library/dom/dist/query-helpers.js:95:19
      at Object.<anonymous> (src/pages/__tests__/ChargesheetPage.test.tsx:32:19)

FAIL src/pages/__tests__/AnalyticsPage.test.tsx
  ΓùÅ AnalyticsPage ΓÇ║ renders analysis heading

    TypeError: api_1.api.getHotspots is not a function

      22 |
      23 |   useEffect(() => {
    > 24 |     Promise.all([api.getTrends(), api.getHotspots()]).then(([t, h]) => {
         |                                       ^
      25 |       setTrends(t); setHotspots(h); setLoading(false);
      26 |     });
      27 |   }, []);

      at src/pages/AnalyticsPage.tsx:24:39
      at Object.react_stack_bottom_frame (node_modules/react-dom/cjs/react-dom-client.development.js:25989:20)
      at runWithFiberInDEV (node_modules/react-dom/cjs/react-dom-client.development.js:874:13)
      at commitHookEffectListMount (node_modules/react-dom/cjs/react-dom-client.development.js:13249:29)
      at commitHookPassiveMountEffects (node_modules/react-dom/cjs/react-dom-client.development.js:13336:11)
      at commitPassiveMountOnFiber (node_modules/react-dom/cjs/react-dom-client.development.js:15484:13)
      at recursivelyTraversePassiveMountEffects (node_modules/react-dom/cjs/react-dom-client.development.js:15439:11)
      at commitPassiveMountOnFiber (node_modules/react-dom/cjs/react-dom-client.development.js:15718:11)
      at recursivelyTraversePassiveMountEffects (node_modules/react-dom/cjs/react-dom-client.development.js:15439:11)
      at commitPassiveMountOnFiber (node_modules/react-dom/cjs/react-dom-client.development.js:15476:11)
      at recursivelyTraversePassiveMountEffects (node_modules/react-dom/cjs/react-dom-client.development.js:15439:11)
      at commitPassiveMountOnFiber (node_modules/react-dom/cjs/react-dom-client.development.js:15718:11)
      at recursivelyTraversePassiveMountEffects (node_modules/react-dom/cjs/react-dom-client.development.js:15439:11)
      at commitPassiveMountOnFiber (node_modules/react-dom/cjs/react-dom-client.development.js:15476:11)
      at recursivelyTraversePassiveMountEffects (node_modules/react-dom/cjs/react-dom-client.development.js:15439:11)
      at commitPassiveMountOnFiber (node_modules/react-dom/cjs/react-dom-client.development.js:15718:11)
      at recursivelyTraversePassiveMountEffects (node_modules/react-dom/cjs/react-dom-client.development.js:15439:11)
      at commitPassiveMountOnFiber (node_modules/react-dom/cjs/react-dom-client.development.js:15718:11)
      at recursivelyTraversePassiveMountEffects (node_modules/react-dom/cjs/react-dom-client.development.js:15439:11)
      at commitPassiveMountOnFiber (node_modules/react-dom/cjs/react-dom-client.development.js:15476:11)
      at recursivelyTraversePassiveMountEffects (node_modules/react-dom/cjs/react-dom-client.development.js:15439:11)
      at commitPassiveMountOnFiber (node_modules/react-dom/cjs/react-dom-client.development.js:15476:11)
      at recursivelyTraversePassiveMountEffects (node_modules/react-dom/cjs/react-dom-client.development.js:15439:11)
      at commitPassiveMountOnFiber (node_modules/react-dom/cjs/react-dom-client.development.js:15476:11)
      at recursivelyTraversePassiveMountEffects (node_modules/react-dom/cjs/react-dom-client.development.js:15439:11)
      at commitPassiveMountOnFiber (node_modules/react-dom/cjs/react-dom-client.development.js:15519:11)
      at flushPassiveEffects (node_modules/react-dom/cjs/react-dom-client.development.js:18432:9)
      at node_modules/react-dom/cjs/react-dom-client.development.js:17923:15
      at flushActQueue (node_modules/react/cjs/react.development.js:590:34)
      at Object.<anonymous>.process.env.NODE_ENV.exports.act (node_modules/react/cjs/react.development.js:884:10)
      at node_modules/@testing-library/react/dist/act-compat.js:46:25
      at renderRoot (node_modules/@testing-library/react/dist/pure.js:189:26)
      at render (node_modules/@testing-library/react/dist/pure.js:291:10)
      at Object.<anonymous> (src/pages/__tests__/AnalyticsPage.test.tsx:23:11)

  ΓùÅ AnalyticsPage ΓÇ║ renders crime type filter

    TypeError: api_1.api.getHotspots is not a function

      22 |
      23 |   useEffect(() => {
    > 24 |     Promise.all([api.getTrends(), api.getHotspots()]).then(([t, h]) => {
         |                                       ^
      25 |       setTrends(t); setHotspots(h); setLoading(false);
      26 |     });
      27 |   }, []);

      at src/pages/AnalyticsPage.tsx:24:39
      at Object.react_stack_bottom_frame (node_modules/react-dom/cjs/react-dom-client.development.js:25989:20)
      at runWithFiberInDEV (node_modules/react-dom/cjs/react-dom-client.development.js:874:13)
      at commitHookEffectListMount (node_modules/react-dom/cjs/react-dom-client.development.js:13249:29)
      at commitHookPassiveMountEffects (node_modules/react-dom/cjs/react-dom-client.development.js:13336:11)
      at commitPassiveMountOnFiber (node_modules/react-dom/cjs/react-dom-client.development.js:15484:13)
      at recursivelyTraversePassiveMountEffects (node_modules/react-dom/cjs/react-dom-client.development.js:15439:11)
      at commitPassiveMountOnFiber (node_modules/react-dom/cjs/react-dom-client.development.js:15718:11)
      at recursivelyTraversePassiveMountEffects (node_modules/react-dom/cjs/react-dom-client.development.js:15439:11)
      at commitPassiveMountOnFiber (node_modules/react-dom/cjs/react-dom-client.development.js:15476:11)
      at recursivelyTraversePassiveMountEffects (node_modules/react-dom/cjs/react-dom-client.development.js:15439:11)
      at commitPassiveMountOnFiber (node_modules/react-dom/cjs/react-dom-client.development.js:15718:11)
      at recursivelyTraversePassiveMountEffects (node_modules/react-dom/cjs/react-dom-client.development.js:15439:11)
      at commitPassiveMountOnFiber (node_modules/react-dom/cjs/react-dom-client.development.js:15476:11)
      at recursivelyTraversePassiveMountEffects (node_modules/react-dom/cjs/react-dom-client.development.js:15439:11)
      at commitPassiveMountOnFiber (node_modules/react-dom/cjs/react-dom-client.development.js:15718:11)
      at recursivelyTraversePassiveMountEffects (node_modules/react-dom/cjs/react-dom-client.development.js:15439:11)
      at commitPassiveMountOnFiber (node_modules/react-dom/cjs/react-dom-client.development.js:15718:11)
      at recursivelyTraversePassiveMountEffects (node_modules/react-dom/cjs/react-dom-client.development.js:15439:11)
      at commitPassiveMountOnFiber (node_modules/react-dom/cjs/react-dom-client.development.js:15476:11)
      at recursivelyTraversePassiveMountEffects (node_modules/react-dom/cjs/react-dom-client.development.js:15439:11)
      at commitPassiveMountOnFiber (node_modules/react-dom/cjs/react-dom-client.development.js:15476:11)
      at recursivelyTraversePassiveMountEffects (node_modules/react-dom/cjs/react-dom-client.development.js:15439:11)
      at commitPassiveMountOnFiber (node_modules/react-dom/cjs/react-dom-client.development.js:15476:11)
      at recursivelyTraversePassiveMountEffects (node_modules/react-dom/cjs/react-dom-client.development.js:15439:11)
      at commitPassiveMountOnFiber (node_modules/react-dom/cjs/react-dom-client.development.js:15519:11)
      at flushPassiveEffects (node_modules/react-dom/cjs/react-dom-client.development.js:18432:9)
      at node_modules/react-dom/cjs/react-dom-client.development.js:17923:15
      at flushActQueue (node_modules/react/cjs/react.development.js:590:34)
      at Object.<anonymous>.process.env.NODE_ENV.exports.act (node_modules/react/cjs/react.development.js:884:10)
      at node_modules/@testing-library/react/dist/act-compat.js:46:25
      at renderRoot (node_modules/@testing-library/react/dist/pure.js:189:26)
      at render (node_modules/@testing-library/react/dist/pure.js:291:10)
      at Object.<anonymous> (src/pages/__tests__/AnalyticsPage.test.tsx:28:11)

  ΓùÅ AnalyticsPage ΓÇ║ renders bottom navigation

    TypeError: api_1.api.getHotspots is not a function

      22 |
      23 |   useEffect(() => {
    > 24 |     Promise.all([api.getTrends(), api.getHotspots()]).then(([t, h]) => {
         |                                       ^
      25 |       setTrends(t); setHotspots(h); setLoading(false);
      26 |     });
      27 |   }, []);

      at src/pages/AnalyticsPage.tsx:24:39
      at Object.react_stack_bottom_frame (node_modules/react-dom/cjs/react-dom-client.development.js:25989:20)
      at runWithFiberInDEV (node_modules/react-dom/cjs/react-dom-client.development.js:874:13)
      at commitHookEffectListMount (node_modules/react-dom/cjs/react-dom-client.development.js:13249:29)
      at commitHookPassiveMountEffects (node_modules/react-dom/cjs/react-dom-client.development.js:13336:11)
      at commitPassiveMountOnFiber (node_modules/react-dom/cjs/react-dom-client.development.js:15484:13)
      at recursivelyTraversePassiveMountEffects (node_modules/react-dom/cjs/react-dom-client.development.js:15439:11)
      at commitPassiveMountOnFiber (node_modules/react-dom/cjs/react-dom-client.development.js:15718:11)
      at recursivelyTraversePassiveMountEffects (node_modules/react-dom/cjs/react-dom-client.development.js:15439:11)
      at commitPassiveMountOnFiber (node_modules/react-dom/cjs/react-dom-client.development.js:15476:11)
      at recursivelyTraversePassiveMountEffects (node_modules/react-dom/cjs/react-dom-client.development.js:15439:11)
      at commitPassiveMountOnFiber (node_modules/react-dom/cjs/react-dom-client.development.js:15718:11)
      at recursivelyTraversePassiveMountEffects (node_modules/react-dom/cjs/react-dom-client.development.js:15439:11)
      at commitPassiveMountOnFiber (node_modules/react-dom/cjs/react-dom-client.development.js:15476:11)
      at recursivelyTraversePassiveMountEffects (node_modules/react-dom/cjs/react-dom-client.development.js:15439:11)
      at commitPassiveMountOnFiber (node_modules/react-dom/cjs/react-dom-client.development.js:15718:11)
      at recursivelyTraversePassiveMountEffects (node_modules/react-dom/cjs/react-dom-client.development.js:15439:11)
      at commitPassiveMountOnFiber (node_modules/react-dom/cjs/react-dom-client.development.js:15718:11)
      at recursivelyTraversePassiveMountEffects (node_modules/react-dom/cjs/react-dom-client.development.js:15439:11)
      at commitPassiveMountOnFiber (node_modules/react-dom/cjs/react-dom-client.development.js:15476:11)
      at recursivelyTraversePassiveMountEffects (node_modules/react-dom/cjs/react-dom-client.development.js:15439:11)
      at commitPassiveMountOnFiber (node_modules/react-dom/cjs/react-dom-client.development.js:15476:11)
      at recursivelyTraversePassiveMountEffects (node_modules/react-dom/cjs/react-dom-client.development.js:15439:11)
      at commitPassiveMountOnFiber (node_modules/react-dom/cjs/react-dom-client.development.js:15476:11)
      at recursivelyTraversePassiveMountEffects (node_modules/react-dom/cjs/react-dom-client.development.js:15439:11)
      at commitPassiveMountOnFiber (node_modules/react-dom/cjs/react-dom-client.development.js:15519:11)
      at flushPassiveEffects (node_modules/react-dom/cjs/react-dom-client.development.js:18432:9)
      at node_modules/react-dom/cjs/react-dom-client.development.js:17923:15
      at flushActQueue (node_modules/react/cjs/react.development.js:590:34)
      at Object.<anonymous>.process.env.NODE_ENV.exports.act (node_modules/react/cjs/react.development.js:884:10)
      at node_modules/@testing-library/react/dist/act-compat.js:46:25
      at renderRoot (node_modules/@testing-library/react/dist/pure.js:189:26)
      at render (node_modules/@testing-library/react/dist/pure.js:291:10)
      at Object.<anonymous> (src/pages/__tests__/AnalyticsPage.test.tsx:33:11)

FAIL src/pages/__tests__/AuditLogPage.test.tsx (5.65 s)
  ΓùÅ AuditLogPage ΓÇ║ renders log entries

    Unable to find an element with the text: User logged in. This could be because the text is broken up by multiple elements. In this case, you can provide a function for your text matcher to make your matcher more flexible.

    Ignored nodes: comments, script, style
    <body>
      <div>
        <div>
          <div
            class="page-header flex justify-between items-center"
          >
            <div>
              <h1>
                Audit Log
              </h1>
              <p>
                Activity trail of all communications and access events
              </p>
            </div>
            <button
              class="btn btn-ghost btn-sm"
            >
              <div>
                icon
              </div>
               
              Refresh
            </button>
          </div>
          <div
            class="card"
            style="margin-bottom: 16px;"
          >
            <div
              class="flex gap-4 items-center"
              style="flex-wrap: wrap;"
            >
              <div
                class="form-group"
                style="flex: 1; min-width: 200px; margin-bottom: 0px;"
              >
                <div
                  class="flex items-center gap-2"
                  style="border-radius: 8px; padding: 4px 12px;"
                >
                  <div>
                    icon
                  </div>
                  <input
                    class="input"
                    placeholder="Search logs..."
                    style="outline: none; padding: 8px;"
                    value=""
                  />
                </div>
              </div>
              <div
                class="form-group"
                style="min-width: 180px; margin-bottom: 0px;"
              >
                <select
                  class="input"
                >
                  <option
                    value="all"
                  >
                    All Categories
                  </option>
                  <option
                    value="AUTH"
                  >
                    AUTH
                  </option>
                </select>
              </div>
              <span
                class="text-xs text-muted"
              >
                1
                 
                events
              </span>
            </div>
          </div>
          <div
            class="card"
            style="padding: 0px; overflow: hidden;"
          >
            <div
              style="max-height: 70vh; overflow: auto;"
            >
              <table
                style="width: 100%; border-collapse: collapse;"
              >
                <thead>
                  <tr>
                    <th
                      style="padding: 10px 12px; text-align: left; font-size: 12px; font-weight: 600;"
                    >
                      Time
                    </th>
                    <th
                      style="padding: 10px 12px; text-align: left; font-size: 12px; font-weight: 600;"
                    >
                      Event
                    </th>
                    <th
                      style="padding: 10px 12px; text-align: left; font-size: 12px; font-weight: 600;"
                    >
                      Actor
                    </th>
                    <th
                      style="padding: 10px 12px; text-align: left; font-size: 12px; font-weight: 600;"
                    >
                      Detail
                    </th>
                    <th
                      style="padding: 10px 12px; text-align: center; font-size: 12px; font-weight: 600;"
                    >
                      Result
                    </th>
                  </tr>
                </thead>
                <tbody>
                  <tr>
                    <td
                      style="padding: 10px 12px; white-space: nowrap; font-size: 12px;"
                    >
                      <div
                        class="flex items-center gap-1"
                      >
                        <div>
                          icon
                        </div>
                        <span>
                          18/7/2026, 1:46:31 am
                        </span>
                      </div>
                    </td>
                    <td
                      style="padding: 10px 12px;"
                    >
                      <div
                        class="flex items-center gap-2"
                      >
                        <span>
                          <div>
                            icon
                          </div>
                        </span>
                        <span
                          style="font-size: 12px; font-weight: 500;"
                        >
                          LOGIN
                        </span>
                      </div>
                    </td>
                    <td
                      style="padding: 10px 12px; font-size: 12px;"
                    >
                       
                    </td>
                    <td
                      style="padding: 10px 12px; font-size: 12px;"
                    />
                    <td
                      style="padding: 10px 12px; text-align: center;"
                    >
                      <span
                        style="display: inline-flex; align-items: center; gap: 4px; font-size: 11px;"
                      >
                        <div>
                          icon
                        </div>
                      </span>
                    </td>
                  </tr>
                </tbody>
              </table>
            </div>
          </div>
        </div>
      </div>
    </body>

      27 |   test('renders log entries', async () => {
      28 |     render(<AuditLogPage />, { wrapper });
    > 29 |     await waitFor(() => expect(screen.getByText('User logged in')).toBeInTheDocument());
         |                  ^
      30 |   });
      31 |
      32 |   test('renders filter controls', () => {

      at waitForWrapper (node_modules/@testing-library/dom/dist/wait-for.js:163:27)
      at src/pages/__tests__/AuditLogPage.test.tsx:29:18
      at step (src/pages/__tests__/AuditLogPage.test.tsx:33:23)
      at Object.next (src/pages/__tests__/AuditLogPage.test.tsx:14:53)
      at src/pages/__tests__/AuditLogPage.test.tsx:8:71
      at Object.<anonymous>.__awaiter (src/pages/__tests__/AuditLogPage.test.tsx:4:12)
      at Object.<anonymous> (src/pages/__tests__/AuditLogPage.test.tsx:27:31)

  ΓùÅ AuditLogPage ΓÇ║ renders filter controls

    TestingLibraryElementError: Unable to find an element with the text: /filter|search|type/i. This could be because the text is broken up by multiple elements. In this case, you can provide a function for your text matcher to make your matcher more flexible.

    Ignored nodes: comments, script, style
    <body>
      <div>
        <div>
          <div
            class="page-header flex justify-between items-center"
          >
            <div>
              <h1>
                Audit Log
              </h1>
              <p>
                Activity trail of all communications and access events
              </p>
            </div>
            <button
              class="btn btn-ghost btn-sm"
            >
              <div>
                icon
              </div>
               
              Refresh
            </button>
          </div>
          <div
            class="card"
            style="margin-bottom: 16px;"
          >
            <div
              class="flex gap-4 items-center"
              style="flex-wrap: wrap;"
            >
              <div
                class="form-group"
                style="flex: 1; min-width: 200px; margin-bottom: 0px;"
              >
                <div
                  class="flex items-center gap-2"
                  style="border-radius: 8px; padding: 4px 12px;"
                >
                  <div>
                    icon
                  </div>
                  <input
                    class="input"
                    placeholder="Search logs..."
                    style="outline: none; padding: 8px;"
                    value=""
                  />
                </div>
              </div>
              <div
                class="form-group"
                style="min-width: 180px; margin-bottom: 0px;"
              >
                <select
                  class="input"
                >
                  <option
                    value="all"
                  >
                    All Categories
                  </option>
                </select>
              </div>
              <span
                class="text-xs text-muted"
              >
                0
                 
                events
              </span>
            </div>
          </div>
          <div
            class="card"
            style="padding: 48px; text-align: center;"
          >
            <p
              class="text-muted"
            >
              Loading...
            </p>
          </div>
        </div>
      </div>
    </body>

      32 |   test('renders filter controls', () => {
      33 |     render(<AuditLogPage />, { wrapper });
    > 34 |     expect(screen.getByText(/filter|search|type/i)).toBeInTheDocument();
         |                   ^
      35 |   });
      36 | });
      37 |

      at Object.getElementError (node_modules/@testing-library/dom/dist/config.js:37:19)
      at node_modules/@testing-library/dom/dist/query-helpers.js:76:38
      at node_modules/@testing-library/dom/dist/query-helpers.js:52:17
      at node_modules/@testing-library/dom/dist/query-helpers.js:95:19
      at Object.<anonymous> (src/pages/__tests__/AuditLogPage.test.tsx:34:19)

FAIL src/pages/__tests__/NetworkPage.test.tsx (5.747 s)
  ΓùÅ NetworkPage ΓÇ║ renders search input

    TestingLibraryElementError: Unable to find an element with the placeholder text of: /enter accused name/i

    Ignored nodes: comments, script, style
    <body>
      <div>
        <div
          style="display: flex; gap: 24px;"
        >
          <div
            style="flex: 1;"
          >
            <div
              class="page-header"
            >
              <h1>
                Network Intelligence
              </h1>
              <p>
                Criminal network analysis and relationship mapping
              </p>
            </div>
            <div
              class="card"
              style="margin-bottom: 16px;"
            >
              <div
                style="display: flex; gap: 12px;"
              >
                <div
                  class="input-group"
                  style="flex: 1;"
                >
                  <div>
                    icon
                  </div>
                  <input
                    class="input"
                    placeholder="Search by accused name..."
                    value=""
                  />
                </div>
                <button
                  class="btn btn-primary"
                >
                  Analyze
                </button>
              </div>
            </div>
            <div
              class="card"
              style="margin-bottom: 16px; padding: 12px;"
            >
              <div
                class="flex gap-3"
                style="flex-wrap: wrap; align-items: center;"
              >
                <span
                  class="text-xs text-muted"
                >
                  Layout
                  :
                </span>
                <select
                  class="input"
                  style="width: auto; font-size: 12px; padding: 4px 8px;"
                >
                  <option
                    value="force-directed"
                  >
                    Force-directed
                  </option>
                  <option
                    value="hierarchical"
                  >
                    Hierarchical
                  </option>
                </select>
                <span
                  class="text-xs text-muted"
                >
                  Node size by
                  :
                </span>
                <select
                  class="input"
                  style="width: auto; font-size: 12px; padding: 4px 8px;"
                >
                  <option
                    value="centrality"
                  >
                    Centrality
                  </option>
                  <option
                    value="cases"
                  >
                    Cases
                  </option>
                </select>
                <button
                  class="btn btn-ghost btn-sm"
                >
                  Reset View
                </button>
              </div>
            </div>
          </div>
          <div
            style="width: 280px; flex-shrink: 0;"
          >
            <div
              class="card"
              style="position: sticky; top: 32px;"
            >
              <div
                class="card-header flex justify-between items-center"
              >
                <span
                  class="flex items-center gap-2"
                >
                  <div>
                    icon
                  </div>
                   
                  NetworkAI
                </span>
                <button
                  class="btn btn-ghost btn-icon"
                >
                  <div>
                    icon
                  </div>
                </button>
              </div>
              <div
                style="font-size: 14px;"
              >
                <div
                  style="margin-bottom: 12px; padding: 12px; border-radius: 8px; font-size: 13px; min-height: 40px;"
                >
                  I am NetworkAI. Select a node or ask about connections.
                </div>
                <div
                  style="display: flex; flex-direction: column; gap: 8px;"
                >
                  <button
                    class="btn btn-ghost btn-sm"
                    style="justify-content: flex-start;"
                  >
                    Network interpretation?
                  </button>
                  <button
                    class="btn btn-ghost btn-sm"
                    style="justify-content: flex-start;"
                  >
                    Highest priority?
                  </button>
                  <button
                    class="btn btn-ghost btn-sm"
                    style="justify-content: flex-start;"
                  >
                    Emerging connections?
                  </button>
                </div>
              </div>
            </div>
          </div>
        </div>
      </div>
    </body>

      21 |   test('renders search input', () => {
      22 |     render(<NetworkPage />, { wrapper });
    > 23 |     expect(screen.getByPlaceholderText(/enter accused name/i)).toBeInTheDocument();
         |                   ^
      24 |   });
      25 |
      26 |   test('renders load network button', () => {

      at Object.getElementError (node_modules/@testing-library/dom/dist/config.js:37:19)
      at node_modules/@testing-library/dom/dist/query-helpers.js:76:38
      at node_modules/@testing-library/dom/dist/query-helpers.js:52:17
      at node_modules/@testing-library/dom/dist/query-helpers.js:95:19
      at Object.<anonymous> (src/pages/__tests__/NetworkPage.test.tsx:23:19)

  ΓùÅ NetworkPage ΓÇ║ renders load network button

    TestingLibraryElementError: Unable to find an element with the text: /load network/i. This could be because the text is broken up by multiple elements. In this case, you can provide a function for your text matcher to make your matcher more flexible.

    Ignored nodes: comments, script, style
    <body>
      <div>
        <div
          style="display: flex; gap: 24px;"
        >
          <div
            style="flex: 1;"
          >
            <div
              class="page-header"
            >
              <h1>
                Network Intelligence
              </h1>
              <p>
                Criminal network analysis and relationship mapping
              </p>
            </div>
            <div
              class="card"
              style="margin-bottom: 16px;"
            >
              <div
                style="display: flex; gap: 12px;"
              >
                <div
                  class="input-group"
                  style="flex: 1;"
                >
                  <div>
                    icon
                  </div>
                  <input
                    class="input"
                    placeholder="Search by accused name..."
                    value=""
                  />
                </div>
                <button
                  class="btn btn-primary"
                >
                  Analyze
                </button>
              </div>
            </div>
            <div
              class="card"
              style="margin-bottom: 16px; padding: 12px;"
            >
              <div
                class="flex gap-3"
                style="flex-wrap: wrap; align-items: center;"
              >
                <span
                  class="text-xs text-muted"
                >
                  Layout
                  :
                </span>
                <select
                  class="input"
                  style="width: auto; font-size: 12px; padding: 4px 8px;"
                >
                  <option
                    value="force-directed"
                  >
                    Force-directed
                  </option>
                  <option
                    value="hierarchical"
                  >
                    Hierarchical
                  </option>
                </select>
                <span
                  class="text-xs text-muted"
                >
                  Node size by
                  :
                </span>
                <select
                  class="input"
                  style="width: auto; font-size: 12px; padding: 4px 8px;"
                >
                  <option
                    value="centrality"
                  >
                    Centrality
                  </option>
                  <option
                    value="cases"
                  >
                    Cases
                  </option>
                </select>
                <button
                  class="btn btn-ghost btn-sm"
                >
                  Reset View
                </button>
              </div>
            </div>
          </div>
          <div
            style="width: 280px; flex-shrink: 0;"
          >
            <div
              class="card"
              style="position: sticky; top: 32px;"
            >
              <div
                class="card-header flex justify-between items-center"
              >
                <span
                  class="flex items-center gap-2"
                >
                  <div>
                    icon
                  </div>
                   
                  NetworkAI
                </span>
                <button
                  class="btn btn-ghost btn-icon"
                >
                  <div>
                    icon
                  </div>
                </button>
              </div>
              <div
                style="font-size: 14px;"
              >
                <div
                  style="margin-bottom: 12px; padding: 12px; border-radius: 8px; font-size: 13px; min-height: 40px;"
                >
                  I am NetworkAI. Select a node or ask about connections.
                </div>
                <div
                  style="display: flex; flex-direction: column; gap: 8px;"
                >
                  <button
                    class="btn btn-ghost btn-sm"
                    style="justify-content: flex-start;"
                  >
                    Network interpretation?
                  </button>
                  <button
                    class="btn btn-ghost btn-sm"
                    style="justify-content: flex-start;"
                  >
                    Highest priority?
                  </button>
                  <button
                    class="btn btn-ghost btn-sm"
                    style="justify-content: flex-start;"
                  >
                    Emerging connections?
                  </button>
                </div>
              </div>
            </div>
          </div>
        </div>
      </div>
    </body>

      26 |   test('renders load network button', () => {
      27 |     render(<NetworkPage />, { wrapper });
    > 28 |     expect(screen.getByText(/load network/i)).toBeInTheDocument();
         |                   ^
      29 |   });
      30 |
      31 |   test('loads sample data on mount', async () => {

      at Object.getElementError (node_modules/@testing-library/dom/dist/config.js:37:19)
      at node_modules/@testing-library/dom/dist/query-helpers.js:76:38
      at node_modules/@testing-library/dom/dist/query-helpers.js:52:17
      at node_modules/@testing-library/dom/dist/query-helpers.js:95:19
      at Object.<anonymous> (src/pages/__tests__/NetworkPage.test.tsx:28:19)

  ΓùÅ NetworkPage ΓÇ║ loads sample data on mount

    Unable to find an element with the display value: /ravi kumar/i.

    Ignored nodes: comments, script, style
    <body>
      <div>
        <div
          style="display: flex; gap: 24px;"
        >
          <div
            style="flex: 1;"
          >
            <div
              class="page-header"
            >
              <h1>
                Network Intelligence
              </h1>
              <p>
                Criminal network analysis and relationship mapping
              </p>
            </div>
            <div
              class="card"
              style="margin-bottom: 16px;"
            >
              <div
                style="display: flex; gap: 12px;"
              >
                <div
                  class="input-group"
                  style="flex: 1;"
                >
                  <div>
                    icon
                  </div>
                  <input
                    class="input"
                    placeholder="Search by accused name..."
                    value=""
                  />
                </div>
                <button
                  class="btn btn-primary"
                >
                  Analyze
                </button>
              </div>
            </div>
            <div
              class="card"
              style="margin-bottom: 16px; padding: 12px;"
            >
              <div
                class="flex gap-3"
                style="flex-wrap: wrap; align-items: center;"
              >
                <span
                  class="text-xs text-muted"
                >
                  Layout
                  :
                </span>
                <select
                  class="input"
                  style="width: auto; font-size: 12px; padding: 4px 8px;"
                >
                  <option
                    value="force-directed"
                  >
                    Force-directed
                  </option>
                  <option
                    value="hierarchical"
                  >
                    Hierarchical
                  </option>
                </select>
                <span
                  class="text-xs text-muted"
                >
                  Node size by
                  :
                </span>
                <select
                  class="input"
                  style="width: auto; font-size: 12px; padding: 4px 8px;"
                >
                  <option
                    value="centrality"
                  >
                    Centrality
                  </option>
                  <option
                    value="cases"
                  >
                    Cases
                  </option>
                </select>
                <button
                  class="btn btn-ghost btn-sm"
                >
                  Reset View
                </button>
              </div>
            </div>
          </div>
          <div
            style="width: 280px; flex-shrink: 0;"
          >
            <div
              class="card"
              style="position: sticky; top: 32px;"
            >
              <div
                class="card-header flex justify-between items-center"
              >
                <span
                  class="flex items-center gap-2"
                >
                  <div>
                    icon
                  </div>
                   
                  NetworkAI
                </span>
                <button
                  class="btn btn-ghost btn-icon"
                >
                  <div>
                    icon
                  </div>
                </button>
              </div>
              <div
                style="font-size: 14px;"
              >
                <div
                  style="margin-bottom: 12px; padding: 12px; border-radius: 8px; font-size: 13px; min-height: 40px;"
                >
                  I am NetworkAI. Select a node or ask about connections.
                </div>
                <div
                  style="display: flex; flex-direction: column; gap: 8px;"
                >
                  <button
                    class="btn btn-ghost btn-sm"
                    style="justify-content: flex-start;"
                  >
                    Network interpretation?
                  </button>
                  <button
                    class="btn btn-ghost btn-sm"
                    style="justify-content: flex-start;"
                  >
                    Highest priority?
                  </button>
                  <button
                    class="btn btn-ghost btn-sm"
                    style="justify-content: flex-start;"
                  >
                    Emerging connections?
                  </button>
                </div>
              </div>
            </div>
          </div>
        </div>
      </div>
    </body>

      31 |   test('loads sample data on mount', async () => {
      32 |     render(<NetworkPage />, { wrapper });
    > 33 |     await waitFor(() => expect(screen.getByDisplayValue(/ravi kumar/i)).toBeInTheDocument());
         |                  ^
      34 |   });
      35 | });
      36 |

      at waitForWrapper (node_modules/@testing-library/dom/dist/wait-for.js:163:27)
      at src/pages/__tests__/NetworkPage.test.tsx:33:18
      at step (src/pages/__tests__/NetworkPage.test.tsx:33:23)
      at Object.next (src/pages/__tests__/NetworkPage.test.tsx:14:53)
      at src/pages/__tests__/NetworkPage.test.tsx:8:71
      at Object.<anonymous>.__awaiter (src/pages/__tests__/NetworkPage.test.tsx:4:12)
      at Object.<anonymous> (src/pages/__tests__/NetworkPage.test.tsx:31:38)

FAIL src/pages/__tests__/WorkspacePage.test.tsx (5.712 s)
  ΓùÅ WorkspacePage ΓÇ║ renders investigation list

    Unable to find an element with the text: Test Investigation. This could be because the text is broken up by multiple elements. In this case, you can provide a function for your text matcher to make your matcher more flexible.

    Ignored nodes: comments, script, style
    <body>
      <div>
        <div>
          <div
            class="page-header flex justify-between items-center"
          >
            <div>
              <h1>
                Investigation Workspace
              </h1>
              <p>
                Track investigation progress and manage evidence
              </p>
            </div>
            <div
              class="flex gap-2"
            >
              <button
                class="btn btn-secondary btn-sm"
              >
                <div>
                  icon
                </div>
                 
                New Investigation
              </button>
            </div>
          </div>
          <div
            class="card"
            style="margin-bottom: 16px; padding: 8px 16px;"
          >
            <div
              class="flex items-center gap-3"
            >
              <div>
                icon
              </div>
              <select
                class="input"
                style="flex: 1;"
              >
                <option
                  value=""
                >
                  -- Select Investigation --
                </option>
                <option
                  value="inv-1"
                >
                  Test Investigation
                   (
                  open
                  )
                </option>
              </select>
            </div>
          </div>
          <div
            class="tabs"
            style="margin-bottom: 24px;"
          >
            <button
              class="tab active"
            >
              Overview
            </button>
            <button
              class="tab "
            >
              Notes
            </button>
            <button
              class="tab "
            >
              Task Board
            </button>
            <button
              class="tab "
            >
              Arrests
            </button>
          </div>
          <div
            style="display: flex; gap: 24px;"
          >
            <div
              style="flex: 1;"
            >
              <div
                class="card"
                style="text-align: center; padding: 48px;"
              >
                <div>
                  icon
                </div>
                <p
                  class="text-muted"
                >
                  Select or create an investigation to begin
                </p>
              </div>
            </div>
            <div
              style="width: 280px; flex-shrink: 0;"
            >
              <div
                class="card"
                style="position: sticky; top: 32px;"
              >
                <div
                  class="card-header flex justify-between items-center"
                >
                  <span
                    class="flex items-center gap-2"
                  >
                    <div>
                      icon
                    </div>
                     
                    InvestigationAI
                  </span>
                  <button
                    class="btn btn-ghost btn-icon"
                  >
                    <div>
                      icon
                    </div>
                  </button>
                </div>
                <div
                  style="font-size: 14px;"
                >
                  <div
                    style="margin-bottom: 12px; padding: 12px; border-radius: 8px; font-size: 13px; min-height: 40px;"
                  >
                    I am InvestigationAI. Ask me about gaps, next steps, or evidence.
                  </div>
                  <div
                    style="display: flex; flex-direction: column; gap: 8px;"
                  >
                    <button
                      class="btn btn-ghost btn-sm"
                      style="justify-content: flex-start;"
                    >
                      <div>
                        icon
                      </div>
                       
                      What gaps remain?
                    </button>
                    <button
                      class="btn btn-ghost btn-sm"
                      style="justify-content: flex-start;"
                    >
                      <div>
                        icon
                      </div>
                       
                      Suggest next steps
                    </button>
                    <button
                      class="btn btn-ghost btn-sm"
                      style="justify-content: flex-start;"
                    >
                      <div>
                        icon
                      </div>
                       
                      Any contradictions?
                    </button>
                    <button
                      class="btn btn-ghost btn-sm"
                      style="justify-content: flex-start;"
                    >
                      <div>
                        icon
                      </div>
                       
                      Recommend evidence
                    </button>
                    <button
                      class="btn btn-ghost btn-sm"
                      style="justify-content: flex-start;"
                    >
                      <div>
                        icon
                      </div>
                       
                      Generate investigation report
                    </button>
                    <button
                      class="btn btn-ghost btn-sm"
                      style="justify-content: flex-start;"
                    >
                      <div>
                        icon
                      </div>
                       
                      Link to other cases
                    </button>
                  </div>
                </div>
              </div>
            </div>
          </div>
        </div>
      </div>
    </body>

      33 |   test('renders investigation list', async () => {
      34 |     render(<WorkspacePage />, { wrapper });
    > 35 |     await waitFor(() => expect(screen.getByText('Test Investigation')).toBeInTheDocument());
         |                  ^
      36 |   });
      37 | });
      38 |

      at waitForWrapper (node_modules/@testing-library/dom/dist/wait-for.js:163:27)
      at src/pages/__tests__/WorkspacePage.test.tsx:35:18
      at step (src/pages/__tests__/WorkspacePage.test.tsx:33:23)
      at Object.next (src/pages/__tests__/WorkspacePage.test.tsx:14:53)
      at src/pages/__tests__/WorkspacePage.test.tsx:8:71
      at Object.<anonymous>.__awaiter (src/pages/__tests__/WorkspacePage.test.tsx:4:12)
      at Object.<anonymous> (src/pages/__tests__/WorkspacePage.test.tsx:33:38)

FAIL src/pages/__tests__/AgentWorkbenchPage.test.tsx (5.665 s)
  ΓùÅ AgentWorkbenchPage ΓÇ║ renders workbench heading

    TestingLibraryElementError: Found multiple elements with the text: /agent/i

    Here are the matching elements:

    Ignored nodes: comments, script, style
    <h1>
      <div>
        icon
      </div>
      Agent Workbench
    </h1>

    Ignored nodes: comments, script, style
    <p>
      Multi-agent orchestration ΓÇö Commander coordinates task execution across specialized agents.
    </p>

    Ignored nodes: comments, script, style
    <div
      style="font-size: 13px; font-weight: 600;"
    >
      Database Agent
    </div>

    Ignored nodes: comments, script, style
    <div
      style="font-size: 13px; font-weight: 600;"
    >
      Trend Agent
    </div>

    Ignored nodes: comments, script, style
    <div
      style="font-size: 13px; font-weight: 600;"
    >
      Geospatial Agent
    </div>

    Ignored nodes: comments, script, style
    <div
      style="font-size: 13px; font-weight: 600;"
    >
      Offender Agent
    </div>

    (If this is intentional, then use the `*AllBy*` variant of the query (like `queryAllByText`, `getAllByText`, or `findAllByText`)).

    Ignored nodes: comments, script, style
    <body>
      <div>
        <div>
          <div
            class="page-header"
          >
            <h1>
              <div>
                icon
              </div>
              Agent Workbench
            </h1>
            <p>
              Multi-agent orchestration ΓÇö Commander coordinates task execution across specialized agents.
            </p>
          </div>
          <div
            class="row"
            style="gap: 16px; margin-bottom: 24px;"
          >
            <div
              class="card"
              style="flex: 1; text-align: center; padding: 16px;"
            >
              <div>
                icon
              </div>
              <div
                style="font-size: 13px; font-weight: 600;"
              >
                Database Agent
              </div>
              <div
                style="font-size: 11px;"
              >
                database_query
              </div>
            </div>
            <div
              class="card"
              style="flex: 1; text-align: center; padding: 16px;"
            >
              <div>
                icon
              </div>
              <div
                style="font-size: 13px; font-weight: 600;"
              >
                Trend Agent
              </div>
              <div
                style="font-size: 11px;"
              >
                trend_analysis
              </div>
            </div>
            <div
              class="card"
              style="flex: 1; text-align: center; padding: 16px;"
            >
              <div>
                icon
              </div>
              <div
                style="font-size: 13px; font-weight: 600;"
              >
                Geospatial Agent
              </div>
              <div
                style="font-size: 11px;"
              >
                geospatial_analysis
              </div>
            </div>
            <div
              class="card"
              style="flex: 1; text-align: center; padding: 16px;"
            >
              <div>
                icon
              </div>
              <div
                style="font-size: 13px; font-weight: 600;"
              >
                Offender Agent
              </div>
              <div
                style="font-size: 11px;"
              >
                offender_profile
              </div>
            </div>
          </div>
          <div
            class="card"
            style="margin-bottom: 24px;"
          >
            <div
              class="flex"
              style="gap: 8px; align-items: center;"
            >
              <input
                class="input flex-1"
                placeholder="Ask the Commander..."
                value=""
              />
              <button
                class="btn btn-primary"
              >
                <div>
                  icon
                </div>
                 
                Execute
              </button>
            </div>
          </div>
        </div>
      </div>
    </body>

      27 |   test('renders workbench heading', () => {
      28 |     render(<AgentWorkbenchPage />, { wrapper });
    > 29 |     expect(screen.getByText(/agent/i)).toBeInTheDocument();
         |                   ^
      30 |   });
      31 |
      32 |   test('renders models from API', async () => {

      at Object.getElementError (node_modules/@testing-library/dom/dist/config.js:37:19)
      at getElementError (node_modules/@testing-library/dom/dist/query-helpers.js:20:35)
      at getMultipleElementsFoundError (node_modules/@testing-library/dom/dist/query-helpers.js:23:10)
      at node_modules/@testing-library/dom/dist/query-helpers.js:55:13
      at node_modules/@testing-library/dom/dist/query-helpers.js:95:19
      at Object.<anonymous> (src/pages/__tests__/AgentWorkbenchPage.test.tsx:29:19)

  ΓùÅ AgentWorkbenchPage ΓÇ║ renders models from API

    Unable to find an element with the text: GLM. This could be because the text is broken up by multiple elements. In this case, you can provide a function for your text matcher to make your matcher more flexible.

    Ignored nodes: comments, script, style
    <body>
      <div>
        <div>
          <div
            class="page-header"
          >
            <h1>
              <div>
                icon
              </div>
              Agent Workbench
            </h1>
            <p>
              Multi-agent orchestration ΓÇö Commander coordinates task execution across specialized agents.
            </p>
          </div>
          <div
            class="row"
            style="gap: 16px; margin-bottom: 24px;"
          >
            <div
              class="card"
              style="flex: 1; text-align: center; padding: 16px;"
            >
              <div>
                icon
              </div>
              <div
                style="font-size: 13px; font-weight: 600;"
              >
                Database Agent
              </div>
              <div
                style="font-size: 11px;"
              >
                database_query
              </div>
            </div>
            <div
              class="card"
              style="flex: 1; text-align: center; padding: 16px;"
            >
              <div>
                icon
              </div>
              <div
                style="font-size: 13px; font-weight: 600;"
              >
                Trend Agent
              </div>
              <div
                style="font-size: 11px;"
              >
                trend_analysis
              </div>
            </div>
            <div
              class="card"
              style="flex: 1; text-align: center; padding: 16px;"
            >
              <div>
                icon
              </div>
              <div
                style="font-size: 13px; font-weight: 600;"
              >
                Geospatial Agent
              </div>
              <div
                style="font-size: 11px;"
              >
                geospatial_analysis
              </div>
            </div>
            <div
              class="card"
              style="flex: 1; text-align: center; padding: 16px;"
            >
              <div>
                icon
              </div>
              <div
                style="font-size: 13px; font-weight: 600;"
              >
                Offender Agent
              </div>
              <div
                style="font-size: 11px;"
              >
                offender_profile
              </div>
            </div>
          </div>
          <div
            class="card"
            style="margin-bottom: 24px;"
          >
            <div
              class="flex"
              style="gap: 8px; align-items: center;"
            >
              <input
                class="input flex-1"
                placeholder="Ask the Commander..."
                value=""
              />
              <button
                class="btn btn-primary"
              >
                <div>
                  icon
                </div>
                 
                Execute
              </button>
            </div>
          </div>
        </div>
      </div>
    </body>

      32 |   test('renders models from API', async () => {
      33 |     render(<AgentWorkbenchPage />, { wrapper });
    > 34 |     await waitFor(() => expect(screen.getByText('GLM')).toBeInTheDocument());
         |                  ^
      35 |   });
      36 |
      37 |   test('renders capabilities', async () => {

      at waitForWrapper (node_modules/@testing-library/dom/dist/wait-for.js:163:27)
      at src/pages/__tests__/AgentWorkbenchPage.test.tsx:34:18
      at step (src/pages/__tests__/AgentWorkbenchPage.test.tsx:33:23)
      at Object.next (src/pages/__tests__/AgentWorkbenchPage.test.tsx:14:53)
      at src/pages/__tests__/AgentWorkbenchPage.test.tsx:8:71
      at Object.<anonymous>.__awaiter (src/pages/__tests__/AgentWorkbenchPage.test.tsx:4:12)
      at Object.<anonymous> (src/pages/__tests__/AgentWorkbenchPage.test.tsx:32:35)

FAIL src/pages/__tests__/OffenderPage.test.tsx (5.711 s)
  ΓùÅ OffenderPage ΓÇ║ renders search input

    TestingLibraryElementError: Unable to find an element with the placeholder text of: /enter accused name/i

    Ignored nodes: comments, script, style
    <body>
      <div>
        <div>
          <div
            class="page-header"
          >
            <h1>
              Offender Profile
            </h1>
            <p>
              Investigation Priority Scoring & Case History
            </p>
          </div>
          <div
            class="flex gap-4 items-center mb-4"
          >
            <div
              class="input-group"
              style="flex: 1; max-width: 400px;"
            >
              <div>
                icon
              </div>
              <input
                class="input"
                placeholder="Search accused name..."
                value=""
              />
            </div>
            <button
              class="btn btn-primary"
            >
              Search
            </button>
            <button
              class="btn btn-secondary"
            >
              <div>
                icon
              </div>
               Create Profile
            </button>
          </div>
          <div
            class="card"
            style="text-align: center; padding: 80px;"
          >
            <div>
              icon
            </div>
            <h3
              style="margin-bottom: 8px;"
            >
              Search for an accused person
            </h3>
            <p
              style="font-size: 14px;"
            >
              Enter a name to view their priority score and case history
            </p>
          </div>
        </div>
      </div>
    </body>

      28 |   test('renders search input', () => {
      29 |     render(<OffenderPage />, { wrapper });
    > 30 |     expect(screen.getByPlaceholderText(/enter accused name/i)).toBeInTheDocument();
         |                   ^
      31 |   });
      32 |
      33 |   test('loads sample offender on mount', async () => {

      at Object.getElementError (node_modules/@testing-library/dom/dist/config.js:37:19)
      at node_modules/@testing-library/dom/dist/query-helpers.js:76:38
      at node_modules/@testing-library/dom/dist/query-helpers.js:52:17
      at node_modules/@testing-library/dom/dist/query-helpers.js:95:19
      at Object.<anonymous> (src/pages/__tests__/OffenderPage.test.tsx:30:19)

  ΓùÅ OffenderPage ΓÇ║ loads sample offender on mount

    Unable to find an element with the display value: /ravi kumar/i.

    Ignored nodes: comments, script, style
    <body>
      <div>
        <div>
          <div
            class="page-header"
          >
            <h1>
              Offender Profile
            </h1>
            <p>
              Investigation Priority Scoring & Case History
            </p>
          </div>
          <div
            class="flex gap-4 items-center mb-4"
          >
            <div
              class="input-group"
              style="flex: 1; max-width: 400px;"
            >
              <div>
                icon
              </div>
              <input
                class="input"
                placeholder="Search accused name..."
                value=""
              />
            </div>
            <button
              class="btn btn-primary"
            >
              Search
            </button>
            <button
              class="btn btn-secondary"
            >
              <div>
                icon
              </div>
               Create Profile
            </button>
          </div>
          <div
            class="card"
            style="text-align: center; padding: 80px;"
          >
            <div>
              icon
            </div>
            <h3
              style="margin-bottom: 8px;"
            >
              Search for an accused person
            </h3>
            <p
              style="font-size: 14px;"
            >
              Enter a name to view their priority score and case history
            </p>
          </div>
        </div>
      </div>
    </body>

      33 |   test('loads sample offender on mount', async () => {
      34 |     render(<OffenderPage />, { wrapper });
    > 35 |     await waitFor(() => expect(screen.getByDisplayValue(/ravi kumar/i)).toBeInTheDocument());
         |                  ^
      36 |   });
      37 |
      38 |   test('renders profile section', async () => {

      at waitForWrapper (node_modules/@testing-library/dom/dist/wait-for.js:163:27)
      at src/pages/__tests__/OffenderPage.test.tsx:35:18
      at step (src/pages/__tests__/OffenderPage.test.tsx:33:23)
      at Object.next (src/pages/__tests__/OffenderPage.test.tsx:14:53)
      at src/pages/__tests__/OffenderPage.test.tsx:8:71
      at Object.<anonymous>.__awaiter (src/pages/__tests__/OffenderPage.test.tsx:4:12)
      at Object.<anonymous> (src/pages/__tests__/OffenderPage.test.tsx:33:42)

FAIL src/pages/__tests__/ForecastPage.test.tsx (5.732 s)
  ΓùÅ ForecastPage ΓÇ║ renders forecast heading

    Found multiple elements with the text: /forecast/i

    Here are the matching elements:

    Ignored nodes: comments, script, style
    <h1>
      Crime Forecast
    </h1>

    Ignored nodes: comments, script, style
    <p>
      Prophet time-series forecasting with multi-category and district-level projections
    </p>

    Ignored nodes: comments, script, style
    <div
      class="kpi-label"
    >
      Forecast Model
    </div>

    Ignored nodes: comments, script, style
    <div
      class="kpi-label"
    >
      Forecast Horizon
    </div>

    Ignored nodes: comments, script, style
    <div
      class="card-header"
    >
      30-Day Forecast by Crime Type ΓÇö Bengaluru Urban
    </div>

    (If this is intentional, then use the `*AllBy*` variant of the query (like `queryAllByText`, `getAllByText`, or `findAllByText`)).

    Ignored nodes: comments, script, style
    <body>
      <div>
        <div>
          <div
            class="page-header flex justify-between items-center"
          >
            <div>
              <h1>
                Crime Forecast
              </h1>
              <p>
                Prophet time-series forecasting with multi-category and district-level projections
              </p>
            </div>
            <button
              class="btn btn-primary btn-sm"
            >
              <div>
                icon
              </div>
               Export PDF
            </button>
          </div>
          <div
            class="tabs"
            style="margin-bottom: 24px;"
          >
            <button
              class="tab active"
            >
              <div>
                icon
              </div>
               By Crime Type
            </button>
            <button
              class="tab "
            >
              <div>
                icon
              </div>
               By District
            </button>
          </div>
          <div
            id="forecast-content"
          >
            <div
              class="grid-4"
              style="margin-bottom: 24px;"
            >
              <div
                class="card kpi-card"
              >
                <div
                  class="kpi-value"
                  style="font-size: 24px;"
                >
                  Prophet v1.0
                </div>
                <div
                  class="kpi-label"
                >
                  Forecast Model
                </div>
              </div>
              <div
                class="card kpi-card"
              >
                <div
                  class="kpi-value"
                  style="font-size: 24px;"
                >
                  80%
                </div>
                <div
                  class="kpi-label"
                >
                  Confidence Interval
                </div>
              </div>
              <div
                class="card kpi-card"
              >
                <div
                  class="kpi-value"
                  style="font-size: 24px;"
                >
                  30 days
                </div>
                <div
                  class="kpi-label"
                >
                  Forecast Horizon
                </div>
              </div>
              <div
                class="card kpi-card"
              >
                <div
                  class="kpi-value"
                  style="font-size: 24px;"
                >
                  Daily
                </div>
                <div
                  class="kpi-label"
                >
                  Data Granularity
                </div>
              </div>
            </div>
            <div
              class="card"
              style="margin-bottom: 24px;"
            >
              <div
                class="card-header"
              >
                30-Day Forecast by Crime Type ΓÇö Bengaluru Urban
              </div>
              <div>
                <div>
                  <div />
                  <div />
                  <div />
                  <div />
                  <div />
                  <div />
                  <div />
                  <div />
                </div>
              </div>
            </div>
            <div
              class="card"
              style="margin-bottom: 24px;"
            >
              <div
                class="card-header"
              >
                Predicted Cases by Crime Type (Day 30)
              </div>
              <div>
                <div>
                  <div />
                  <div />
                  <div />
                  <div />
                  <div />
                </div>
              </div>
            </div>
          </div>
        </div>
      </div>
    </body>

      25 |   test('renders forecast heading', async () => {
      26 |     render(<ForecastPage />, { wrapper });
    > 27 |     await waitFor(() => expect(screen.getByText(/forecast/i)).toBeInTheDocument());
         |                  ^
      28 |   });
      29 |
      30 |   test('renders category heading', () => {

      at waitForWrapper (node_modules/@testing-library/dom/dist/wait-for.js:163:27)
      at src/pages/__tests__/ForecastPage.test.tsx:27:18
      at step (src/pages/__tests__/ForecastPage.test.tsx:33:23)
      at Object.next (src/pages/__tests__/ForecastPage.test.tsx:14:53)
      at src/pages/__tests__/ForecastPage.test.tsx:8:71
      at Object.<anonymous>.__awaiter (src/pages/__tests__/ForecastPage.test.tsx:4:12)
      at Object.<anonymous> (src/pages/__tests__/ForecastPage.test.tsx:25:36)

  ΓùÅ ForecastPage ΓÇ║ renders category heading

    TestingLibraryElementError: Unable to find an element with the text: /theft/i. This could be because the text is broken up by multiple elements. In this case, you can provide a function for your text matcher to make your matcher more flexible.

    Ignored nodes: comments, script, style
    <body>
      <div>
        <div>
          <div
            class="page-header"
          >
            <h1>
              Crime Forecast
            </h1>
            <p>
              Prophet time-series forecasting
            </p>
          </div>
          <div
            class="skeleton"
            style="width: 100%; height: 300px; border-radius: var(--radius-card); margin-bottom: 24px;"
          />
          <div
            class="skeleton"
            style="width: 100%; height: 300px; border-radius: var(--radius-card); margin-bottom: 24px;"
          />
          <div
            class="skeleton"
            style="width: 100%; height: 300px; border-radius: var(--radius-card); margin-bottom: 24px;"
          />
        </div>
      </div>
    </body>

      30 |   test('renders category heading', () => {
      31 |     render(<ForecastPage />, { wrapper });
    > 32 |     expect(screen.getByText(/theft/i)).toBeInTheDocument();
         |                   ^
      33 |   });
      34 |
      35 |   test('renders navigation', () => {

      at Object.getElementError (node_modules/@testing-library/dom/dist/config.js:37:19)
      at node_modules/@testing-library/dom/dist/query-helpers.js:76:38
      at node_modules/@testing-library/dom/dist/query-helpers.js:52:17
      at node_modules/@testing-library/dom/dist/query-helpers.js:95:19
      at Object.<anonymous> (src/pages/__tests__/ForecastPage.test.tsx:32:19)

  ΓùÅ ForecastPage ΓÇ║ renders navigation

    TestingLibraryElementError: Unable to find an accessible element with the role "link"

    Here are the accessible roles:

      heading:

      Name "Crime Forecast":
      <h1 />

      --------------------------------------------------
      paragraph:

      Name "":
      <p />

      --------------------------------------------------

    Ignored nodes: comments, script, style
    <body>
      <div>
        <div>
          <div
            class="page-header"
          >
            <h1>
              Crime Forecast
            </h1>
            <p>
              Prophet time-series forecasting
            </p>
          </div>
          <div
            class="skeleton"
            style="width: 100%; height: 300px; border-radius: var(--radius-card); margin-bottom: 24px;"
          />
          <div
            class="skeleton"
            style="width: 100%; height: 300px; border-radius: var(--radius-card); margin-bottom: 24px;"
          />
          <div
            class="skeleton"
            style="width: 100%; height: 300px; border-radius: var(--radius-card); margin-bottom: 24px;"
          />
        </div>
      </div>
    </body>

      35 |   test('renders navigation', () => {
      36 |     render(<ForecastPage />, { wrapper });
    > 37 |     const links = screen.getAllByRole('link');
         |                          ^
      38 |     expect(links.length).toBeGreaterThan(5);
      39 |   });
      40 | });

      at Object.getElementError (node_modules/@testing-library/dom/dist/config.js:37:19)
      at node_modules/@testing-library/dom/dist/query-helpers.js:76:38
      at node_modules/@testing-library/dom/dist/query-helpers.js:109:15
      at Object.<anonymous> (src/pages/__tests__/ForecastPage.test.tsx:37:26)

FAIL src/pages/__tests__/DashboardPage.test.tsx (5.956 s)
  ΓùÅ DashboardPage ΓÇ║ renders KPIs after loading

    Unable to find an element with the text: Total FIRs. This could be because the text is broken up by multiple elements. In this case, you can provide a function for your text matcher to make your matcher more flexible.

    Ignored nodes: comments, script, style
    <body>
      <div>
        <div>
          <div
            class="page-header"
          >
            <h1>
              Welcome, 
            </h1>
            <p>
              Karnataka State Police ΓÇö Crime Analytics Dashboard
            </p>
          </div>
          <div
            class="grid-4"
          >
            <div
              class="card kpi-card"
            >
              <div
                class="kpi-value"
              >
                12,847
              </div>
              <div
                class="kpi-label"
              >
                Total Cases
              </div>
            </div>
            <div
              class="card kpi-card"
            >
              <div
                class="kpi-value"
              >
                28.3%
              </div>
              <div
                class="kpi-label"
              >
                Heinous %
              </div>
            </div>
            <div
              class="card kpi-card"
            >
              <div
                class="kpi-value"
              >
                2,341
              </div>
              <div
                class="kpi-label"
              >
                Pending
              </div>
            </div>
            <div
              class="card kpi-card"
            >
              <div
                class="kpi-value"
              >
                31
              </div>
              <div
                class="kpi-label"
              >
                Districts
              </div>
            </div>
          </div>
          <div
            class="grid-2"
            style="margin-top: 24px;"
          >
            <div
              class="card"
            >
              <div
                class="card-header"
              >
                Crime Trends (Last 6 Months)
              </div>
              <div>
                <div>
                  <div />
                  <div />
                  <div />
                  <div />
                </div>
              </div>
            </div>
            <div
              class="card"
            >
              <div
                class="card-header"
              >
                Recent Activity
              </div>
              <div
                style="display: flex; flex-direction: column; gap: 12px;"
              >
                <div
                  style="display: flex; justify-content: space-between; align-items: center; padding: 8px 0px;"
                >
                  <span
                    style="font-size: 14px;"
                  >
                    New case filed: Theft in Bangalore North
                  </span>
                  <span
                    style="font-size: 12px;"
                  >
                    2 min ago
                  </span>
                </div>
                <div
                  style="display: flex; justify-content: space-between; align-items: center; padding: 8px 0px;"
                >
                  <span
                    style="font-size: 14px;"
                  >
                    Alert: Crime spike detected in Mysuru
                  </span>
                  <span
                    style="font-size: 12px;"
                  >
                    15 min ago
                  </span>
                </div>
                <div
                  style="display: flex; justify-content: space-between; align-items: center; padding: 8px 0px;"
                >
                  <span
                    style="font-size: 14px;"
                  >
                    Offender profile updated: Ravi Kumar
                  </span>
                  <span
                    style="font-size: 12px;"
                  >
                    1 hour ago
                  </span>
                </div>
                <div
                  style="display: flex; justify-content: space-between; align-items: center; padding: 8px 0px;"
                >
                  <span
                    style="font-size: 14px;"
                  >
                    Forecast generated for Bangalore Urban
                  </span>
                  <span
                    style="font-size: 12px;"
                  >
                    2 hours ago
                  </span>
                </div>
                <div
                  style="display: flex; justify-content: space-between; align-items: center; padding: 8px 0px;"
                >
                  <span
                    style="font-size: 14px;"
                  >
                    Investigation workspace updated: Case #101
                  </span>
                  <span
                    style="font-size: 12px;"
                  >
                    3 hours ago
                  </span>
                </div>
              </div>
            </div>
          </div>
        </div>
      </div>
    </body>

      26 |   test('renders KPIs after loading', async () => {
      27 |     render(<DashboardPage />, { wrapper });
    > 28 |     await waitFor(() => expect(screen.getByText('Total FIRs')).toBeInTheDocument());
         |                  ^
      29 |     expect(screen.getByText('12,847')).toBeInTheDocument();
      30 |     expect(screen.getByText('Active Cases')).toBeInTheDocument();
      31 |   });

      at waitForWrapper (node_modules/@testing-library/dom/dist/wait-for.js:163:27)
      at src/pages/__tests__/DashboardPage.test.tsx:28:18
      at step (src/pages/__tests__/DashboardPage.test.tsx:33:23)
      at Object.next (src/pages/__tests__/DashboardPage.test.tsx:14:53)
      at src/pages/__tests__/DashboardPage.test.tsx:8:71
      at Object.<anonymous>.__awaiter (src/pages/__tests__/DashboardPage.test.tsx:4:12)
      at Object.<anonymous> (src/pages/__tests__/DashboardPage.test.tsx:26:38)

  ΓùÅ DashboardPage ΓÇ║ renders sidebar navigation

    TestingLibraryElementError: Unable to find an accessible element with the role "link"

    Here are the accessible roles:

      heading:

      Name "Welcome,":
      <h1 />

      --------------------------------------------------
      paragraph:

      Name "":
      <p />

      --------------------------------------------------

    Ignored nodes: comments, script, style
    <body>
      <div>
        <div>
          <div
            class="page-header"
          >
            <h1>
              Welcome, 
            </h1>
            <p>
              Karnataka State Police ΓÇö Crime Analytics Dashboard
            </p>
          </div>
          <div
            class="grid-4"
          >
            <div
              class="card kpi-card"
            >
              <div
                class="kpi-value"
              >
                12,847
              </div>
              <div
                class="kpi-label"
              >
                Total Cases
              </div>
            </div>
            <div
              class="card kpi-card"
            >
              <div
                class="kpi-value"
              >
                28.3%
              </div>
              <div
                class="kpi-label"
              >
                Heinous %
              </div>
            </div>
            <div
              class="card kpi-card"
            >
              <div
                class="kpi-value"
              >
                2,341
              </div>
              <div
                class="kpi-label"
              >
                Pending
              </div>
            </div>
            <div
              class="card kpi-card"
            >
              <div
                class="kpi-value"
              >
                31
              </div>
              <div
                class="kpi-label"
              >
                Districts
              </div>
            </div>
          </div>
          <div
            class="grid-2"
            style="margin-top: 24px;"
          >
            <div
              class="card"
            >
              <div
                class="card-header"
              >
                Crime Trends (Last 6 Months)
              </div>
              <div>
                <div>
                  <div />
                  <div />
                  <div />
                  <div />
                </div>
              </div>
            </div>
            <div
              class="card"
            >
              <div
                class="card-header"
              >
                Recent Activity
              </div>
              <div
                style="display: flex; flex-direction: column; gap: 12px;"
              >
                <div
                  style="display: flex; justify-content: space-between; align-items: center; padding: 8px 0px;"
                >
                  <span
                    style="font-size: 14px;"
                  >
                    New case filed: Theft in Bangalore North
                  </span>
                  <span
                    style="font-size: 12px;"
                  >
                    2 min ago
                  </span>
                </div>
                <div
                  style="display: flex; justify-content: space-between; align-items: center; padding: 8px 0px;"
                >
                  <span
                    style="font-size: 14px;"
                  >
                    Alert: Crime spike detected in Mysuru
                  </span>
                  <span
                    style="font-size: 12px;"
                  >
                    15 min ago
                  </span>
                </div>
                <div
                  style="display: flex; justify-content: space-between; align-items: center; padding: 8px 0px;"
                >
                  <span
                    style="font-size: 14px;"
                  >
                    Offender profile updated: Ravi Kumar
                  </span>
                  <span
                    style="font-size: 12px;"
                  >
                    1 hour ago
                  </span>
                </div>
                <div
                  style="display: flex; justify-content: space-between; align-items: center; padding: 8px 0px;"
                >
                  <span
                    style="font-size: 14px;"
                  >
                    Forecast generated for Bangalore Urban
                  </span>
                  <span
                    style="font-size: 12px;"
                  >
                    2 hours ago
                  </span>
                </div>
                <div
                  style="display: flex; justify-content: space-between; align-items: center; padding: 8px 0px;"
                >
                  <span
                    style="font-size: 14px;"
                  >
                    Investigation workspace updated: Case #101
                  </span>
                  <span
                    style="font-size: 12px;"
                  >
                    3 hours ago
                  </span>
                </div>
              </div>
            </div>
          </div>
        </div>
      </div>
    </body>

      38 |   test('renders sidebar navigation', () => {
      39 |     render(<DashboardPage />, { wrapper });
    > 40 |     const links = screen.getAllByRole('link');
         |                          ^
      41 |     expect(links.length).toBeGreaterThan(0);
      42 |   });
      43 | });

      at Object.getElementError (node_modules/@testing-library/dom/dist/config.js:37:19)
      at node_modules/@testing-library/dom/dist/query-helpers.js:76:38
      at node_modules/@testing-library/dom/dist/query-helpers.js:109:15
      at Object.<anonymous> (src/pages/__tests__/DashboardPage.test.tsx:40:26)

FAIL src/pages/__tests__/InboxPage.test.tsx (5.745 s)
  ΓùÅ InboxPage ΓÇ║ renders multiple messages

    Unable to find an element with the text: Update. This could be because the text is broken up by multiple elements. In this case, you can provide a function for your text matcher to make your matcher more flexible.

    Ignored nodes: comments, script, style
    <body>
      <div>
        <div>
          <div
            class="page-header flex justify-between items-center"
          >
            <div>
              <h1>
                Message Inbox
              </h1>
              <p>
                Communication hub
              </p>
            </div>
            <button
              class="btn btn-primary btn-sm"
            >
              <div>
                icon
              </div>
               
              New Message
            </button>
          </div>
          <div
            class="tabs"
            style="margin-bottom: 16px;"
          >
            <button
              class="tab active"
            >
              All
               (
              2
              )
            </button>
            <button
              class="tab "
            >
              Unread
               (
              1
              )
            </button>
            <button
              class="tab "
            >
              Critical
            </button>
            <button
              class="tab "
            >
              High
            </button>
          </div>
          <div
            style="display: flex; gap: 16px;"
          >
            <div
              style="flex: 1;"
            >
              <div
                style="display: flex; flex-direction: column; gap: 2px;"
              >
                <div
                  class="card"
                  style="cursor: pointer; opacity: 1;"
                >
                  <div
                    class="flex justify-between items-center"
                  >
                    <div
                      style="flex: 1;"
                    >
                      <div
                        class="flex items-center gap-2"
                      >
                        <span>
                          ∩┐╜∩┐╜
                        </span>
                        <span
                          style="font-weight: 600; font-size: 14px;"
                        >
                          Test Subject
                        </span>
                        <span
                          class="badge badge-elevated"
                          style="font-size: 10px;"
                        >
                          New
                        </span>
                      </div>
                      <div
                        style="font-size: 12px; margin-top: 2px;"
                      >
                        From
                        : 
                        IO
                         #
                        1
                         ┬╖ 
                        Station
                         ┬╖ 
                        18/7/2026, 1:46:31 am
                      </div>
                      <div
                        style="font-size: 13px; margin-top: 4px; white-space: nowrap; overflow: hidden; text-overflow: ellipsis; max-width: 500px;"
                      >
                        Test body
                      </div>
                    </div>
                    <div
                      class="flex gap-2 items-center"
                    >
                      <div>
                        icon
                      </div>
                    </div>
                  </div>
                </div>
              </div>
            </div>
          </div>
        </div>
      </div>
    </body>

      33 |   test('renders multiple messages', async () => {
      34 |     render(<InboxPage />, { wrapper });
    > 35 |     await waitFor(() => {
         |                  ^
      36 |       expect(screen.getByText('Test Subject')).toBeInTheDocument();
      37 |       expect(screen.getByText('Update')).toBeInTheDocument();
      38 |     });

      at waitForWrapper (node_modules/@testing-library/dom/dist/wait-for.js:163:27)
      at src/pages/__tests__/InboxPage.test.tsx:35:18
      at step (src/pages/__tests__/InboxPage.test.tsx:33:23)
      at Object.next (src/pages/__tests__/InboxPage.test.tsx:14:53)
      at src/pages/__tests__/InboxPage.test.tsx:8:71
      at Object.<anonymous>.__awaiter (src/pages/__tests__/InboxPage.test.tsx:4:12)
      at Object.<anonymous> (src/pages/__tests__/InboxPage.test.tsx:33:37)

FAIL src/pages/__tests__/CoordinationPage.test.tsx (5.766 s)
  ΓùÅ CoordinationPage ΓÇ║ renders coordination heading

    TestingLibraryElementError: Found multiple elements with the text: /coordination/i

    Here are the matching elements:

    Ignored nodes: comments, script, style
    <h1>
      Coordination
    </h1>

    Ignored nodes: comments, script, style
    <p>
      Inter-station coordination requests
    </p>

    (If this is intentional, then use the `*AllBy*` variant of the query (like `queryAllByText`, `getAllByText`, or `findAllByText`)).

    Ignored nodes: comments, script, style
    <body>
      <div>
        <div>
          <div
            class="page-header flex justify-between items-center"
          >
            <div>
              <h1>
                Coordination
              </h1>
              <p>
                Inter-station coordination requests
              </p>
            </div>
            <button
              class="btn btn-primary btn-sm"
            >
              <div>
                icon
              </div>
               
              New Request
            </button>
          </div>
          <div
            class="tabs"
            style="margin-bottom: 16px;"
          >
            <button
              class="tab active"
            >
              All
            </button>
            <button
              class="tab "
            >
              Pending
            </button>
            <button
              class="tab "
            >
              Approved
            </button>
            <button
              class="tab "
            >
              Rejected
            </button>
          </div>
          <div
            class="card"
            style="padding: 48px; text-align: center;"
          >
            <p
              class="text-muted"
            >
              Loading...
            </p>
          </div>
        </div>
      </div>
    </body>

      22 |   test('renders coordination heading', () => {
      23 |     render(<CoordinationPage />, { wrapper });
    > 24 |     expect(screen.getByText(/coordination/i)).toBeInTheDocument();
         |                   ^
      25 |   });
      26 |
      27 |   test('renders request list', async () => {

      at Object.getElementError (node_modules/@testing-library/dom/dist/config.js:37:19)
      at getElementError (node_modules/@testing-library/dom/dist/query-helpers.js:20:35)
      at getMultipleElementsFoundError (node_modules/@testing-library/dom/dist/query-helpers.js:23:10)
      at node_modules/@testing-library/dom/dist/query-helpers.js:55:13
      at node_modules/@testing-library/dom/dist/query-helpers.js:95:19
      at Object.<anonymous> (src/pages/__tests__/CoordinationPage.test.tsx:24:19)

  ΓùÅ CoordinationPage ΓÇ║ renders request list

    Found multiple elements with the text: /assistance/i

    Here are the matching elements:

    Ignored nodes: comments, script, style
    <span
      style="font-weight: 600; font-size: 14px;"
    >
      ASSISTANCE
    </span>

    Ignored nodes: comments, script, style
    <p
      class="text-sm"
      style="margin-bottom: 4px;"
    >
      Need assistance
    </p>

    (If this is intentional, then use the `*AllBy*` variant of the query (like `queryAllByText`, `getAllByText`, or `findAllByText`)).

    Ignored nodes: comments, script, style
    <body>
      <div>
        <div>
          <div
            class="page-header flex justify-between items-center"
          >
            <div>
              <h1>
                Coordination
              </h1>
              <p>
                Inter-station coordination requests
              </p>
            </div>
            <button
              class="btn btn-primary btn-sm"
            >
              <div>
                icon
              </div>
               
              New Request
            </button>
          </div>
          <div
            class="tabs"
            style="margin-bottom: 16px;"
          >
            <button
              class="tab active"
            >
              All
            </button>
            <button
              class="tab "
            >
              Pending
            </button>
            <button
              class="tab "
            >
              Approved
            </button>
            <button
              class="tab "
            >
              Rejected
            </button>
          </div>
          <div
            style="display: flex; flex-direction: column; gap: 8px;"
          >
            <div
              class="card"
            >
              <div
                class="flex justify-between items-center"
              >
                <div
                  style="flex: 1;"
                >
                  <div
                    class="flex items-center gap-2"
                    style="margin-bottom: 4px;"
                  >
                    <span
                      style="font-weight: 600; font-size: 14px;"
                    >
                      ASSISTANCE
                    </span>
                    <span
                      class="badge badge-moderate"
                      style="font-size: 10px;"
                    >
                      HIGH
                    </span>
                    <span
                      class="badge"
                      style="font-size: 10px; color: rgb(255, 255, 255);"
                    >
                      pending
                    </span>
                  </div>
                  <p
                    class="text-sm"
                    style="margin-bottom: 4px;"
                  >
                    Need assistance
                  </p>
                  <div
                    class="text-xs text-muted"
                  >
                    From
                    : 
                     ΓåÆ 
                    To
                    : 
                    2
                     ┬╖ 
                    Created
                    : 
                    18/7/2026
                  </div>
                </div>
                <div
                  class="flex gap-2"
                  style="margin-left: 16px;"
                >
                  <button
                    class="btn btn-primary btn-sm"
                  >
                    <div>
                      icon
                    </div>
                     
                    Approve
                  </button>
                  <button
                    class="btn btn-secondary btn-sm"
                  >
                    <div>
                      icon
                    </div>
                     
                    Reject
                  </button>
                </div>
              </div>
            </div>
          </div>
        </div>
      </div>
    </body>

      27 |   test('renders request list', async () => {
      28 |     render(<CoordinationPage />, { wrapper });
    > 29 |     await waitFor(() => expect(screen.getByText(/assistance/i)).toBeInTheDocument());
         |                  ^
      30 |   });
      31 |
      32 |   test('renders new request button', () => {

      at waitForWrapper (node_modules/@testing-library/dom/dist/wait-for.js:163:27)
      at src/pages/__tests__/CoordinationPage.test.tsx:29:18
      at step (src/pages/__tests__/CoordinationPage.test.tsx:33:23)
      at Object.next (src/pages/__tests__/CoordinationPage.test.tsx:14:53)
      at src/pages/__tests__/CoordinationPage.test.tsx:8:71
      at Object.<anonymous>.__awaiter (src/pages/__tests__/CoordinationPage.test.tsx:4:12)
      at Object.<anonymous> (src/pages/__tests__/CoordinationPage.test.tsx:27:32)

  ΓùÅ CoordinationPage ΓÇ║ renders new request button

    TestingLibraryElementError: Found multiple elements with the text: /new|create|request/i

    Here are the matching elements:

    Ignored nodes: comments, script, style
    <p>
      Inter-station coordination requests
    </p>

    Ignored nodes: comments, script, style
    <button
      class="btn btn-primary btn-sm"
    >
      <div>
        icon
      </div>
       
      New Request
    </button>

    (If this is intentional, then use the `*AllBy*` variant of the query (like `queryAllByText`, `getAllByText`, or `findAllByText`)).

    Ignored nodes: comments, script, style
    <body>
      <div>
        <div>
          <div
            class="page-header flex justify-between items-center"
          >
            <div>
              <h1>
                Coordination
              </h1>
              <p>
                Inter-station coordination requests
              </p>
            </div>
            <button
              class="btn btn-primary btn-sm"
            >
              <div>
                icon
              </div>
               
              New Request
            </button>
          </div>
          <div
            class="tabs"
            style="margin-bottom: 16px;"
          >
            <button
              class="tab active"
            >
              All
            </button>
            <button
              class="tab "
            >
              Pending
            </button>
            <button
              class="tab "
            >
              Approved
            </button>
            <button
              class="tab "
            >
              Rejected
            </button>
          </div>
          <div
            class="card"
            style="padding: 48px; text-align: center;"
          >
            <p
              class="text-muted"
            >
              Loading...
            </p>
          </div>
        </div>
      </div>
    </body>

      32 |   test('renders new request button', () => {
      33 |     render(<CoordinationPage />, { wrapper });
    > 34 |     expect(screen.getByText(/new|create|request/i)).toBeInTheDocument();
         |                   ^
      35 |   });
      36 | });
      37 |

      at Object.getElementError (node_modules/@testing-library/dom/dist/config.js:37:19)
      at getElementError (node_modules/@testing-library/dom/dist/query-helpers.js:20:35)
      at getMultipleElementsFoundError (node_modules/@testing-library/dom/dist/query-helpers.js:23:10)
      at node_modules/@testing-library/dom/dist/query-helpers.js:55:13
      at node_modules/@testing-library/dom/dist/query-helpers.js:95:19
      at Object.<anonymous> (src/pages/__tests__/CoordinationPage.test.tsx:34:19)

FAIL src/pages/__tests__/CaseRegistrationPage.test.tsx (5.93 s)
  ΓùÅ CaseRegistrationPage ΓÇ║ renders registration form

    TestingLibraryElementError: Found multiple elements with the text: /registration/i

    Here are the matching elements:

    Ignored nodes: comments, script, style
    <h1>
      Case Registration
    </h1>

    Ignored nodes: comments, script, style
    <div
      style="margin-bottom: 16px; padding: 12px; border-radius: 8px; font-size: 13px; min-height: 40px;"
    >
      I am CaseBot. I can help with your FIR registration.
    </div>

    (If this is intentional, then use the `*AllBy*` variant of the query (like `queryAllByText`, `getAllByText`, or `findAllByText`)).

    Ignored nodes: comments, script, style
    <body>
      <div>
        <div
          style="display: flex; gap: 24px;"
        >
          <div
            style="flex: 1;"
          >
            <div
              class="page-header"
            >
              <h1>
                Case Registration
              </h1>
              <p>
                Register a new First Information Report
              </p>
            </div>
            <div
              class="tabs"
              style="margin-bottom: 24px;"
            >
              <button
                class="tab active"
              >
                Incident
              </button>
              <button
                class="tab "
              >
                Complainant
              </button>
              <button
                class="tab "
              >
                Victims
              </button>
              <button
                class="tab "
              >
                Accused
              </button>
              <button
                class="tab "
              >
                Legal
              </button>
              <button
                class="tab "
              >
                Submit
              </button>
            </div>
            <form>
              <div
                class="card"
                style="margin-bottom: 24px;"
              >
                <div
                  class="card-header"
                >
                  <h3>
                    Incident Details
                  </h3>
                </div>
                <div
                  class="grid-2"
                >
                  <div
                    class="form-group"
                  >
                    <label>
                      Incident From Date/Time
                       *
                    </label>
                    <input
                      class="input"
                      required=""
                      type="datetime-local"
                      value=""
                    />
                  </div>
                  <div
                    class="form-group"
                  >
                    <label>
                      Incident To Date/Time
                    </label>
                    <input
                      class="input"
                      type="datetime-local"
                      value=""
                    />
                  </div>
                </div>
                <div
                  class="form-group"
                >
                  <label>
                    Incident Location
                     *
                  </label>
                  <div
                    style="display: flex; gap: 8px;"
                  >
                    <input
                      class="input"
                      placeholder="Enter location description"
                      required=""
                      style="flex: 1;"
                      value=""
                    />
                    <button
                      class="btn btn-ghost btn-icon"
                      title="Open map picker"
                      type="button"
                    >
                      <div>
                        icon
                      </div>
                    </button>
                  </div>
                </div>
                <div
                  class="form-group"
                >
                  <label>
                    Brief Facts
                     * 
                    <span
                      class="text-xs text-muted"
                    >
                      (
                      0
                       / 500-5000 
                      words
                      )
                    </span>
                  </label>
                  <textarea
                    class="input"
                    required=""
                    style="min-height: 150px; resize: vertical;"
                  />
                </div>
                <div
                  class="flex gap-4"
                  style="justify-content: flex-end; margin-top: 16px;"
                >
                  <button
                    class="btn btn-primary"
                    type="button"
                  >
                    Next: Complainant
                  </button>
                </div>
              </div>
            </form>
          </div>
          <div
            style="width: 320px; flex-shrink: 0;"
          >
            <div
              class="card"
              style="position: sticky; top: 32px;"
            >
              <div
                class="card-header flex justify-between items-center"
              >
                <span
                  class="flex items-center gap-2"
                >
                  <div>
                    icon
                  </div>
                   
                  CaseBot
                </span>
                <button
                  class="btn btn-ghost btn-icon"
                >
                  <div>
                    icon
                  </div>
                </button>
              </div>
              <div
                style="font-size: 14px;"
              >
                <div
                  style="margin-bottom: 16px; padding: 12px; border-radius: 8px; font-size: 13px; min-height: 40px;"
                >
                  I am CaseBot. I can help with your FIR registration.
                </div>
                <div
                  style="display: flex; flex-direction: column; gap: 8px;"
                >
                  <button
                    class="btn btn-ghost btn-sm"
                    style="justify-content: flex-start;"
                  >
                    <div>
                      icon
                    </div>
                     
                    Confidence Checker
                  </button>
                  <button
                    class="btn btn-ghost btn-sm"
                    style="justify-content: flex-start;"
                  >
                    Auto-fill similar case
                  </button>
                  <button
                    class="btn btn-ghost btn-sm"
                    style="justify-content: flex-start;"
                  >
                    Review sections
                  </button>
                  <button
                    class="btn btn-ghost btn-sm"
                    style="justify-content: flex-start;"
                  >
                    <div>
                      icon
                    </div>
                     
                    Help
                  </button>
                </div>
              </div>
            </div>
          </div>
        </div>
      </div>
    </body>

      20 |   test('renders registration form', () => {
      21 |     render(<CaseRegistrationPage />, { wrapper });
    > 22 |     expect(screen.getByText(/registration/i)).toBeInTheDocument();
         |                   ^
      23 |   });
      24 |
      25 |   test('renders form fields', () => {

      at Object.getElementError (node_modules/@testing-library/dom/dist/config.js:37:19)
      at getElementError (node_modules/@testing-library/dom/dist/query-helpers.js:20:35)
      at getMultipleElementsFoundError (node_modules/@testing-library/dom/dist/query-helpers.js:23:10)
      at node_modules/@testing-library/dom/dist/query-helpers.js:55:13
      at node_modules/@testing-library/dom/dist/query-helpers.js:95:19
      at Object.<anonymous> (src/pages/__tests__/CaseRegistrationPage.test.tsx:22:19)

  ΓùÅ CaseRegistrationPage ΓÇ║ renders form fields

    TestingLibraryElementError: Unable to find an element with the text: /case number/i. This could be because the text is broken up by multiple elements. In this case, you can provide a function for your text matcher to make your matcher more flexible.

    Ignored nodes: comments, script, style
    <body>
      <div>
        <div
          style="display: flex; gap: 24px;"
        >
          <div
            style="flex: 1;"
          >
            <div
              class="page-header"
            >
              <h1>
                Case Registration
              </h1>
              <p>
                Register a new First Information Report
              </p>
            </div>
            <div
              class="tabs"
              style="margin-bottom: 24px;"
            >
              <button
                class="tab active"
              >
                Incident
              </button>
              <button
                class="tab "
              >
                Complainant
              </button>
              <button
                class="tab "
              >
                Victims
              </button>
              <button
                class="tab "
              >
                Accused
              </button>
              <button
                class="tab "
              >
                Legal
              </button>
              <button
                class="tab "
              >
                Submit
              </button>
            </div>
            <form>
              <div
                class="card"
                style="margin-bottom: 24px;"
              >
                <div
                  class="card-header"
                >
                  <h3>
                    Incident Details
                  </h3>
                </div>
                <div
                  class="grid-2"
                >
                  <div
                    class="form-group"
                  >
                    <label>
                      Incident From Date/Time
                       *
                    </label>
                    <input
                      class="input"
                      required=""
                      type="datetime-local"
                      value=""
                    />
                  </div>
                  <div
                    class="form-group"
                  >
                    <label>
                      Incident To Date/Time
                    </label>
                    <input
                      class="input"
                      type="datetime-local"
                      value=""
                    />
                  </div>
                </div>
                <div
                  class="form-group"
                >
                  <label>
                    Incident Location
                     *
                  </label>
                  <div
                    style="display: flex; gap: 8px;"
                  >
                    <input
                      class="input"
                      placeholder="Enter location description"
                      required=""
                      style="flex: 1;"
                      value=""
                    />
                    <button
                      class="btn btn-ghost btn-icon"
                      title="Open map picker"
                      type="button"
                    >
                      <div>
                        icon
                      </div>
                    </button>
                  </div>
                </div>
                <div
                  class="form-group"
                >
                  <label>
                    Brief Facts
                     * 
                    <span
                      class="text-xs text-muted"
                    >
                      (
                      0
                       / 500-5000 
                      words
                      )
                    </span>
                  </label>
                  <textarea
                    class="input"
                    required=""
                    style="min-height: 150px; resize: vertical;"
                  />
                </div>
                <div
                  class="flex gap-4"
                  style="justify-content: flex-end; margin-top: 16px;"
                >
                  <button
                    class="btn btn-primary"
                    type="button"
                  >
                    Next: Complainant
                  </button>
                </div>
              </div>
            </form>
          </div>
          <div
            style="width: 320px; flex-shrink: 0;"
          >
            <div
              class="card"
              style="position: sticky; top: 32px;"
            >
              <div
                class="card-header flex justify-between items-center"
              >
                <span
                  class="flex items-center gap-2"
                >
                  <div>
                    icon
                  </div>
                   
                  CaseBot
                </span>
                <button
                  class="btn btn-ghost btn-icon"
                >
                  <div>
                    icon
                  </div>
                </button>
              </div>
              <div
                style="font-size: 14px;"
              >
                <div
                  style="margin-bottom: 16px; padding: 12px; border-radius: 8px; font-size: 13px; min-height: 40px;"
                >
                  I am CaseBot. I can help with your FIR registration.
                </div>
                <div
                  style="display: flex; flex-direction: column; gap: 8px;"
                >
                  <button
                    class="btn btn-ghost btn-sm"
                    style="justify-content: flex-start;"
                  >
                    <div>
                      icon
                    </div>
                     
                    Confidence Checker
                  </button>
                  <button
                    class="btn btn-ghost btn-sm"
                    style="justify-content: flex-start;"
                  >
                    Auto-fill similar case
                  </button>
                  <button
                    class="btn btn-ghost btn-sm"
                    style="justify-content: flex-start;"
                  >
                    Review sections
                  </button>
                  <button
                    class="btn btn-ghost btn-sm"
                    style="justify-content: flex-start;"
                  >
                    <div>
                      icon
                    </div>
                     
                    Help
                  </button>
                </div>
              </div>
            </div>
          </div>
        </div>
      </div>
    </body>

      25 |   test('renders form fields', () => {
      26 |     render(<CaseRegistrationPage />, { wrapper });
    > 27 |     expect(screen.getByText(/case number/i)).toBeInTheDocument();
         |                   ^
      28 |   });
      29 |
      30 |   test('submits form', async () => {

      at Object.getElementError (node_modules/@testing-library/dom/dist/config.js:37:19)
      at node_modules/@testing-library/dom/dist/query-helpers.js:76:38
      at node_modules/@testing-library/dom/dist/query-helpers.js:52:17
      at node_modules/@testing-library/dom/dist/query-helpers.js:95:19
      at Object.<anonymous> (src/pages/__tests__/CaseRegistrationPage.test.tsx:27:19)

  ΓùÅ CaseRegistrationPage ΓÇ║ submits form

    Unable to find an element with the text: /success/i. This could be because the text is broken up by multiple elements. In this case, you can provide a function for your text matcher to make your matcher more flexible.

    Ignored nodes: comments, script, style
    <body>
      <div>
        <div
          style="display: flex; gap: 24px;"
        >
          <div
            style="flex: 1;"
          >
            <div
              class="page-header"
            >
              <h1>
                Case Registration
              </h1>
              <p>
                Register a new First Information Report
              </p>
            </div>
            <div
              class="tabs"
              style="margin-bottom: 24px;"
            >
              <button
                class="tab "
              >
                Incident
              </button>
              <button
                class="tab "
              >
                Complainant
              </button>
              <button
                class="tab "
              >
                Victims
              </button>
              <button
                class="tab "
              >
                Accused
              </button>
              <button
                class="tab "
              >
                Legal
              </button>
              <button
                class="tab active"
              >
                Submit
              </button>
            </div>
            <form>
              <div
                class="card"
                style="margin-bottom: 24px;"
              >
                <div
                  class="card-header"
                >
                  <h3>
                    Approval & Submit
                  </h3>
                </div>
                <div
                  class="grid-2"
                >
                  <div
                    class="form-group"
                  >
                    <label>
                      Registered By
                    </label>
                    <input
                      class="input"
                      disabled=""
                      value="undefined (undefined)"
                    />
                  </div>
                  <div
                    class="form-group"
                  >
                    <label>
                      Police Station (Unit ID)
                    </label>
                    <input
                      class="input"
                      disabled=""
                      value="1"
                    />
                  </div>
                </div>
                <div
                  class="form-group"
                >
                  <label>
                    Date of Registration
                  </label>
                  <input
                    class="input"
                    disabled=""
                    value="18 July 2026"
                  />
                </div>
                <div
                  class="form-group"
                >
                  <label>
                    Crime No (auto-generated)
                  </label>
                  <input
                    class="input"
                    disabled=""
                    style="font-family: monospace;"
                    value="104430001202662182"
                  />
                </div>
                <div
                  class="flex gap-4"
                  style="justify-content: space-between; margin-top: 24px;"
                >
                  <button
                    class="btn btn-secondary"
                    type="button"
                  >
                    Back
                  </button>
                  <button
                    class="btn btn-primary"
                    type="submit"
                  >
                    <div>
                      icon
                    </div>
                     
                    Submit & Generate FIR
                  </button>
                </div>
              </div>
            </form>
          </div>
          <div
            style="width: 320px; flex-shrink: 0;"
          >
            <div
              class="card"
              style="position: sticky; top: 32px;"
            >
              <div
                class="card-header flex justify-between items-center"
              >
                <span
                  class="flex items-center gap-2"
                >
                  <div>
                    icon
                  </div>
                   
                  CaseBot
                </span>
                <button
                  class="btn btn-ghost btn-icon"
                >
                  <div>
                    icon
                  </div>
                </button>
              </div>
              <div
                style="font-size: 14px;"
              >
                <div
                  style="margin-bottom: 16px; padding: 12px; border-radius: 8px; font-size: 13px; min-height: 40px;"
                >
                  I am CaseBot. I can help with your FIR registration.
                </div>
                <div
                  style="display: flex; flex-direction: column; gap: 8px;"
                >
                  <button
                    class="btn btn-ghost btn-sm"
                    style="justify-content: flex-start;"
                  >
                    <div>
                      icon
                    </div>
                     
                    Confidence Checker
                  </button>
                  <button
                    class="btn btn-ghost btn-sm"
                    style="justify-content: flex-start;"
                  >
                    Auto-fill similar case
                  </button>
                  <button
                    class="btn btn-ghost btn-sm"
                    style="justify-content: flex-start;"
                  >
                    Review sections
                  </button>
                  <button
                    class="btn btn-ghost btn-sm"
                    style="justify-content: flex-start;"
                  >
                    <div>
                      icon
                    </div>
                     
                    Help
                  </button>
                </div>
              </div>
            </div>
          </div>
        </div>
      </div>
    </body>

      38 |     if (submitBtn) {
      39 |       fireEvent.click(submitBtn);
    > 40 |       await waitFor(() => expect(screen.getByText(/success/i)).toBeInTheDocument());
         |                    ^
      41 |     }
      42 |   });
      43 | });

      at waitForWrapper (node_modules/@testing-library/dom/dist/wait-for.js:163:27)
      at src/pages/__tests__/CaseRegistrationPage.test.tsx:40:20
      at step (src/pages/__tests__/CaseRegistrationPage.test.tsx:33:23)
      at Object.next (src/pages/__tests__/CaseRegistrationPage.test.tsx:14:53)
      at src/pages/__tests__/CaseRegistrationPage.test.tsx:8:71
      at Object.<anonymous>.__awaiter (src/pages/__tests__/CaseRegistrationPage.test.tsx:4:12)
      at Object.<anonymous> (src/pages/__tests__/CaseRegistrationPage.test.tsx:30:24)

FAIL src/pages/__tests__/AccessControlPage.test.tsx
  ΓùÅ AccessControlPage ΓÇ║ renders access control heading

    TypeError: api_1.api.listMyGroups is not a function

      24 |   const [delForm, setDelForm] = useState({ grantee: '', permission: 'APPROVE_CHARGESHEET', scope: 'own_station', reason: '' });
      25 |
    > 26 |   useEffect(() => { api.listDelegations(undefined, employeeId).then(setDelegations); api.listMyGroups(employeeId).then(setMyGroups); api.getEmergencyStatus().then(setEmergency); }, [employeeId]);
         |                                                                                          ^
      27 |
      28 |   const runCheck = async (rt: string, action: string) => {
      29 |     setChecking(true);

      at src/pages/AccessControlPage.tsx:26:90
      at Object.react_stack_bottom_frame (node_modules/react-dom/cjs/react-dom-client.development.js:25989:20)
      at runWithFiberInDEV (node_modules/react-dom/cjs/react-dom-client.development.js:874:13)
      at commitHookEffectListMount (node_modules/react-dom/cjs/react-dom-client.development.js:13249:29)
      at commitHookPassiveMountEffects (node_modules/react-dom/cjs/react-dom-client.development.js:13336:11)
      at commitPassiveMountOnFiber (node_modules/react-dom/cjs/react-dom-client.development.js:15484:13)
      at recursivelyTraversePassiveMountEffects (node_modules/react-dom/cjs/react-dom-client.development.js:15439:11)
      at commitPassiveMountOnFiber (node_modules/react-dom/cjs/react-dom-client.development.js:15718:11)
      at recursivelyTraversePassiveMountEffects (node_modules/react-dom/cjs/react-dom-client.development.js:15439:11)
      at commitPassiveMountOnFiber (node_modules/react-dom/cjs/react-dom-client.development.js:15476:11)
      at recursivelyTraversePassiveMountEffects (node_modules/react-dom/cjs/react-dom-client.development.js:15439:11)
      at commitPassiveMountOnFiber (node_modules/react-dom/cjs/react-dom-client.development.js:15718:11)
      at recursivelyTraversePassiveMountEffects (node_modules/react-dom/cjs/react-dom-client.development.js:15439:11)
      at commitPassiveMountOnFiber (node_modules/react-dom/cjs/react-dom-client.development.js:15476:11)
      at recursivelyTraversePassiveMountEffects (node_modules/react-dom/cjs/react-dom-client.development.js:15439:11)
      at commitPassiveMountOnFiber (node_modules/react-dom/cjs/react-dom-client.development.js:15718:11)
      at recursivelyTraversePassiveMountEffects (node_modules/react-dom/cjs/react-dom-client.development.js:15439:11)
      at commitPassiveMountOnFiber (node_modules/react-dom/cjs/react-dom-client.development.js:15718:11)
      at recursivelyTraversePassiveMountEffects (node_modules/react-dom/cjs/react-dom-client.development.js:15439:11)
      at commitPassiveMountOnFiber (node_modules/react-dom/cjs/react-dom-client.development.js:15476:11)
      at recursivelyTraversePassiveMountEffects (node_modules/react-dom/cjs/react-dom-client.development.js:15439:11)
      at commitPassiveMountOnFiber (node_modules/react-dom/cjs/react-dom-client.development.js:15476:11)
      at recursivelyTraversePassiveMountEffects (node_modules/react-dom/cjs/react-dom-client.development.js:15439:11)
      at commitPassiveMountOnFiber (node_modules/react-dom/cjs/react-dom-client.development.js:15476:11)
      at recursivelyTraversePassiveMountEffects (node_modules/react-dom/cjs/react-dom-client.development.js:15439:11)
      at commitPassiveMountOnFiber (node_modules/react-dom/cjs/react-dom-client.development.js:15519:11)
      at flushPassiveEffects (node_modules/react-dom/cjs/react-dom-client.development.js:18432:9)
      at node_modules/react-dom/cjs/react-dom-client.development.js:17923:15
      at flushActQueue (node_modules/react/cjs/react.development.js:590:34)
      at Object.<anonymous>.process.env.NODE_ENV.exports.act (node_modules/react/cjs/react.development.js:884:10)
      at node_modules/@testing-library/react/dist/act-compat.js:46:25
      at renderRoot (node_modules/@testing-library/react/dist/pure.js:189:26)
      at render (node_modules/@testing-library/react/dist/pure.js:291:10)
      at Object.<anonymous> (src/pages/__tests__/AccessControlPage.test.tsx:23:11)

  ΓùÅ AccessControlPage ΓÇ║ renders tabs or sections

    TypeError: api_1.api.listMyGroups is not a function

      24 |   const [delForm, setDelForm] = useState({ grantee: '', permission: 'APPROVE_CHARGESHEET', scope: 'own_station', reason: '' });
      25 |
    > 26 |   useEffect(() => { api.listDelegations(undefined, employeeId).then(setDelegations); api.listMyGroups(employeeId).then(setMyGroups); api.getEmergencyStatus().then(setEmergency); }, [employeeId]);
         |                                                                                          ^
      27 |
      28 |   const runCheck = async (rt: string, action: string) => {
      29 |     setChecking(true);

      at src/pages/AccessControlPage.tsx:26:90
      at Object.react_stack_bottom_frame (node_modules/react-dom/cjs/react-dom-client.development.js:25989:20)
      at runWithFiberInDEV (node_modules/react-dom/cjs/react-dom-client.development.js:874:13)
      at commitHookEffectListMount (node_modules/react-dom/cjs/react-dom-client.development.js:13249:29)
      at commitHookPassiveMountEffects (node_modules/react-dom/cjs/react-dom-client.development.js:13336:11)
      at commitPassiveMountOnFiber (node_modules/react-dom/cjs/react-dom-client.development.js:15484:13)
      at recursivelyTraversePassiveMountEffects (node_modules/react-dom/cjs/react-dom-client.development.js:15439:11)
      at commitPassiveMountOnFiber (node_modules/react-dom/cjs/react-dom-client.development.js:15718:11)
      at recursivelyTraversePassiveMountEffects (node_modules/react-dom/cjs/react-dom-client.development.js:15439:11)
      at commitPassiveMountOnFiber (node_modules/react-dom/cjs/react-dom-client.development.js:15476:11)
      at recursivelyTraversePassiveMountEffects (node_modules/react-dom/cjs/react-dom-client.development.js:15439:11)
      at commitPassiveMountOnFiber (node_modules/react-dom/cjs/react-dom-client.development.js:15718:11)
      at recursivelyTraversePassiveMountEffects (node_modules/react-dom/cjs/react-dom-client.development.js:15439:11)
      at commitPassiveMountOnFiber (node_modules/react-dom/cjs/react-dom-client.development.js:15476:11)
      at recursivelyTraversePassiveMountEffects (node_modules/react-dom/cjs/react-dom-client.development.js:15439:11)
      at commitPassiveMountOnFiber (node_modules/react-dom/cjs/react-dom-client.development.js:15718:11)
      at recursivelyTraversePassiveMountEffects (node_modules/react-dom/cjs/react-dom-client.development.js:15439:11)
      at commitPassiveMountOnFiber (node_modules/react-dom/cjs/react-dom-client.development.js:15718:11)
      at recursivelyTraversePassiveMountEffects (node_modules/react-dom/cjs/react-dom-client.development.js:15439:11)
      at commitPassiveMountOnFiber (node_modules/react-dom/cjs/react-dom-client.development.js:15476:11)
      at recursivelyTraversePassiveMountEffects (node_modules/react-dom/cjs/react-dom-client.development.js:15439:11)
      at commitPassiveMountOnFiber (node_modules/react-dom/cjs/react-dom-client.development.js:15476:11)
      at recursivelyTraversePassiveMountEffects (node_modules/react-dom/cjs/react-dom-client.development.js:15439:11)
      at commitPassiveMountOnFiber (node_modules/react-dom/cjs/react-dom-client.development.js:15476:11)
      at recursivelyTraversePassiveMountEffects (node_modules/react-dom/cjs/react-dom-client.development.js:15439:11)
      at commitPassiveMountOnFiber (node_modules/react-dom/cjs/react-dom-client.development.js:15519:11)
      at flushPassiveEffects (node_modules/react-dom/cjs/react-dom-client.development.js:18432:9)
      at node_modules/react-dom/cjs/react-dom-client.development.js:17923:15
      at flushActQueue (node_modules/react/cjs/react.development.js:590:34)
      at Object.<anonymous>.process.env.NODE_ENV.exports.act (node_modules/react/cjs/react.development.js:884:10)
      at node_modules/@testing-library/react/dist/act-compat.js:46:25
      at renderRoot (node_modules/@testing-library/react/dist/pure.js:189:26)
      at render (node_modules/@testing-library/react/dist/pure.js:291:10)
      at Object.<anonymous> (src/pages/__tests__/AccessControlPage.test.tsx:28:11)

  ΓùÅ AccessControlPage ΓÇ║ renders navigation

    TypeError: api_1.api.listMyGroups is not a function

      24 |   const [delForm, setDelForm] = useState({ grantee: '', permission: 'APPROVE_CHARGESHEET', scope: 'own_station', reason: '' });
      25 |
    > 26 |   useEffect(() => { api.listDelegations(undefined, employeeId).then(setDelegations); api.listMyGroups(employeeId).then(setMyGroups); api.getEmergencyStatus().then(setEmergency); }, [employeeId]);
         |                                                                                          ^
      27 |
      28 |   const runCheck = async (rt: string, action: string) => {
      29 |     setChecking(true);

      at src/pages/AccessControlPage.tsx:26:90
      at Object.react_stack_bottom_frame (node_modules/react-dom/cjs/react-dom-client.development.js:25989:20)
      at runWithFiberInDEV (node_modules/react-dom/cjs/react-dom-client.development.js:874:13)
      at commitHookEffectListMount (node_modules/react-dom/cjs/react-dom-client.development.js:13249:29)
      at commitHookPassiveMountEffects (node_modules/react-dom/cjs/react-dom-client.development.js:13336:11)
      at commitPassiveMountOnFiber (node_modules/react-dom/cjs/react-dom-client.development.js:15484:13)
      at recursivelyTraversePassiveMountEffects (node_modules/react-dom/cjs/react-dom-client.development.js:15439:11)
      at commitPassiveMountOnFiber (node_modules/react-dom/cjs/react-dom-client.development.js:15718:11)
      at recursivelyTraversePassiveMountEffects (node_modules/react-dom/cjs/react-dom-client.development.js:15439:11)
      at commitPassiveMountOnFiber (node_modules/react-dom/cjs/react-dom-client.development.js:15476:11)
      at recursivelyTraversePassiveMountEffects (node_modules/react-dom/cjs/react-dom-client.development.js:15439:11)
      at commitPassiveMountOnFiber (node_modules/react-dom/cjs/react-dom-client.development.js:15718:11)
      at recursivelyTraversePassiveMountEffects (node_modules/react-dom/cjs/react-dom-client.development.js:15439:11)
      at commitPassiveMountOnFiber (node_modules/react-dom/cjs/react-dom-client.development.js:15476:11)
      at recursivelyTraversePassiveMountEffects (node_modules/react-dom/cjs/react-dom-client.development.js:15439:11)
      at commitPassiveMountOnFiber (node_modules/react-dom/cjs/react-dom-client.development.js:15718:11)
      at recursivelyTraversePassiveMountEffects (node_modules/react-dom/cjs/react-dom-client.development.js:15439:11)
      at commitPassiveMountOnFiber (node_modules/react-dom/cjs/react-dom-client.development.js:15718:11)
      at recursivelyTraversePassiveMountEffects (node_modules/react-dom/cjs/react-dom-client.development.js:15439:11)
      at commitPassiveMountOnFiber (node_modules/react-dom/cjs/react-dom-client.development.js:15476:11)
      at recursivelyTraversePassiveMountEffects (node_modules/react-dom/cjs/react-dom-client.development.js:15439:11)
      at commitPassiveMountOnFiber (node_modules/react-dom/cjs/react-dom-client.development.js:15476:11)
      at recursivelyTraversePassiveMountEffects (node_modules/react-dom/cjs/react-dom-client.development.js:15439:11)
      at commitPassiveMountOnFiber (node_modules/react-dom/cjs/react-dom-client.development.js:15476:11)
      at recursivelyTraversePassiveMountEffects (node_modules/react-dom/cjs/react-dom-client.development.js:15439:11)
      at commitPassiveMountOnFiber (node_modules/react-dom/cjs/react-dom-client.development.js:15519:11)
      at flushPassiveEffects (node_modules/react-dom/cjs/react-dom-client.development.js:18432:9)
      at node_modules/react-dom/cjs/react-dom-client.development.js:17923:15
      at flushActQueue (node_modules/react/cjs/react.development.js:590:34)
      at Object.<anonymous>.process.env.NODE_ENV.exports.act (node_modules/react/cjs/react.development.js:884:10)
      at node_modules/@testing-library/react/dist/act-compat.js:46:25
      at renderRoot (node_modules/@testing-library/react/dist/pure.js:189:26)
      at render (node_modules/@testing-library/react/dist/pure.js:291:10)
      at Object.<anonymous> (src/pages/__tests__/AccessControlPage.test.tsx:34:11)

FAIL src/pages/__tests__/GroupManagerPage.test.tsx
  ΓùÅ GroupManagerPage ΓÇ║ renders groups heading

    TestingLibraryElementError: Found multiple elements with the text: /group/i

    Here are the matching elements:

    Ignored nodes: comments, script, style
    <h1>
      Group Manager
    </h1>

    Ignored nodes: comments, script, style
    <button
      class="btn btn-primary btn-sm"
    >
      <div>
        icon
      </div>
       
      Create Group
    </button>

    (If this is intentional, then use the `*AllBy*` variant of the query (like `queryAllByText`, `getAllByText`, or `findAllByText`)).

    Ignored nodes: comments, script, style
    <body>
      <div>
        <div>
          <div
            class="page-header flex justify-between items-center"
          >
            <div>
              <h1>
                Group Manager
              </h1>
              <p>
                Task forces, strike teams, and surveillance teams
              </p>
            </div>
            <button
              class="btn btn-primary btn-sm"
            >
              <div>
                icon
              </div>
               
              Create Group
            </button>
          </div>
          <div
            class="card"
            style="padding: 48px; text-align: center;"
          >
            <p
              class="text-muted"
            >
              Loading...
            </p>
          </div>
        </div>
      </div>
    </body>

      23 |   test('renders groups heading', () => {
      24 |     render(<GroupManagerPage />, { wrapper });
    > 25 |     expect(screen.getByText(/group/i)).toBeInTheDocument();
         |                   ^
      26 |   });
      27 |
      28 |   test('renders groups from API', async () => {

      at Object.getElementError (node_modules/@testing-library/dom/dist/config.js:37:19)
      at getElementError (node_modules/@testing-library/dom/dist/query-helpers.js:20:35)
      at getMultipleElementsFoundError (node_modules/@testing-library/dom/dist/query-helpers.js:23:10)
      at node_modules/@testing-library/dom/dist/query-helpers.js:55:13
      at node_modules/@testing-library/dom/dist/query-helpers.js:95:19
      at Object.<anonymous> (src/pages/__tests__/GroupManagerPage.test.tsx:25:19)

FAIL src/pages/__tests__/AlertsPage.test.tsx (6.598 s)
  ΓùÅ AlertsPage ΓÇ║ renders alerts heading

    Found multiple elements with the text: /alert/i

    Here are the matching elements:

    Ignored nodes: comments, script, style
    <h1>
      Early Warning Alerts
    </h1>

    Ignored nodes: comments, script, style
    <span
      style="font-weight: 600;"
    >
      1
       
      unacknowledged critical alert(s)
    </span>

    Ignored nodes: comments, script, style
    <h3
      style="font-size: 16px; font-weight: 600; margin-bottom: 4px;"
    >
      Test Alert
    </h3>

    (If this is intentional, then use the `*AllBy*` variant of the query (like `queryAllByText`, `getAllByText`, or `findAllByText`)).

    Ignored nodes: comments, script, style
    <body>
      <div>
        <div>
          <div
            class="page-header"
          >
            <h1>
              Early Warning Alerts
            </h1>
            <p>
              Deterministic early-warning signal triage
            </p>
          </div>
          <div
            class="alert-card critical"
            style="margin-bottom: 16px; padding: 12px; display: flex; gap: 8px; align-items: center;"
          >
            <div>
              icon
            </div>
            <span
              style="font-weight: 600;"
            >
              1
               
              unacknowledged critical alert(s)
            </span>
          </div>
          <div
            class="flex"
            style="gap: 8px; margin-bottom: 16px;"
          >
            <button
              class="btn btn-sm btn-primary"
            >
              All
            </button>
            <button
              class="btn btn-sm btn-secondary"
            >
              <div>
                icon
              </div>
              Critical
            </button>
            <button
              class="btn btn-sm btn-secondary"
            >
              <div>
                icon
              </div>
              Warning
            </button>
            <button
              class="btn btn-sm btn-secondary"
            >
              <div>
                icon
              </div>
              Info
            </button>
            <button
              class="btn btn-secondary btn-sm"
              style="margin-left: auto;"
            >
              <div>
                icon
              </div>
               
              Refresh
            </button>
          </div>
          <div
            class="alert-card critical"
            style="opacity: 1;"
          >
            <div
              class="flex justify-between"
            >
              <div
                class="flex gap-3"
                style="flex: 1;"
              >
                <div>
                  icon
                </div>
                <div>
                  <div
                    style="display: flex; gap: 8px; align-items: center; margin-bottom: 4px;"
                  >
                    <span
                      class="badge badge-high"
                    >
                      CRITICAL
                    </span>
                    <span
                      style="font-size: 12px;"
                    >
                      Rule
                      : 
                      R1
                    </span>
                  </div>
                  <h3
                    style="font-size: 16px; font-weight: 600; margin-bottom: 4px;"
                  >
                    Test Alert
                  </h3>
                  <p
                    style="font-size: 14px; margin-bottom: 8px;"
                  >
                    Test description
                  </p>
                  <div
                    style="display: flex; gap: 8px; align-items: center; font-size: 12px;"
                  >
                    <div>
                      icon
                    </div>
                     
                    18/7/2026, 1:46:31 am
                  </div>
                  <div
                    style="margin-top: 12px; border-radius: 8px; overflow: hidden;"
                  >
                    <div
                      class="flex justify-between"
                      style="padding: 8px 12px; cursor: pointer; align-items: center;"
                    >
                      <span
                        style="font-size: 12px; font-family: monospace;"
                      >
                        Trigger condition
                      </span>
                      <div>
                        icon
                      </div>
                    </div>
                  </div>
                </div>
              </div>
              <button
                class="btn btn-secondary btn-sm"
                style="align-self: flex-start;"
              >
                <div>
                  icon
                </div>
                 
                Acknowledge
              </button>
            </div>
          </div>
        </div>
      </div>
    </body>

      22 |   test('renders alerts heading', async () => {
      23 |     render(<AlertsPage />, { wrapper });
    > 24 |     await waitFor(() => expect(screen.getByText(/alert/i)).toBeInTheDocument());
         |                  ^
      25 |   });
      26 |
      27 |   test('renders alert severity', async () => {

      at waitForWrapper (node_modules/@testing-library/dom/dist/wait-for.js:163:27)
      at src/pages/__tests__/AlertsPage.test.tsx:24:18
      at step (src/pages/__tests__/AlertsPage.test.tsx:33:23)
      at Object.next (src/pages/__tests__/AlertsPage.test.tsx:14:53)
      at src/pages/__tests__/AlertsPage.test.tsx:8:71
      at Object.<anonymous>.__awaiter (src/pages/__tests__/AlertsPage.test.tsx:4:12)
      at Object.<anonymous> (src/pages/__tests__/AlertsPage.test.tsx:22:34)

  ΓùÅ AlertsPage ΓÇ║ renders acknowledge button

    Found multiple elements with the text: /acknowledge/i

    Here are the matching elements:

    Ignored nodes: comments, script, style
    <span
      style="font-weight: 600;"
    >
      1
       
      unacknowledged critical alert(s)
    </span>

    Ignored nodes: comments, script, style
    <button
      class="btn btn-secondary btn-sm"
      style="align-self: flex-start;"
    >
      <div>
        icon
      </div>
       
      Acknowledge
    </button>

    (If this is intentional, then use the `*AllBy*` variant of the query (like `queryAllByText`, `getAllByText`, or `findAllByText`)).

    Ignored nodes: comments, script, style
    <body>
      <div>
        <div>
          <div
            class="page-header"
          >
            <h1>
              Early Warning Alerts
            </h1>
            <p>
              Deterministic early-warning signal triage
            </p>
          </div>
          <div
            class="alert-card critical"
            style="margin-bottom: 16px; padding: 12px; display: flex; gap: 8px; align-items: center;"
          >
            <div>
              icon
            </div>
            <span
              style="font-weight: 600;"
            >
              1
               
              unacknowledged critical alert(s)
            </span>
          </div>
          <div
            class="flex"
            style="gap: 8px; margin-bottom: 16px;"
          >
            <button
              class="btn btn-sm btn-primary"
            >
              All
            </button>
            <button
              class="btn btn-sm btn-secondary"
            >
              <div>
                icon
              </div>
              Critical
            </button>
            <button
              class="btn btn-sm btn-secondary"
            >
              <div>
                icon
              </div>
              Warning
            </button>
            <button
              class="btn btn-sm btn-secondary"
            >
              <div>
                icon
              </div>
              Info
            </button>
            <button
              class="btn btn-secondary btn-sm"
              style="margin-left: auto;"
            >
              <div>
                icon
              </div>
               
              Refresh
            </button>
          </div>
          <div
            class="alert-card critical"
            style="opacity: 1;"
          >
            <div
              class="flex justify-between"
            >
              <div
                class="flex gap-3"
                style="flex: 1;"
              >
                <div>
                  icon
                </div>
                <div>
                  <div
                    style="display: flex; gap: 8px; align-items: center; margin-bottom: 4px;"
                  >
                    <span
                      class="badge badge-high"
                    >
                      CRITICAL
                    </span>
                    <span
                      style="font-size: 12px;"
                    >
                      Rule
                      : 
                      R1
                    </span>
                  </div>
                  <h3
                    style="font-size: 16px; font-weight: 600; margin-bottom: 4px;"
                  >
                    Test Alert
                  </h3>
                  <p
                    style="font-size: 14px; margin-bottom: 8px;"
                  >
                    Test description
                  </p>
                  <div
                    style="display: flex; gap: 8px; align-items: center; font-size: 12px;"
                  >
                    <div>
                      icon
                    </div>
                     
                    18/7/2026, 1:46:31 am
                  </div>
                  <div
                    style="margin-top: 12px; border-radius: 8px; overflow: hidden;"
                  >
                    <div
                      class="flex justify-between"
                      style="padding: 8px 12px; cursor: pointer; align-items: center;"
                    >
                      <span
                        style="font-size: 12px; font-family: monospace;"
                      >
                        Trigger condition
                      </span>
                      <div>
                        icon
                      </div>
                    </div>
                  </div>
                </div>
              </div>
              <button
                class="btn btn-secondary btn-sm"
                style="align-self: flex-start;"
              >
                <div>
                  icon
                </div>
                 
                Acknowledge
              </button>
            </div>
          </div>
        </div>
      </div>
    </body>

      32 |   test('renders acknowledge button', async () => {
      33 |     render(<AlertsPage />, { wrapper });
    > 34 |     await waitFor(() => expect(screen.getByText(/acknowledge/i)).toBeInTheDocument());
         |                  ^
      35 |   });
      36 | });
      37 |

      at waitForWrapper (node_modules/@testing-library/dom/dist/wait-for.js:163:27)
      at src/pages/__tests__/AlertsPage.test.tsx:34:18
      at step (src/pages/__tests__/AlertsPage.test.tsx:33:23)
      at Object.next (src/pages/__tests__/AlertsPage.test.tsx:14:53)
      at src/pages/__tests__/AlertsPage.test.tsx:8:71
      at Object.<anonymous>.__awaiter (src/pages/__tests__/AlertsPage.test.tsx:4:12)
      at Object.<anonymous> (src/pages/__tests__/AlertsPage.test.tsx:32:38)

FAIL src/pages/__tests__/CommandCenterPage.test.tsx
  ΓùÅ CommandCenterPage ΓÇ║ renders command center heading

    TypeError: api_1.api.getDashboardKpis is not a function

      52 |
      53 |   useEffect(() => {
    > 54 |     api.getDashboardKpis().then(data => {
         |         ^
      55 |       if (data) setKpis(data.map((d: any) => ({
      56 |         label: d.label, value: d.value, change: d.change, up: d.change?.startsWith('+')
      57 |       })));

      at src/pages/CommandCenterPage.tsx:54:9
      at Object.react_stack_bottom_frame (node_modules/react-dom/cjs/react-dom-client.development.js:25989:20)
      at runWithFiberInDEV (node_modules/react-dom/cjs/react-dom-client.development.js:874:13)
      at commitHookEffectListMount (node_modules/react-dom/cjs/react-dom-client.development.js:13249:29)
      at commitHookPassiveMountEffects (node_modules/react-dom/cjs/react-dom-client.development.js:13336:11)
      at commitPassiveMountOnFiber (node_modules/react-dom/cjs/react-dom-client.development.js:15484:13)
      at recursivelyTraversePassiveMountEffects (node_modules/react-dom/cjs/react-dom-client.development.js:15439:11)
      at commitPassiveMountOnFiber (node_modules/react-dom/cjs/react-dom-client.development.js:15718:11)
      at recursivelyTraversePassiveMountEffects (node_modules/react-dom/cjs/react-dom-client.development.js:15439:11)
      at commitPassiveMountOnFiber (node_modules/react-dom/cjs/react-dom-client.development.js:15476:11)
      at recursivelyTraversePassiveMountEffects (node_modules/react-dom/cjs/react-dom-client.development.js:15439:11)
      at commitPassiveMountOnFiber (node_modules/react-dom/cjs/react-dom-client.development.js:15718:11)
      at recursivelyTraversePassiveMountEffects (node_modules/react-dom/cjs/react-dom-client.development.js:15439:11)
      at commitPassiveMountOnFiber (node_modules/react-dom/cjs/react-dom-client.development.js:15476:11)
      at recursivelyTraversePassiveMountEffects (node_modules/react-dom/cjs/react-dom-client.development.js:15439:11)
      at commitPassiveMountOnFiber (node_modules/react-dom/cjs/react-dom-client.development.js:15718:11)
      at recursivelyTraversePassiveMountEffects (node_modules/react-dom/cjs/react-dom-client.development.js:15439:11)
      at commitPassiveMountOnFiber (node_modules/react-dom/cjs/react-dom-client.development.js:15718:11)
      at recursivelyTraversePassiveMountEffects (node_modules/react-dom/cjs/react-dom-client.development.js:15439:11)
      at commitPassiveMountOnFiber (node_modules/react-dom/cjs/react-dom-client.development.js:15476:11)
      at recursivelyTraversePassiveMountEffects (node_modules/react-dom/cjs/react-dom-client.development.js:15439:11)
      at commitPassiveMountOnFiber (node_modules/react-dom/cjs/react-dom-client.development.js:15476:11)
      at recursivelyTraversePassiveMountEffects (node_modules/react-dom/cjs/react-dom-client.development.js:15439:11)
      at commitPassiveMountOnFiber (node_modules/react-dom/cjs/react-dom-client.development.js:15476:11)
      at recursivelyTraversePassiveMountEffects (node_modules/react-dom/cjs/react-dom-client.development.js:15439:11)
      at commitPassiveMountOnFiber (node_modules/react-dom/cjs/react-dom-client.development.js:15519:11)
      at flushPassiveEffects (node_modules/react-dom/cjs/react-dom-client.development.js:18432:9)
      at node_modules/react-dom/cjs/react-dom-client.development.js:17923:15
      at flushActQueue (node_modules/react/cjs/react.development.js:590:34)
      at Object.<anonymous>.process.env.NODE_ENV.exports.act (node_modules/react/cjs/react.development.js:884:10)
      at node_modules/@testing-library/react/dist/act-compat.js:46:25
      at renderRoot (node_modules/@testing-library/react/dist/pure.js:189:26)
      at render (node_modules/@testing-library/react/dist/pure.js:291:10)
      at Object.<anonymous> (src/pages/__tests__/CommandCenterPage.test.tsx:25:11)

  ΓùÅ CommandCenterPage ΓÇ║ renders input field

    TypeError: api_1.api.getDashboardKpis is not a function

      52 |
      53 |   useEffect(() => {
    > 54 |     api.getDashboardKpis().then(data => {
         |         ^
      55 |       if (data) setKpis(data.map((d: any) => ({
      56 |         label: d.label, value: d.value, change: d.change, up: d.change?.startsWith('+')
      57 |       })));

      at src/pages/CommandCenterPage.tsx:54:9
      at Object.react_stack_bottom_frame (node_modules/react-dom/cjs/react-dom-client.development.js:25989:20)
      at runWithFiberInDEV (node_modules/react-dom/cjs/react-dom-client.development.js:874:13)
      at commitHookEffectListMount (node_modules/react-dom/cjs/react-dom-client.development.js:13249:29)
      at commitHookPassiveMountEffects (node_modules/react-dom/cjs/react-dom-client.development.js:13336:11)
      at commitPassiveMountOnFiber (node_modules/react-dom/cjs/react-dom-client.development.js:15484:13)
      at recursivelyTraversePassiveMountEffects (node_modules/react-dom/cjs/react-dom-client.development.js:15439:11)
      at commitPassiveMountOnFiber (node_modules/react-dom/cjs/react-dom-client.development.js:15718:11)
      at recursivelyTraversePassiveMountEffects (node_modules/react-dom/cjs/react-dom-client.development.js:15439:11)
      at commitPassiveMountOnFiber (node_modules/react-dom/cjs/react-dom-client.development.js:15476:11)
      at recursivelyTraversePassiveMountEffects (node_modules/react-dom/cjs/react-dom-client.development.js:15439:11)
      at commitPassiveMountOnFiber (node_modules/react-dom/cjs/react-dom-client.development.js:15718:11)
      at recursivelyTraversePassiveMountEffects (node_modules/react-dom/cjs/react-dom-client.development.js:15439:11)
      at commitPassiveMountOnFiber (node_modules/react-dom/cjs/react-dom-client.development.js:15476:11)
      at recursivelyTraversePassiveMountEffects (node_modules/react-dom/cjs/react-dom-client.development.js:15439:11)
      at commitPassiveMountOnFiber (node_modules/react-dom/cjs/react-dom-client.development.js:15718:11)
      at recursivelyTraversePassiveMountEffects (node_modules/react-dom/cjs/react-dom-client.development.js:15439:11)
      at commitPassiveMountOnFiber (node_modules/react-dom/cjs/react-dom-client.development.js:15718:11)
      at recursivelyTraversePassiveMountEffects (node_modules/react-dom/cjs/react-dom-client.development.js:15439:11)
      at commitPassiveMountOnFiber (node_modules/react-dom/cjs/react-dom-client.development.js:15476:11)
      at recursivelyTraversePassiveMountEffects (node_modules/react-dom/cjs/react-dom-client.development.js:15439:11)
      at commitPassiveMountOnFiber (node_modules/react-dom/cjs/react-dom-client.development.js:15476:11)
      at recursivelyTraversePassiveMountEffects (node_modules/react-dom/cjs/react-dom-client.development.js:15439:11)
      at commitPassiveMountOnFiber (node_modules/react-dom/cjs/react-dom-client.development.js:15476:11)
      at recursivelyTraversePassiveMountEffects (node_modules/react-dom/cjs/react-dom-client.development.js:15439:11)
      at commitPassiveMountOnFiber (node_modules/react-dom/cjs/react-dom-client.development.js:15519:11)
      at flushPassiveEffects (node_modules/react-dom/cjs/react-dom-client.development.js:18432:9)
      at node_modules/react-dom/cjs/react-dom-client.development.js:17923:15
      at flushActQueue (node_modules/react/cjs/react.development.js:590:34)
      at Object.<anonymous>.process.env.NODE_ENV.exports.act (node_modules/react/cjs/react.development.js:884:10)
      at node_modules/@testing-library/react/dist/act-compat.js:46:25
      at renderRoot (node_modules/@testing-library/react/dist/pure.js:189:26)
      at render (node_modules/@testing-library/react/dist/pure.js:291:10)
      at Object.<anonymous> (src/pages/__tests__/CommandCenterPage.test.tsx:30:11)

  ΓùÅ CommandCenterPage ΓÇ║ executes command

    TypeError: api_1.api.getDashboardKpis is not a function

      52 |
      53 |   useEffect(() => {
    > 54 |     api.getDashboardKpis().then(data => {
         |         ^
      55 |       if (data) setKpis(data.map((d: any) => ({
      56 |         label: d.label, value: d.value, change: d.change, up: d.change?.startsWith('+')
      57 |       })));

      at src/pages/CommandCenterPage.tsx:54:9
      at Object.react_stack_bottom_frame (node_modules/react-dom/cjs/react-dom-client.development.js:25989:20)
      at runWithFiberInDEV (node_modules/react-dom/cjs/react-dom-client.development.js:874:13)
      at commitHookEffectListMount (node_modules/react-dom/cjs/react-dom-client.development.js:13249:29)
      at commitHookPassiveMountEffects (node_modules/react-dom/cjs/react-dom-client.development.js:13336:11)
      at commitPassiveMountOnFiber (node_modules/react-dom/cjs/react-dom-client.development.js:15484:13)
      at recursivelyTraversePassiveMountEffects (node_modules/react-dom/cjs/react-dom-client.development.js:15439:11)
      at commitPassiveMountOnFiber (node_modules/react-dom/cjs/react-dom-client.development.js:15718:11)
      at recursivelyTraversePassiveMountEffects (node_modules/react-dom/cjs/react-dom-client.development.js:15439:11)
      at commitPassiveMountOnFiber (node_modules/react-dom/cjs/react-dom-client.development.js:15476:11)
      at recursivelyTraversePassiveMountEffects (node_modules/react-dom/cjs/react-dom-client.development.js:15439:11)
      at commitPassiveMountOnFiber (node_modules/react-dom/cjs/react-dom-client.development.js:15718:11)
      at recursivelyTraversePassiveMountEffects (node_modules/react-dom/cjs/react-dom-client.development.js:15439:11)
      at commitPassiveMountOnFiber (node_modules/react-dom/cjs/react-dom-client.development.js:15476:11)
      at recursivelyTraversePassiveMountEffects (node_modules/react-dom/cjs/react-dom-client.development.js:15439:11)
      at commitPassiveMountOnFiber (node_modules/react-dom/cjs/react-dom-client.development.js:15718:11)
      at recursivelyTraversePassiveMountEffects (node_modules/react-dom/cjs/react-dom-client.development.js:15439:11)
      at commitPassiveMountOnFiber (node_modules/react-dom/cjs/react-dom-client.development.js:15718:11)
      at recursivelyTraversePassiveMountEffects (node_modules/react-dom/cjs/react-dom-client.development.js:15439:11)
      at commitPassiveMountOnFiber (node_modules/react-dom/cjs/react-dom-client.development.js:15476:11)
      at recursivelyTraversePassiveMountEffects (node_modules/react-dom/cjs/react-dom-client.development.js:15439:11)
      at commitPassiveMountOnFiber (node_modules/react-dom/cjs/react-dom-client.development.js:15476:11)
      at recursivelyTraversePassiveMountEffects (node_modules/react-dom/cjs/react-dom-client.development.js:15439:11)
      at commitPassiveMountOnFiber (node_modules/react-dom/cjs/react-dom-client.development.js:15476:11)
      at recursivelyTraversePassiveMountEffects (node_modules/react-dom/cjs/react-dom-client.development.js:15439:11)
      at commitPassiveMountOnFiber (node_modules/react-dom/cjs/react-dom-client.development.js:15519:11)
      at flushPassiveEffects (node_modules/react-dom/cjs/react-dom-client.development.js:18432:9)
      at node_modules/react-dom/cjs/react-dom-client.development.js:17923:15
      at flushActQueue (node_modules/react/cjs/react.development.js:590:34)
      at Object.<anonymous>.process.env.NODE_ENV.exports.act (node_modules/react/cjs/react.development.js:884:10)
      at node_modules/@testing-library/react/dist/act-compat.js:46:25
      at renderRoot (node_modules/@testing-library/react/dist/pure.js:189:26)
      at render (node_modules/@testing-library/react/dist/pure.js:291:10)
      at src/pages/__tests__/CommandCenterPage.test.tsx:36:11
      at step (src/pages/__tests__/CommandCenterPage.test.tsx:33:23)
      at Object.next (src/pages/__tests__/CommandCenterPage.test.tsx:14:53)
      at src/pages/__tests__/CommandCenterPage.test.tsx:8:71
      at Object.<anonymous>.__awaiter (src/pages/__tests__/CommandCenterPage.test.tsx:4:12)
      at Object.<anonymous> (src/pages/__tests__/CommandCenterPage.test.tsx:35:28)

FAIL src/pages/__tests__/DatabaseModePage.test.tsx
  ΓùÅ DatabaseModePage ΓÇ║ renders query input

    TestingLibraryElementError: Unable to find an element with the placeholder text of: /query|sql/i

    Ignored nodes: comments, script, style
    <body>
      <div>
        <div>
          <div
            class="page-header"
          >
            <h1>
              <div>
                icon
              </div>
              Database Mode
            </h1>
            <p>
              View generated ZCQL, tool parameters, evidence, and data-quality warnings.
            </p>
          </div>
          <div
            class="card"
            style="margin-bottom: 24px;"
          >
            <form
              style="display: flex; gap: 12px;"
            >
              <input
                placeholder="Ask a question about crime data..."
                style="flex: 1; padding: 10px 14px; border-radius: 8px;"
                type="text"
                value=""
              />
              <button
                class="btn btn-primary"
                type="submit"
              >
                Run
              </button>
            </form>
          </div>
        </div>
      </div>
    </body>

      29 |   test('renders query input', () => {
      30 |     render(<DatabaseModePage />, { wrapper });
    > 31 |     expect(screen.getByPlaceholderText(/query|sql/i)).toBeInTheDocument();
         |                   ^
      32 |   });
      33 |
      34 |   test('executes query', async () => {

      at Object.getElementError (node_modules/@testing-library/dom/dist/config.js:37:19)
      at node_modules/@testing-library/dom/dist/query-helpers.js:76:38
      at node_modules/@testing-library/dom/dist/query-helpers.js:52:17
      at node_modules/@testing-library/dom/dist/query-helpers.js:95:19
      at Object.<anonymous> (src/pages/__tests__/DatabaseModePage.test.tsx:31:19)

  ΓùÅ DatabaseModePage ΓÇ║ executes query

    TestingLibraryElementError: Unable to find an element with the placeholder text of: /query|sql/i

    Ignored nodes: comments, script, style
    <body>
      <div>
        <div>
          <div
            class="page-header"
          >
            <h1>
              <div>
                icon
              </div>
              Database Mode
            </h1>
            <p>
              View generated ZCQL, tool parameters, evidence, and data-quality warnings.
            </p>
          </div>
          <div
            class="card"
            style="margin-bottom: 24px;"
          >
            <form
              style="display: flex; gap: 12px;"
            >
              <input
                placeholder="Ask a question about crime data..."
                style="flex: 1; padding: 10px 14px; border-radius: 8px;"
                type="text"
                value=""
              />
              <button
                class="btn btn-primary"
                type="submit"
              >
                Run
              </button>
            </form>
          </div>
        </div>
      </div>
    </body>

      34 |   test('executes query', async () => {
      35 |     render(<DatabaseModePage />, { wrapper });
    > 36 |     const input = screen.getByPlaceholderText(/query|sql/i);
         |                          ^
      37 |     fireEvent.change(input, { target: { value: 'theft cases' } });
      38 |     const buttons = screen.getAllByRole('button');
      39 |     const runBtn = buttons.find(b => /run|execute|send|go/i.test(b.textContent || ''));

      at Object.getElementError (node_modules/@testing-library/dom/dist/config.js:37:19)
      at node_modules/@testing-library/dom/dist/query-helpers.js:76:38
      at node_modules/@testing-library/dom/dist/query-helpers.js:52:17
      at node_modules/@testing-library/dom/dist/query-helpers.js:95:19
      at src/pages/__tests__/DatabaseModePage.test.tsx:36:26
      at step (src/pages/__tests__/DatabaseModePage.test.tsx:33:23)
      at Object.next (src/pages/__tests__/DatabaseModePage.test.tsx:14:53)
      at src/pages/__tests__/DatabaseModePage.test.tsx:8:71
      at Object.<anonymous>.__awaiter (src/pages/__tests__/DatabaseModePage.test.tsx:4:12)
      at Object.<anonymous> (src/pages/__tests__/DatabaseModePage.test.tsx:34:26)

FAIL src/pages/__tests__/LandingPage.test.tsx
  ΓùÅ LandingPage ΓÇ║ renders hero heading

    TestingLibraryElementError: Found multiple elements with the text: /suraksha/i

    Here are the matching elements:

    Ignored nodes: comments, script, style
    <span
      style="font-size: 20px; font-weight: 700;"
    >
      Suraksha AI
    </span>

    Ignored nodes: comments, script, style
    <p
      style="font-size: 18px; margin-bottom: 40px; line-height: 1.7;"
    >
      Suraksha AI is a full-stack conversational crime analytics platform built for KSP Datathon 2026. Powered by Zoho Catalyst, it combines NL2SQL chat, network graphs, hotspot detection, Prophet forecasting, and offender scoring into one unified dashboard.
    </p>

    Ignored nodes: comments, script, style
    <p>
      Suraksha AI ΓÇö KSP Datathon 2026 | Built on Zoho Catalyst
    </p>

    (If this is intentional, then use the `*AllBy*` variant of the query (like `queryAllByText`, `getAllByText`, or `findAllByText`)).

    Ignored nodes: comments, script, style
    <body>
      <div>
        <div
          style="min-height: 100vh;"
        >
          <header
            style="display: flex; justify-content: space-between; align-items: center; padding: 20px 48px;"
          >
            <div
              style="display: flex; align-items: center; gap: 12px;"
            >
              <div>
                icon
              </div>
              <span
                style="font-size: 20px; font-weight: 700;"
              >
                Suraksha AI
              </span>
            </div>
            <div
              style="display: flex; gap: 12px;"
            >
              <button
                class="btn btn-ghost"
              >
                Sign In
              </button>
              <button
                class="btn btn-primary"
              >
                Get Started 
                <div>
                  icon
                </div>
              </button>
            </div>
          </header>
          <section
            style="text-align: center; padding: 100px 48px 80px; max-width: 800px; margin: 0px auto;"
          >
            <div>
              icon
            </div>
            <h1
              style="font-size: 48px; font-weight: 800; margin-bottom: 16px;"
            >
              Intelligent Crime Analytics
              <br />
              for Karnataka Police
            </h1>
            <p
              style="font-size: 18px; margin-bottom: 40px; line-height: 1.7;"
            >
              Suraksha AI is a full-stack conversational crime analytics platform built for KSP Datathon 2026. Powered by Zoho Catalyst, it combines NL2SQL chat, network graphs, hotspot detection, Prophet forecasting, and offender scoring into one unified dashboard.
            </p>
            <div
              style="display: flex; gap: 16px; justify-content: center;"
            >
              <button
                class="btn btn-primary"
                style="padding: 14px 32px; font-size: 16px;"
              >
                Launch Dashboard 
                <div>
                  icon
                </div>
              </button>
              <button
                class="btn btn-secondary"
                style="padding: 14px 32px; font-size: 16px;"
              >
                View Demo
              </button>
            </div>
          </section>
          <section
            style="padding: 60px 48px; max-width: 1200px; margin: 0px auto;"
          >
            <h2
              style="text-align: center; font-size: 32px; font-weight: 700; margin-bottom: 48px;"
            >
              Key Features
            </h2>
            <div
              style="display: grid; grid-template-columns: repeat(3, 1fr); gap: 24px;"
            >
              <div
                class="card"
                style="padding: 32px;"
              >
                <div>
                  icon
                </div>
                <h3
                  style="font-size: 18px; font-weight: 600; margin-bottom: 8px;"
                >
                  AI Chat Interface
                </h3>
                <p
                  style="font-size: 14px; line-height: 1.6;"
                >
                  Conversational crime intelligence in English & Kannada with NL2SQL, voice support, and evidence-backed answers.
                </p>
              </div>
              <div
                class="card"
                style="padding: 32px;"
              >
                <div>
                  icon
                </div>
                <h3
                  style="font-size: 18px; font-weight: 600; margin-bottom: 8px;"
                >
                  Criminal Network Graph
                </h3>
                <p
                  style="font-size: 14px; line-height: 1.6;"
                >
                  Visualize relationships between accused individuals with entity resolution, community detection, and risk scoring.
                </p>
              </div>
              <div
                class="card"
                style="padding: 32px;"
              >
                <div>
                  icon
                </div>
                <h3
                  style="font-size: 18px; font-weight: 600; margin-bottom: 8px;"
                >
                  Crime Analytics
                </h3>
                <p
                  style="font-size: 14px; line-height: 1.6;"
                >
                  DBSCAN hotspot detection, trend analysis, and sociological crime pattern identification across Karnataka.
                </p>
              </div>
              <div
                class="card"
                style="padding: 32px;"
              >
                <div>
                  icon
                </div>
                <h3
                  style="font-size: 18px; font-weight: 600; margin-bottom: 8px;"
                >
                  Prophet Forecasting
                </h3>
                <p
                  style="font-size: 14px; line-height: 1.6;"
                >
                  30-day crime forecasts with confidence intervals, seasonal pattern detection, and automated alerts.
                </p>
              </div>
              <div
                class="card"
                style="padding: 32px;"
              >
                <div>
                  icon
                </div>
                <h3
                  style="font-size: 18px; font-weight: 600; margin-bottom: 8px;"
                >
                  Priority Scoring
                </h3>
                <p
                  style="font-size: 14px; line-height: 1.6;"
                >
                  Multi-feature offender prioritization (v1.0.0) with deterministic hashing for reproducible risk assessment.
                </p>
              </div>
              <div
                class="card"
                style="padding: 32px;"
              >
                <div>
                  icon
                </div>
                <h3
                  style="font-size: 18px; font-weight: 600; margin-bottom: 8px;"
                >
                  Smart Alerts
                </h3>
                <p
                  style="font-size: 14px; line-height: 1.6;"
                >
                  Rule-based alert engine for surge detection, recidivism monitoring, and threshold breaches.
                </p>
              </div>
            </div>
          </section>
          <footer
            style="text-align: center; padding: 40px 48px; font-size: 13px;"
          >
            <div
              style="display: flex; justify-content: center; gap: 16px; margin-bottom: 12px;"
            >
              <div>
                icon
              </div>
              <div>
                icon
              </div>
            </div>
            <p>
              Suraksha AI ΓÇö KSP Datathon 2026 | Built on Zoho Catalyst
            </p>
          </footer>
        </div>
      </div>
    </body>

      13 |   test('renders hero heading', () => {
      14 |     render(<LandingPage />, { wrapper });
    > 15 |     expect(screen.getByText(/suraksha/i)).toBeInTheDocument();
         |                   ^
      16 |   });
      17 |
      18 |   test('renders get started link', () => {

      at Object.getElementError (node_modules/@testing-library/dom/dist/config.js:37:19)
      at getElementError (node_modules/@testing-library/dom/dist/query-helpers.js:20:35)
      at getMultipleElementsFoundError (node_modules/@testing-library/dom/dist/query-helpers.js:23:10)
      at node_modules/@testing-library/dom/dist/query-helpers.js:55:13
      at node_modules/@testing-library/dom/dist/query-helpers.js:95:19
      at Object.<anonymous> (src/pages/__tests__/LandingPage.test.tsx:15:19)

FAIL src/pages/__tests__/SearchPage.test.tsx
  ΓùÅ SearchPage ΓÇ║ renders search button

    TestingLibraryElementError: Found multiple elements with the text: /search/i

    Here are the matching elements:

    Ignored nodes: comments, script, style
    <h1>
      Case Search & Retrieval
    </h1>

    Ignored nodes: comments, script, style
    <p>
      Search by Crime No, complainant, accused, location, or free-text
    </p>

    Ignored nodes: comments, script, style
    <button
      class="btn btn-primary"
    >
      Search
    </button>

    Ignored nodes: comments, script, style
    <div
      class="card-header flex items-center gap-2"
    >
      <div>
        icon
      </div>
       
      SearchBot
    </div>

    Ignored nodes: comments, script, style
    <div
      style="margin-bottom: 16px; padding: 12px; border-radius: 8px; font-size: 13px; min-height: 40px;"
    >
      I am SearchBot. Describe what you need and I will find it.
    </div>

    (If this is intentional, then use the `*AllBy*` variant of the query (like `queryAllByText`, `getAllByText`, or `findAllByText`)).

    Ignored nodes: comments, script, style
    <body>
      <div>
        <div
          style="display: flex; gap: 24px;"
        >
          <div
            style="flex: 1;"
          >
            <div
              class="page-header"
            >
              <h1>
                Case Search & Retrieval
              </h1>
              <p>
                Search by Crime No, complainant, accused, location, or free-text
              </p>
            </div>
            <div
              class="tabs"
              style="margin-bottom: 16px;"
            >
              <button
                class="tab active"
              >
                <div>
                  icon
                </div>
                 
                Quick
              </button>
              <button
                class="tab "
              >
                <div>
                  icon
                </div>
                 
                Advanced
              </button>
              <button
                class="tab "
              >
                <div>
                  icon
                </div>
                 
                Natural Language
              </button>
            </div>
            <div
              class="card"
              style="margin-bottom: 24px;"
            >
              <div
                style="display: flex; gap: 12px;"
              >
                <div
                  class="input-group"
                  style="flex: 1;"
                >
                  <div>
                    icon
                  </div>
                  <input
                    class="input"
                    placeholder="Search by Crime No, complainant, accused, location..."
                    value=""
                  />
                </div>
                <button
                  class="btn btn-primary"
                >
                  Search
                </button>
              </div>
            </div>
          </div>
          <div
            style="width: 280px; flex-shrink: 0;"
          >
            <div
              class="card"
              style="position: sticky; top: 32px;"
            >
              <div
                class="card-header flex items-center gap-2"
              >
                <div>
                  icon
                </div>
                 
                SearchBot
              </div>
              <div
                style="font-size: 14px;"
              >
                <div
                  style="margin-bottom: 16px; padding: 12px; border-radius: 8px; font-size: 13px; min-height: 40px;"
                >
                  I am SearchBot. Describe what you need and I will find it.
                </div>
                <div
                  style="display: flex; flex-direction: column; gap: 8px;"
                >
                  <button
                    class="btn btn-ghost btn-sm"
                    style="justify-content: flex-start;"
                  >
                    No results? Try...
                  </button>
                  <button
                    class="btn btn-ghost btn-sm"
                    style="justify-content: flex-start;"
                  >
                    Similar cases?
                  </button>
                  <button
                    class="btn btn-ghost btn-sm"
                    style="justify-content: flex-start;"
                  >
                    People network?
                  </button>
                </div>
              </div>
            </div>
          </div>
        </div>
      </div>
    </body>

      28 |   test('renders search button', () => {
      29 |     render(<SearchPage />, { wrapper });
    > 30 |     expect(screen.getByText(/search/i)).toBeInTheDocument();
         |                   ^
      31 |   });
      32 |
      33 |   test('performs search', async () => {

      at Object.getElementError (node_modules/@testing-library/dom/dist/config.js:37:19)
      at getElementError (node_modules/@testing-library/dom/dist/query-helpers.js:20:35)
      at getMultipleElementsFoundError (node_modules/@testing-library/dom/dist/query-helpers.js:23:10)
      at node_modules/@testing-library/dom/dist/query-helpers.js:55:13
      at node_modules/@testing-library/dom/dist/query-helpers.js:95:19
      at Object.<anonymous> (src/pages/__tests__/SearchPage.test.tsx:30:19)

  ΓùÅ SearchPage ΓÇ║ performs search

    TestingLibraryElementError: Found multiple elements with the text: /search/i

    Here are the matching elements:

    Ignored nodes: comments, script, style
    <h1>
      Case Search & Retrieval
    </h1>

    Ignored nodes: comments, script, style
    <p>
      Search by Crime No, complainant, accused, location, or free-text
    </p>

    Ignored nodes: comments, script, style
    <button
      class="btn btn-primary"
    >
      Search
    </button>

    Ignored nodes: comments, script, style
    <div
      class="card-header flex items-center gap-2"
    >
      <div>
        icon
      </div>
       
      SearchBot
    </div>

    Ignored nodes: comments, script, style
    <div
      style="margin-bottom: 16px; padding: 12px; border-radius: 8px; font-size: 13px; min-height: 40px;"
    >
      I am SearchBot. Describe what you need and I will find it.
    </div>

    (If this is intentional, then use the `*AllBy*` variant of the query (like `queryAllByText`, `getAllByText`, or `findAllByText`)).

    Ignored nodes: comments, script, style
    <body>
      <div>
        <div
          style="display: flex; gap: 24px;"
        >
          <div
            style="flex: 1;"
          >
            <div
              class="page-header"
            >
              <h1>
                Case Search & Retrieval
              </h1>
              <p>
                Search by Crime No, complainant, accused, location, or free-text
              </p>
            </div>
            <div
              class="tabs"
              style="margin-bottom: 16px;"
            >
              <button
                class="tab active"
              >
                <div>
                  icon
                </div>
                 
                Quick
              </button>
              <button
                class="tab "
              >
                <div>
                  icon
                </div>
                 
                Advanced
              </button>
              <button
                class="tab "
              >
                <div>
                  icon
                </div>
                 
                Natural Language
              </button>
            </div>
            <div
              class="card"
              style="margin-bottom: 24px;"
            >
              <div
                style="display: flex; gap: 12px;"
              >
                <div
                  class="input-group"
                  style="flex: 1;"
                >
                  <div>
                    icon
                  </div>
                  <input
                    class="input"
                    placeholder="Search by Crime No, complainant, accused, location..."
                    value="theft"
                  />
                </div>
                <button
                  class="btn btn-primary"
                >
                  Search
                </button>
              </div>
            </div>
          </div>
          <div
            style="width: 280px; flex-shrink: 0;"
          >
            <div
              class="card"
              style="position: sticky; top: 32px;"
            >
              <div
                class="card-header flex items-center gap-2"
              >
                <div>
                  icon
                </div>
                 
                SearchBot
              </div>
              <div
                style="font-size: 14px;"
              >
                <div
                  style="margin-bottom: 16px; padding: 12px; border-radius: 8px; font-size: 13px; min-height: 40px;"
                >
                  I am SearchBot. Describe what you need and I will find it.
                </div>
                <div
                  style="display: flex; flex-direction: column; gap: 8px;"
                >
                  <button
                    class="btn btn-ghost btn-sm"
                    style="justify-content: flex-start;"
                  >
                    No results? Try...
                  </button>
                  <button
                    class="btn btn-ghost btn-sm"
                    style="justify-content: flex-start;"
                  >
                    Similar cases?
                  </button>
                  <button
                    class="btn btn-ghost btn-sm"
                    style="justify-content: flex-start;"
                  >
                    People network?
                  </button>
                </div>
              </div>
            </div>
          </div>
        </div>
      </div>
    </body>

      35 |     const input = screen.getByPlaceholderText(/search/i);
      36 |     fireEvent.change(input, { target: { value: 'theft' } });
    > 37 |     const searchBtn = screen.getByText(/search/i).closest('button') || screen.getByRole('button');
         |                              ^
      38 |     fireEvent.click(searchBtn);
      39 |     await waitFor(() => expect(screen.getByText('Search results')).toBeInTheDocument());
      40 |   });

      at Object.getElementError (node_modules/@testing-library/dom/dist/config.js:37:19)
      at getElementError (node_modules/@testing-library/dom/dist/query-helpers.js:20:35)
      at getMultipleElementsFoundError (node_modules/@testing-library/dom/dist/query-helpers.js:23:10)
      at node_modules/@testing-library/dom/dist/query-helpers.js:55:13
      at node_modules/@testing-library/dom/dist/query-helpers.js:95:19
      at src/pages/__tests__/SearchPage.test.tsx:37:30
      at step (src/pages/__tests__/SearchPage.test.tsx:33:23)
      at Object.next (src/pages/__tests__/SearchPage.test.tsx:14:53)
      at src/pages/__tests__/SearchPage.test.tsx:8:71
      at Object.<anonymous>.__awaiter (src/pages/__tests__/SearchPage.test.tsx:4:12)
      at Object.<anonymous> (src/pages/__tests__/SearchPage.test.tsx:33:27)

FAIL src/pages/__tests__/ChatPage.test.tsx
  ΓùÅ ChatPage ΓÇ║ renders chat input

    TypeError: _a.scrollIntoView is not a function

      89 |   const audioRef = useRef<HTMLAudioElement | null>(null);
      90 |
    > 91 |   useEffect(() => { endRef.current?.scrollIntoView({ behavior: 'smooth' }); }, [messages]);
         |                                     ^
      92 |
      93 |   const sendMessage = async () => {
      94 |     if (!input.trim() || loading) return;

      at src/pages/ChatPage.tsx:91:37
      at Object.react_stack_bottom_frame (node_modules/react-dom/cjs/react-dom-client.development.js:25989:20)
      at runWithFiberInDEV (node_modules/react-dom/cjs/react-dom-client.development.js:874:13)
      at commitHookEffectListMount (node_modules/react-dom/cjs/react-dom-client.development.js:13249:29)
      at commitHookPassiveMountEffects (node_modules/react-dom/cjs/react-dom-client.development.js:13336:11)
      at commitPassiveMountOnFiber (node_modules/react-dom/cjs/react-dom-client.development.js:15484:13)
      at recursivelyTraversePassiveMountEffects (node_modules/react-dom/cjs/react-dom-client.development.js:15439:11)
      at commitPassiveMountOnFiber (node_modules/react-dom/cjs/react-dom-client.development.js:15718:11)
      at recursivelyTraversePassiveMountEffects (node_modules/react-dom/cjs/react-dom-client.development.js:15439:11)
      at commitPassiveMountOnFiber (node_modules/react-dom/cjs/react-dom-client.development.js:15476:11)
      at recursivelyTraversePassiveMountEffects (node_modules/react-dom/cjs/react-dom-client.development.js:15439:11)
      at commitPassiveMountOnFiber (node_modules/react-dom/cjs/react-dom-client.development.js:15718:11)
      at recursivelyTraversePassiveMountEffects (node_modules/react-dom/cjs/react-dom-client.development.js:15439:11)
      at commitPassiveMountOnFiber (node_modules/react-dom/cjs/react-dom-client.development.js:15476:11)
      at recursivelyTraversePassiveMountEffects (node_modules/react-dom/cjs/react-dom-client.development.js:15439:11)
      at commitPassiveMountOnFiber (node_modules/react-dom/cjs/react-dom-client.development.js:15718:11)
      at recursivelyTraversePassiveMountEffects (node_modules/react-dom/cjs/react-dom-client.development.js:15439:11)
      at commitPassiveMountOnFiber (node_modules/react-dom/cjs/react-dom-client.development.js:15718:11)
      at recursivelyTraversePassiveMountEffects (node_modules/react-dom/cjs/react-dom-client.development.js:15439:11)
      at commitPassiveMountOnFiber (node_modules/react-dom/cjs/react-dom-client.development.js:15476:11)
      at recursivelyTraversePassiveMountEffects (node_modules/react-dom/cjs/react-dom-client.development.js:15439:11)
      at commitPassiveMountOnFiber (node_modules/react-dom/cjs/react-dom-client.development.js:15476:11)
      at recursivelyTraversePassiveMountEffects (node_modules/react-dom/cjs/react-dom-client.development.js:15439:11)
      at commitPassiveMountOnFiber (node_modules/react-dom/cjs/react-dom-client.development.js:15476:11)
      at recursivelyTraversePassiveMountEffects (node_modules/react-dom/cjs/react-dom-client.development.js:15439:11)
      at commitPassiveMountOnFiber (node_modules/react-dom/cjs/react-dom-client.development.js:15519:11)
      at flushPassiveEffects (node_modules/react-dom/cjs/react-dom-client.development.js:18432:9)
      at node_modules/react-dom/cjs/react-dom-client.development.js:17923:15
      at flushActQueue (node_modules/react/cjs/react.development.js:590:34)
      at Object.<anonymous>.process.env.NODE_ENV.exports.act (node_modules/react/cjs/react.development.js:884:10)
      at node_modules/@testing-library/react/dist/act-compat.js:46:25
      at renderRoot (node_modules/@testing-library/react/dist/pure.js:189:26)
      at render (node_modules/@testing-library/react/dist/pure.js:291:10)
      at Object.<anonymous> (src/pages/__tests__/ChatPage.test.tsx:24:11)

  ΓùÅ ChatPage ΓÇ║ sends message and shows response

    TypeError: _a.scrollIntoView is not a function

      89 |   const audioRef = useRef<HTMLAudioElement | null>(null);
      90 |
    > 91 |   useEffect(() => { endRef.current?.scrollIntoView({ behavior: 'smooth' }); }, [messages]);
         |                                     ^
      92 |
      93 |   const sendMessage = async () => {
      94 |     if (!input.trim() || loading) return;

      at src/pages/ChatPage.tsx:91:37
      at Object.react_stack_bottom_frame (node_modules/react-dom/cjs/react-dom-client.development.js:25989:20)
      at runWithFiberInDEV (node_modules/react-dom/cjs/react-dom-client.development.js:874:13)
      at commitHookEffectListMount (node_modules/react-dom/cjs/react-dom-client.development.js:13249:29)
      at commitHookPassiveMountEffects (node_modules/react-dom/cjs/react-dom-client.development.js:13336:11)
      at commitPassiveMountOnFiber (node_modules/react-dom/cjs/react-dom-client.development.js:15484:13)
      at recursivelyTraversePassiveMountEffects (node_modules/react-dom/cjs/react-dom-client.development.js:15439:11)
      at commitPassiveMountOnFiber (node_modules/react-dom/cjs/react-dom-client.development.js:15718:11)
      at recursivelyTraversePassiveMountEffects (node_modules/react-dom/cjs/react-dom-client.development.js:15439:11)
      at commitPassiveMountOnFiber (node_modules/react-dom/cjs/react-dom-client.development.js:15476:11)
      at recursivelyTraversePassiveMountEffects (node_modules/react-dom/cjs/react-dom-client.development.js:15439:11)
      at commitPassiveMountOnFiber (node_modules/react-dom/cjs/react-dom-client.development.js:15718:11)
      at recursivelyTraversePassiveMountEffects (node_modules/react-dom/cjs/react-dom-client.development.js:15439:11)
      at commitPassiveMountOnFiber (node_modules/react-dom/cjs/react-dom-client.development.js:15476:11)
      at recursivelyTraversePassiveMountEffects (node_modules/react-dom/cjs/react-dom-client.development.js:15439:11)
      at commitPassiveMountOnFiber (node_modules/react-dom/cjs/react-dom-client.development.js:15718:11)
      at recursivelyTraversePassiveMountEffects (node_modules/react-dom/cjs/react-dom-client.development.js:15439:11)
      at commitPassiveMountOnFiber (node_modules/react-dom/cjs/react-dom-client.development.js:15718:11)
      at recursivelyTraversePassiveMountEffects (node_modules/react-dom/cjs/react-dom-client.development.js:15439:11)
      at commitPassiveMountOnFiber (node_modules/react-dom/cjs/react-dom-client.development.js:15476:11)
      at recursivelyTraversePassiveMountEffects (node_modules/react-dom/cjs/react-dom-client.development.js:15439:11)
      at commitPassiveMountOnFiber (node_modules/react-dom/cjs/react-dom-client.development.js:15476:11)
      at recursivelyTraversePassiveMountEffects (node_modules/react-dom/cjs/react-dom-client.development.js:15439:11)
      at commitPassiveMountOnFiber (node_modules/react-dom/cjs/react-dom-client.development.js:15476:11)
      at recursivelyTraversePassiveMountEffects (node_modules/react-dom/cjs/react-dom-client.development.js:15439:11)
      at commitPassiveMountOnFiber (node_modules/react-dom/cjs/react-dom-client.development.js:15519:11)
      at flushPassiveEffects (node_modules/react-dom/cjs/react-dom-client.development.js:18432:9)
      at node_modules/react-dom/cjs/react-dom-client.development.js:17923:15
      at flushActQueue (node_modules/react/cjs/react.development.js:590:34)
      at Object.<anonymous>.process.env.NODE_ENV.exports.act (node_modules/react/cjs/react.development.js:884:10)
      at node_modules/@testing-library/react/dist/act-compat.js:46:25
      at renderRoot (node_modules/@testing-library/react/dist/pure.js:189:26)
      at render (node_modules/@testing-library/react/dist/pure.js:291:10)
      at src/pages/__tests__/ChatPage.test.tsx:29:11
      at step (src/pages/__tests__/ChatPage.test.tsx:33:23)
      at Object.next (src/pages/__tests__/ChatPage.test.tsx:14:53)
      at src/pages/__tests__/ChatPage.test.tsx:8:71
      at Object.<anonymous>.__awaiter (src/pages/__tests__/ChatPage.test.tsx:4:12)
      at Object.<anonymous> (src/pages/__tests__/ChatPage.test.tsx:28:44)

  ΓùÅ ChatPage ΓÇ║ renders sidebar

    TypeError: _a.scrollIntoView is not a function

      89 |   const audioRef = useRef<HTMLAudioElement | null>(null);
      90 |
    > 91 |   useEffect(() => { endRef.current?.scrollIntoView({ behavior: 'smooth' }); }, [messages]);
         |                                     ^
      92 |
      93 |   const sendMessage = async () => {
      94 |     if (!input.trim() || loading) return;

      at src/pages/ChatPage.tsx:91:37
      at Object.react_stack_bottom_frame (node_modules/react-dom/cjs/react-dom-client.development.js:25989:20)
      at runWithFiberInDEV (node_modules/react-dom/cjs/react-dom-client.development.js:874:13)
      at commitHookEffectListMount (node_modules/react-dom/cjs/react-dom-client.development.js:13249:29)
      at commitHookPassiveMountEffects (node_modules/react-dom/cjs/react-dom-client.development.js:13336:11)
      at commitPassiveMountOnFiber (node_modules/react-dom/cjs/react-dom-client.development.js:15484:13)
      at recursivelyTraversePassiveMountEffects (node_modules/react-dom/cjs/react-dom-client.development.js:15439:11)
      at commitPassiveMountOnFiber (node_modules/react-dom/cjs/react-dom-client.development.js:15718:11)
      at recursivelyTraversePassiveMountEffects (node_modules/react-dom/cjs/react-dom-client.development.js:15439:11)
      at commitPassiveMountOnFiber (node_modules/react-dom/cjs/react-dom-client.development.js:15476:11)
      at recursivelyTraversePassiveMountEffects (node_modules/react-dom/cjs/react-dom-client.development.js:15439:11)
      at commitPassiveMountOnFiber (node_modules/react-dom/cjs/react-dom-client.development.js:15718:11)
      at recursivelyTraversePassiveMountEffects (node_modules/react-dom/cjs/react-dom-client.development.js:15439:11)
      at commitPassiveMountOnFiber (node_modules/react-dom/cjs/react-dom-client.development.js:15476:11)
      at recursivelyTraversePassiveMountEffects (node_modules/react-dom/cjs/react-dom-client.development.js:15439:11)
      at commitPassiveMountOnFiber (node_modules/react-dom/cjs/react-dom-client.development.js:15718:11)
      at recursivelyTraversePassiveMountEffects (node_modules/react-dom/cjs/react-dom-client.development.js:15439:11)
      at commitPassiveMountOnFiber (node_modules/react-dom/cjs/react-dom-client.development.js:15718:11)
      at recursivelyTraversePassiveMountEffects (node_modules/react-dom/cjs/react-dom-client.development.js:15439:11)
      at commitPassiveMountOnFiber (node_modules/react-dom/cjs/react-dom-client.development.js:15476:11)
      at recursivelyTraversePassiveMountEffects (node_modules/react-dom/cjs/react-dom-client.development.js:15439:11)
      at commitPassiveMountOnFiber (node_modules/react-dom/cjs/react-dom-client.development.js:15476:11)
      at recursivelyTraversePassiveMountEffects (node_modules/react-dom/cjs/react-dom-client.development.js:15439:11)
      at commitPassiveMountOnFiber (node_modules/react-dom/cjs/react-dom-client.development.js:15476:11)
      at recursivelyTraversePassiveMountEffects (node_modules/react-dom/cjs/react-dom-client.development.js:15439:11)
      at commitPassiveMountOnFiber (node_modules/react-dom/cjs/react-dom-client.development.js:15519:11)
      at flushPassiveEffects (node_modules/react-dom/cjs/react-dom-client.development.js:18432:9)
      at node_modules/react-dom/cjs/react-dom-client.development.js:17923:15
      at flushActQueue (node_modules/react/cjs/react.development.js:590:34)
      at Object.<anonymous>.process.env.NODE_ENV.exports.act (node_modules/react/cjs/react.development.js:884:10)
      at node_modules/@testing-library/react/dist/act-compat.js:46:25
      at renderRoot (node_modules/@testing-library/react/dist/pure.js:189:26)
      at render (node_modules/@testing-library/react/dist/pure.js:291:10)
      at Object.<anonymous> (src/pages/__tests__/ChatPage.test.tsx:37:11)

FAIL src/__tests__/App.test.tsx
  ΓùÅ App ΓÇ║ renders when authenticated

    TypeError: jest.mocked(...).mockReturnValue is not a function

      27 |
      28 |   test('renders when authenticated', () => {
    > 29 |     jest.mocked(require('../context/AuthContext').useAuth).mockReturnValue({
         |                                                            ^
      30 |       isAuthenticated: true, user: { role_name: 'Investigator' }, login: jest.fn(), logout: jest.fn(),
      31 |     });
      32 |     const { container } = render(<App />);

      at Object.<anonymous> (src/__tests__/App.test.tsx:29:60)

FAIL src/pages/__tests__/SimilarityPage.test.tsx (9.662 s)
  ΓùÅ SimilarityPage ΓÇ║ renders similarity heading

    TestingLibraryElementError: Found multiple elements with the text: /similar/i

    Here are the matching elements:

    Ignored nodes: comments, script, style
    <h1>
      Case Similarity & Pattern Detection
    </h1>

    Ignored nodes: comments, script, style
    <p>
      Identify similar cases and detect recurring crime patterns
    </p>

    Ignored nodes: comments, script, style
    <button
      class="btn btn-primary"
      disabled=""
    >
      <div>
        icon
      </div>
       
      Find Similar Cases
    </button>

    Ignored nodes: comments, script, style
    <div
      style="margin-bottom: 12px; padding: 12px; border-radius: 8px; font-size: 13px; min-height: 40px;"
    >
      I am PatternBot. Select a case to find similar patterns.
    </div>

    (If this is intentional, then use the `*AllBy*` variant of the query (like `queryAllByText`, `getAllByText`, or `findAllByText`)).

    Ignored nodes: comments, script, style
    <body>
      <div>
        <div
          style="display: flex; gap: 24px;"
        >
          <div
            style="flex: 1;"
          >
            <div
              class="page-header"
            >
              <h1>
                Case Similarity & Pattern Detection
              </h1>
              <p>
                Identify similar cases and detect recurring crime patterns
              </p>
            </div>
            <div
              class="card"
              style="margin-bottom: 24px;"
            >
              <div
                class="card-header"
              >
                Select Case to Analyze
              </div>
              <div
                style="display: flex; gap: 12px;"
              >
                <select
                  class="input"
                  style="flex: 1;"
                >
                  <option
                    value=""
                  >
                    -- 
                    Select a case by Crime No
                     --
                  </option>
                  <option
                    value="104430006202600001"
                  >
                    104430006202600001
                     ΓÇö 
                    Theft
                     (
                    Bengaluru South
                    )
                  </option>
                  <option
                    value="104430006202600015"
                  >
                    104430006202600015
                     ΓÇö 
                    Robbery
                     (
                    Mysuru
                    )
                  </option>
                  <option
                    value="104430006202600042"
                  >
                    104430006202600042
                     ΓÇö 
                    Assault
                     (
                    Hubballi
                    )
                  </option>
                  <option
                    value="104430006202500312"
                  >
                    104430006202500312
                     ΓÇö 
                    Cheating
                     (
                    Belagavi
                    )
                  </option>
                  <option
                    value="104430006202600088"
                  >
                    104430006202600088
                     ΓÇö 
                    Cyber Crime
                     (
                    Bengaluru Urban
                    )
                  </option>
                </select>
                <button
                  class="btn btn-primary"
                  disabled=""
                >
                  <div>
                    icon
                  </div>
                   
                  Find Similar Cases
                </button>
              </div>
            </div>
          </div>
          <div
            style="width: 280px; flex-shrink: 0;"
          >
            <div
              class="card"
              style="position: sticky; top: 32px;"
            >
              <div
                class="card-header flex justify-between items-center"
              >
                <span
                  class="flex items-center gap-2"
                >
                  <div>
                    icon
                  </div>
                   
                  PatternBot
                </span>
                <button
                  class="btn btn-ghost btn-icon"
                >
                  <div>
                    icon
                  </div>
                </button>
              </div>
              <div
                style="font-size: 14px;"
              >
                <div
                  style="margin-bottom: 12px; padding: 12px; border-radius: 8px; font-size: 13px; min-height: 40px;"
                >
                  I am PatternBot. Select a case to find similar patterns.
                </div>
                <div
                  style="display: flex; flex-direction: column; gap: 8px;"
                >
                  <button
                    class="btn btn-ghost btn-sm"
                    style="justify-content: flex-start;"
                  >
                    Is this a series?
                  </button>
                  <button
                    class="btn btn-ghost btn-sm"
                    style="justify-content: flex-start;"
                  >
                    Recommend leads
                  </button>
                  <button
                    class="btn btn-ghost btn-sm"
                    style="justify-content: flex-start;"
                  >
                    Forecast next incident
                  </button>
                </div>
              </div>
            </div>
          </div>
        </div>
      </div>
    </body>

      22 |   test('renders similarity heading', () => {
      23 |     render(<SimilarityPage />, { wrapper });
    > 24 |     expect(screen.getByText(/similar/i)).toBeInTheDocument();
         |                   ^
      25 |   });
      26 |
      27 |   test('renders case id input', () => {

      at Object.getElementError (node_modules/@testing-library/dom/dist/config.js:37:19)
      at getElementError (node_modules/@testing-library/dom/dist/query-helpers.js:20:35)
      at getMultipleElementsFoundError (node_modules/@testing-library/dom/dist/query-helpers.js:23:10)
      at node_modules/@testing-library/dom/dist/query-helpers.js:55:13
      at node_modules/@testing-library/dom/dist/query-helpers.js:95:19
      at Object.<anonymous> (src/pages/__tests__/SimilarityPage.test.tsx:24:19)

  ΓùÅ SimilarityPage ΓÇ║ renders case id input

    TestingLibraryElementError: Found multiple elements with the text: /case/i

    Here are the matching elements:

    Ignored nodes: comments, script, style
    <h1>
      Case Similarity & Pattern Detection
    </h1>

    Ignored nodes: comments, script, style
    <p>
      Identify similar cases and detect recurring crime patterns
    </p>

    Ignored nodes: comments, script, style
    <div
      class="card-header"
    >
      Select Case to Analyze
    </div>

    Ignored nodes: comments, script, style
    <option
      value=""
    >
      -- 
      Select a case by Crime No
       --
    </option>

    Ignored nodes: comments, script, style
    <button
      class="btn btn-primary"
      disabled=""
    >
      <div>
        icon
      </div>
       
      Find Similar Cases
    </button>

    Ignored nodes: comments, script, style
    <div
      style="margin-bottom: 12px; padding: 12px; border-radius: 8px; font-size: 13px; min-height: 40px;"
    >
      I am PatternBot. Select a case to find similar patterns.
    </div>

    (If this is intentional, then use the `*AllBy*` variant of the query (like `queryAllByText`, `getAllByText`, or `findAllByText`)).

    Ignored nodes: comments, script, style
    <body>
      <div>
        <div
          style="display: flex; gap: 24px;"
        >
          <div
            style="flex: 1;"
          >
            <div
              class="page-header"
            >
              <h1>
                Case Similarity & Pattern Detection
              </h1>
              <p>
                Identify similar cases and detect recurring crime patterns
              </p>
            </div>
            <div
              class="card"
              style="margin-bottom: 24px;"
            >
              <div
                class="card-header"
              >
                Select Case to Analyze
              </div>
              <div
                style="display: flex; gap: 12px;"
              >
                <select
                  class="input"
                  style="flex: 1;"
                >
                  <option
                    value=""
                  >
                    -- 
                    Select a case by Crime No
                     --
                  </option>
                  <option
                    value="104430006202600001"
                  >
                    104430006202600001
                     ΓÇö 
                    Theft
                     (
                    Bengaluru South
                    )
                  </option>
                  <option
                    value="104430006202600015"
                  >
                    104430006202600015
                     ΓÇö 
                    Robbery
                     (
                    Mysuru
                    )
                  </option>
                  <option
                    value="104430006202600042"
                  >
                    104430006202600042
                     ΓÇö 
                    Assault
                     (
                    Hubballi
                    )
                  </option>
                  <option
                    value="104430006202500312"
                  >
                    104430006202500312
                     ΓÇö 
                    Cheating
                     (
                    Belagavi
                    )
                  </option>
                  <option
                    value="104430006202600088"
                  >
                    104430006202600088
                     ΓÇö 
                    Cyber Crime
                     (
                    Bengaluru Urban
                    )
                  </option>
                </select>
                <button
                  class="btn btn-primary"
                  disabled=""
                >
                  <div>
                    icon
                  </div>
                   
                  Find Similar Cases
                </button>
              </div>
            </div>
          </div>
          <div
            style="width: 280px; flex-shrink: 0;"
          >
            <div
              class="card"
              style="position: sticky; top: 32px;"
            >
              <div
                class="card-header flex justify-between items-center"
              >
                <span
                  class="flex items-center gap-2"
                >
                  <div>
                    icon
                  </div>
                   
                  PatternBot
                </span>
                <button
                  class="btn btn-ghost btn-icon"
                >
                  <div>
                    icon
                  </div>
                </button>
              </div>
              <div
                style="font-size: 14px;"
              >
                <div
                  style="margin-bottom: 12px; padding: 12px; border-radius: 8px; font-size: 13px; min-height: 40px;"
                >
                  I am PatternBot. Select a case to find similar patterns.
                </div>
                <div
                  style="display: flex; flex-direction: column; gap: 8px;"
                >
                  <button
                    class="btn btn-ghost btn-sm"
                    style="justify-content: flex-start;"
                  >
                    Is this a series?
                  </button>
                  <button
                    class="btn btn-ghost btn-sm"
                    style="justify-content: flex-start;"
                  >
                    Recommend leads
                  </button>
                  <button
                    class="btn btn-ghost btn-sm"
                    style="justify-content: flex-start;"
                  >
                    Forecast next incident
                  </button>
                </div>
              </div>
            </div>
          </div>
        </div>
      </div>
    </body>

      27 |   test('renders case id input', () => {
      28 |     render(<SimilarityPage />, { wrapper });
    > 29 |     expect(screen.getByText(/case/i)).toBeInTheDocument();
         |                   ^
      30 |   });
      31 |
      32 |   test('loads and displays results', async () => {

      at Object.getElementError (node_modules/@testing-library/dom/dist/config.js:37:19)
      at getElementError (node_modules/@testing-library/dom/dist/query-helpers.js:20:35)
      at getMultipleElementsFoundError (node_modules/@testing-library/dom/dist/query-helpers.js:23:10)
      at node_modules/@testing-library/dom/dist/query-helpers.js:55:13
      at node_modules/@testing-library/dom/dist/query-helpers.js:95:19
      at Object.<anonymous> (src/pages/__tests__/SimilarityPage.test.tsx:29:19)

  ΓùÅ SimilarityPage ΓÇ║ loads and displays results

    thrown: "Exceeded timeout of 5000 ms for a test.
    Add a timeout value to this test to increase the timeout, if this is a long-running test. See https://jestjs.io/docs/api#testname-fn-timeout."

      30 |   });
      31 |
    > 32 |   test('loads and displays results', async () => {
         |   ^
      33 |     render(<SimilarityPage />, { wrapper });
      34 |     await waitFor(() => expect(screen.getByText(/bangalore/i)).toBeInTheDocument(), { timeout: 5000 });
      35 |   });

      at src/pages/__tests__/SimilarityPage.test.tsx:32:3
      at Object.<anonymous> (src/pages/__tests__/SimilarityPage.test.tsx:21:1)


Test Suites: 23 failed, 23 total
Tests:       50 failed, 18 passed, 68 total
Snapshots:   0 total
Time:        13.686 s
Ran all test suites.
